2025-10-06 12:01:03,791 - INFO - No trained model found. Using fallback predictions.
2025-10-06 12:01:03,792 - INFO - ML Price Predictor initialized (using fallback mode - no training data yet)
2025-10-06 12:01:03,794 - INFO - Loaded 200 stocks from stock_list_template.csv
2025-10-06 12:01:03,794 - INFO - Collecting training data from 50 stocks...
2025-10-06 12:01:03,794 - INFO - Processing ABB (1/50)...
2025-10-06 12:01:06,223 - INFO - Processing ACC (2/50)...
2025-10-06 12:01:07,955 - INFO - Processing APLAPOLLO (3/50)...
2025-10-06 12:01:09,583 - INFO - Processing AUBANK (4/50)...
2025-10-06 12:01:11,128 - INFO - Processing ADANIENSOL (5/50)...
2025-10-06 12:01:12,428 - INFO - Processing ADANIENT (6/50)...
2025-10-06 12:01:14,150 - INFO - Processing ADANIGREEN (7/50)...
2025-10-06 12:01:15,611 - INFO - Processing ADANIPORTS (8/50)...
2025-10-06 12:01:17,110 - INFO - Processing ADANIPOWER (9/50)...
2025-10-06 12:01:18,371 - INFO - Processing ATGL (10/50)...
2025-10-06 12:01:19,788 - INFO - Processing ABCAPITAL (11/50)...
2025-10-06 12:01:21,089 - INFO - Processing ABFRL (12/50)...
2025-10-06 12:01:22,552 - INFO - Processing ALKEM (13/50)...
2025-10-06 12:01:24,142 - INFO - Processing AMBUJACEM (14/50)...
2025-10-06 12:01:25,911 - INFO - Processing APOLLOHOSP (15/50)...
2025-10-06 12:01:27,494 - INFO - Processing APOLLOTYRE (16/50)...
2025-10-06 12:01:28,931 - INFO - Processing ASHOKLEY (17/50)...
2025-10-06 12:01:30,502 - INFO - Processing ASIANPAINT (18/50)...
2025-10-06 12:01:32,182 - INFO - Processing ASTRAL (19/50)...
2025-10-06 12:01:34,057 - INFO - Processing AUROPHARMA (20/50)...
2025-10-06 12:01:35,771 - INFO - Processing DMART (21/50)...
2025-10-06 12:01:37,595 - INFO - Processing AXISBANK (22/50)...
2025-10-06 12:01:39,174 - INFO - Processing BSE (23/50)...
2025-10-06 12:01:40,742 - INFO - Processing BAJAJ-AUTO (24/50)...
2025-10-06 12:01:42,120 - INFO - Processing BAJFINANCE (25/50)...
2025-10-06 12:01:43,708 - INFO - Processing BAJAJFINSV (26/50)...
2025-10-06 12:01:45,203 - INFO - Processing BAJAJHLDNG (27/50)...
2025-10-06 12:01:46,985 - INFO - Processing BAJAJHFL (28/50)...
2025-10-06 12:01:48,304 - INFO - Processing BANDHANBNK (29/50)...
2025-10-06 12:01:49,714 - INFO - Processing BANKBARODA (30/50)...
2025-10-06 12:01:51,607 - INFO - Processing BANKINDIA (31/50)...
2025-10-06 12:01:53,476 - INFO - Processing MAHABANK (32/50)...
2025-10-06 12:01:54,870 - INFO - Processing BDL (33/50)...
2025-10-06 12:01:56,275 - INFO - Processing BEL (34/50)...
2025-10-06 12:01:58,010 - INFO - Processing BHARATFORG (35/50)...
2025-10-06 12:01:59,588 - INFO - Processing BHEL (36/50)...
2025-10-06 12:02:01,072 - INFO - Processing BPCL (37/50)...
2025-10-06 12:02:03,046 - INFO - Processing BHARTIARTL (38/50)...
2025-10-06 12:02:04,445 - INFO - Processing BHARTIHEXA (39/50)...
2025-10-06 12:02:05,745 - INFO - Processing BIOCON (40/50)...
2025-10-06 12:02:07,320 - INFO - Processing BOSCHLTD (41/50)...
2025-10-06 12:02:09,154 - INFO - Processing BRITANNIA (42/50)...
2025-10-06 12:02:10,593 - INFO - Processing CGPOWER (43/50)...
2025-10-06 12:02:12,496 - INFO - Processing CANBK (44/50)...
2025-10-06 12:02:14,518 - INFO - Processing CHOLAFIN (45/50)...
2025-10-06 12:02:16,271 - INFO - Processing CIPLA (46/50)...
2025-10-06 12:02:17,849 - INFO - Processing COALINDIA (47/50)...
2025-10-06 12:02:19,189 - INFO - Processing COCHINSHIP (48/50)...
2025-10-06 12:02:20,861 - INFO - Processing COFORGE (49/50)...
2025-10-06 12:02:22,574 - INFO - Processing COLPAL (50/50)...
2025-10-06 12:02:24,348 - INFO - Collected 0 training samples
2025-10-06 12:02:24,348 - INFO - Failed to collect 500 samples
2025-10-06 12:02:24,348 - INFO - Label distribution: UP=0, HOLD=0, DOWN=0
2025-10-06 12:02:24,348 - ERROR - Insufficient training data. Need at least 50 samples.
