2025-10-06 12:15:22,664 - INFO - No trained model found. Using fallback predictions.
2025-10-06 12:15:22,664 - INFO - ML Price Predictor initialized (using fallback mode - no training data yet)
2025-10-06 12:15:22,666 - INFO - Loaded 200 stocks from stock_list_template.csv
2025-10-06 12:15:22,667 - INFO - Collecting training data from 50 stocks...
2025-10-06 12:15:22,667 - INFO - Processing ABB (1/50)...
2025-10-06 12:15:24,471 - INFO - Processing ACC (2/50)...
2025-10-06 12:15:25,779 - INFO - Processing APLAPOLLO (3/50)...
2025-10-06 12:15:26,769 - INFO - Processing AUBANK (4/50)...
2025-10-06 12:15:28,124 - INFO - Processing ADANIENSOL (5/50)...
2025-10-06 12:15:29,355 - INFO - Processing ADANIENT (6/50)...
2025-10-06 12:15:30,597 - INFO - Processing ADANIGREEN (7/50)...
2025-10-06 12:15:31,574 - INFO - Processing ADANIPORTS (8/50)...
2025-10-06 12:15:32,582 - INFO - Processing ADANIPOWER (9/50)...
2025-10-06 12:15:33,472 - INFO - Processing ATGL (10/50)...
2025-10-06 12:15:34,350 - INFO - Processing ABCAPITAL (11/50)...
2025-10-06 12:15:35,241 - INFO - Processing ABFRL (12/50)...
2025-10-06 12:15:36,403 - INFO - Processing ALKEM (13/50)...
2025-10-06 12:15:37,607 - INFO - Processing AMBUJACEM (14/50)...
2025-10-06 12:15:38,879 - INFO - Processing APOLLOHOSP (15/50)...
2025-10-06 12:15:40,375 - INFO - Processing APOLLOTYRE (16/50)...
2025-10-06 12:15:41,664 - INFO - Processing ASHOKLEY (17/50)...
2025-10-06 12:15:42,891 - INFO - Processing ASIANPAINT (18/50)...
2025-10-06 12:15:44,018 - INFO - Processing ASTRAL (19/50)...
2025-10-06 12:15:45,374 - INFO - Processing AUROPHARMA (20/50)...
2025-10-06 12:15:46,571 - INFO - Processing DMART (21/50)...
2025-10-06 12:15:47,427 - INFO - Processing AXISBANK (22/50)...
2025-10-06 12:15:48,658 - INFO - Processing BSE (23/50)...
2025-10-06 12:15:49,548 - INFO - Processing BAJAJ-AUTO (24/50)...
2025-10-06 12:15:50,617 - INFO - Processing BAJFINANCE (25/50)...
2025-10-06 12:15:51,928 - INFO - Processing BAJAJFINSV (26/50)...
2025-10-06 12:15:53,136 - INFO - Processing BAJAJHLDNG (27/50)...
2025-10-06 12:15:54,236 - INFO - Processing BAJAJHFL (28/50)...
2025-10-06 12:15:55,090 - INFO - Processing BANDHANBNK (29/50)...
2025-10-06 12:15:56,148 - INFO - Processing BANKBARODA (30/50)...
2025-10-06 12:15:57,235 - INFO - Processing BANKINDIA (31/50)...
2025-10-06 12:15:58,506 - INFO - Processing MAHABANK (32/50)...
2025-10-06 12:15:59,691 - INFO - Processing BDL (33/50)...
2025-10-06 12:16:00,901 - INFO - Processing BEL (34/50)...
2025-10-06 12:16:02,183 - INFO - Processing BHARATFORG (35/50)...
2025-10-06 12:16:03,525 - INFO - Processing BHEL (36/50)...
2025-10-06 12:16:04,839 - INFO - Processing BPCL (37/50)...
2025-10-06 12:16:06,056 - INFO - Processing BHARTIARTL (38/50)...
2025-10-06 12:16:07,154 - INFO - Processing BHARTIHEXA (39/50)...
2025-10-06 12:16:08,195 - INFO - Processing BIOCON (40/50)...
2025-10-06 12:16:09,335 - INFO - Processing BOSCHLTD (41/50)...
2025-10-06 12:16:10,386 - INFO - Processing BRITANNIA (42/50)...
2025-10-06 12:16:11,566 - INFO - Processing CGPOWER (43/50)...
2025-10-06 12:16:12,930 - INFO - Processing CANBK (44/50)...
2025-10-06 12:16:14,251 - INFO - Processing CHOLAFIN (45/50)...
2025-10-06 12:16:15,512 - INFO - Processing CIPLA (46/50)...
2025-10-06 12:16:16,739 - INFO - Processing COALINDIA (47/50)...
2025-10-06 12:16:18,102 - INFO - Processing COCHINSHIP (48/50)...
2025-10-06 12:16:19,081 - INFO - Processing COFORGE (49/50)...
2025-10-06 12:16:20,367 - INFO - Processing COLPAL (50/50)...
2025-10-06 12:16:21,593 - INFO - Collected 0 training samples
2025-10-06 12:16:21,593 - INFO - Failed to collect 500 samples
2025-10-06 12:16:21,593 - INFO - Label distribution: UP=0, HOLD=0, DOWN=0
2025-10-06 12:16:21,593 - ERROR - Insufficient training data. Need at least 50 samples.
