2025-10-06 11:59:57,889 - INFO - ML Price Predictor initialized (using fallback mode - no training data yet)
2025-10-06 11:59:57,891 - INFO - Loaded 200 stocks from stock_list_template.csv
2025-10-06 11:59:57,893 - INFO - Processing ABB (1/50)...
2025-10-06 12:00:00,187 - INFO - Processing ACC (2/50)...
2025-10-06 12:00:01,500 - INFO - Processing APLAPOLLO (3/50)...
2025-10-06 12:00:02,536 - INFO - Processing AUBANK (4/50)...
2025-10-06 12:00:03,872 - INFO - Processing ADANIENSOL (5/50)...
2025-10-06 12:00:04,744 - INFO - Processing ADANIENT (6/50)...
2025-10-06 12:00:06,094 - INFO - Processing ADANIGREEN (7/50)...
2025-10-06 12:00:06,880 - INFO - Processing ADANIPORTS (8/50)...
2025-10-06 12:00:07,860 - INFO - Processing ADANIPOWER (9/50)...
2025-10-06 12:00:08,863 - INFO - Processing ATGL (10/50)...
2025-10-06 12:00:09,780 - INFO - Processing ABCAPITAL (11/50)...
2025-10-06 12:00:10,869 - INFO - Processing ABFRL (12/50)...
2025-10-06 12:00:11,815 - INFO - Processing ALKEM (13/50)...
2025-10-06 12:00:12,903 - INFO - Processing AMBUJACEM (14/50)...
2025-10-06 12:00:14,715 - INFO - Processing APOLLOHOSP (15/50)...
2025-10-06 12:00:15,817 - INFO - Processing APOLLOTYRE (16/50)...
2025-10-06 12:00:16,970 - INFO - Processing ASHOKLEY (17/50)...
2025-10-06 12:00:18,141 - INFO - Processing ASIANPAINT (18/50)...
2025-10-06 12:00:19,360 - INFO - Processing ASTRAL (19/50)...
2025-10-06 12:00:20,396 - INFO - Processing AUROPHARMA (20/50)...
2025-10-06 12:00:21,649 - INFO - Processing DMART (21/50)...
2025-10-06 12:00:22,477 - INFO - Processing AXISBANK (22/50)...
2025-10-06 12:00:23,543 - INFO - Processing BSE (23/50)...
2025-10-06 12:00:24,668 - INFO - Processing BAJAJ-AUTO (24/50)...
2025-10-06 12:00:25,748 - INFO - Processing BAJFINANCE (25/50)...
2025-10-06 12:00:27,037 - INFO - Processing BAJAJFINSV (26/50)...
2025-10-06 12:00:28,170 - INFO - Processing BAJAJHLDNG (27/50)...
2025-10-06 12:00:29,484 - INFO - Processing BAJAJHFL (28/50)...
2025-10-06 12:00:30,341 - INFO - Processing BANDHANBNK (29/50)...
2025-10-06 12:00:31,296 - INFO - Processing BANKBARODA (30/50)...
2025-10-06 12:00:32,543 - INFO - Processing BANKINDIA (31/50)...
2025-10-06 12:00:33,640 - INFO - Processing MAHABANK (32/50)...
2025-10-06 12:00:34,783 - INFO - Processing BDL (33/50)...
2025-10-06 12:00:35,899 - INFO - Processing BEL (34/50)...
2025-10-06 12:00:37,155 - INFO - Processing BHARATFORG (35/50)...
2025-10-06 12:00:38,275 - INFO - Processing BHEL (36/50)...
2025-10-06 12:00:39,388 - INFO - Processing BPCL (37/50)...
2025-10-06 12:00:40,619 - INFO - Processing BHARTIARTL (38/50)...
2025-10-06 12:00:41,741 - INFO - Processing BHARTIHEXA (39/50)...
2025-10-06 12:00:42,533 - INFO - Processing BIOCON (40/50)...
2025-10-06 12:00:43,732 - INFO - Processing BOSCHLTD (41/50)...
2025-10-06 12:00:44,711 - INFO - Processing BRITANNIA (42/50)...
2025-10-06 12:00:46,218 - INFO - Processing CGPOWER (43/50)...
2025-10-06 12:00:47,372 - INFO - Processing CANBK (44/50)...
2025-10-06 12:00:48,588 - INFO - Processing CHOLAFIN (45/50)...
2025-10-06 12:00:49,889 - INFO - Processing CIPLA (46/50)...
2025-10-06 12:00:51,054 - INFO - Processing COALINDIA (47/50)...
2025-10-06 12:00:52,125 - INFO - Processing COCHINSHIP (48/50)...
2025-10-06 12:00:53,230 - INFO - Processing COFORGE (49/50)...
2025-10-06 12:00:54,436 - INFO - Processing COLPAL (50/50)...
