2025-10-06 12:34:55,231 - INFO - Loaded trained ML model (trained: 2025-10-06T12:21:11.463826, samples: 265)
2025-10-06 12:34:55,231 - INFO - ML Price Predictor initialized (using fallback mode - no training data yet)
2025-10-06 12:34:55,233 - INFO - Loaded 200 stocks from stock_list_template.csv
2025-10-06 12:34:55,233 - INFO - Collecting training data from 50 stocks...
2025-10-06 12:34:55,234 - INFO - Processing ABB (1/50)...
2025-10-06 12:34:56,494 - INFO - Comprehensive data extracted for ABB
2025-10-06 12:34:56,886 - INFO - Comprehensive data extracted for ABB
2025-10-06 12:34:57,106 - INFO - Comprehensive data extracted for ABB
2025-10-06 12:34:57,573 - INFO - Comprehensive data extracted for ABB
2025-10-06 12:34:57,789 - INFO - Comprehensive data extracted for ABB
2025-10-06 12:34:58,699 - INFO - Comprehensive data extracted for ABB
2025-10-06 12:34:58,924 - INFO - Comprehensive data extracted for ABB
2025-10-06 12:34:59,274 - INFO - Comprehensive data extracted for ABB
2025-10-06 12:34:59,499 - INFO - Comprehensive data extracted for ABB
2025-10-06 12:34:59,500 - INFO - Processing ACC (2/50)...
2025-10-06 12:35:00,347 - INFO - Comprehensive data extracted for ACC
2025-10-06 12:35:00,780 - INFO - Comprehensive data extracted for ACC
2025-10-06 12:35:01,021 - INFO - Comprehensive data extracted for ACC
2025-10-06 12:35:01,229 - INFO - Comprehensive data extracted for ACC
2025-10-06 12:35:01,741 - INFO - Comprehensive data extracted for ACC
2025-10-06 12:35:02,397 - INFO - Comprehensive data extracted for ACC
2025-10-06 12:35:02,616 - INFO - Comprehensive data extracted for ACC
2025-10-06 12:35:02,972 - INFO - Comprehensive data extracted for ACC
2025-10-06 12:35:03,189 - INFO - Comprehensive data extracted for ACC
2025-10-06 12:35:03,190 - INFO - Processing APLAPOLLO (3/50)...
2025-10-06 12:35:03,828 - INFO - Comprehensive data extracted for APLAPOLLO
2025-10-06 12:35:04,184 - INFO - Comprehensive data extracted for APLAPOLLO
2025-10-06 12:35:04,380 - INFO - Comprehensive data extracted for APLAPOLLO
2025-10-06 12:35:04,708 - INFO - Comprehensive data extracted for APLAPOLLO
2025-10-06 12:35:04,924 - INFO - Comprehensive data extracted for APLAPOLLO
2025-10-06 12:35:05,819 - INFO - Comprehensive data extracted for APLAPOLLO
2025-10-06 12:35:06,025 - INFO - Comprehensive data extracted for APLAPOLLO
2025-10-06 12:35:06,496 - INFO - Comprehensive data extracted for APLAPOLLO
2025-10-06 12:35:06,708 - INFO - Comprehensive data extracted for APLAPOLLO
2025-10-06 12:35:06,708 - INFO - Processing AUBANK (4/50)...
2025-10-06 12:35:08,136 - INFO - Comprehensive data extracted for AUBANK
2025-10-06 12:35:08,478 - INFO - Comprehensive data extracted for AUBANK
2025-10-06 12:35:08,665 - INFO - Comprehensive data extracted for AUBANK
2025-10-06 12:35:08,884 - INFO - Comprehensive data extracted for AUBANK
2025-10-06 12:35:09,082 - INFO - Comprehensive data extracted for AUBANK
2025-10-06 12:35:09,800 - INFO - Comprehensive data extracted for AUBANK
2025-10-06 12:35:09,993 - INFO - Comprehensive data extracted for AUBANK
2025-10-06 12:35:10,324 - INFO - Comprehensive data extracted for AUBANK
2025-10-06 12:35:10,511 - INFO - Comprehensive data extracted for AUBANK
2025-10-06 12:35:10,512 - INFO - Processing ADANIENSOL (5/50)...
2025-10-06 12:35:11,108 - INFO - Comprehensive data extracted for ADANIENSOL
2025-10-06 12:35:11,409 - INFO - Comprehensive data extracted for ADANIENSOL
2025-10-06 12:35:11,731 - INFO - Comprehensive data extracted for ADANIENSOL
2025-10-06 12:35:11,914 - INFO - Comprehensive data extracted for ADANIENSOL
2025-10-06 12:35:12,114 - INFO - Comprehensive data extracted for ADANIENSOL
2025-10-06 12:35:12,854 - INFO - Comprehensive data extracted for ADANIENSOL
2025-10-06 12:35:13,032 - INFO - Comprehensive data extracted for ADANIENSOL
2025-10-06 12:35:13,451 - INFO - Comprehensive data extracted for ADANIENSOL
2025-10-06 12:35:13,580 - INFO - Processing ADANIENT (6/50)...
2025-10-06 12:35:14,209 - INFO - Comprehensive data extracted for ADANIENT
2025-10-06 12:35:14,409 - INFO - Comprehensive data extracted for ADANIENT
2025-10-06 12:35:14,783 - INFO - Comprehensive data extracted for ADANIENT
2025-10-06 12:35:15,011 - INFO - Comprehensive data extracted for ADANIENT
2025-10-06 12:35:15,215 - INFO - Comprehensive data extracted for ADANIENT
2025-10-06 12:35:15,720 - INFO - Comprehensive data extracted for ADANIENT
2025-10-06 12:35:16,378 - INFO - Comprehensive data extracted for ADANIENT
2025-10-06 12:35:16,592 - INFO - Comprehensive data extracted for ADANIENT
2025-10-06 12:35:16,940 - INFO - Comprehensive data extracted for ADANIENT
2025-10-06 12:35:17,299 - INFO - Comprehensive data extracted for ADANIENT
2025-10-06 12:35:17,299 - INFO - Processing ADANIGREEN (7/50)...
2025-10-06 12:35:18,005 - INFO - Comprehensive data extracted for ADANIGREEN
2025-10-06 12:35:18,438 - INFO - Comprehensive data extracted for ADANIGREEN
2025-10-06 12:35:18,635 - INFO - Comprehensive data extracted for ADANIGREEN
2025-10-06 12:35:18,818 - INFO - Comprehensive data extracted for ADANIGREEN
2025-10-06 12:35:19,124 - INFO - Comprehensive data extracted for ADANIGREEN
2025-10-06 12:35:20,026 - INFO - Comprehensive data extracted for ADANIGREEN
2025-10-06 12:35:20,206 - INFO - Comprehensive data extracted for ADANIGREEN
2025-10-06 12:35:20,502 - INFO - Comprehensive data extracted for ADANIGREEN
2025-10-06 12:35:20,688 - INFO - Comprehensive data extracted for ADANIGREEN
2025-10-06 12:35:20,688 - INFO - Processing ADANIPORTS (8/50)...
2025-10-06 12:35:22,281 - INFO - Comprehensive data extracted for ADANIPORTS
2025-10-06 12:35:22,981 - INFO - Comprehensive data extracted for ADANIPORTS
2025-10-06 12:35:23,301 - INFO - Comprehensive data extracted for ADANIPORTS
2025-10-06 12:35:23,544 - INFO - Comprehensive data extracted for ADANIPORTS
2025-10-06 12:35:23,755 - INFO - Comprehensive data extracted for ADANIPORTS
2025-10-06 12:35:24,648 - INFO - Comprehensive data extracted for ADANIPORTS
2025-10-06 12:35:24,980 - INFO - Comprehensive data extracted for ADANIPORTS
2025-10-06 12:35:25,324 - INFO - Comprehensive data extracted for ADANIPORTS
2025-10-06 12:35:25,689 - INFO - Comprehensive data extracted for ADANIPORTS
2025-10-06 12:35:25,689 - INFO - Processing ADANIPOWER (9/50)...
2025-10-06 12:35:26,371 - INFO - Comprehensive data extracted for ADANIPOWER
2025-10-06 12:35:26,652 - INFO - Comprehensive data extracted for ADANIPOWER
2025-10-06 12:35:26,830 - INFO - Comprehensive data extracted for ADANIPOWER
2025-10-06 12:35:27,130 - INFO - Comprehensive data extracted for ADANIPOWER
2025-10-06 12:35:27,517 - INFO - Comprehensive data extracted for ADANIPOWER
2025-10-06 12:35:28,251 - INFO - Comprehensive data extracted for ADANIPOWER
2025-10-06 12:35:28,725 - INFO - Comprehensive data extracted for ADANIPOWER
2025-10-06 12:35:29,042 - INFO - Comprehensive data extracted for ADANIPOWER
2025-10-06 12:35:29,250 - INFO - Comprehensive data extracted for ADANIPOWER
2025-10-06 12:35:29,250 - INFO - Processing ATGL (10/50)...
2025-10-06 12:35:29,861 - INFO - Comprehensive data extracted for ATGL
2025-10-06 12:35:30,188 - INFO - Comprehensive data extracted for ATGL
2025-10-06 12:35:30,371 - INFO - Comprehensive data extracted for ATGL
2025-10-06 12:35:30,551 - INFO - Comprehensive data extracted for ATGL
2025-10-06 12:35:30,750 - INFO - Comprehensive data extracted for ATGL
2025-10-06 12:35:31,771 - INFO - Comprehensive data extracted for ATGL
2025-10-06 12:35:31,958 - INFO - Comprehensive data extracted for ATGL
2025-10-06 12:35:32,455 - INFO - Comprehensive data extracted for ATGL
2025-10-06 12:35:32,649 - INFO - Comprehensive data extracted for ATGL
2025-10-06 12:35:32,650 - INFO - Processing ABCAPITAL (11/50)...
2025-10-06 12:35:33,124 - INFO - Comprehensive data extracted for ABCAPITAL
2025-10-06 12:35:33,315 - INFO - Comprehensive data extracted for ABCAPITAL
2025-10-06 12:35:33,632 - INFO - Comprehensive data extracted for ABCAPITAL
2025-10-06 12:35:33,849 - INFO - Comprehensive data extracted for ABCAPITAL
2025-10-06 12:35:34,027 - INFO - Comprehensive data extracted for ABCAPITAL
2025-10-06 12:35:34,232 - INFO - Comprehensive data extracted for ABCAPITAL
2025-10-06 12:35:34,912 - INFO - Comprehensive data extracted for ABCAPITAL
2025-10-06 12:35:35,095 - INFO - Comprehensive data extracted for ABCAPITAL
2025-10-06 12:35:35,381 - INFO - Comprehensive data extracted for ABCAPITAL
2025-10-06 12:35:35,683 - INFO - Comprehensive data extracted for ABCAPITAL
2025-10-06 12:35:35,683 - INFO - Processing ABFRL (12/50)...
2025-10-06 12:35:36,334 - INFO - Comprehensive data extracted for ABFRL
2025-10-06 12:35:36,750 - INFO - Comprehensive data extracted for ABFRL
2025-10-06 12:35:36,940 - INFO - Comprehensive data extracted for ABFRL
2025-10-06 12:35:37,119 - INFO - Comprehensive data extracted for ABFRL
2025-10-06 12:35:37,459 - INFO - Comprehensive data extracted for ABFRL
2025-10-06 12:35:37,990 - INFO - Comprehensive data extracted for ABFRL
2025-10-06 12:35:38,173 - INFO - Comprehensive data extracted for ABFRL
2025-10-06 12:35:38,655 - INFO - Comprehensive data extracted for ABFRL
2025-10-06 12:35:38,834 - INFO - Comprehensive data extracted for ABFRL
2025-10-06 12:35:38,834 - INFO - Processing ALKEM (13/50)...
2025-10-06 12:35:39,452 - INFO - Comprehensive data extracted for ALKEM
2025-10-06 12:35:39,858 - INFO - Comprehensive data extracted for ALKEM
2025-10-06 12:35:40,177 - INFO - Comprehensive data extracted for ALKEM
2025-10-06 12:35:40,464 - INFO - Comprehensive data extracted for ALKEM
2025-10-06 12:35:40,651 - INFO - Comprehensive data extracted for ALKEM
2025-10-06 12:35:41,295 - INFO - Comprehensive data extracted for ALKEM
2025-10-06 12:35:41,628 - INFO - Comprehensive data extracted for ALKEM
2025-10-06 12:35:41,944 - INFO - Comprehensive data extracted for ALKEM
2025-10-06 12:35:42,275 - INFO - Comprehensive data extracted for ALKEM
2025-10-06 12:35:42,275 - INFO - Processing AMBUJACEM (14/50)...
2025-10-06 12:35:42,854 - INFO - Comprehensive data extracted for AMBUJACEM
2025-10-06 12:35:43,063 - INFO - Comprehensive data extracted for AMBUJACEM
2025-10-06 12:35:43,516 - INFO - Comprehensive data extracted for AMBUJACEM
2025-10-06 12:35:43,852 - INFO - Comprehensive data extracted for AMBUJACEM
2025-10-06 12:35:44,089 - INFO - Comprehensive data extracted for AMBUJACEM
2025-10-06 12:35:44,309 - INFO - Comprehensive data extracted for AMBUJACEM
2025-10-06 12:35:45,130 - INFO - Comprehensive data extracted for AMBUJACEM
2025-10-06 12:35:45,582 - INFO - Comprehensive data extracted for AMBUJACEM
2025-10-06 12:35:46,008 - INFO - Comprehensive data extracted for AMBUJACEM
2025-10-06 12:35:46,224 - INFO - Comprehensive data extracted for AMBUJACEM
2025-10-06 12:35:46,224 - INFO - Processing APOLLOHOSP (15/50)...
2025-10-06 12:35:46,946 - INFO - Comprehensive data extracted for APOLLOHOSP
2025-10-06 12:35:47,308 - INFO - Comprehensive data extracted for APOLLOHOSP
2025-10-06 12:35:47,540 - INFO - Comprehensive data extracted for APOLLOHOSP
2025-10-06 12:35:47,735 - INFO - Comprehensive data extracted for APOLLOHOSP
2025-10-06 12:35:47,938 - INFO - Comprehensive data extracted for APOLLOHOSP
2025-10-06 12:35:49,179 - INFO - Comprehensive data extracted for APOLLOHOSP
2025-10-06 12:35:49,405 - INFO - Comprehensive data extracted for APOLLOHOSP
2025-10-06 12:35:49,898 - INFO - Comprehensive data extracted for APOLLOHOSP
2025-10-06 12:35:50,154 - INFO - Comprehensive data extracted for APOLLOHOSP
2025-10-06 12:35:50,154 - INFO - Processing APOLLOTYRE (16/50)...
2025-10-06 12:35:50,910 - INFO - Comprehensive data extracted for APOLLOTYRE
2025-10-06 12:35:51,278 - INFO - Comprehensive data extracted for APOLLOTYRE
2025-10-06 12:35:51,567 - INFO - Comprehensive data extracted for APOLLOTYRE
2025-10-06 12:35:51,785 - INFO - Comprehensive data extracted for APOLLOTYRE
2025-10-06 12:35:51,998 - INFO - Comprehensive data extracted for APOLLOTYRE
2025-10-06 12:35:53,146 - INFO - Comprehensive data extracted for APOLLOTYRE
2025-10-06 12:35:53,388 - INFO - Comprehensive data extracted for APOLLOTYRE
2025-10-06 12:35:53,743 - INFO - Comprehensive data extracted for APOLLOTYRE
2025-10-06 12:35:53,958 - INFO - Comprehensive data extracted for APOLLOTYRE
2025-10-06 12:35:53,958 - INFO - Processing ASHOKLEY (17/50)...
2025-10-06 12:35:54,682 - INFO - Comprehensive data extracted for ASHOKLEY
2025-10-06 12:35:55,092 - INFO - Comprehensive data extracted for ASHOKLEY
2025-10-06 12:35:55,378 - INFO - Comprehensive data extracted for ASHOKLEY
2025-10-06 12:35:55,609 - INFO - Comprehensive data extracted for ASHOKLEY
2025-10-06 12:35:55,982 - INFO - Comprehensive data extracted for ASHOKLEY
2025-10-06 12:35:57,058 - INFO - Comprehensive data extracted for ASHOKLEY
2025-10-06 12:35:57,499 - INFO - Comprehensive data extracted for ASHOKLEY
2025-10-06 12:35:57,893 - INFO - Comprehensive data extracted for ASHOKLEY
2025-10-06 12:35:58,162 - INFO - Comprehensive data extracted for ASHOKLEY
2025-10-06 12:35:58,163 - INFO - Processing ASIANPAINT (18/50)...
2025-10-06 12:35:58,726 - INFO - Comprehensive data extracted for ASIANPAINT
2025-10-06 12:35:58,960 - INFO - Comprehensive data extracted for ASIANPAINT
2025-10-06 12:35:59,429 - INFO - Comprehensive data extracted for ASIANPAINT
2025-10-06 12:35:59,655 - INFO - Comprehensive data extracted for ASIANPAINT
2025-10-06 12:35:59,883 - INFO - Comprehensive data extracted for ASIANPAINT
2025-10-06 12:36:00,117 - INFO - Comprehensive data extracted for ASIANPAINT
2025-10-06 12:36:01,055 - INFO - Comprehensive data extracted for ASIANPAINT
2025-10-06 12:36:01,269 - INFO - Comprehensive data extracted for ASIANPAINT
2025-10-06 12:36:01,868 - INFO - Comprehensive data extracted for ASIANPAINT
2025-10-06 12:36:02,072 - INFO - Comprehensive data extracted for ASIANPAINT
2025-10-06 12:36:02,073 - INFO - Processing ASTRAL (19/50)...
2025-10-06 12:36:02,805 - INFO - Comprehensive data extracted for ASTRAL
2025-10-06 12:36:03,146 - INFO - Comprehensive data extracted for ASTRAL
2025-10-06 12:36:03,555 - INFO - Comprehensive data extracted for ASTRAL
2025-10-06 12:36:03,739 - INFO - Comprehensive data extracted for ASTRAL
2025-10-06 12:36:03,957 - INFO - Comprehensive data extracted for ASTRAL
2025-10-06 12:36:05,083 - INFO - Comprehensive data extracted for ASTRAL
2025-10-06 12:36:05,286 - INFO - Comprehensive data extracted for ASTRAL
2025-10-06 12:36:05,671 - INFO - Comprehensive data extracted for ASTRAL
2025-10-06 12:36:05,897 - INFO - Comprehensive data extracted for ASTRAL
2025-10-06 12:36:05,898 - INFO - Processing AUROPHARMA (20/50)...
2025-10-06 12:36:06,726 - INFO - Comprehensive data extracted for AUROPHARMA
2025-10-06 12:36:07,183 - INFO - Comprehensive data extracted for AUROPHARMA
2025-10-06 12:36:07,461 - INFO - Comprehensive data extracted for AUROPHARMA
2025-10-06 12:36:07,701 - INFO - Comprehensive data extracted for AUROPHARMA
2025-10-06 12:36:08,087 - INFO - Comprehensive data extracted for AUROPHARMA
2025-10-06 12:36:08,940 - INFO - Comprehensive data extracted for AUROPHARMA
2025-10-06 12:36:09,146 - INFO - Comprehensive data extracted for AUROPHARMA
2025-10-06 12:36:09,560 - INFO - Comprehensive data extracted for AUROPHARMA
2025-10-06 12:36:09,767 - INFO - Comprehensive data extracted for AUROPHARMA
2025-10-06 12:36:09,767 - INFO - Processing DMART (21/50)...
2025-10-06 12:36:10,371 - INFO - Comprehensive data extracted for DMART
2025-10-06 12:36:10,677 - INFO - Comprehensive data extracted for DMART
2025-10-06 12:36:10,861 - INFO - Comprehensive data extracted for DMART
2025-10-06 12:36:11,205 - INFO - Comprehensive data extracted for DMART
2025-10-06 12:36:11,519 - INFO - Comprehensive data extracted for DMART
2025-10-06 12:36:12,179 - INFO - Comprehensive data extracted for DMART
2025-10-06 12:36:12,438 - INFO - Comprehensive data extracted for DMART
2025-10-06 12:36:12,882 - INFO - Comprehensive data extracted for DMART
2025-10-06 12:36:13,069 - INFO - Comprehensive data extracted for DMART
2025-10-06 12:36:13,069 - INFO - Processing AXISBANK (22/50)...
2025-10-06 12:36:14,038 - INFO - Comprehensive data extracted for AXISBANK
2025-10-06 12:36:14,421 - INFO - Comprehensive data extracted for AXISBANK
2025-10-06 12:36:14,623 - INFO - Comprehensive data extracted for AXISBANK
2025-10-06 12:36:14,880 - INFO - Comprehensive data extracted for AXISBANK
2025-10-06 12:36:15,114 - INFO - Comprehensive data extracted for AXISBANK
2025-10-06 12:36:15,932 - INFO - Comprehensive data extracted for AXISBANK
2025-10-06 12:36:16,294 - INFO - Comprehensive data extracted for AXISBANK
2025-10-06 12:36:16,651 - INFO - Comprehensive data extracted for AXISBANK
2025-10-06 12:36:16,890 - INFO - Comprehensive data extracted for AXISBANK
2025-10-06 12:36:16,890 - INFO - Processing BSE (23/50)...
2025-10-06 12:36:17,698 - INFO - Comprehensive data extracted for BSE
2025-10-06 12:36:18,032 - INFO - Comprehensive data extracted for BSE
2025-10-06 12:36:18,247 - INFO - Comprehensive data extracted for BSE
2025-10-06 12:36:18,437 - INFO - Comprehensive data extracted for BSE
2025-10-06 12:36:18,633 - INFO - Comprehensive data extracted for BSE
2025-10-06 12:36:19,605 - INFO - Comprehensive data extracted for BSE
2025-10-06 12:36:19,808 - INFO - Comprehensive data extracted for BSE
2025-10-06 12:36:20,130 - INFO - Comprehensive data extracted for BSE
2025-10-06 12:36:20,334 - INFO - Comprehensive data extracted for BSE
2025-10-06 12:36:20,335 - INFO - Processing BAJAJ-AUTO (24/50)...
2025-10-06 12:36:20,969 - INFO - Comprehensive data extracted for BAJAJ-AUTO
2025-10-06 12:36:21,169 - INFO - Comprehensive data extracted for BAJAJ-AUTO
2025-10-06 12:36:21,583 - INFO - Comprehensive data extracted for BAJAJ-AUTO
2025-10-06 12:36:21,966 - INFO - Comprehensive data extracted for BAJAJ-AUTO
2025-10-06 12:36:22,153 - INFO - Comprehensive data extracted for BAJAJ-AUTO
2025-10-06 12:36:22,404 - INFO - Comprehensive data extracted for BAJAJ-AUTO
2025-10-06 12:36:23,036 - INFO - Comprehensive data extracted for BAJAJ-AUTO
2025-10-06 12:36:23,237 - INFO - Comprehensive data extracted for BAJAJ-AUTO
2025-10-06 12:36:24,294 - INFO - Comprehensive data extracted for BAJAJ-AUTO
2025-10-06 12:36:24,607 - INFO - Comprehensive data extracted for BAJAJ-AUTO
2025-10-06 12:36:24,607 - INFO - Processing BAJFINANCE (25/50)...
2025-10-06 12:36:25,452 - INFO - Comprehensive data extracted for BAJFINANCE
2025-10-06 12:36:25,985 - INFO - Comprehensive data extracted for BAJFINANCE
2025-10-06 12:36:26,254 - INFO - Comprehensive data extracted for BAJFINANCE
2025-10-06 12:36:26,622 - INFO - Comprehensive data extracted for BAJFINANCE
2025-10-06 12:36:26,924 - INFO - Comprehensive data extracted for BAJFINANCE
2025-10-06 12:36:27,644 - INFO - Comprehensive data extracted for BAJFINANCE
2025-10-06 12:36:27,892 - INFO - Comprehensive data extracted for BAJFINANCE
2025-10-06 12:36:28,256 - INFO - Comprehensive data extracted for BAJFINANCE
2025-10-06 12:36:28,566 - INFO - Comprehensive data extracted for BAJFINANCE
2025-10-06 12:36:28,567 - INFO - Processing BAJAJFINSV (26/50)...
2025-10-06 12:36:29,129 - INFO - Comprehensive data extracted for BAJAJFINSV
2025-10-06 12:36:29,346 - INFO - Comprehensive data extracted for BAJAJFINSV
2025-10-06 12:36:29,811 - INFO - Comprehensive data extracted for BAJAJFINSV
2025-10-06 12:36:30,026 - INFO - Comprehensive data extracted for BAJAJFINSV
2025-10-06 12:36:30,221 - INFO - Comprehensive data extracted for BAJAJFINSV
2025-10-06 12:36:30,579 - INFO - Comprehensive data extracted for BAJAJFINSV
2025-10-06 12:36:31,248 - INFO - Comprehensive data extracted for BAJAJFINSV
2025-10-06 12:36:32,136 - INFO - Comprehensive data extracted for BAJAJFINSV
2025-10-06 12:36:32,474 - INFO - Comprehensive data extracted for BAJAJFINSV
2025-10-06 12:36:32,688 - INFO - Comprehensive data extracted for BAJAJFINSV
2025-10-06 12:36:32,688 - INFO - Processing BAJAJHLDNG (27/50)...
2025-10-06 12:36:33,479 - INFO - Comprehensive data extracted for BAJAJHLDNG
2025-10-06 12:36:33,962 - INFO - Comprehensive data extracted for BAJAJHLDNG
2025-10-06 12:36:34,183 - INFO - Comprehensive data extracted for BAJAJHLDNG
2025-10-06 12:36:34,604 - INFO - Comprehensive data extracted for BAJAJHLDNG
2025-10-06 12:36:34,825 - INFO - Comprehensive data extracted for BAJAJHLDNG
2025-10-06 12:36:35,619 - INFO - Comprehensive data extracted for BAJAJHLDNG
2025-10-06 12:36:35,843 - INFO - Comprehensive data extracted for BAJAJHLDNG
2025-10-06 12:36:36,495 - INFO - Comprehensive data extracted for BAJAJHLDNG
2025-10-06 12:36:36,830 - INFO - Comprehensive data extracted for BAJAJHLDNG
2025-10-06 12:36:36,830 - INFO - Processing BAJAJHFL (28/50)...
2025-10-06 12:36:37,471 - INFO - Comprehensive data extracted for BAJAJHFL
2025-10-06 12:36:37,879 - INFO - Comprehensive data extracted for BAJAJHFL
2025-10-06 12:36:38,072 - INFO - Comprehensive data extracted for BAJAJHFL
2025-10-06 12:36:38,262 - INFO - Comprehensive data extracted for BAJAJHFL
2025-10-06 12:36:38,560 - INFO - Comprehensive data extracted for BAJAJHFL
2025-10-06 12:36:39,081 - INFO - Comprehensive data extracted for BAJAJHFL
2025-10-06 12:36:39,305 - INFO - Comprehensive data extracted for BAJAJHFL
2025-10-06 12:36:39,665 - INFO - Comprehensive data extracted for BAJAJHFL
2025-10-06 12:36:39,851 - INFO - Comprehensive data extracted for BAJAJHFL
2025-10-06 12:36:39,851 - INFO - Processing BANDHANBNK (29/50)...
2025-10-06 12:36:40,480 - INFO - Comprehensive data extracted for BANDHANBNK
2025-10-06 12:36:40,743 - INFO - Comprehensive data extracted for BANDHANBNK
2025-10-06 12:36:41,068 - INFO - Comprehensive data extracted for BANDHANBNK
2025-10-06 12:36:41,254 - INFO - Comprehensive data extracted for BANDHANBNK
2025-10-06 12:36:41,592 - INFO - Comprehensive data extracted for BANDHANBNK
2025-10-06 12:36:41,781 - INFO - Comprehensive data extracted for BANDHANBNK
2025-10-06 12:36:42,396 - INFO - Comprehensive data extracted for BANDHANBNK
2025-10-06 12:36:42,615 - INFO - Comprehensive data extracted for BANDHANBNK
2025-10-06 12:36:42,933 - INFO - Comprehensive data extracted for BANDHANBNK
2025-10-06 12:36:43,130 - INFO - Comprehensive data extracted for BANDHANBNK
2025-10-06 12:36:43,130 - INFO - Processing BANKBARODA (30/50)...
2025-10-06 12:36:44,192 - INFO - Comprehensive data extracted for BANKBARODA
2025-10-06 12:36:44,546 - INFO - Comprehensive data extracted for BANKBARODA
2025-10-06 12:36:44,894 - INFO - Comprehensive data extracted for BANKBARODA
2025-10-06 12:36:45,109 - INFO - Comprehensive data extracted for BANKBARODA
2025-10-06 12:36:45,492 - INFO - Comprehensive data extracted for BANKBARODA
2025-10-06 12:36:46,144 - INFO - Comprehensive data extracted for BANKBARODA
2025-10-06 12:36:46,504 - INFO - Comprehensive data extracted for BANKBARODA
2025-10-06 12:36:46,892 - INFO - Comprehensive data extracted for BANKBARODA
2025-10-06 12:36:47,101 - INFO - Comprehensive data extracted for BANKBARODA
2025-10-06 12:36:47,102 - INFO - Processing BANKINDIA (31/50)...
2025-10-06 12:36:47,762 - INFO - Comprehensive data extracted for BANKINDIA
2025-10-06 12:36:48,010 - INFO - Comprehensive data extracted for BANKINDIA
2025-10-06 12:36:48,501 - INFO - Comprehensive data extracted for BANKINDIA
2025-10-06 12:36:48,728 - INFO - Comprehensive data extracted for BANKINDIA
2025-10-06 12:36:48,949 - INFO - Comprehensive data extracted for BANKINDIA
2025-10-06 12:36:49,172 - INFO - Comprehensive data extracted for BANKINDIA
2025-10-06 12:36:49,981 - INFO - Comprehensive data extracted for BANKINDIA
2025-10-06 12:36:50,198 - INFO - Comprehensive data extracted for BANKINDIA
2025-10-06 12:36:50,633 - INFO - Comprehensive data extracted for BANKINDIA
2025-10-06 12:36:50,848 - INFO - Comprehensive data extracted for BANKINDIA
2025-10-06 12:36:50,848 - INFO - Processing MAHABANK (32/50)...
2025-10-06 12:36:51,615 - INFO - Comprehensive data extracted for MAHABANK
2025-10-06 12:36:52,032 - INFO - Comprehensive data extracted for MAHABANK
2025-10-06 12:36:52,231 - INFO - Comprehensive data extracted for MAHABANK
2025-10-06 12:36:52,575 - INFO - Comprehensive data extracted for MAHABANK
2025-10-06 12:36:52,775 - INFO - Comprehensive data extracted for MAHABANK
2025-10-06 12:36:53,501 - INFO - Comprehensive data extracted for MAHABANK
2025-10-06 12:36:53,709 - INFO - Comprehensive data extracted for MAHABANK
2025-10-06 12:36:54,059 - INFO - Comprehensive data extracted for MAHABANK
2025-10-06 12:36:54,269 - INFO - Comprehensive data extracted for MAHABANK
2025-10-06 12:36:54,269 - INFO - Processing BDL (33/50)...
2025-10-06 12:36:55,779 - INFO - Comprehensive data extracted for BDL
2025-10-06 12:36:56,301 - INFO - Comprehensive data extracted for BDL
2025-10-06 12:36:56,825 - INFO - Comprehensive data extracted for BDL
2025-10-06 12:36:57,153 - INFO - Comprehensive data extracted for BDL
2025-10-06 12:36:57,793 - INFO - Comprehensive data extracted for BDL
2025-10-06 12:36:59,186 - INFO - Comprehensive data extracted for BDL
2025-10-06 12:36:59,425 - INFO - Comprehensive data extracted for BDL
2025-10-06 12:36:59,763 - INFO - Comprehensive data extracted for BDL
2025-10-06 12:36:59,967 - INFO - Comprehensive data extracted for BDL
2025-10-06 12:36:59,968 - INFO - Processing BEL (34/50)...
2025-10-06 12:37:01,009 - INFO - Comprehensive data extracted for BEL
2025-10-06 12:37:01,556 - INFO - Comprehensive data extracted for BEL
2025-10-06 12:37:01,758 - INFO - Comprehensive data extracted for BEL
2025-10-06 12:37:01,958 - INFO - Comprehensive data extracted for BEL
2025-10-06 12:37:02,162 - INFO - Comprehensive data extracted for BEL
2025-10-06 12:37:02,987 - INFO - Comprehensive data extracted for BEL
2025-10-06 12:37:03,410 - INFO - Comprehensive data extracted for BEL
2025-10-06 12:37:03,776 - INFO - Comprehensive data extracted for BEL
2025-10-06 12:37:03,986 - INFO - Comprehensive data extracted for BEL
2025-10-06 12:37:03,986 - INFO - Processing BHARATFORG (35/50)...
2025-10-06 12:37:04,833 - INFO - Comprehensive data extracted for BHARATFORG
2025-10-06 12:37:05,034 - INFO - Comprehensive data extracted for BHARATFORG
2025-10-06 12:37:05,632 - INFO - Comprehensive data extracted for BHARATFORG
2025-10-06 12:37:05,832 - INFO - Comprehensive data extracted for BHARATFORG
2025-10-06 12:37:06,085 - INFO - Comprehensive data extracted for BHARATFORG
2025-10-06 12:37:06,514 - INFO - Comprehensive data extracted for BHARATFORG
2025-10-06 12:37:07,217 - INFO - Comprehensive data extracted for BHARATFORG
2025-10-06 12:37:07,598 - INFO - Comprehensive data extracted for BHARATFORG
2025-10-06 12:37:08,069 - INFO - Comprehensive data extracted for BHARATFORG
2025-10-06 12:37:08,508 - INFO - Comprehensive data extracted for BHARATFORG
2025-10-06 12:37:08,508 - INFO - Processing BHEL (36/50)...
2025-10-06 12:37:09,245 - INFO - Comprehensive data extracted for BHEL
2025-10-06 12:37:09,574 - INFO - Comprehensive data extracted for BHEL
2025-10-06 12:37:09,920 - INFO - Comprehensive data extracted for BHEL
2025-10-06 12:37:10,175 - INFO - Comprehensive data extracted for BHEL
2025-10-06 12:37:10,518 - INFO - Comprehensive data extracted for BHEL
2025-10-06 12:37:10,731 - INFO - Comprehensive data extracted for BHEL
2025-10-06 12:37:11,474 - INFO - Comprehensive data extracted for BHEL
2025-10-06 12:37:11,691 - INFO - Comprehensive data extracted for BHEL
2025-10-06 12:37:12,163 - INFO - Comprehensive data extracted for BHEL
2025-10-06 12:37:12,506 - INFO - Comprehensive data extracted for BHEL
2025-10-06 12:37:12,507 - INFO - Processing BPCL (37/50)...
2025-10-06 12:37:13,162 - INFO - Comprehensive data extracted for BPCL
2025-10-06 12:37:13,613 - INFO - Comprehensive data extracted for BPCL
2025-10-06 12:37:14,113 - INFO - Comprehensive data extracted for BPCL
2025-10-06 12:37:14,536 - INFO - Comprehensive data extracted for BPCL
2025-10-06 12:37:14,749 - INFO - Comprehensive data extracted for BPCL
2025-10-06 12:37:14,981 - INFO - Comprehensive data extracted for BPCL
2025-10-06 12:37:15,889 - INFO - Comprehensive data extracted for BPCL
2025-10-06 12:37:16,106 - INFO - Comprehensive data extracted for BPCL
2025-10-06 12:37:16,558 - INFO - Comprehensive data extracted for BPCL
2025-10-06 12:37:16,798 - INFO - Comprehensive data extracted for BPCL
2025-10-06 12:37:16,799 - INFO - Processing BHARTIARTL (38/50)...
2025-10-06 12:37:17,486 - INFO - Comprehensive data extracted for BHARTIARTL
2025-10-06 12:37:17,877 - INFO - Comprehensive data extracted for BHARTIARTL
2025-10-06 12:37:18,096 - INFO - Comprehensive data extracted for BHARTIARTL
2025-10-06 12:37:18,516 - INFO - Comprehensive data extracted for BHARTIARTL
2025-10-06 12:37:18,725 - INFO - Comprehensive data extracted for BHARTIARTL
2025-10-06 12:37:19,390 - INFO - Comprehensive data extracted for BHARTIARTL
2025-10-06 12:37:19,603 - INFO - Comprehensive data extracted for BHARTIARTL
2025-10-06 12:37:19,932 - INFO - Comprehensive data extracted for BHARTIARTL
2025-10-06 12:37:20,130 - INFO - Comprehensive data extracted for BHARTIARTL
2025-10-06 12:37:20,130 - INFO - Processing BHARTIHEXA (39/50)...
2025-10-06 12:37:20,816 - INFO - Comprehensive data extracted for BHARTIHEXA
2025-10-06 12:37:21,124 - INFO - Comprehensive data extracted for BHARTIHEXA
2025-10-06 12:37:21,331 - INFO - Comprehensive data extracted for BHARTIHEXA
2025-10-06 12:37:21,521 - INFO - Comprehensive data extracted for BHARTIHEXA
2025-10-06 12:37:21,697 - INFO - Comprehensive data extracted for BHARTIHEXA
2025-10-06 12:37:22,537 - INFO - Comprehensive data extracted for BHARTIHEXA
2025-10-06 12:37:22,725 - INFO - Comprehensive data extracted for BHARTIHEXA
2025-10-06 12:37:23,055 - INFO - Comprehensive data extracted for BHARTIHEXA
2025-10-06 12:37:23,240 - INFO - Comprehensive data extracted for BHARTIHEXA
2025-10-06 12:37:23,241 - INFO - Processing BIOCON (40/50)...
2025-10-06 12:37:24,007 - INFO - Comprehensive data extracted for BIOCON
2025-10-06 12:37:24,372 - INFO - Comprehensive data extracted for BIOCON
2025-10-06 12:37:24,611 - INFO - Comprehensive data extracted for BIOCON
2025-10-06 12:37:24,832 - INFO - Comprehensive data extracted for BIOCON
2025-10-06 12:37:25,035 - INFO - Comprehensive data extracted for BIOCON
2025-10-06 12:37:25,833 - INFO - Comprehensive data extracted for BIOCON
2025-10-06 12:37:26,574 - INFO - Comprehensive data extracted for BIOCON
2025-10-06 12:37:27,050 - INFO - Comprehensive data extracted for BIOCON
2025-10-06 12:37:27,259 - INFO - Comprehensive data extracted for BIOCON
2025-10-06 12:37:27,260 - INFO - Processing BOSCHLTD (41/50)...
2025-10-06 12:37:27,938 - INFO - Comprehensive data extracted for BOSCHLTD
2025-10-06 12:37:28,313 - INFO - Comprehensive data extracted for BOSCHLTD
2025-10-06 12:37:28,545 - INFO - Comprehensive data extracted for BOSCHLTD
2025-10-06 12:37:28,761 - INFO - Comprehensive data extracted for BOSCHLTD
2025-10-06 12:37:28,983 - INFO - Comprehensive data extracted for BOSCHLTD
2025-10-06 12:37:29,903 - INFO - Comprehensive data extracted for BOSCHLTD
2025-10-06 12:37:30,129 - INFO - Comprehensive data extracted for BOSCHLTD
2025-10-06 12:37:30,473 - INFO - Comprehensive data extracted for BOSCHLTD
2025-10-06 12:37:30,677 - INFO - Comprehensive data extracted for BOSCHLTD
2025-10-06 12:37:30,678 - INFO - Processing BRITANNIA (42/50)...
2025-10-06 12:37:31,413 - INFO - Comprehensive data extracted for BRITANNIA
2025-10-06 12:37:31,925 - INFO - Comprehensive data extracted for BRITANNIA
2025-10-06 12:37:32,167 - INFO - Comprehensive data extracted for BRITANNIA
2025-10-06 12:37:32,538 - INFO - Comprehensive data extracted for BRITANNIA
2025-10-06 12:37:32,748 - INFO - Comprehensive data extracted for BRITANNIA
2025-10-06 12:37:33,398 - INFO - Comprehensive data extracted for BRITANNIA
2025-10-06 12:37:33,648 - INFO - Comprehensive data extracted for BRITANNIA
2025-10-06 12:37:34,022 - INFO - Comprehensive data extracted for BRITANNIA
2025-10-06 12:37:34,238 - INFO - Comprehensive data extracted for BRITANNIA
2025-10-06 12:37:34,239 - INFO - Processing CGPOWER (43/50)...
2025-10-06 12:37:34,927 - INFO - Comprehensive data extracted for CGPOWER
2025-10-06 12:37:35,150 - INFO - Comprehensive data extracted for CGPOWER
2025-10-06 12:37:35,596 - INFO - Comprehensive data extracted for CGPOWER
2025-10-06 12:37:35,954 - INFO - Comprehensive data extracted for CGPOWER
2025-10-06 12:37:36,154 - INFO - Comprehensive data extracted for CGPOWER
2025-10-06 12:37:36,427 - INFO - Comprehensive data extracted for CGPOWER
2025-10-06 12:37:37,101 - INFO - Comprehensive data extracted for CGPOWER
2025-10-06 12:37:37,464 - INFO - Comprehensive data extracted for CGPOWER
2025-10-06 12:37:37,861 - INFO - Comprehensive data extracted for CGPOWER
2025-10-06 12:37:38,076 - INFO - Comprehensive data extracted for CGPOWER
2025-10-06 12:37:38,077 - INFO - Processing CANBK (44/50)...
2025-10-06 12:37:38,791 - INFO - Comprehensive data extracted for CANBK
2025-10-06 12:37:39,384 - INFO - Comprehensive data extracted for CANBK
2025-10-06 12:37:39,596 - INFO - Comprehensive data extracted for CANBK
2025-10-06 12:37:39,804 - INFO - Comprehensive data extracted for CANBK
2025-10-06 12:37:40,023 - INFO - Comprehensive data extracted for CANBK
2025-10-06 12:37:40,818 - INFO - Comprehensive data extracted for CANBK
2025-10-06 12:37:41,051 - INFO - Comprehensive data extracted for CANBK
2025-10-06 12:37:41,431 - INFO - Comprehensive data extracted for CANBK
2025-10-06 12:37:41,774 - INFO - Comprehensive data extracted for CANBK
2025-10-06 12:37:41,775 - INFO - Processing CHOLAFIN (45/50)...
2025-10-06 12:37:42,476 - INFO - Comprehensive data extracted for CHOLAFIN
2025-10-06 12:37:43,316 - INFO - Comprehensive data extracted for CHOLAFIN
2025-10-06 12:37:43,907 - INFO - Comprehensive data extracted for CHOLAFIN
2025-10-06 12:37:44,245 - INFO - Comprehensive data extracted for CHOLAFIN
2025-10-06 12:37:44,507 - INFO - Comprehensive data extracted for CHOLAFIN
2025-10-06 12:37:45,281 - INFO - Comprehensive data extracted for CHOLAFIN
2025-10-06 12:37:45,734 - INFO - Comprehensive data extracted for CHOLAFIN
2025-10-06 12:37:46,140 - INFO - Comprehensive data extracted for CHOLAFIN
2025-10-06 12:37:46,395 - INFO - Comprehensive data extracted for CHOLAFIN
2025-10-06 12:37:46,395 - INFO - Processing CIPLA (46/50)...
2025-10-06 12:37:47,351 - INFO - Comprehensive data extracted for CIPLA
2025-10-06 12:37:47,719 - INFO - Comprehensive data extracted for CIPLA
2025-10-06 12:37:47,928 - INFO - Comprehensive data extracted for CIPLA
2025-10-06 12:37:48,138 - INFO - Comprehensive data extracted for CIPLA
2025-10-06 12:37:48,512 - INFO - Comprehensive data extracted for CIPLA
2025-10-06 12:37:49,607 - INFO - Comprehensive data extracted for CIPLA
2025-10-06 12:37:49,812 - INFO - Comprehensive data extracted for CIPLA
2025-10-06 12:37:50,183 - INFO - Comprehensive data extracted for CIPLA
2025-10-06 12:37:50,491 - INFO - Comprehensive data extracted for CIPLA
2025-10-06 12:37:50,492 - INFO - Processing COALINDIA (47/50)...
2025-10-06 12:37:51,138 - INFO - Comprehensive data extracted for COALINDIA
2025-10-06 12:37:51,353 - INFO - Comprehensive data extracted for COALINDIA
2025-10-06 12:37:51,696 - INFO - Comprehensive data extracted for COALINDIA
2025-10-06 12:37:52,032 - INFO - Comprehensive data extracted for COALINDIA
2025-10-06 12:37:52,238 - INFO - Comprehensive data extracted for COALINDIA
2025-10-06 12:37:52,581 - INFO - Comprehensive data extracted for COALINDIA
2025-10-06 12:37:53,613 - INFO - Comprehensive data extracted for COALINDIA
2025-10-06 12:37:53,818 - INFO - Comprehensive data extracted for COALINDIA
2025-10-06 12:37:54,149 - INFO - Comprehensive data extracted for COALINDIA
2025-10-06 12:37:54,349 - INFO - Comprehensive data extracted for COALINDIA
2025-10-06 12:37:54,349 - INFO - Processing COCHINSHIP (48/50)...
2025-10-06 12:37:54,876 - INFO - Comprehensive data extracted for COCHINSHIP
2025-10-06 12:37:55,072 - INFO - Comprehensive data extracted for COCHINSHIP
2025-10-06 12:37:55,508 - INFO - Comprehensive data extracted for COCHINSHIP
2025-10-06 12:37:55,728 - INFO - Comprehensive data extracted for COCHINSHIP
2025-10-06 12:37:55,940 - INFO - Comprehensive data extracted for COCHINSHIP
2025-10-06 12:37:56,143 - INFO - Comprehensive data extracted for COCHINSHIP
2025-10-06 12:37:56,988 - INFO - Comprehensive data extracted for COCHINSHIP
2025-10-06 12:37:57,724 - INFO - Comprehensive data extracted for COCHINSHIP
2025-10-06 12:37:58,463 - INFO - Comprehensive data extracted for COCHINSHIP
2025-10-06 12:37:58,745 - INFO - Comprehensive data extracted for COCHINSHIP
2025-10-06 12:37:58,746 - INFO - Processing COFORGE (49/50)...
2025-10-06 12:38:01,684 - INFO - Comprehensive data extracted for COFORGE
2025-10-06 12:38:02,395 - INFO - Comprehensive data extracted for COFORGE
2025-10-06 12:38:02,788 - INFO - Comprehensive data extracted for COFORGE
2025-10-06 12:38:03,042 - INFO - Comprehensive data extracted for COFORGE
2025-10-06 12:38:03,394 - INFO - Comprehensive data extracted for COFORGE
2025-10-06 12:38:04,071 - INFO - Comprehensive data extracted for COFORGE
2025-10-06 12:38:04,564 - INFO - Comprehensive data extracted for COFORGE
2025-10-06 12:38:04,932 - INFO - Comprehensive data extracted for COFORGE
2025-10-06 12:38:05,138 - INFO - Comprehensive data extracted for COFORGE
2025-10-06 12:38:05,139 - INFO - Processing COLPAL (50/50)...
2025-10-06 12:38:05,834 - INFO - Comprehensive data extracted for COLPAL
2025-10-06 12:38:06,192 - INFO - Comprehensive data extracted for COLPAL
2025-10-06 12:38:06,390 - INFO - Comprehensive data extracted for COLPAL
2025-10-06 12:38:06,722 - INFO - Comprehensive data extracted for COLPAL
2025-10-06 12:38:06,924 - INFO - Comprehensive data extracted for COLPAL
2025-10-06 12:38:07,937 - INFO - Comprehensive data extracted for COLPAL
2025-10-06 12:38:08,291 - INFO - Comprehensive data extracted for COLPAL
2025-10-06 12:38:08,650 - INFO - Comprehensive data extracted for COLPAL
2025-10-06 12:38:08,875 - INFO - Comprehensive data extracted for COLPAL
2025-10-06 12:38:08,876 - INFO - Collected 463 training samples
2025-10-06 12:38:08,876 - INFO - Failed to collect 287 samples
2025-10-06 12:38:08,876 - INFO - Label distribution: UP=171, HOLD=204, DOWN=88
2025-10-06 12:38:08,877 - INFO - Training improved ML model with 463 samples...
2025-10-06 12:38:08,878 - INFO - Class weights: {-1: np.float64(1.753787878787879), 0: np.float64(0.7565359477124183), 1: np.float64(0.9025341130604289)}
2025-10-06 12:38:08,880 - INFO - Running 5-fold cross-validation...
