2025-10-06 12:18:10,966 - INFO - No trained model found. Using fallback predictions.
2025-10-06 12:18:10,966 - INFO - ML Price Predictor initialized (using fallback mode - no training data yet)
2025-10-06 12:18:10,969 - INFO - Loaded 200 stocks from stock_list_template.csv
2025-10-06 12:18:10,969 - INFO - Collecting training data from 2 stocks...
2025-10-06 12:18:10,969 - INFO - Processing ABB (1/2)...
2025-10-06 12:18:10,970 - DEBUG - Entering history()
2025-10-06 12:18:10,972 - DEBUG - ('CREATE TABLE IF NOT EXISTS "_tz_kv" ("key" VARCHAR(255) NOT NULL PRIMARY KEY, "value" VARCHAR(255)) WITHOUT ROWID', [])
2025-10-06 12:18:10,974 - DEBUG - ('SELECT "t1"."key", "t1"."value" FROM "_tz_kv" AS "t1" WHERE ("t1"."key" = ?) LIMIT ? OFFSET ?', ['ABB.NS', 1, 0])
2025-10-06 12:18:11,013 - DEBUG -  Entering history()
2025-10-06 12:18:11,015 - DEBUG - ABB.NS: Yahoo GET parameters: {'period1': '2025-03-25 12:18:10+05:30', 'period2': '2025-10-06 12:18:10+05:30', 'interval': '1d', 'includePrePost': False, 'events': 'div,splits,capitalGains'}
2025-10-06 12:18:11,015 - DEBUG -   Entering get()
2025-10-06 12:18:11,016 - DEBUG -    Entering _make_request()
2025-10-06 12:18:11,016 - DEBUG - url=https://query2.finance.yahoo.com/v8/finance/chart/ABB.NS
2025-10-06 12:18:11,016 - DEBUG - params={'period1': 1742885290, 'period2': 1759733290, 'interval': '1d', 'includePrePost': False, 'events': 'div,splits,capitalGains'}
2025-10-06 12:18:11,016 - DEBUG -     Entering _get_cookie_and_crumb()
2025-10-06 12:18:11,016 - DEBUG - cookie_mode = 'basic'
2025-10-06 12:18:11,016 - DEBUG -      Entering _get_cookie_and_crumb_basic()
2025-10-06 12:18:11,016 - DEBUG -       Entering _get_cookie_basic()
2025-10-06 12:18:11,016 - DEBUG -        Entering _load_cookie_curlCffi()
2025-10-06 12:18:11,018 - DEBUG - ('CREATE TABLE IF NOT EXISTS "_cookieschema" ("strategy" VARCHAR(255) NOT NULL PRIMARY KEY, "fetch_date" DATETIME NOT NULL, "cookie_bytes" BLOB NOT NULL) WITHOUT ROWID', [])
2025-10-06 12:18:11,018 - DEBUG - ('SELECT "t1"."strategy", "t1"."fetch_date", "t1"."cookie_bytes" FROM "_cookieschema" AS "t1" WHERE ("t1"."strategy" = ?) LIMIT ? OFFSET ?', ['curlCffi', 1, 0])
2025-10-06 12:18:11,018 - DEBUG -        Exiting _load_cookie_curlCffi()
2025-10-06 12:18:11,019 - DEBUG - reusing persistent cookie
2025-10-06 12:18:11,019 - DEBUG -       Exiting _get_cookie_basic()
2025-10-06 12:18:11,019 - DEBUG -       Entering _get_crumb_basic()
2025-10-06 12:18:11,019 - DEBUG -        Entering _get_cookie_basic()
2025-10-06 12:18:11,019 - DEBUG - reusing cookie
2025-10-06 12:18:11,019 - DEBUG -        Exiting _get_cookie_basic()
2025-10-06 12:18:11,360 - DEBUG - crumb = 'xfKJzcuGYMT'
2025-10-06 12:18:11,360 - DEBUG -       Exiting _get_crumb_basic()
2025-10-06 12:18:11,361 - DEBUG -      Exiting _get_cookie_and_crumb_basic()
2025-10-06 12:18:11,361 - DEBUG -     Exiting _get_cookie_and_crumb()
2025-10-06 12:18:11,486 - DEBUG - response code=200
2025-10-06 12:18:11,486 - DEBUG -    Exiting _make_request()
2025-10-06 12:18:11,486 - DEBUG -   Exiting get()
2025-10-06 12:18:11,488 - DEBUG - ABB.NS: yfinance received OHLC data: 2025-03-25 03:45:00 -> 2025-10-03 03:45:00
2025-10-06 12:18:11,489 - DEBUG - ABB.NS: OHLC after cleaning: 2025-03-25 09:15:00+05:30 -> 2025-10-03 09:15:00+05:30
2025-10-06 12:18:11,495 - DEBUG - ABB.NS: OHLC after combining events: 2025-03-25 00:00:00+05:30 -> 2025-10-03 00:00:00+05:30
2025-10-06 12:18:11,499 - DEBUG - ABB.NS: yfinance returning OHLC: 2025-03-25 00:00:00+05:30 -> 2025-10-03 00:00:00+05:30
2025-10-06 12:18:11,499 - DEBUG -  Exiting history()
2025-10-06 12:18:11,499 - DEBUG - Exiting history()
2025-10-06 12:18:11,499 - DEBUG - Error collecting data for ABB at 2025-09-21 12:18:10.969891: Cannot compare dtypes datetime64[ns, Asia/Kolkata] and datetime64[ns]
2025-10-06 12:18:11,500 - DEBUG - ABB: No stock_data collected for 2025-09-21
2025-10-06 12:18:11,500 - DEBUG - Entering history()
2025-10-06 12:18:11,500 - DEBUG - ('SELECT "t1"."key", "t1"."value" FROM "_tz_kv" AS "t1" WHERE ("t1"."key" = ?) LIMIT ? OFFSET ?', ['ABB.NS', 1, 0])
2025-10-06 12:18:11,500 - DEBUG -  Entering history()
2025-10-06 12:18:11,501 - DEBUG - ABB.NS: Yahoo GET parameters: {'period1': '2024-11-29 12:18:10+05:30', 'period2': '2025-06-12 12:18:10+05:30', 'interval': '1d', 'includePrePost': False, 'events': 'div,splits,capitalGains'}
2025-10-06 12:18:11,501 - DEBUG -   Entering get()
2025-10-06 12:18:11,501 - DEBUG -    Entering _make_request()
2025-10-06 12:18:11,501 - DEBUG - url=https://query2.finance.yahoo.com/v8/finance/chart/ABB.NS
2025-10-06 12:18:11,501 - DEBUG - params=frozendict.frozendict({'period1': 1732862890, 'period2': 1749710890, 'interval': '1d', 'includePrePost': False, 'events': 'div,splits,capitalGains'})
2025-10-06 12:18:11,501 - DEBUG -     Entering _get_cookie_and_crumb()
2025-10-06 12:18:11,501 - DEBUG - cookie_mode = 'basic'
2025-10-06 12:18:11,501 - DEBUG -      Entering _get_cookie_and_crumb_basic()
2025-10-06 12:18:11,502 - DEBUG -       Entering _get_cookie_basic()
2025-10-06 12:18:11,502 - DEBUG - reusing cookie
2025-10-06 12:18:11,502 - DEBUG -       Exiting _get_cookie_basic()
2025-10-06 12:18:11,502 - DEBUG -       Entering _get_crumb_basic()
2025-10-06 12:18:11,502 - DEBUG - reusing crumb
2025-10-06 12:18:11,502 - DEBUG -       Exiting _get_crumb_basic()
2025-10-06 12:18:11,502 - DEBUG -      Exiting _get_cookie_and_crumb_basic()
2025-10-06 12:18:11,502 - DEBUG -     Exiting _get_cookie_and_crumb()
2025-10-06 12:18:11,608 - DEBUG - response code=200
2025-10-06 12:18:11,609 - DEBUG -    Exiting _make_request()
2025-10-06 12:18:11,609 - DEBUG -   Exiting get()
2025-10-06 12:18:11,610 - DEBUG - ABB.NS: yfinance received OHLC data: 2024-11-29 03:45:00 -> 2025-06-12 03:45:00
2025-10-06 12:18:11,611 - DEBUG - ABB.NS: OHLC after cleaning: 2024-11-29 09:15:00+05:30 -> 2025-06-12 09:15:00+05:30
2025-10-06 12:18:11,614 - DEBUG - ABB.NS: OHLC after combining events: 2024-11-29 00:00:00+05:30 -> 2025-06-12 00:00:00+05:30
2025-10-06 12:18:11,618 - DEBUG - ABB.NS: yfinance returning OHLC: 2024-11-29 00:00:00+05:30 -> 2025-06-12 00:00:00+05:30
2025-10-06 12:18:11,618 - DEBUG -  Exiting history()
2025-10-06 12:18:11,618 - DEBUG - Exiting history()
2025-10-06 12:18:11,619 - DEBUG - Error collecting data for ABB at 2025-05-28 12:18:10.969891: Cannot compare dtypes datetime64[ns, Asia/Kolkata] and datetime64[ns]
2025-10-06 12:18:11,619 - DEBUG - ABB: No stock_data collected for 2025-05-28
2025-10-06 12:18:11,619 - DEBUG - Entering history()
2025-10-06 12:18:11,619 - DEBUG - ('SELECT "t1"."key", "t1"."value" FROM "_tz_kv" AS "t1" WHERE ("t1"."key" = ?) LIMIT ? OFFSET ?', ['ABB.NS', 1, 0])
2025-10-06 12:18:11,619 - DEBUG -  Entering history()
2025-10-06 12:18:11,620 - DEBUG - ABB.NS: Yahoo GET parameters: {'period1': '2024-08-04 12:18:10+05:30', 'period2': '2025-02-15 12:18:10+05:30', 'interval': '1d', 'includePrePost': False, 'events': 'div,splits,capitalGains'}
2025-10-06 12:18:11,620 - DEBUG -   Entering get()
2025-10-06 12:18:11,620 - DEBUG -    Entering _make_request()
2025-10-06 12:18:11,620 - DEBUG - url=https://query2.finance.yahoo.com/v8/finance/chart/ABB.NS
2025-10-06 12:18:11,620 - DEBUG - params=frozendict.frozendict({'period1': 1722754090, 'period2': 1739602090, 'interval': '1d', 'includePrePost': False, 'events': 'div,splits,capitalGains'})
2025-10-06 12:18:11,620 - DEBUG -     Entering _get_cookie_and_crumb()
2025-10-06 12:18:11,620 - DEBUG - cookie_mode = 'basic'
2025-10-06 12:18:11,621 - DEBUG -      Entering _get_cookie_and_crumb_basic()
2025-10-06 12:18:11,621 - DEBUG -       Entering _get_cookie_basic()
2025-10-06 12:18:11,621 - DEBUG - reusing cookie
2025-10-06 12:18:11,621 - DEBUG -       Exiting _get_cookie_basic()
2025-10-06 12:18:11,621 - DEBUG -       Entering _get_crumb_basic()
2025-10-06 12:18:11,621 - DEBUG - reusing crumb
2025-10-06 12:18:11,621 - DEBUG -       Exiting _get_crumb_basic()
2025-10-06 12:18:11,621 - DEBUG -      Exiting _get_cookie_and_crumb_basic()
2025-10-06 12:18:11,622 - DEBUG -     Exiting _get_cookie_and_crumb()
2025-10-06 12:18:11,735 - DEBUG - response code=200
2025-10-06 12:18:11,736 - DEBUG -    Exiting _make_request()
2025-10-06 12:18:11,736 - DEBUG -   Exiting get()
2025-10-06 12:18:11,737 - DEBUG - ABB.NS: yfinance received OHLC data: 2024-08-05 03:45:00 -> 2025-02-14 03:45:00
2025-10-06 12:18:11,738 - DEBUG - ABB.NS: OHLC after cleaning: 2024-08-05 09:15:00+05:30 -> 2025-02-14 09:15:00+05:30
2025-10-06 12:18:11,743 - DEBUG - ABB.NS: OHLC after combining events: 2024-08-05 00:00:00+05:30 -> 2025-02-14 00:00:00+05:30
2025-10-06 12:18:11,747 - DEBUG - ABB.NS: yfinance returning OHLC: 2024-08-05 00:00:00+05:30 -> 2025-02-14 00:00:00+05:30
2025-10-06 12:18:11,747 - DEBUG -  Exiting history()
2025-10-06 12:18:11,747 - DEBUG - Exiting history()
2025-10-06 12:18:11,747 - DEBUG - Error collecting data for ABB at 2025-01-31 12:18:10.969891: Cannot compare dtypes datetime64[ns, Asia/Kolkata] and datetime64[ns]
2025-10-06 12:18:11,747 - DEBUG - ABB: No stock_data collected for 2025-01-31
2025-10-06 12:18:11,748 - INFO - Processing ACC (2/2)...
2025-10-06 12:18:11,748 - DEBUG - Entering history()
2025-10-06 12:18:11,748 - DEBUG - ('SELECT "t1"."key", "t1"."value" FROM "_tz_kv" AS "t1" WHERE ("t1"."key" = ?) LIMIT ? OFFSET ?', ['ACC.NS', 1, 0])
2025-10-06 12:18:11,748 - DEBUG -  Entering history()
2025-10-06 12:18:11,749 - DEBUG - ACC.NS: Yahoo GET parameters: {'period1': '2025-03-25 12:18:11+05:30', 'period2': '2025-10-06 12:18:11+05:30', 'interval': '1d', 'includePrePost': False, 'events': 'div,splits,capitalGains'}
2025-10-06 12:18:11,749 - DEBUG -   Entering get()
2025-10-06 12:18:11,749 - DEBUG -    Entering _make_request()
2025-10-06 12:18:11,749 - DEBUG - url=https://query2.finance.yahoo.com/v8/finance/chart/ACC.NS
2025-10-06 12:18:11,749 - DEBUG - params={'period1': 1742885291, 'period2': 1759733291, 'interval': '1d', 'includePrePost': False, 'events': 'div,splits,capitalGains'}
2025-10-06 12:18:11,749 - DEBUG -     Entering _get_cookie_and_crumb()
2025-10-06 12:18:11,750 - DEBUG - cookie_mode = 'basic'
2025-10-06 12:18:11,750 - DEBUG -      Entering _get_cookie_and_crumb_basic()
2025-10-06 12:18:11,750 - DEBUG -       Entering _get_cookie_basic()
2025-10-06 12:18:11,750 - DEBUG - reusing cookie
2025-10-06 12:18:11,750 - DEBUG -       Exiting _get_cookie_basic()
2025-10-06 12:18:11,750 - DEBUG -       Entering _get_crumb_basic()
2025-10-06 12:18:11,750 - DEBUG - reusing crumb
2025-10-06 12:18:11,750 - DEBUG -       Exiting _get_crumb_basic()
2025-10-06 12:18:11,751 - DEBUG -      Exiting _get_cookie_and_crumb_basic()
2025-10-06 12:18:11,751 - DEBUG -     Exiting _get_cookie_and_crumb()
2025-10-06 12:18:11,852 - DEBUG - response code=200
2025-10-06 12:18:11,852 - DEBUG -    Exiting _make_request()
2025-10-06 12:18:11,852 - DEBUG -   Exiting get()
2025-10-06 12:18:11,853 - DEBUG - ACC.NS: yfinance received OHLC data: 2025-03-25 03:45:00 -> 2025-10-06 06:48:06
2025-10-06 12:18:11,855 - DEBUG - ACC.NS: OHLC after cleaning: 2025-03-25 09:15:00+05:30 -> 2025-10-06 12:18:06+05:30
2025-10-06 12:18:11,859 - DEBUG - ACC.NS: OHLC after combining events: 2025-03-25 00:00:00+05:30 -> 2025-10-06 00:00:00+05:30
2025-10-06 12:18:11,863 - DEBUG - ACC.NS: yfinance returning OHLC: 2025-03-25 00:00:00+05:30 -> 2025-10-06 00:00:00+05:30
2025-10-06 12:18:11,863 - DEBUG -  Exiting history()
2025-10-06 12:18:11,863 - DEBUG - Exiting history()
2025-10-06 12:18:11,864 - DEBUG - Error collecting data for ACC at 2025-09-21 12:18:11.748152: Cannot compare dtypes datetime64[ns, Asia/Kolkata] and datetime64[ns]
2025-10-06 12:18:11,864 - DEBUG - ACC: No stock_data collected for 2025-09-21
2025-10-06 12:18:11,864 - DEBUG - Entering history()
2025-10-06 12:18:11,864 - DEBUG - ('SELECT "t1"."key", "t1"."value" FROM "_tz_kv" AS "t1" WHERE ("t1"."key" = ?) LIMIT ? OFFSET ?', ['ACC.NS', 1, 0])
2025-10-06 12:18:11,865 - DEBUG -  Entering history()
2025-10-06 12:18:11,865 - DEBUG - ACC.NS: Yahoo GET parameters: {'period1': '2024-11-29 12:18:11+05:30', 'period2': '2025-06-12 12:18:11+05:30', 'interval': '1d', 'includePrePost': False, 'events': 'div,splits,capitalGains'}
2025-10-06 12:18:11,865 - DEBUG -   Entering get()
2025-10-06 12:18:11,865 - DEBUG -    Entering _make_request()
2025-10-06 12:18:11,865 - DEBUG - url=https://query2.finance.yahoo.com/v8/finance/chart/ACC.NS
2025-10-06 12:18:11,865 - DEBUG - params=frozendict.frozendict({'period1': 1732862891, 'period2': 1749710891, 'interval': '1d', 'includePrePost': False, 'events': 'div,splits,capitalGains'})
2025-10-06 12:18:11,865 - DEBUG -     Entering _get_cookie_and_crumb()
2025-10-06 12:18:11,866 - DEBUG - cookie_mode = 'basic'
2025-10-06 12:18:11,866 - DEBUG -      Entering _get_cookie_and_crumb_basic()
2025-10-06 12:18:11,866 - DEBUG -       Entering _get_cookie_basic()
2025-10-06 12:18:11,866 - DEBUG - reusing cookie
2025-10-06 12:18:11,866 - DEBUG -       Exiting _get_cookie_basic()
2025-10-06 12:18:11,866 - DEBUG -       Entering _get_crumb_basic()
2025-10-06 12:18:11,866 - DEBUG - reusing crumb
2025-10-06 12:18:11,867 - DEBUG -       Exiting _get_crumb_basic()
2025-10-06 12:18:11,867 - DEBUG -      Exiting _get_cookie_and_crumb_basic()
2025-10-06 12:18:11,867 - DEBUG -     Exiting _get_cookie_and_crumb()
2025-10-06 12:18:11,950 - DEBUG - response code=200
2025-10-06 12:18:11,950 - DEBUG -    Exiting _make_request()
2025-10-06 12:18:11,950 - DEBUG -   Exiting get()
2025-10-06 12:18:11,951 - DEBUG - ACC.NS: yfinance received OHLC data: 2024-11-29 03:45:00 -> 2025-06-12 03:45:00
2025-10-06 12:18:11,952 - DEBUG - ACC.NS: OHLC after cleaning: 2024-11-29 09:15:00+05:30 -> 2025-06-12 09:15:00+05:30
2025-10-06 12:18:11,954 - DEBUG - ACC.NS: OHLC after combining events: 2024-11-29 00:00:00+05:30 -> 2025-06-12 00:00:00+05:30
2025-10-06 12:18:11,959 - DEBUG - ACC.NS: yfinance returning OHLC: 2024-11-29 00:00:00+05:30 -> 2025-06-12 00:00:00+05:30
2025-10-06 12:18:11,959 - DEBUG -  Exiting history()
2025-10-06 12:18:11,959 - DEBUG - Exiting history()
2025-10-06 12:18:11,960 - DEBUG - Error collecting data for ACC at 2025-05-28 12:18:11.748152: Cannot compare dtypes datetime64[ns, Asia/Kolkata] and datetime64[ns]
2025-10-06 12:18:11,960 - DEBUG - ACC: No stock_data collected for 2025-05-28
2025-10-06 12:18:11,960 - DEBUG - Entering history()
2025-10-06 12:18:11,961 - DEBUG - ('SELECT "t1"."key", "t1"."value" FROM "_tz_kv" AS "t1" WHERE ("t1"."key" = ?) LIMIT ? OFFSET ?', ['ACC.NS', 1, 0])
2025-10-06 12:18:11,961 - DEBUG -  Entering history()
2025-10-06 12:18:11,961 - DEBUG - ACC.NS: Yahoo GET parameters: {'period1': '2024-08-04 12:18:11+05:30', 'period2': '2025-02-15 12:18:11+05:30', 'interval': '1d', 'includePrePost': False, 'events': 'div,splits,capitalGains'}
2025-10-06 12:18:11,961 - DEBUG -   Entering get()
2025-10-06 12:18:11,962 - DEBUG -    Entering _make_request()
2025-10-06 12:18:11,962 - DEBUG - url=https://query2.finance.yahoo.com/v8/finance/chart/ACC.NS
2025-10-06 12:18:11,962 - DEBUG - params=frozendict.frozendict({'period1': 1722754091, 'period2': 1739602091, 'interval': '1d', 'includePrePost': False, 'events': 'div,splits,capitalGains'})
2025-10-06 12:18:11,962 - DEBUG -     Entering _get_cookie_and_crumb()
2025-10-06 12:18:11,962 - DEBUG - cookie_mode = 'basic'
2025-10-06 12:18:11,962 - DEBUG -      Entering _get_cookie_and_crumb_basic()
2025-10-06 12:18:11,962 - DEBUG -       Entering _get_cookie_basic()
2025-10-06 12:18:11,962 - DEBUG - reusing cookie
2025-10-06 12:18:11,962 - DEBUG -       Exiting _get_cookie_basic()
2025-10-06 12:18:11,963 - DEBUG -       Entering _get_crumb_basic()
2025-10-06 12:18:11,963 - DEBUG - reusing crumb
2025-10-06 12:18:11,963 - DEBUG -       Exiting _get_crumb_basic()
2025-10-06 12:18:11,963 - DEBUG -      Exiting _get_cookie_and_crumb_basic()
2025-10-06 12:18:11,963 - DEBUG -     Exiting _get_cookie_and_crumb()
2025-10-06 12:18:12,058 - DEBUG - response code=200
2025-10-06 12:18:12,058 - DEBUG -    Exiting _make_request()
2025-10-06 12:18:12,058 - DEBUG -   Exiting get()
2025-10-06 12:18:12,060 - DEBUG - ACC.NS: yfinance received OHLC data: 2024-08-05 03:45:00 -> 2025-02-14 03:45:00
2025-10-06 12:18:12,060 - DEBUG - ACC.NS: OHLC after cleaning: 2024-08-05 09:15:00+05:30 -> 2025-02-14 09:15:00+05:30
2025-10-06 12:18:12,063 - DEBUG - ACC.NS: OHLC after combining events: 2024-08-05 00:00:00+05:30 -> 2025-02-14 00:00:00+05:30
2025-10-06 12:18:12,066 - DEBUG - ACC.NS: yfinance returning OHLC: 2024-08-05 00:00:00+05:30 -> 2025-02-14 00:00:00+05:30
2025-10-06 12:18:12,066 - DEBUG -  Exiting history()
2025-10-06 12:18:12,066 - DEBUG - Exiting history()
2025-10-06 12:18:12,066 - DEBUG - Error collecting data for ACC at 2025-01-31 12:18:11.748152: Cannot compare dtypes datetime64[ns, Asia/Kolkata] and datetime64[ns]
2025-10-06 12:18:12,067 - DEBUG - ACC: No stock_data collected for 2025-01-31
2025-10-06 12:18:12,067 - INFO - Collected 0 training samples
2025-10-06 12:18:12,067 - INFO - Failed to collect 6 samples
2025-10-06 12:18:12,067 - INFO - Label distribution: UP=0, HOLD=0, DOWN=0
2025-10-06 12:18:12,067 - ERROR - Insufficient training data. Need at least 50 samples.
