2025-09-19 13:22:16,864 - INFO - Dynamic NSE Stock Analysis Initialized
2025-09-19 13:22:16,864 - INFO - Risk profile set to: moderate
2025-09-19 13:22:16,864 - INFO - Using default stock list from stock_list_template.csv
2025-09-19 13:22:16,864 - INFO - Loading stocks from CSV: stock_list_template.csv
2025-09-19 13:22:16,874 - INFO - Loaded 200 stocks with company names
2025-09-19 13:22:16,875 - INFO - Sample stocks: ABB, ACC, APLAPOLLO, AUBANK, ADANIENSOL
2025-09-19 13:22:16,875 - INFO - Starting batch analysis of 200 stocks
2025-09-19 13:22:18,124 - INFO - Comprehensive data extracted for ABB
2025-09-19 13:22:18,133 - INFO - Fundamental analysis completed for ABB: 58 fields
2025-09-19 13:22:18,678 - INFO - Comprehensive data extracted for ACC
2025-09-19 13:22:18,678 - INFO - Fundamental analysis completed for ACC: 58 fields
2025-09-19 13:22:19,000 - INFO - Enhanced technical analysis completed for ACC: 52 fields
2025-09-19 13:22:19,048 - INFO - Enhanced technical analysis completed for ABB: 52 fields
2025-09-19 13:22:19,079 - INFO - Comprehensive data extracted for APLAPOLLO
2025-09-19 13:22:19,087 - INFO - Fundamental analysis completed for APLAPOLLO: 58 fields
2025-09-19 13:22:19,178 - INFO - Completed analysis for ABB: Score=53.0, Recommendation=HOLD
2025-09-19 13:22:19,178 - INFO - Completed analysis for ACC: Score=62.1, Recommendation=BUY (VALUE)
2025-09-19 13:22:19,368 - INFO - Enhanced technical analysis completed for APLAPOLLO: 52 fields
2025-09-19 13:22:19,419 - INFO - Completed analysis for APLAPOLLO: Score=32.0, Recommendation=SELL
2025-09-19 13:22:19,748 - INFO - Comprehensive data extracted for ADANIENSOL
2025-09-19 13:22:19,748 - INFO - Fundamental analysis completed for ADANIENSOL: 58 fields
2025-09-19 13:22:19,869 - INFO - Enhanced technical analysis completed for ADANIENSOL: 52 fields
2025-09-19 13:22:19,907 - INFO - Completed analysis for ADANIENSOL: Score=32.9, Recommendation=SELL
2025-09-19 13:22:19,984 - INFO - Comprehensive data extracted for AUBANK
2025-09-19 13:22:19,984 - INFO - Fundamental analysis completed for AUBANK: 58 fields
2025-09-19 13:22:20,271 - INFO - Enhanced technical analysis completed for AUBANK: 52 fields
2025-09-19 13:22:20,324 - INFO - Completed analysis for AUBANK: Score=70.2, Recommendation=STRONG BUY
2025-09-19 13:22:25,908 - INFO - Comprehensive data extracted for ADANIENT
2025-09-19 13:22:25,908 - INFO - Fundamental analysis completed for ADANIENT: 58 fields
2025-09-19 13:22:26,773 - INFO - Comprehensive data extracted for ADANIGREEN
2025-09-19 13:22:26,778 - INFO - Fundamental analysis completed for ADANIGREEN: 58 fields
2025-09-19 13:22:26,900 - INFO - Enhanced technical analysis completed for ADANIGREEN: 52 fields
2025-09-19 13:22:26,989 - INFO - Enhanced technical analysis completed for ADANIENT: 52 fields
2025-09-19 13:22:26,997 - INFO - Completed analysis for ADANIGREEN: Score=38.3, Recommendation=SELL
2025-09-19 13:22:27,047 - INFO - Completed analysis for ADANIENT: Score=29.4, Recommendation=SELL
2025-09-19 13:22:27,425 - INFO - Comprehensive data extracted for ADANIPORTS
2025-09-19 13:22:27,431 - INFO - Fundamental analysis completed for ADANIPORTS: 58 fields
2025-09-19 13:22:27,597 - INFO - Enhanced technical analysis completed for ADANIPORTS: 52 fields
2025-09-19 13:22:27,639 - INFO - Completed analysis for ADANIPORTS: Score=44.7, Recommendation=WEAK SELL
2025-09-19 13:22:27,746 - INFO - Comprehensive data extracted for ADANIPOWER
2025-09-19 13:22:27,746 - INFO - Fundamental analysis completed for ADANIPOWER: 58 fields
2025-09-19 13:22:28,235 - INFO - Comprehensive data extracted for ATGL
2025-09-19 13:22:28,237 - INFO - Fundamental analysis completed for ATGL: 58 fields
2025-09-19 13:22:28,506 - INFO - Enhanced technical analysis completed for ADANIPOWER: 52 fields
2025-09-19 13:22:28,549 - INFO - Completed analysis for ADANIPOWER: Score=32.6, Recommendation=SELL
2025-09-19 13:22:29,031 - INFO - Enhanced technical analysis completed for ATGL: 52 fields
2025-09-19 13:22:29,076 - INFO - Completed analysis for ATGL: Score=35.5, Recommendation=SELL
2025-09-19 13:22:34,688 - INFO - Comprehensive data extracted for ABFRL
2025-09-19 13:22:34,691 - INFO - Fundamental analysis completed for ABFRL: 58 fields
2025-09-19 13:22:34,848 - INFO - Comprehensive data extracted for ABCAPITAL
2025-09-19 13:22:34,848 - INFO - Fundamental analysis completed for ABCAPITAL: 58 fields
2025-09-19 13:22:34,903 - INFO - Comprehensive data extracted for ALKEM
2025-09-19 13:22:34,905 - INFO - Fundamental analysis completed for ALKEM: 58 fields
2025-09-19 13:22:35,315 - INFO - Enhanced technical analysis completed for ALKEM: 52 fields
2025-09-19 13:22:35,388 - INFO - Completed analysis for ALKEM: Score=44.5, Recommendation=WEAK SELL
2025-09-19 13:22:36,652 - INFO - Comprehensive data extracted for AMBUJACEM
2025-09-19 13:22:36,652 - INFO - Fundamental analysis completed for AMBUJACEM: 58 fields
2025-09-19 13:22:36,862 - INFO - Enhanced technical analysis completed for ABFRL: 52 fields
2025-09-19 13:22:36,911 - INFO - Completed analysis for ABFRL: Score=31.6, Recommendation=SELL
2025-09-19 13:22:37,501 - INFO - Enhanced technical analysis completed for AMBUJACEM: 52 fields
2025-09-19 13:22:37,607 - INFO - Completed analysis for AMBUJACEM: Score=52.0, Recommendation=HOLD
2025-09-19 13:22:38,098 - INFO - Enhanced technical analysis completed for ABCAPITAL: 52 fields
2025-09-19 13:22:38,148 - INFO - Completed analysis for ABCAPITAL: Score=41.8, Recommendation=WEAK SELL
2025-09-19 13:22:38,209 - INFO - Comprehensive data extracted for APOLLOHOSP
2025-09-19 13:22:38,209 - INFO - Fundamental analysis completed for APOLLOHOSP: 58 fields
2025-09-19 13:22:38,464 - INFO - Enhanced technical analysis completed for APOLLOHOSP: 52 fields
2025-09-19 13:22:38,521 - INFO - Completed analysis for APOLLOHOSP: Score=37.6, Recommendation=SELL
2025-09-19 13:22:44,241 - INFO - Comprehensive data extracted for ASIANPAINT
2025-09-19 13:22:44,248 - INFO - Fundamental analysis completed for ASIANPAINT: 58 fields
2025-09-19 13:22:44,467 - INFO - Enhanced technical analysis completed for ASIANPAINT: 52 fields
2025-09-19 13:22:44,510 - INFO - Completed analysis for ASIANPAINT: Score=28.3, Recommendation=SELL
2025-09-19 13:22:44,716 - INFO - Comprehensive data extracted for ASHOKLEY
2025-09-19 13:22:44,716 - INFO - Fundamental analysis completed for ASHOKLEY: 58 fields
2025-09-19 13:22:45,062 - INFO - Comprehensive data extracted for ASTRAL
2025-09-19 13:22:45,062 - INFO - Fundamental analysis completed for ASTRAL: 58 fields
2025-09-19 13:22:45,264 - INFO - Enhanced technical analysis completed for ASTRAL: 52 fields
2025-09-19 13:22:45,416 - INFO - Enhanced technical analysis completed for ASHOKLEY: 52 fields
2025-09-19 13:22:45,426 - INFO - Completed analysis for ASTRAL: Score=28.0, Recommendation=SELL
2025-09-19 13:22:45,474 - INFO - Completed analysis for ASHOKLEY: Score=42.5, Recommendation=WEAK SELL
2025-09-19 13:22:45,836 - INFO - Comprehensive data extracted for AUROPHARMA
2025-09-19 13:22:45,836 - INFO - Fundamental analysis completed for AUROPHARMA: 58 fields
2025-09-19 13:22:46,019 - INFO - Enhanced technical analysis completed for AUROPHARMA: 52 fields
2025-09-19 13:22:46,064 - INFO - Completed analysis for AUROPHARMA: Score=46.6, Recommendation=WEAK SELL
2025-09-19 13:22:46,770 - INFO - Comprehensive data extracted for APOLLOTYRE
2025-09-19 13:22:46,770 - INFO - Fundamental analysis completed for APOLLOTYRE: 58 fields
2025-09-19 13:22:47,027 - INFO - Enhanced technical analysis completed for APOLLOTYRE: 52 fields
2025-09-19 13:22:47,103 - INFO - Completed analysis for APOLLOTYRE: Score=26.6, Recommendation=SELL
2025-09-19 13:22:52,696 - INFO - Comprehensive data extracted for AXISBANK
2025-09-19 13:22:52,696 - INFO - Fundamental analysis completed for AXISBANK: 58 fields
2025-09-19 13:22:52,909 - INFO - Enhanced technical analysis completed for AXISBANK: 52 fields
2025-09-19 13:22:52,914 - INFO - Comprehensive data extracted for BSE
2025-09-19 13:22:52,916 - INFO - Fundamental analysis completed for BSE: 58 fields
2025-09-19 13:22:52,979 - INFO - Completed analysis for AXISBANK: Score=73.9, Recommendation=STRONG BUY (UNDERVALUED)
2025-09-19 13:22:53,641 - INFO - Comprehensive data extracted for BAJAJ-AUTO
2025-09-19 13:22:53,641 - INFO - Fundamental analysis completed for BAJAJ-AUTO: 58 fields
2025-09-19 13:22:53,736 - INFO - Comprehensive data extracted for DMART
2025-09-19 13:22:53,736 - INFO - Fundamental analysis completed for DMART: 58 fields
2025-09-19 13:22:53,899 - INFO - Enhanced technical analysis completed for DMART: 52 fields
2025-09-19 13:22:53,991 - INFO - Enhanced technical analysis completed for BSE: 52 fields
2025-09-19 13:22:54,066 - INFO - Completed analysis for BSE: Score=58.2, Recommendation=HOLD
2025-09-19 13:22:54,485 - INFO - Completed analysis for DMART: Score=26.5, Recommendation=SELL
2025-09-19 13:22:54,764 - INFO - Enhanced technical analysis completed for BAJAJ-AUTO: 52 fields
2025-09-19 13:22:54,812 - INFO - Completed analysis for BAJAJ-AUTO: Score=39.6, Recommendation=SELL
2025-09-19 13:23:01,076 - INFO - Comprehensive data extracted for BAJFINANCE
2025-09-19 13:23:01,076 - INFO - Fundamental analysis completed for BAJFINANCE: 58 fields
2025-09-19 13:23:02,217 - INFO - Enhanced technical analysis completed for BAJFINANCE: 52 fields
2025-09-19 13:23:02,275 - INFO - Completed analysis for BAJFINANCE: Score=48.9, Recommendation=WEAK SELL
2025-09-19 13:23:07,882 - INFO - Comprehensive data extracted for BAJAJHFL
2025-09-19 13:23:07,882 - INFO - Fundamental analysis completed for BAJAJHFL: 58 fields
2025-09-19 13:23:08,009 - INFO - Enhanced technical analysis completed for BAJAJHFL: 52 fields
2025-09-19 13:23:08,082 - INFO - Comprehensive data extracted for BAJAJFINSV
2025-09-19 13:23:08,098 - INFO - Fundamental analysis completed for BAJAJFINSV: 58 fields
2025-09-19 13:23:08,112 - INFO - Completed analysis for BAJAJHFL: Score=36.9, Recommendation=SELL
2025-09-19 13:23:08,165 - INFO - Comprehensive data extracted for BAJAJHLDNG
2025-09-19 13:23:08,165 - INFO - Fundamental analysis completed for BAJAJHLDNG: 58 fields
2025-09-19 13:23:08,275 - INFO - Enhanced technical analysis completed for BAJAJFINSV: 52 fields
2025-09-19 13:23:08,323 - INFO - Completed analysis for BAJAJFINSV: Score=42.8, Recommendation=WEAK SELL
2025-09-19 13:23:08,531 - INFO - Comprehensive data extracted for BANDHANBNK
2025-09-19 13:23:08,554 - INFO - Fundamental analysis completed for BANDHANBNK: 58 fields
2025-09-19 13:23:08,638 - INFO - Enhanced technical analysis completed for BAJAJHLDNG: 52 fields
2025-09-19 13:23:08,691 - INFO - Completed analysis for BAJAJHLDNG: Score=72.3, Recommendation=STRONG BUY (UNDERVALUED)
2025-09-19 13:23:08,796 - INFO - Comprehensive data extracted for BANKBARODA
2025-09-19 13:23:08,796 - INFO - Fundamental analysis completed for BANKBARODA: 58 fields
2025-09-19 13:23:09,449 - INFO - Enhanced technical analysis completed for BANDHANBNK: 52 fields
2025-09-19 13:23:09,565 - INFO - Completed analysis for BANDHANBNK: Score=68.2, Recommendation=BUY (VALUE)
2025-09-19 13:23:09,603 - INFO - Enhanced technical analysis completed for BANKBARODA: 52 fields
2025-09-19 13:23:09,660 - INFO - Completed analysis for BANKBARODA: Score=79.1, Recommendation=STRONG BUY (UNDERVALUED)
2025-09-19 13:23:15,401 - INFO - Comprehensive data extracted for BANKINDIA
2025-09-19 13:23:15,401 - INFO - Fundamental analysis completed for BANKINDIA: 58 fields
2025-09-19 13:23:15,648 - INFO - Comprehensive data extracted for BDL
2025-09-19 13:23:15,648 - INFO - Enhanced technical analysis completed for BANKINDIA: 52 fields
2025-09-19 13:23:15,648 - INFO - Fundamental analysis completed for BDL: 58 fields
2025-09-19 13:23:15,710 - INFO - Completed analysis for BANKINDIA: Score=78.9, Recommendation=STRONG BUY (UNDERVALUED)
2025-09-19 13:23:15,933 - INFO - Comprehensive data extracted for MAHABANK
2025-09-19 13:23:15,949 - INFO - Fundamental analysis completed for MAHABANK: 58 fields
2025-09-19 13:23:16,131 - INFO - Enhanced technical analysis completed for MAHABANK: 52 fields
2025-09-19 13:23:16,182 - INFO - Completed analysis for MAHABANK: Score=87.0, Recommendation=STRONG BUY (UNDERVALUED)
2025-09-19 13:23:16,492 - INFO - Enhanced technical analysis completed for BDL: 52 fields
2025-09-19 13:23:16,520 - INFO - Comprehensive data extracted for BEL
2025-09-19 13:23:16,524 - INFO - Fundamental analysis completed for BEL: 58 fields
2025-09-19 13:23:16,557 - INFO - Completed analysis for BDL: Score=60.0, Recommendation=BUY
2025-09-19 13:23:16,992 - INFO - Enhanced technical analysis completed for BEL: 52 fields
2025-09-19 13:23:17,060 - INFO - Completed analysis for BEL: Score=47.2, Recommendation=WEAK SELL
2025-09-19 13:23:17,492 - INFO - Comprehensive data extracted for BHARATFORG
2025-09-19 13:23:17,492 - INFO - Fundamental analysis completed for BHARATFORG: 58 fields
2025-09-19 13:23:17,643 - INFO - Enhanced technical analysis completed for BHARATFORG: 52 fields
2025-09-19 13:23:17,684 - INFO - Completed analysis for BHARATFORG: Score=31.8, Recommendation=SELL
2025-09-19 13:23:23,314 - INFO - Comprehensive data extracted for BHEL
2025-09-19 13:23:23,316 - INFO - Fundamental analysis completed for BHEL: 58 fields
2025-09-19 13:23:23,716 - INFO - Enhanced technical analysis completed for BHEL: 52 fields
2025-09-19 13:23:23,774 - INFO - Completed analysis for BHEL: Score=34.4, Recommendation=SELL
2025-09-19 13:23:24,344 - INFO - Comprehensive data extracted for BHARTIHEXA
2025-09-19 13:23:24,347 - INFO - Fundamental analysis completed for BHARTIHEXA: 58 fields
2025-09-19 13:23:24,387 - INFO - Comprehensive data extracted for BHARTIARTL
2025-09-19 13:23:24,396 - INFO - Fundamental analysis completed for BHARTIARTL: 58 fields
2025-09-19 13:23:24,472 - INFO - Enhanced technical analysis completed for BHARTIHEXA: 52 fields
2025-09-19 13:23:24,570 - INFO - Enhanced technical analysis completed for BHARTIARTL: 52 fields
2025-09-19 13:23:24,579 - INFO - Completed analysis for BHARTIHEXA: Score=39.3, Recommendation=SELL
2025-09-19 13:23:24,621 - INFO - Completed analysis for BHARTIARTL: Score=60.5, Recommendation=BUY
2025-09-19 13:23:25,508 - INFO - Comprehensive data extracted for BIOCON
2025-09-19 13:23:25,508 - INFO - Fundamental analysis completed for BIOCON: 58 fields
2025-09-19 13:23:25,999 - INFO - Enhanced technical analysis completed for BIOCON: 52 fields
2025-09-19 13:23:26,057 - INFO - Completed analysis for BIOCON: Score=33.9, Recommendation=SELL
2025-09-19 13:23:26,357 - INFO - Comprehensive data extracted for BPCL
2025-09-19 13:23:26,357 - INFO - Fundamental analysis completed for BPCL: 58 fields
2025-09-19 13:23:26,934 - INFO - Enhanced technical analysis completed for BPCL: 52 fields
2025-09-19 13:23:26,998 - INFO - Completed analysis for BPCL: Score=56.5, Recommendation=HOLD
2025-09-19 13:23:32,587 - INFO - Comprehensive data extracted for BRITANNIA
2025-09-19 13:23:32,591 - INFO - Fundamental analysis completed for BRITANNIA: 58 fields
2025-09-19 13:23:32,910 - INFO - Comprehensive data extracted for BOSCHLTD
2025-09-19 13:23:32,910 - INFO - Fundamental analysis completed for BOSCHLTD: 58 fields
2025-09-19 13:23:33,305 - INFO - Enhanced technical analysis completed for BOSCHLTD: 52 fields
2025-09-19 13:23:33,382 - INFO - Enhanced technical analysis completed for BRITANNIA: 52 fields
2025-09-19 13:23:33,424 - INFO - Completed analysis for BOSCHLTD: Score=41.8, Recommendation=WEAK SELL
2025-09-19 13:23:33,464 - INFO - Completed analysis for BRITANNIA: Score=31.5, Recommendation=SELL
2025-09-19 13:23:33,622 - INFO - Comprehensive data extracted for CGPOWER
2025-09-19 13:23:33,624 - INFO - Fundamental analysis completed for CGPOWER: 58 fields
2025-09-19 13:23:34,081 - INFO - Comprehensive data extracted for CANBK
2025-09-19 13:23:34,082 - INFO - Fundamental analysis completed for CANBK: 58 fields
2025-09-19 13:23:34,340 - INFO - Comprehensive data extracted for CHOLAFIN
2025-09-19 13:23:34,340 - INFO - Fundamental analysis completed for CHOLAFIN: 58 fields
2025-09-19 13:23:34,462 - INFO - Enhanced technical analysis completed for CGPOWER: 52 fields
2025-09-19 13:23:34,520 - INFO - Enhanced technical analysis completed for CANBK: 52 fields
2025-09-19 13:23:34,551 - INFO - Completed analysis for CGPOWER: Score=36.2, Recommendation=SELL
2025-09-19 13:23:34,604 - INFO - Completed analysis for CANBK: Score=85.2, Recommendation=STRONG BUY (UNDERVALUED)
2025-09-19 13:23:34,724 - INFO - Enhanced technical analysis completed for CHOLAFIN: 52 fields
2025-09-19 13:23:34,761 - INFO - Completed analysis for CHOLAFIN: Score=43.3, Recommendation=WEAK SELL
2025-09-19 13:23:40,318 - INFO - Comprehensive data extracted for COALINDIA
2025-09-19 13:23:40,320 - INFO - Fundamental analysis completed for COALINDIA: 58 fields
2025-09-19 13:23:40,641 - INFO - Enhanced technical analysis completed for COALINDIA: 52 fields
2025-09-19 13:23:40,694 - INFO - Completed analysis for COALINDIA: Score=47.4, Recommendation=WEAK SELL
2025-09-19 13:23:40,869 - INFO - Comprehensive data extracted for COCHINSHIP
2025-09-19 13:23:40,873 - INFO - Fundamental analysis completed for COCHINSHIP: 58 fields
2025-09-19 13:23:40,939 - INFO - Comprehensive data extracted for CIPLA
2025-09-19 13:23:40,971 - INFO - Fundamental analysis completed for CIPLA: 58 fields
2025-09-19 13:23:41,017 - INFO - Enhanced technical analysis completed for COCHINSHIP: 52 fields
2025-09-19 13:23:41,074 - INFO - Completed analysis for COCHINSHIP: Score=41.3, Recommendation=WEAK SELL
2025-09-19 13:23:41,216 - INFO - Enhanced technical analysis completed for CIPLA: 52 fields
2025-09-19 13:23:41,258 - INFO - Completed analysis for CIPLA: Score=49.2, Recommendation=WEAK SELL
2025-09-19 13:23:41,485 - INFO - Comprehensive data extracted for COLPAL
2025-09-19 13:23:41,485 - INFO - Fundamental analysis completed for COLPAL: 58 fields
2025-09-19 13:23:41,674 - INFO - Enhanced technical analysis completed for COLPAL: 52 fields
2025-09-19 13:23:41,694 - INFO - Comprehensive data extracted for COFORGE
2025-09-19 13:23:41,697 - INFO - Fundamental analysis completed for COFORGE: 58 fields
2025-09-19 13:23:41,751 - INFO - Completed analysis for COLPAL: Score=26.4, Recommendation=SELL
2025-09-19 13:23:41,853 - INFO - Enhanced technical analysis completed for COFORGE: 52 fields
2025-09-19 13:23:41,905 - INFO - Completed analysis for COFORGE: Score=44.1, Recommendation=WEAK SELL
2025-09-19 13:23:47,800 - INFO - Comprehensive data extracted for DLF
2025-09-19 13:23:47,802 - INFO - Fundamental analysis completed for DLF: 58 fields
2025-09-19 13:23:47,932 - INFO - Comprehensive data extracted for CONCOR
2025-09-19 13:23:47,932 - INFO - Fundamental analysis completed for CONCOR: 58 fields
2025-09-19 13:23:48,044 - INFO - Enhanced technical analysis completed for DLF: 52 fields
2025-09-19 13:23:48,084 - INFO - Completed analysis for DLF: Score=45.1, Recommendation=WEAK SELL
2025-09-19 13:23:48,369 - INFO - Comprehensive data extracted for CUMMINSIND
2025-09-19 13:23:48,376 - INFO - Fundamental analysis completed for CUMMINSIND: 58 fields
2025-09-19 13:23:48,945 - INFO - Enhanced technical analysis completed for CONCOR: 52 fields
2025-09-19 13:23:49,000 - INFO - Completed analysis for CONCOR: Score=34.9, Recommendation=SELL
2025-09-19 13:23:49,200 - INFO - Comprehensive data extracted for DABUR
2025-09-19 13:23:49,202 - INFO - Enhanced technical analysis completed for CUMMINSIND: 52 fields
2025-09-19 13:23:49,202 - INFO - Fundamental analysis completed for DABUR: 58 fields
2025-09-19 13:23:49,258 - INFO - Completed analysis for CUMMINSIND: Score=53.4, Recommendation=HOLD
2025-09-19 13:23:49,374 - INFO - Enhanced technical analysis completed for DABUR: 52 fields
2025-09-19 13:23:49,424 - INFO - Completed analysis for DABUR: Score=36.0, Recommendation=SELL
2025-09-19 13:23:50,050 - INFO - Comprehensive data extracted for DIVISLAB
2025-09-19 13:23:50,074 - INFO - Fundamental analysis completed for DIVISLAB: 58 fields
2025-09-19 13:23:50,305 - INFO - Enhanced technical analysis completed for DIVISLAB: 52 fields
2025-09-19 13:23:50,363 - INFO - Completed analysis for DIVISLAB: Score=58.0, Recommendation=HOLD
2025-09-19 13:23:56,150 - INFO - Comprehensive data extracted for EICHERMOT
2025-09-19 13:23:56,153 - INFO - Fundamental analysis completed for EICHERMOT: 58 fields
2025-09-19 13:23:56,324 - INFO - Enhanced technical analysis completed for EICHERMOT: 52 fields
2025-09-19 13:23:56,365 - INFO - Completed analysis for EICHERMOT: Score=36.7, Recommendation=SELL
2025-09-19 13:23:56,545 - INFO - Comprehensive data extracted for DRREDDY
2025-09-19 13:23:56,545 - INFO - Fundamental analysis completed for DRREDDY: 58 fields
2025-09-19 13:23:56,717 - INFO - Enhanced technical analysis completed for DRREDDY: 52 fields
2025-09-19 13:23:56,785 - INFO - Completed analysis for DRREDDY: Score=69.8, Recommendation=BUY
2025-09-19 13:23:56,840 - INFO - Comprehensive data extracted for ESCORTS
2025-09-19 13:23:56,841 - INFO - Fundamental analysis completed for ESCORTS: 58 fields
2025-09-19 13:23:56,922 - INFO - Comprehensive data extracted for DIXON
2025-09-19 13:23:56,922 - INFO - Fundamental analysis completed for DIXON: 58 fields
2025-09-19 13:23:57,184 - INFO - Enhanced technical analysis completed for DIXON: 52 fields
2025-09-19 13:23:57,192 - INFO - Enhanced technical analysis completed for ESCORTS: 52 fields
2025-09-19 13:23:57,246 - INFO - Completed analysis for ESCORTS: Score=44.4, Recommendation=WEAK SELL
2025-09-19 13:23:57,285 - INFO - Completed analysis for DIXON: Score=36.9, Recommendation=SELL
2025-09-19 13:23:57,444 - INFO - Comprehensive data extracted for ETERNAL
2025-09-19 13:23:57,444 - INFO - Fundamental analysis completed for ETERNAL: 58 fields
2025-09-19 13:23:57,549 - INFO - Enhanced technical analysis completed for ETERNAL: 52 fields
2025-09-19 13:23:57,594 - INFO - Completed analysis for ETERNAL: Score=36.8, Recommendation=SELL
2025-09-19 13:24:03,158 - INFO - Comprehensive data extracted for FEDERALBNK
2025-09-19 13:24:03,158 - INFO - Fundamental analysis completed for FEDERALBNK: 58 fields
2025-09-19 13:24:03,232 - INFO - Comprehensive data extracted for NYKAA
2025-09-19 13:24:03,237 - INFO - Fundamental analysis completed for NYKAA: 58 fields
2025-09-19 13:24:03,460 - INFO - Comprehensive data extracted for EXIDEIND
2025-09-19 13:24:03,460 - INFO - Fundamental analysis completed for EXIDEIND: 58 fields
2025-09-19 13:24:03,651 - INFO - Enhanced technical analysis completed for NYKAA: 52 fields
2025-09-19 13:24:03,678 - INFO - Enhanced technical analysis completed for EXIDEIND: 52 fields
2025-09-19 13:24:03,758 - INFO - Completed analysis for NYKAA: Score=37.4, Recommendation=SELL
2025-09-19 13:24:03,762 - INFO - Completed analysis for EXIDEIND: Score=40.4, Recommendation=WEAK SELL
2025-09-19 13:24:04,132 - INFO - Enhanced technical analysis completed for FEDERALBNK: 52 fields
2025-09-19 13:24:04,192 - INFO - Completed analysis for FEDERALBNK: Score=75.1, Recommendation=STRONG BUY (UNDERVALUED)
2025-09-19 13:24:04,277 - INFO - Comprehensive data extracted for GMRAIRPORT
2025-09-19 13:24:04,281 - INFO - Fundamental analysis completed for GMRAIRPORT: 58 fields
2025-09-19 13:24:04,548 - INFO - Enhanced technical analysis completed for GMRAIRPORT: 52 fields
2025-09-19 13:24:04,591 - INFO - Completed analysis for GMRAIRPORT: Score=50.0, Recommendation=WEAK SELL
2025-09-19 13:24:05,006 - INFO - Comprehensive data extracted for GAIL
2025-09-19 13:24:05,006 - INFO - Fundamental analysis completed for GAIL: 58 fields
2025-09-19 13:24:05,325 - INFO - Enhanced technical analysis completed for GAIL: 52 fields
2025-09-19 13:24:05,392 - INFO - Completed analysis for GAIL: Score=52.9, Recommendation=HOLD
2025-09-19 13:24:11,188 - INFO - Comprehensive data extracted for GODREJCP
2025-09-19 13:24:11,188 - INFO - Fundamental analysis completed for GODREJCP: 58 fields
2025-09-19 13:24:11,225 - INFO - Comprehensive data extracted for GODREJPROP
2025-09-19 13:24:11,231 - INFO - Fundamental analysis completed for GODREJPROP: 58 fields
2025-09-19 13:24:11,341 - INFO - Enhanced technical analysis completed for GODREJCP: 52 fields
2025-09-19 13:24:11,400 - INFO - Completed analysis for GODREJCP: Score=29.9, Recommendation=SELL
2025-09-19 13:24:11,815 - INFO - Enhanced technical analysis completed for GODREJPROP: 52 fields
2025-09-19 13:24:11,865 - INFO - Completed analysis for GODREJPROP: Score=31.7, Recommendation=SELL
2025-09-19 13:24:12,604 - INFO - Comprehensive data extracted for GLENMARK
2025-09-19 13:24:12,606 - INFO - Fundamental analysis completed for GLENMARK: 58 fields
2025-09-19 13:24:12,665 - INFO - Comprehensive data extracted for HCLTECH
2025-09-19 13:24:12,665 - INFO - Fundamental analysis completed for HCLTECH: 58 fields
2025-09-19 13:24:12,804 - INFO - Enhanced technical analysis completed for GLENMARK: 52 fields
2025-09-19 13:24:12,874 - INFO - Enhanced technical analysis completed for HCLTECH: 52 fields
2025-09-19 13:24:12,892 - INFO - Completed analysis for GLENMARK: Score=26.2, Recommendation=SELL
2025-09-19 13:24:12,947 - INFO - Completed analysis for HCLTECH: Score=60.1, Recommendation=BUY
2025-09-19 13:24:13,855 - INFO - Comprehensive data extracted for GRASIM
2025-09-19 13:24:13,856 - INFO - Fundamental analysis completed for GRASIM: 58 fields
2025-09-19 13:24:14,021 - INFO - Enhanced technical analysis completed for GRASIM: 52 fields
2025-09-19 13:24:14,079 - INFO - Completed analysis for GRASIM: Score=46.6, Recommendation=WEAK SELL
2025-09-19 13:24:19,717 - INFO - Comprehensive data extracted for HDFCAMC
2025-09-19 13:24:19,717 - INFO - Fundamental analysis completed for HDFCAMC: 58 fields
2025-09-19 13:24:19,944 - INFO - Enhanced technical analysis completed for HDFCAMC: 52 fields
2025-09-19 13:24:19,993 - INFO - Completed analysis for HDFCAMC: Score=47.1, Recommendation=WEAK SELL
2025-09-19 13:24:20,201 - INFO - Comprehensive data extracted for HDFCBANK
2025-09-19 13:24:20,201 - INFO - Fundamental analysis completed for HDFCBANK: 58 fields
2025-09-19 13:24:20,365 - INFO - Comprehensive data extracted for HDFCLIFE
2025-09-19 13:24:20,365 - INFO - Fundamental analysis completed for HDFCLIFE: 58 fields
2025-09-19 13:24:20,584 - INFO - Enhanced technical analysis completed for HDFCBANK: 52 fields
2025-09-19 13:24:20,655 - INFO - Completed analysis for HDFCBANK: Score=65.1, Recommendation=BUY
2025-09-19 13:24:20,777 - INFO - Enhanced technical analysis completed for HDFCLIFE: 52 fields
2025-09-19 13:24:20,820 - INFO - Completed analysis for HDFCLIFE: Score=44.7, Recommendation=WEAK SELL
2025-09-19 13:24:20,949 - INFO - Comprehensive data extracted for HAVELLS
2025-09-19 13:24:20,949 - INFO - Fundamental analysis completed for HAVELLS: 58 fields
2025-09-19 13:24:21,237 - INFO - Enhanced technical analysis completed for HAVELLS: 52 fields
2025-09-19 13:24:21,283 - INFO - Completed analysis for HAVELLS: Score=27.2, Recommendation=SELL
2025-09-19 13:24:21,481 - INFO - Comprehensive data extracted for HEROMOTOCO
2025-09-19 13:24:21,481 - INFO - Fundamental analysis completed for HEROMOTOCO: 58 fields
2025-09-19 13:24:23,994 - INFO - Enhanced technical analysis completed for HEROMOTOCO: 52 fields
2025-09-19 13:24:24,052 - INFO - Completed analysis for HEROMOTOCO: Score=45.9, Recommendation=WEAK SELL
2025-09-19 13:24:29,627 - INFO - Comprehensive data extracted for HINDPETRO
2025-09-19 13:24:29,643 - INFO - Fundamental analysis completed for HINDPETRO: 58 fields
2025-09-19 13:24:29,718 - INFO - Comprehensive data extracted for HINDALCO
2025-09-19 13:24:29,723 - INFO - Fundamental analysis completed for HINDALCO: 58 fields
2025-09-19 13:24:29,863 - INFO - Enhanced technical analysis completed for HINDPETRO: 52 fields
2025-09-19 13:24:29,917 - INFO - Completed analysis for HINDPETRO: Score=56.0, Recommendation=HOLD
2025-09-19 13:24:30,192 - INFO - Comprehensive data extracted for HAL
2025-09-19 13:24:30,208 - INFO - Fundamental analysis completed for HAL: 58 fields
2025-09-19 13:24:30,361 - INFO - Enhanced technical analysis completed for HAL: 52 fields
2025-09-19 13:24:30,408 - INFO - Completed analysis for HAL: Score=49.1, Recommendation=WEAK SELL
2025-09-19 13:24:30,760 - INFO - Comprehensive data extracted for HINDUNILVR
2025-09-19 13:24:30,760 - INFO - Fundamental analysis completed for HINDUNILVR: 58 fields
2025-09-19 13:24:30,907 - INFO - Enhanced technical analysis completed for HINDUNILVR: 52 fields
2025-09-19 13:24:30,975 - INFO - Completed analysis for HINDUNILVR: Score=32.5, Recommendation=SELL
2025-09-19 13:24:31,194 - INFO - Comprehensive data extracted for HINDZINC
2025-09-19 13:24:31,196 - INFO - Fundamental analysis completed for HINDZINC: 58 fields
2025-09-19 13:24:31,345 - INFO - Enhanced technical analysis completed for HINDZINC: 52 fields
2025-09-19 13:24:31,400 - INFO - Completed analysis for HINDZINC: Score=52.0, Recommendation=HOLD
2025-09-19 13:24:33,416 - INFO - Enhanced technical analysis completed for HINDALCO: 52 fields
2025-09-19 13:24:33,483 - INFO - Completed analysis for HINDALCO: Score=71.3, Recommendation=STRONG BUY (UNDERVALUED)
2025-09-19 13:24:38,966 - INFO - Comprehensive data extracted for HUDCO
2025-09-19 13:24:38,968 - INFO - Fundamental analysis completed for HUDCO: 58 fields
2025-09-19 13:24:39,162 - INFO - Enhanced technical analysis completed for HUDCO: 52 fields
2025-09-19 13:24:39,239 - INFO - Completed analysis for HUDCO: Score=61.0, Recommendation=BUY
2025-09-19 13:24:39,270 - INFO - Comprehensive data extracted for ICICIBANK
2025-09-19 13:24:39,272 - INFO - Fundamental analysis completed for ICICIBANK: 58 fields
2025-09-19 13:24:39,468 - INFO - Enhanced technical analysis completed for ICICIBANK: 52 fields
2025-09-19 13:24:39,549 - INFO - Completed analysis for ICICIBANK: Score=74.3, Recommendation=STRONG BUY
2025-09-19 13:24:39,641 - INFO - Comprehensive data extracted for HYUNDAI
2025-09-19 13:24:39,641 - INFO - Fundamental analysis completed for HYUNDAI: 58 fields
2025-09-19 13:24:39,694 - INFO - Comprehensive data extracted for ICICIGI
2025-09-19 13:24:39,694 - INFO - Fundamental analysis completed for ICICIGI: 58 fields
2025-09-19 13:24:39,813 - INFO - Enhanced technical analysis completed for HYUNDAI: 52 fields
2025-09-19 13:24:39,880 - INFO - Completed analysis for HYUNDAI: Score=30.3, Recommendation=SELL
2025-09-19 13:24:40,046 - INFO - Enhanced technical analysis completed for ICICIGI: 52 fields
2025-09-19 13:24:40,120 - INFO - Completed analysis for ICICIGI: Score=58.1, Recommendation=HOLD
2025-09-19 13:24:40,837 - INFO - Comprehensive data extracted for ICICIPRULI
2025-09-19 13:24:40,842 - INFO - Fundamental analysis completed for ICICIPRULI: 58 fields
2025-09-19 13:24:41,030 - INFO - Enhanced technical analysis completed for ICICIPRULI: 52 fields
2025-09-19 13:24:41,088 - INFO - Completed analysis for ICICIPRULI: Score=45.1, Recommendation=WEAK SELL
2025-09-19 13:24:46,694 - INFO - Comprehensive data extracted for IRB
2025-09-19 13:24:46,694 - INFO - Fundamental analysis completed for IRB: 58 fields
2025-09-19 13:24:46,926 - INFO - Enhanced technical analysis completed for IRB: 52 fields
2025-09-19 13:24:46,992 - INFO - Completed analysis for IRB: Score=67.4, Recommendation=BUY (VALUE)
2025-09-19 13:24:47,374 - INFO - Comprehensive data extracted for IDFCFIRSTB
2025-09-19 13:24:47,376 - INFO - Fundamental analysis completed for IDFCFIRSTB: 58 fields
2025-09-19 13:24:47,556 - INFO - Enhanced technical analysis completed for IDFCFIRSTB: 52 fields
2025-09-19 13:24:47,615 - INFO - Completed analysis for IDFCFIRSTB: Score=49.1, Recommendation=WEAK SELL
2025-09-19 13:24:47,639 - INFO - Comprehensive data extracted for INDIANB
2025-09-19 13:24:47,642 - INFO - Fundamental analysis completed for INDIANB: 58 fields
2025-09-19 13:24:47,837 - INFO - Enhanced technical analysis completed for INDIANB: 52 fields
2025-09-19 13:24:47,899 - INFO - Completed analysis for INDIANB: Score=83.4, Recommendation=STRONG BUY (UNDERVALUED)
2025-09-19 13:24:48,073 - INFO - Comprehensive data extracted for ITC
2025-09-19 13:24:48,073 - INFO - Fundamental analysis completed for ITC: 58 fields
2025-09-19 13:24:48,318 - INFO - Comprehensive data extracted for INDHOTEL
2025-09-19 13:24:48,325 - INFO - Enhanced technical analysis completed for ITC: 52 fields
2025-09-19 13:24:48,325 - INFO - Fundamental analysis completed for INDHOTEL: 58 fields
2025-09-19 13:24:48,390 - INFO - Completed analysis for ITC: Score=51.5, Recommendation=HOLD
2025-09-19 13:24:48,536 - INFO - Enhanced technical analysis completed for INDHOTEL: 52 fields
2025-09-19 13:24:48,600 - INFO - Completed analysis for INDHOTEL: Score=48.3, Recommendation=WEAK SELL
2025-09-19 13:24:54,117 - INFO - Comprehensive data extracted for IOC
2025-09-19 13:24:54,117 - INFO - Fundamental analysis completed for IOC: 58 fields
2025-09-19 13:24:54,225 - INFO - Comprehensive data extracted for IRCTC
2025-09-19 13:24:54,240 - INFO - Fundamental analysis completed for IRCTC: 58 fields
2025-09-19 13:24:54,254 - INFO - Comprehensive data extracted for IRFC
2025-09-19 13:24:54,294 - INFO - Fundamental analysis completed for IRFC: 58 fields
2025-09-19 13:24:54,349 - INFO - Enhanced technical analysis completed for IOC: 52 fields
2025-09-19 13:24:54,459 - INFO - Enhanced technical analysis completed for IRCTC: 52 fields
2025-09-19 13:24:54,515 - INFO - Completed analysis for IOC: Score=55.4, Recommendation=HOLD
2025-09-19 13:24:54,580 - INFO - Enhanced technical analysis completed for IRFC: 52 fields
2025-09-19 13:24:54,593 - INFO - Completed analysis for IRCTC: Score=36.2, Recommendation=SELL
2025-09-19 13:24:54,656 - INFO - Completed analysis for IRFC: Score=62.3, Recommendation=BUY
2025-09-19 13:24:55,033 - INFO - Comprehensive data extracted for IGL
2025-09-19 13:24:55,035 - INFO - Fundamental analysis completed for IGL: 58 fields
2025-09-19 13:24:55,267 - INFO - Comprehensive data extracted for IREDA
2025-09-19 13:24:55,267 - INFO - Fundamental analysis completed for IREDA: 58 fields
2025-09-19 13:24:55,267 - INFO - Enhanced technical analysis completed for IGL: 52 fields
2025-09-19 13:24:55,360 - INFO - Completed analysis for IGL: Score=57.4, Recommendation=HOLD
2025-09-19 13:24:55,467 - INFO - Enhanced technical analysis completed for IREDA: 52 fields
2025-09-19 13:24:55,527 - INFO - Completed analysis for IREDA: Score=53.3, Recommendation=HOLD
2025-09-19 13:25:01,038 - INFO - Comprehensive data extracted for INDUSINDBK
2025-09-19 13:25:01,039 - INFO - Fundamental analysis completed for INDUSINDBK: 58 fields
2025-09-19 13:25:01,279 - INFO - Comprehensive data extracted for NAUKRI
2025-09-19 13:25:01,295 - INFO - Fundamental analysis completed for NAUKRI: 58 fields
2025-09-19 13:25:01,295 - INFO - Enhanced technical analysis completed for INDUSINDBK: 52 fields
2025-09-19 13:25:01,314 - INFO - Comprehensive data extracted for INDUSTOWER
2025-09-19 13:25:01,320 - INFO - Fundamental analysis completed for INDUSTOWER: 58 fields
2025-09-19 13:25:01,386 - INFO - Completed analysis for INDUSINDBK: Score=48.5, Recommendation=WEAK SELL
2025-09-19 13:25:01,568 - INFO - Enhanced technical analysis completed for INDUSTOWER: 52 fields
2025-09-19 13:25:01,627 - INFO - Enhanced technical analysis completed for NAUKRI: 52 fields
2025-09-19 13:25:01,667 - INFO - Completed analysis for INDUSTOWER: Score=68.4, Recommendation=BUY (VALUE)
2025-09-19 13:25:01,750 - INFO - Completed analysis for NAUKRI: Score=56.2, Recommendation=HOLD
2025-09-19 13:25:02,000 - INFO - Comprehensive data extracted for INFY
2025-09-19 13:25:02,000 - INFO - Fundamental analysis completed for INFY: 58 fields
2025-09-19 13:25:02,283 - INFO - Enhanced technical analysis completed for INFY: 52 fields
2025-09-19 13:25:02,348 - INFO - Completed analysis for INFY: Score=64.8, Recommendation=BUY
2025-09-19 13:25:02,645 - INFO - Comprehensive data extracted for INDIGO
2025-09-19 13:25:02,645 - INFO - Fundamental analysis completed for INDIGO: 58 fields
2025-09-19 13:25:02,834 - INFO - Enhanced technical analysis completed for INDIGO: 52 fields
2025-09-19 13:25:02,882 - INFO - Completed analysis for INDIGO: Score=26.2, Recommendation=SELL
2025-09-19 13:25:08,447 - INFO - Comprehensive data extracted for JSWENERGY
2025-09-19 13:25:08,472 - INFO - Comprehensive data extracted for JINDALSTEL
2025-09-19 13:25:08,472 - INFO - Fundamental analysis completed for JSWENERGY: 58 fields
2025-09-19 13:25:08,477 - INFO - Fundamental analysis completed for JINDALSTEL: 58 fields
2025-09-19 13:25:08,566 - INFO - Comprehensive data extracted for JSWSTEEL
2025-09-19 13:25:08,566 - INFO - Fundamental analysis completed for JSWSTEEL: 58 fields
2025-09-19 13:25:08,694 - INFO - Enhanced technical analysis completed for JINDALSTEL: 52 fields
2025-09-19 13:25:08,753 - INFO - Completed analysis for JINDALSTEL: Score=29.3, Recommendation=SELL
2025-09-19 13:25:08,849 - INFO - Enhanced technical analysis completed for JSWENERGY: 52 fields
2025-09-19 13:25:08,849 - INFO - Enhanced technical analysis completed for JSWSTEEL: 52 fields
2025-09-19 13:25:08,917 - INFO - Completed analysis for JSWENERGY: Score=45.1, Recommendation=WEAK SELL
2025-09-19 13:25:08,950 - INFO - Completed analysis for JSWSTEEL: Score=38.5, Recommendation=SELL
2025-09-19 13:25:09,455 - INFO - Comprehensive data extracted for JUBLFOOD
2025-09-19 13:25:09,465 - INFO - Fundamental analysis completed for JUBLFOOD: 58 fields
2025-09-19 13:25:09,659 - INFO - Enhanced technical analysis completed for JUBLFOOD: 52 fields
2025-09-19 13:25:09,719 - INFO - Completed analysis for JUBLFOOD: Score=36.0, Recommendation=SELL
2025-09-19 13:25:10,497 - INFO - Comprehensive data extracted for JIOFIN
2025-09-19 13:25:10,497 - INFO - Fundamental analysis completed for JIOFIN: 58 fields
2025-09-19 13:25:10,681 - INFO - Enhanced technical analysis completed for JIOFIN: 52 fields
2025-09-19 13:25:10,742 - INFO - Completed analysis for JIOFIN: Score=50.7, Recommendation=HOLD
2025-09-19 13:25:16,569 - INFO - Comprehensive data extracted for KOTAKBANK
2025-09-19 13:25:16,569 - INFO - Fundamental analysis completed for KOTAKBANK: 58 fields
2025-09-19 13:25:16,802 - INFO - Comprehensive data extracted for KALYANKJIL
2025-09-19 13:25:16,808 - INFO - Fundamental analysis completed for KALYANKJIL: 58 fields
2025-09-19 13:25:16,852 - INFO - Enhanced technical analysis completed for KOTAKBANK: 52 fields
2025-09-19 13:25:16,930 - INFO - Completed analysis for KOTAKBANK: Score=67.8, Recommendation=BUY
2025-09-19 13:25:17,000 - INFO - Enhanced technical analysis completed for KALYANKJIL: 52 fields
2025-09-19 13:25:17,036 - INFO - Comprehensive data extracted for KPITTECH
2025-09-19 13:25:17,036 - INFO - Fundamental analysis completed for KPITTECH: 58 fields
2025-09-19 13:25:17,099 - INFO - Completed analysis for KALYANKJIL: Score=41.0, Recommendation=WEAK SELL
2025-09-19 13:25:17,236 - INFO - Enhanced technical analysis completed for KPITTECH: 52 fields
2025-09-19 13:25:17,299 - INFO - Completed analysis for KPITTECH: Score=37.7, Recommendation=SELL
2025-09-19 13:25:17,611 - INFO - Comprehensive data extracted for LICHSGFIN
2025-09-19 13:25:17,617 - INFO - Fundamental analysis completed for LICHSGFIN: 58 fields
2025-09-19 13:25:17,651 - INFO - Comprehensive data extracted for LTF
2025-09-19 13:25:17,663 - INFO - Fundamental analysis completed for LTF: 58 fields
2025-09-19 13:25:17,864 - INFO - Enhanced technical analysis completed for LICHSGFIN: 52 fields
2025-09-19 13:25:17,930 - INFO - Completed analysis for LICHSGFIN: Score=69.0, Recommendation=BUY (VALUE)
2025-09-19 13:25:18,020 - INFO - Enhanced technical analysis completed for LTF: 52 fields
2025-09-19 13:25:18,085 - INFO - Completed analysis for LTF: Score=57.2, Recommendation=HOLD
2025-09-19 13:25:23,861 - INFO - Comprehensive data extracted for LTIM
2025-09-19 13:25:23,861 - INFO - Fundamental analysis completed for LTIM: 58 fields
2025-09-19 13:25:23,889 - INFO - Comprehensive data extracted for LICI
2025-09-19 13:25:23,889 - INFO - Fundamental analysis completed for LICI: 58 fields
2025-09-19 13:25:24,108 - INFO - Enhanced technical analysis completed for LTIM: 52 fields
2025-09-19 13:25:24,150 - INFO - Enhanced technical analysis completed for LICI: 52 fields
2025-09-19 13:25:24,179 - INFO - Comprehensive data extracted for LT
2025-09-19 13:25:24,182 - INFO - Fundamental analysis completed for LT: 58 fields
2025-09-19 13:25:24,278 - INFO - Completed analysis for LTIM: Score=57.3, Recommendation=HOLD
2025-09-19 13:25:24,278 - INFO - Completed analysis for LICI: Score=66.9, Recommendation=BUY (VALUE)
2025-09-19 13:25:24,401 - INFO - Enhanced technical analysis completed for LT: 52 fields
2025-09-19 13:25:24,457 - INFO - Completed analysis for LT: Score=44.2, Recommendation=WEAK SELL
2025-09-19 13:25:26,488 - INFO - Comprehensive data extracted for LUPIN
2025-09-19 13:25:26,488 - INFO - Fundamental analysis completed for LUPIN: 58 fields
2025-09-19 13:25:26,855 - INFO - Enhanced technical analysis completed for LUPIN: 52 fields
2025-09-19 13:25:26,932 - INFO - Completed analysis for LUPIN: Score=48.8, Recommendation=WEAK SELL
2025-09-19 13:25:27,194 - INFO - Comprehensive data extracted for LODHA
2025-09-19 13:25:27,195 - INFO - Fundamental analysis completed for LODHA: 58 fields
2025-09-19 13:25:27,374 - INFO - Enhanced technical analysis completed for LODHA: 52 fields
2025-09-19 13:25:27,431 - INFO - Completed analysis for LODHA: Score=58.3, Recommendation=HOLD
2025-09-19 13:25:33,080 - INFO - Comprehensive data extracted for M&MFIN
2025-09-19 13:25:33,087 - INFO - Fundamental analysis completed for M&MFIN: 58 fields
2025-09-19 13:25:33,192 - INFO - Comprehensive data extracted for M&M
2025-09-19 13:25:33,192 - INFO - Fundamental analysis completed for M&M: 58 fields
2025-09-19 13:25:33,282 - INFO - Comprehensive data extracted for MRF
2025-09-19 13:25:33,282 - INFO - Fundamental analysis completed for MRF: 58 fields
2025-09-19 13:25:33,426 - INFO - Enhanced technical analysis completed for M&MFIN: 52 fields
2025-09-19 13:25:33,516 - INFO - Enhanced technical analysis completed for MRF: 52 fields
2025-09-19 13:25:33,527 - INFO - Completed analysis for M&MFIN: Score=65.2, Recommendation=BUY
2025-09-19 13:25:33,581 - INFO - Enhanced technical analysis completed for M&M: 52 fields
2025-09-19 13:25:33,614 - INFO - Completed analysis for MRF: Score=34.4, Recommendation=SELL
2025-09-19 13:25:33,650 - INFO - Completed analysis for M&M: Score=43.5, Recommendation=WEAK SELL
2025-09-19 13:25:34,041 - INFO - Comprehensive data extracted for MARICO
2025-09-19 13:25:34,041 - INFO - Fundamental analysis completed for MARICO: 58 fields
2025-09-19 13:25:34,260 - INFO - Enhanced technical analysis completed for MARICO: 52 fields
2025-09-19 13:25:34,341 - INFO - Completed analysis for MARICO: Score=34.0, Recommendation=SELL
2025-09-19 13:25:34,449 - INFO - Comprehensive data extracted for MANKIND
2025-09-19 13:25:34,451 - INFO - Fundamental analysis completed for MANKIND: 58 fields
2025-09-19 13:25:34,651 - INFO - Enhanced technical analysis completed for MANKIND: 52 fields
2025-09-19 13:25:34,717 - INFO - Completed analysis for MANKIND: Score=35.3, Recommendation=SELL
2025-09-19 13:25:40,412 - INFO - Comprehensive data extracted for MFSL
2025-09-19 13:25:40,415 - INFO - Fundamental analysis completed for MFSL: 58 fields
2025-09-19 13:25:40,638 - INFO - Enhanced technical analysis completed for MFSL: 52 fields
2025-09-19 13:25:40,678 - INFO - Comprehensive data extracted for MAXHEALTH
2025-09-19 13:25:40,678 - INFO - Fundamental analysis completed for MAXHEALTH: 58 fields
2025-09-19 13:25:40,709 - INFO - Completed analysis for MFSL: Score=21.1, Recommendation=SELL
2025-09-19 13:25:40,971 - INFO - Enhanced technical analysis completed for MAXHEALTH: 52 fields
2025-09-19 13:25:41,039 - INFO - Completed analysis for MAXHEALTH: Score=42.5, Recommendation=WEAK SELL
2025-09-19 13:25:41,241 - INFO - Comprehensive data extracted for MAZDOCK
2025-09-19 13:25:41,241 - INFO - Fundamental analysis completed for MAZDOCK: 58 fields
2025-09-19 13:25:41,464 - INFO - Enhanced technical analysis completed for MAZDOCK: 52 fields
2025-09-19 13:25:41,533 - INFO - Completed analysis for MAZDOCK: Score=48.7, Recommendation=WEAK SELL
2025-09-19 13:25:41,652 - INFO - Comprehensive data extracted for MOTILALOFS
2025-09-19 13:25:41,653 - INFO - Fundamental analysis completed for MOTILALOFS: 58 fields
2025-09-19 13:25:41,684 - INFO - Comprehensive data extracted for MARUTI
2025-09-19 13:25:41,684 - INFO - Fundamental analysis completed for MARUTI: 58 fields
2025-09-19 13:25:41,877 - INFO - Enhanced technical analysis completed for MOTILALOFS: 52 fields
2025-09-19 13:25:41,946 - INFO - Completed analysis for MOTILALOFS: Score=55.9, Recommendation=HOLD
2025-09-19 13:25:42,036 - INFO - Enhanced technical analysis completed for MARUTI: 52 fields
2025-09-19 13:25:42,106 - INFO - Completed analysis for MARUTI: Score=49.4, Recommendation=WEAK SELL
2025-09-19 13:25:47,738 - INFO - Comprehensive data extracted for MPHASIS
2025-09-19 13:25:47,743 - INFO - Fundamental analysis completed for MPHASIS: 58 fields
2025-09-19 13:25:47,933 - INFO - Comprehensive data extracted for MUTHOOTFIN
2025-09-19 13:25:47,962 - INFO - Comprehensive data extracted for NHPC
2025-09-19 13:25:47,962 - INFO - Fundamental analysis completed for MUTHOOTFIN: 58 fields
2025-09-19 13:25:47,968 - INFO - Fundamental analysis completed for NHPC: 58 fields
2025-09-19 13:25:48,001 - INFO - Enhanced technical analysis completed for MPHASIS: 52 fields
2025-09-19 13:25:48,059 - INFO - Completed analysis for MPHASIS: Score=52.4, Recommendation=HOLD
2025-09-19 13:25:48,249 - INFO - Enhanced technical analysis completed for MUTHOOTFIN: 52 fields
2025-09-19 13:25:48,249 - INFO - Enhanced technical analysis completed for NHPC: 52 fields
2025-09-19 13:25:48,312 - INFO - Completed analysis for MUTHOOTFIN: Score=72.7, Recommendation=STRONG BUY
2025-09-19 13:25:48,375 - INFO - Completed analysis for NHPC: Score=46.3, Recommendation=WEAK SELL
2025-09-19 13:25:48,661 - INFO - Comprehensive data extracted for NMDC
2025-09-19 13:25:48,661 - INFO - Fundamental analysis completed for NMDC: 58 fields
2025-09-19 13:25:48,907 - INFO - Comprehensive data extracted for NTPCGREEN
2025-09-19 13:25:48,914 - INFO - Fundamental analysis completed for NTPCGREEN: 58 fields
2025-09-19 13:25:48,985 - INFO - Enhanced technical analysis completed for NMDC: 52 fields
2025-09-19 13:25:49,099 - INFO - Completed analysis for NMDC: Score=73.5, Recommendation=STRONG BUY (UNDERVALUED)
2025-09-19 13:25:49,111 - INFO - Enhanced technical analysis completed for NTPCGREEN: 52 fields
2025-09-19 13:25:49,183 - INFO - Completed analysis for NTPCGREEN: Score=36.9, Recommendation=SELL
2025-09-19 13:25:54,855 - INFO - Comprehensive data extracted for NATIONALUM
2025-09-19 13:25:54,855 - INFO - Fundamental analysis completed for NATIONALUM: 58 fields
2025-09-19 13:25:54,894 - INFO - Comprehensive data extracted for NTPC
2025-09-19 13:25:54,894 - INFO - Fundamental analysis completed for NTPC: 58 fields
2025-09-19 13:25:54,982 - INFO - Comprehensive data extracted for NESTLEIND
2025-09-19 13:25:54,986 - INFO - Fundamental analysis completed for NESTLEIND: 58 fields
2025-09-19 13:25:55,205 - INFO - Enhanced technical analysis completed for NTPC: 52 fields
2025-09-19 13:25:55,211 - INFO - Enhanced technical analysis completed for NATIONALUM: 52 fields
2025-09-19 13:25:55,295 - INFO - Enhanced technical analysis completed for NESTLEIND: 52 fields
2025-09-19 13:25:55,333 - INFO - Completed analysis for NTPC: Score=54.9, Recommendation=HOLD
2025-09-19 13:25:55,345 - INFO - Completed analysis for NATIONALUM: Score=65.5, Recommendation=BUY (VALUE)
2025-09-19 13:25:55,406 - INFO - Completed analysis for NESTLEIND: Score=28.2, Recommendation=SELL
2025-09-19 13:25:55,894 - INFO - Comprehensive data extracted for OBEROIRLTY
2025-09-19 13:25:55,894 - INFO - Fundamental analysis completed for OBEROIRLTY: 58 fields
2025-09-19 13:25:55,932 - INFO - Comprehensive data extracted for ONGC
2025-09-19 13:25:55,935 - INFO - Fundamental analysis completed for ONGC: 58 fields
2025-09-19 13:25:56,123 - INFO - Enhanced technical analysis completed for OBEROIRLTY: 52 fields
2025-09-19 13:25:56,196 - INFO - Enhanced technical analysis completed for ONGC: 52 fields
2025-09-19 13:25:56,251 - INFO - Completed analysis for OBEROIRLTY: Score=33.7, Recommendation=SELL
2025-09-19 13:25:56,306 - INFO - Completed analysis for ONGC: Score=55.8, Recommendation=HOLD
2025-09-19 13:26:01,990 - INFO - Comprehensive data extracted for OIL
2025-09-19 13:26:02,001 - INFO - Fundamental analysis completed for OIL: 58 fields
2025-09-19 13:26:02,090 - INFO - Comprehensive data extracted for PAYTM
2025-09-19 13:26:02,092 - INFO - Fundamental analysis completed for PAYTM: 58 fields
2025-09-19 13:26:02,172 - INFO - Comprehensive data extracted for OLAELEC
2025-09-19 13:26:02,172 - INFO - Fundamental analysis completed for OLAELEC: 58 fields
2025-09-19 13:26:02,273 - INFO - Enhanced technical analysis completed for OIL: 52 fields
2025-09-19 13:26:02,299 - INFO - Enhanced technical analysis completed for PAYTM: 52 fields
2025-09-19 13:26:02,360 - INFO - Completed analysis for OIL: Score=58.1, Recommendation=HOLD
2025-09-19 13:26:02,447 - INFO - Enhanced technical analysis completed for OLAELEC: 52 fields
2025-09-19 13:26:02,450 - INFO - Completed analysis for PAYTM: Score=28.3, Recommendation=SELL
2025-09-19 13:26:02,515 - INFO - Completed analysis for OLAELEC: Score=24.6, Recommendation=SELL
2025-09-19 13:26:03,118 - INFO - Comprehensive data extracted for OFSS
2025-09-19 13:26:03,120 - INFO - Fundamental analysis completed for OFSS: 58 fields
2025-09-19 13:26:03,198 - INFO - Comprehensive data extracted for POLICYBZR
2025-09-19 13:26:03,201 - INFO - Fundamental analysis completed for POLICYBZR: 58 fields
2025-09-19 13:26:03,330 - INFO - Enhanced technical analysis completed for OFSS: 52 fields
2025-09-19 13:26:03,400 - INFO - Enhanced technical analysis completed for POLICYBZR: 52 fields
2025-09-19 13:26:03,447 - INFO - Completed analysis for OFSS: Score=66.8, Recommendation=BUY
2025-09-19 13:26:03,482 - INFO - Completed analysis for POLICYBZR: Score=30.2, Recommendation=SELL
2025-09-19 13:26:09,132 - INFO - Comprehensive data extracted for PAGEIND
2025-09-19 13:26:09,132 - INFO - Fundamental analysis completed for PAGEIND: 58 fields
2025-09-19 13:26:09,201 - INFO - Comprehensive data extracted for PATANJALI
2025-09-19 13:26:09,202 - INFO - Fundamental analysis completed for PATANJALI: 58 fields
2025-09-19 13:26:09,264 - INFO - Comprehensive data extracted for PIIND
2025-09-19 13:26:09,269 - INFO - Fundamental analysis completed for PIIND: 58 fields
2025-09-19 13:26:09,348 - INFO - Enhanced technical analysis completed for PAGEIND: 52 fields
2025-09-19 13:26:09,458 - INFO - Enhanced technical analysis completed for PATANJALI: 52 fields
2025-09-19 13:26:09,494 - INFO - Completed analysis for PAGEIND: Score=39.3, Recommendation=SELL
2025-09-19 13:26:09,614 - INFO - Enhanced technical analysis completed for PIIND: 52 fields
2025-09-19 13:26:09,617 - INFO - Completed analysis for PATANJALI: Score=35.6, Recommendation=SELL
2025-09-19 13:26:09,681 - INFO - Completed analysis for PIIND: Score=29.1, Recommendation=SELL
2025-09-19 13:26:10,114 - INFO - Comprehensive data extracted for PERSISTENT
2025-09-19 13:26:10,114 - INFO - Fundamental analysis completed for PERSISTENT: 58 fields
2025-09-19 13:26:10,311 - INFO - Enhanced technical analysis completed for PERSISTENT: 52 fields
2025-09-19 13:26:10,337 - INFO - Comprehensive data extracted for PETRONET
2025-09-19 13:26:10,337 - INFO - Fundamental analysis completed for PETRONET: 58 fields
2025-09-19 13:26:10,384 - INFO - Completed analysis for PERSISTENT: Score=66.7, Recommendation=BUY
2025-09-19 13:26:10,559 - INFO - Enhanced technical analysis completed for PETRONET: 52 fields
2025-09-19 13:26:10,616 - INFO - Completed analysis for PETRONET: Score=48.7, Recommendation=WEAK SELL
2025-09-19 13:26:16,257 - INFO - Comprehensive data extracted for POLYCAB
2025-09-19 13:26:16,261 - INFO - Fundamental analysis completed for POLYCAB: 58 fields
2025-09-19 13:26:16,279 - INFO - Comprehensive data extracted for PHOENIXLTD
2025-09-19 13:26:16,280 - INFO - Fundamental analysis completed for PHOENIXLTD: 58 fields
2025-09-19 13:26:16,476 - INFO - Comprehensive data extracted for PIDILITIND
2025-09-19 13:26:16,477 - INFO - Fundamental analysis completed for PIDILITIND: 58 fields
2025-09-19 13:26:16,492 - INFO - Enhanced technical analysis completed for POLYCAB: 52 fields
2025-09-19 13:26:16,543 - INFO - Enhanced technical analysis completed for PHOENIXLTD: 52 fields
2025-09-19 13:26:16,614 - INFO - Completed analysis for POLYCAB: Score=63.4, Recommendation=BUY
2025-09-19 13:26:16,738 - INFO - Completed analysis for PHOENIXLTD: Score=36.1, Recommendation=SELL
2025-09-19 13:26:16,747 - INFO - Enhanced technical analysis completed for PIDILITIND: 52 fields
2025-09-19 13:26:16,819 - INFO - Completed analysis for PIDILITIND: Score=36.8, Recommendation=SELL
2025-09-19 13:26:17,301 - INFO - Comprehensive data extracted for POWERGRID
2025-09-19 13:26:17,301 - INFO - Fundamental analysis completed for POWERGRID: 58 fields
2025-09-19 13:26:17,352 - INFO - Comprehensive data extracted for PFC
2025-09-19 13:26:17,354 - INFO - Fundamental analysis completed for PFC: 58 fields
2025-09-19 13:26:17,569 - INFO - Enhanced technical analysis completed for PFC: 52 fields
2025-09-19 13:26:17,664 - INFO - Enhanced technical analysis completed for POWERGRID: 52 fields
2025-09-19 13:26:17,689 - INFO - Completed analysis for PFC: Score=73.4, Recommendation=STRONG BUY (UNDERVALUED)
2025-09-19 13:26:17,745 - INFO - Completed analysis for POWERGRID: Score=46.0, Recommendation=WEAK SELL
2025-09-19 13:26:23,346 - INFO - Comprehensive data extracted for PRESTIGE
2025-09-19 13:26:23,346 - INFO - Fundamental analysis completed for PRESTIGE: 58 fields
2025-09-19 13:26:23,557 - INFO - Enhanced technical analysis completed for PRESTIGE: 52 fields
2025-09-19 13:26:23,580 - INFO - Comprehensive data extracted for PREMIERENE
2025-09-19 13:26:23,585 - INFO - Fundamental analysis completed for PREMIERENE: 58 fields
2025-09-19 13:26:23,622 - INFO - Comprehensive data extracted for PNB
2025-09-19 13:26:23,647 - INFO - Fundamental analysis completed for PNB: 58 fields
2025-09-19 13:26:23,668 - INFO - Completed analysis for PRESTIGE: Score=43.2, Recommendation=WEAK SELL
2025-09-19 13:26:23,762 - INFO - Enhanced technical analysis completed for PREMIERENE: 52 fields
2025-09-19 13:26:23,903 - INFO - Enhanced technical analysis completed for PNB: 52 fields
2025-09-19 13:26:23,905 - INFO - Completed analysis for PREMIERENE: Score=41.9, Recommendation=WEAK SELL
2025-09-19 13:26:23,972 - INFO - Completed analysis for PNB: Score=85.8, Recommendation=STRONG BUY (UNDERVALUED)
2025-09-19 13:26:24,454 - INFO - Comprehensive data extracted for RVNL
2025-09-19 13:26:24,454 - INFO - Fundamental analysis completed for RVNL: 58 fields
2025-09-19 13:26:24,644 - INFO - Enhanced technical analysis completed for RVNL: 52 fields
2025-09-19 13:26:24,685 - INFO - Comprehensive data extracted for RECLTD
2025-09-19 13:26:24,685 - INFO - Fundamental analysis completed for RECLTD: 58 fields
2025-09-19 13:26:24,720 - INFO - Completed analysis for RVNL: Score=32.6, Recommendation=SELL
2025-09-19 13:26:24,917 - INFO - Enhanced technical analysis completed for RECLTD: 52 fields
2025-09-19 13:26:24,979 - INFO - Completed analysis for RECLTD: Score=76.6, Recommendation=STRONG BUY (UNDERVALUED)
2025-09-19 13:26:30,712 - INFO - Comprehensive data extracted for SBILIFE
2025-09-19 13:26:30,714 - INFO - Fundamental analysis completed for SBILIFE: 58 fields
2025-09-19 13:26:30,750 - INFO - Comprehensive data extracted for SBICARD
2025-09-19 13:26:30,750 - INFO - Fundamental analysis completed for SBICARD: 58 fields
2025-09-19 13:26:30,786 - INFO - Comprehensive data extracted for RELIANCE
2025-09-19 13:26:30,786 - INFO - Fundamental analysis completed for RELIANCE: 58 fields
2025-09-19 13:26:30,912 - INFO - Enhanced technical analysis completed for SBICARD: 52 fields
2025-09-19 13:26:30,974 - INFO - Enhanced technical analysis completed for RELIANCE: 52 fields
2025-09-19 13:26:31,031 - INFO - Enhanced technical analysis completed for SBILIFE: 52 fields
2025-09-19 13:26:31,097 - INFO - Completed analysis for SBICARD: Score=32.0, Recommendation=SELL
2025-09-19 13:26:31,097 - INFO - Completed analysis for RELIANCE: Score=51.6, Recommendation=HOLD
2025-09-19 13:26:31,133 - INFO - Completed analysis for SBILIFE: Score=59.8, Recommendation=HOLD
2025-09-19 13:26:32,084 - INFO - Comprehensive data extracted for SRF
2025-09-19 13:26:32,084 - INFO - Fundamental analysis completed for SRF: 58 fields
2025-09-19 13:26:32,182 - INFO - Comprehensive data extracted for SJVN
2025-09-19 13:26:32,182 - INFO - Fundamental analysis completed for SJVN: 58 fields
2025-09-19 13:26:32,357 - INFO - Enhanced technical analysis completed for SRF: 52 fields
2025-09-19 13:26:32,400 - INFO - Enhanced technical analysis completed for SJVN: 52 fields
2025-09-19 13:26:32,498 - INFO - Completed analysis for SRF: Score=38.0, Recommendation=SELL
2025-09-19 13:26:32,508 - INFO - Completed analysis for SJVN: Score=41.8, Recommendation=WEAK SELL
2025-09-19 13:26:38,078 - INFO - Comprehensive data extracted for SHREECEM
2025-09-19 13:26:38,078 - INFO - Fundamental analysis completed for SHREECEM: 58 fields
2025-09-19 13:26:38,479 - INFO - Enhanced technical analysis completed for SHREECEM: 52 fields
2025-09-19 13:26:38,512 - INFO - Completed analysis for SHREECEM: Score=35.6, Recommendation=SELL
2025-09-19 13:26:38,579 - INFO - Comprehensive data extracted for SHRIRAMFIN
2025-09-19 13:26:38,579 - INFO - Fundamental analysis completed for SHRIRAMFIN: 58 fields
2025-09-19 13:26:38,664 - INFO - Comprehensive data extracted for MOTHERSON
2025-09-19 13:26:38,664 - INFO - Fundamental analysis completed for MOTHERSON: 58 fields
2025-09-19 13:26:38,743 - INFO - Enhanced technical analysis completed for SHRIRAMFIN: 52 fields
2025-09-19 13:26:38,780 - INFO - Completed analysis for SHRIRAMFIN: Score=67.5, Recommendation=BUY (VALUE)
2025-09-19 13:26:38,847 - INFO - Enhanced technical analysis completed for MOTHERSON: 52 fields
2025-09-19 13:26:38,916 - INFO - Completed analysis for MOTHERSON: Score=30.0, Recommendation=SELL
2025-09-19 13:26:39,128 - INFO - Comprehensive data extracted for SIEMENS
2025-09-19 13:26:39,128 - INFO - Fundamental analysis completed for SIEMENS: 58 fields
2025-09-19 13:26:39,361 - INFO - Comprehensive data extracted for SOLARINDS
2025-09-19 13:26:39,361 - INFO - Fundamental analysis completed for SOLARINDS: 58 fields
2025-09-19 13:26:39,627 - INFO - Enhanced technical analysis completed for SIEMENS: 52 fields
2025-09-19 13:26:39,629 - INFO - Enhanced technical analysis completed for SOLARINDS: 52 fields
2025-09-19 13:26:39,732 - INFO - Completed analysis for SOLARINDS: Score=45.7, Recommendation=WEAK SELL
2025-09-19 13:26:39,732 - INFO - Completed analysis for SIEMENS: Score=32.9, Recommendation=SELL
2025-09-19 13:26:45,510 - INFO - Comprehensive data extracted for SBIN
2025-09-19 13:26:45,510 - INFO - Fundamental analysis completed for SBIN: 58 fields
2025-09-19 13:26:45,536 - INFO - Comprehensive data extracted for SAIL
2025-09-19 13:26:45,539 - INFO - Fundamental analysis completed for SAIL: 58 fields
2025-09-19 13:26:45,734 - INFO - Enhanced technical analysis completed for SBIN: 52 fields
2025-09-19 13:26:45,776 - INFO - Completed analysis for SBIN: Score=87.4, Recommendation=STRONG BUY (UNDERVALUED)
2025-09-19 13:26:46,927 - INFO - Comprehensive data extracted for SONACOMS
2025-09-19 13:26:46,927 - INFO - Fundamental analysis completed for SONACOMS: 58 fields
2025-09-19 13:26:47,044 - INFO - Enhanced technical analysis completed for SONACOMS: 52 fields
2025-09-19 13:26:47,082 - INFO - Completed analysis for SONACOMS: Score=29.9, Recommendation=SELL
2025-09-19 13:26:47,510 - INFO - Enhanced technical analysis completed for SAIL: 52 fields
2025-09-19 13:26:47,570 - INFO - Completed analysis for SAIL: Score=61.4, Recommendation=BUY (VALUE)
2025-09-19 13:26:48,112 - INFO - Comprehensive data extracted for SUPREMEIND
2025-09-19 13:26:48,118 - INFO - Fundamental analysis completed for SUPREMEIND: 58 fields
2025-09-19 13:26:48,667 - INFO - Enhanced technical analysis completed for SUPREMEIND: 52 fields
2025-09-19 13:26:48,713 - INFO - Completed analysis for SUPREMEIND: Score=25.9, Recommendation=SELL
2025-09-19 13:26:49,099 - INFO - Comprehensive data extracted for SUNPHARMA
2025-09-19 13:26:49,101 - INFO - Fundamental analysis completed for SUNPHARMA: 58 fields
2025-09-19 13:26:49,274 - INFO - Enhanced technical analysis completed for SUNPHARMA: 52 fields
2025-09-19 13:26:49,314 - INFO - Completed analysis for SUNPHARMA: Score=33.0, Recommendation=SELL
2025-09-19 13:26:54,929 - INFO - Comprehensive data extracted for SWIGGY
2025-09-19 13:26:54,932 - INFO - Fundamental analysis completed for SWIGGY: 58 fields
2025-09-19 13:26:55,499 - INFO - Comprehensive data extracted for SUZLON
2025-09-19 13:26:55,501 - INFO - Fundamental analysis completed for SUZLON: 58 fields
2025-09-19 13:26:55,636 - INFO - Enhanced technical analysis completed for SUZLON: 52 fields
2025-09-19 13:26:55,677 - INFO - Completed analysis for SUZLON: Score=39.3, Recommendation=SELL
2025-09-19 13:26:55,850 - INFO - Enhanced technical analysis completed for SWIGGY: 52 fields
2025-09-19 13:26:55,896 - INFO - Completed analysis for SWIGGY: Score=38.6, Recommendation=SELL
2025-09-19 13:26:56,405 - INFO - Comprehensive data extracted for TATACOMM
2025-09-19 13:26:56,405 - INFO - Fundamental analysis completed for TATACOMM: 58 fields
2025-09-19 13:26:56,555 - INFO - Comprehensive data extracted for TVSMOTOR
2025-09-19 13:26:56,583 - INFO - Comprehensive data extracted for TCS
2025-09-19 13:26:56,583 - INFO - Fundamental analysis completed for TVSMOTOR: 58 fields
2025-09-19 13:26:56,583 - INFO - Fundamental analysis completed for TCS: 58 fields
2025-09-19 13:26:56,870 - INFO - Enhanced technical analysis completed for TCS: 52 fields
2025-09-19 13:26:56,900 - INFO - Completed analysis for TCS: Score=66.0, Recommendation=BUY
2025-09-19 13:26:57,281 - INFO - Enhanced technical analysis completed for TVSMOTOR: 52 fields
2025-09-19 13:26:57,327 - INFO - Completed analysis for TVSMOTOR: Score=39.2, Recommendation=SELL
2025-09-19 13:26:57,457 - INFO - Enhanced technical analysis completed for TATACOMM: 52 fields
2025-09-19 13:26:57,504 - INFO - Completed analysis for TATACOMM: Score=27.3, Recommendation=SELL
2025-09-19 13:27:03,036 - INFO - Comprehensive data extracted for TATAELXSI
2025-09-19 13:27:03,037 - INFO - Fundamental analysis completed for TATAELXSI: 58 fields
2025-09-19 13:27:03,327 - INFO - Comprehensive data extracted for TATAMOTORS
2025-09-19 13:27:03,335 - INFO - Fundamental analysis completed for TATAMOTORS: 58 fields
2025-09-19 13:27:03,559 - INFO - Enhanced technical analysis completed for TATAELXSI: 52 fields
2025-09-19 13:27:03,631 - INFO - Enhanced technical analysis completed for TATAMOTORS: 52 fields
2025-09-19 13:27:03,659 - INFO - Completed analysis for TATAELXSI: Score=27.5, Recommendation=SELL
2025-09-19 13:27:03,684 - INFO - Comprehensive data extracted for TATACONSUM
2025-09-19 13:27:03,688 - INFO - Fundamental analysis completed for TATACONSUM: 58 fields
2025-09-19 13:27:03,715 - INFO - Completed analysis for TATAMOTORS: Score=44.9, Recommendation=WEAK SELL
2025-09-19 13:27:04,103 - INFO - Enhanced technical analysis completed for TATACONSUM: 52 fields
2025-09-19 13:27:04,157 - INFO - Completed analysis for TATACONSUM: Score=39.0, Recommendation=SELL
2025-09-19 13:27:04,644 - INFO - Comprehensive data extracted for TATAPOWER
2025-09-19 13:27:04,644 - INFO - Fundamental analysis completed for TATAPOWER: 58 fields
2025-09-19 13:27:04,746 - INFO - Comprehensive data extracted for TATASTEEL
2025-09-19 13:27:04,746 - INFO - Fundamental analysis completed for TATASTEEL: 58 fields
2025-09-19 13:27:04,917 - INFO - Enhanced technical analysis completed for TATASTEEL: 52 fields
2025-09-19 13:27:04,989 - INFO - Completed analysis for TATASTEEL: Score=36.3, Recommendation=SELL
2025-09-19 13:27:06,459 - INFO - Enhanced technical analysis completed for TATAPOWER: 52 fields
2025-09-19 13:27:06,510 - INFO - Completed analysis for TATAPOWER: Score=36.1, Recommendation=SELL
2025-09-19 13:27:12,088 - INFO - Comprehensive data extracted for TATATECH
2025-09-19 13:27:12,101 - INFO - Fundamental analysis completed for TATATECH: 58 fields
2025-09-19 13:27:12,112 - INFO - Comprehensive data extracted for TITAN
2025-09-19 13:27:12,114 - INFO - Fundamental analysis completed for TITAN: 58 fields
2025-09-19 13:27:12,141 - INFO - Comprehensive data extracted for TECHM
2025-09-19 13:27:12,141 - INFO - Fundamental analysis completed for TECHM: 58 fields
2025-09-19 13:27:12,269 - INFO - Enhanced technical analysis completed for TITAN: 52 fields
2025-09-19 13:27:12,337 - INFO - Enhanced technical analysis completed for TATATECH: 52 fields
2025-09-19 13:27:12,412 - INFO - Enhanced technical analysis completed for TECHM: 52 fields
2025-09-19 13:27:12,419 - INFO - Completed analysis for TITAN: Score=38.6, Recommendation=SELL
2025-09-19 13:27:12,484 - INFO - Completed analysis for TATATECH: Score=31.4, Recommendation=SELL
2025-09-19 13:27:12,495 - INFO - Completed analysis for TECHM: Score=38.7, Recommendation=SELL
2025-09-19 13:27:13,284 - INFO - Comprehensive data extracted for TORNTPOWER
2025-09-19 13:27:13,285 - INFO - Fundamental analysis completed for TORNTPOWER: 58 fields
2025-09-19 13:27:13,402 - INFO - Comprehensive data extracted for TORNTPHARM
2025-09-19 13:27:13,408 - INFO - Fundamental analysis completed for TORNTPHARM: 58 fields
2025-09-19 13:27:13,515 - INFO - Enhanced technical analysis completed for TORNTPOWER: 52 fields
2025-09-19 13:27:13,580 - INFO - Enhanced technical analysis completed for TORNTPHARM: 52 fields
2025-09-19 13:27:13,625 - INFO - Completed analysis for TORNTPOWER: Score=34.1, Recommendation=SELL
2025-09-19 13:27:13,650 - INFO - Completed analysis for TORNTPHARM: Score=42.4, Recommendation=WEAK SELL
2025-09-19 13:27:19,232 - INFO - Comprehensive data extracted for UPL
2025-09-19 13:27:19,232 - INFO - Fundamental analysis completed for UPL: 58 fields
2025-09-19 13:27:19,448 - INFO - Enhanced technical analysis completed for UPL: 52 fields
2025-09-19 13:27:19,513 - INFO - Comprehensive data extracted for TRENT
2025-09-19 13:27:19,529 - INFO - Fundamental analysis completed for TRENT: 58 fields
2025-09-19 13:27:19,535 - INFO - Comprehensive data extracted for TIINDIA
2025-09-19 13:27:19,545 - INFO - Fundamental analysis completed for TIINDIA: 58 fields
2025-09-19 13:27:19,555 - INFO - Completed analysis for UPL: Score=30.9, Recommendation=SELL
2025-09-19 13:27:19,701 - INFO - Enhanced technical analysis completed for TIINDIA: 52 fields
2025-09-19 13:27:19,750 - INFO - Completed analysis for TIINDIA: Score=28.6, Recommendation=SELL
2025-09-19 13:27:20,132 - INFO - Enhanced technical analysis completed for TRENT: 52 fields
2025-09-19 13:27:20,208 - INFO - Completed analysis for TRENT: Score=32.9, Recommendation=SELL
2025-09-19 13:27:20,246 - INFO - Comprehensive data extracted for ULTRACEMCO
2025-09-19 13:27:20,246 - INFO - Fundamental analysis completed for ULTRACEMCO: 58 fields
2025-09-19 13:27:20,404 - INFO - Enhanced technical analysis completed for ULTRACEMCO: 52 fields
2025-09-19 13:27:20,446 - INFO - Completed analysis for ULTRACEMCO: Score=38.7, Recommendation=SELL
2025-09-19 13:27:21,187 - INFO - Comprehensive data extracted for UNIONBANK
2025-09-19 13:27:21,197 - INFO - Fundamental analysis completed for UNIONBANK: 58 fields
2025-09-19 13:27:21,523 - INFO - Enhanced technical analysis completed for UNIONBANK: 52 fields
2025-09-19 13:27:21,584 - INFO - Completed analysis for UNIONBANK: Score=86.0, Recommendation=STRONG BUY (UNDERVALUED)
2025-09-19 13:27:27,139 - INFO - Comprehensive data extracted for VEDL
2025-09-19 13:27:27,141 - INFO - Fundamental analysis completed for VEDL: 58 fields
2025-09-19 13:27:27,330 - INFO - Comprehensive data extracted for VBL
2025-09-19 13:27:27,338 - INFO - Fundamental analysis completed for VBL: 58 fields
2025-09-19 13:27:27,548 - INFO - Enhanced technical analysis completed for VEDL: 52 fields
2025-09-19 13:27:27,605 - INFO - Completed analysis for VEDL: Score=49.2, Recommendation=WEAK SELL
2025-09-19 13:27:27,793 - INFO - Comprehensive data extracted for UNITDSPR
2025-09-19 13:27:27,794 - INFO - Fundamental analysis completed for UNITDSPR: 58 fields
2025-09-19 13:27:27,956 - INFO - Enhanced technical analysis completed for VBL: 52 fields
2025-09-19 13:27:27,997 - INFO - Completed analysis for VBL: Score=44.4, Recommendation=WEAK SELL
2025-09-19 13:27:28,481 - INFO - Comprehensive data extracted for VMM
2025-09-19 13:27:28,483 - INFO - Fundamental analysis completed for VMM: 58 fields
2025-09-19 13:27:28,711 - INFO - Comprehensive data extracted for IDEA
2025-09-19 13:27:28,711 - INFO - Fundamental analysis completed for IDEA: 58 fields
2025-09-19 13:27:28,872 - INFO - Enhanced technical analysis completed for UNITDSPR: 52 fields
2025-09-19 13:27:28,890 - INFO - Enhanced technical analysis completed for VMM: 52 fields
2025-09-19 13:27:28,998 - INFO - Completed analysis for VMM: Score=35.1, Recommendation=SELL
2025-09-19 13:27:28,998 - INFO - Completed analysis for UNITDSPR: Score=30.6, Recommendation=SELL
2025-09-19 13:27:29,721 - INFO - Enhanced technical analysis completed for IDEA: 52 fields
2025-09-19 13:27:29,786 - INFO - Completed analysis for IDEA: Score=64.6, Recommendation=BUY (VALUE)
2025-09-19 13:27:35,675 - INFO - Comprehensive data extracted for WIPRO
2025-09-19 13:27:35,691 - INFO - Fundamental analysis completed for WIPRO: 58 fields
2025-09-19 13:27:35,932 - INFO - Comprehensive data extracted for WAAREEENER
2025-09-19 13:27:35,932 - INFO - Fundamental analysis completed for WAAREEENER: 58 fields
2025-09-19 13:27:36,021 - INFO - Enhanced technical analysis completed for WIPRO: 52 fields
2025-09-19 13:27:36,045 - INFO - Comprehensive data extracted for VOLTAS
2025-09-19 13:27:36,047 - INFO - Fundamental analysis completed for VOLTAS: 58 fields
2025-09-19 13:27:36,105 - INFO - Enhanced technical analysis completed for WAAREEENER: 52 fields
2025-09-19 13:27:36,146 - INFO - Completed analysis for WIPRO: Score=71.7, Recommendation=STRONG BUY
2025-09-19 13:27:36,174 - INFO - Completed analysis for WAAREEENER: Score=36.6, Recommendation=SELL
2025-09-19 13:27:36,531 - INFO - Enhanced technical analysis completed for VOLTAS: 52 fields
2025-09-19 13:27:36,597 - INFO - Completed analysis for VOLTAS: Score=29.5, Recommendation=SELL
2025-09-19 13:27:36,713 - INFO - Comprehensive data extracted for YESBANK
2025-09-19 13:27:36,716 - INFO - Fundamental analysis completed for YESBANK: 58 fields
2025-09-19 13:27:37,434 - INFO - Enhanced technical analysis completed for YESBANK: 52 fields
2025-09-19 13:27:37,480 - INFO - Completed analysis for YESBANK: Score=75.9, Recommendation=STRONG BUY
2025-09-19 13:27:37,738 - INFO - Comprehensive data extracted for ZYDUSLIFE
2025-09-19 13:27:37,746 - INFO - Fundamental analysis completed for ZYDUSLIFE: 58 fields
2025-09-19 13:27:38,115 - INFO - Enhanced technical analysis completed for ZYDUSLIFE: 52 fields
2025-09-19 13:27:38,202 - INFO - Completed analysis for ZYDUSLIFE: Score=45.0, Recommendation=WEAK SELL
2025-09-19 13:27:38,215 - INFO - Batch analysis completed: 200 results, 0 failures
2025-09-19 13:27:38,688 - INFO - Calculated sector rankings for 11 sectors
2025-09-19 13:28:49,629 - INFO - Completed risk-return analysis
2025-09-19 13:28:49,745 - INFO - Generated complete portfolio allocation: 39 total stocks (Current: 34, New: 5)
2025-09-19 13:28:55,759 - INFO - Enhanced Excel report generated: reports/Enhanced_Stock_Report_20250919_132849.xlsx, Size: 294784 bytes
2025-09-19 13:28:55,955 - INFO - Loaded report: Enhanced_Stock_Report_20250919_131850.xlsx
2025-09-19 13:28:55,955 - INFO - Available sheets: ['Top Picks', 'Trading Plans', 'Undervalued', 'Sector Analysis', 'Risk Analysis', 'Portfolio Allocation', 'Portfolio Summary', 'Complete Data']
2025-09-19 13:28:56,520 - INFO - Loaded report: Enhanced_Stock_Report_20250919_132849.xlsx
2025-09-19 13:28:56,520 - INFO - Available sheets: ['Top Picks', 'Trading Plans', 'Undervalued', 'Sector Analysis', 'Risk Analysis', 'Portfolio Allocation', 'Portfolio Summary', 'Complete Data']
