2025-08-31 18:32:25,723 - INFO - Top 200 NSE Stock Analysis Initialized
2025-08-31 18:32:25,723 - INFO - Starting batch analysis of 200 stocks
2025-08-31 18:32:26,840 - INFO - Comprehensive data extracted for HDFCBANK
2025-08-31 18:32:26,840 - INFO - Comprehensive data extracted for TCS
2025-08-31 18:32:26,840 - INFO - Fundamental analysis completed for HDFCBANK: 58 fields
2025-08-31 18:32:26,840 - INFO - Fundamental analysis completed for TCS: 58 fields
2025-08-31 18:32:26,880 - INFO - Comprehensive data extracted for RELIANCE
2025-08-31 18:32:26,883 - INFO - Fundamental analysis completed for RELIANCE: 58 fields
2025-08-31 18:32:27,165 - INFO - Enhanced technical analysis completed for TCS: 52 fields
2025-08-31 18:32:27,166 - INFO - Enhanced technical analysis completed for HDFCBANK: 52 fields
2025-08-31 18:32:27,195 - INFO - Enhanced technical analysis completed for RELIANCE: 52 fields
2025-08-31 18:32:27,793 - INFO - Comprehensive data extracted for ICICIBANK
2025-08-31 18:32:27,793 - INFO - Fundamental analysis completed for ICICIBANK: 58 fields
2025-08-31 18:32:27,977 - INFO - Enhanced technical analysis completed for ICICIBANK: 52 fields
2025-08-31 18:32:27,999 - INFO - Comprehensive data extracted for INFY
2025-08-31 18:32:27,999 - INFO - Fundamental analysis completed for INFY: 58 fields
2025-08-31 18:32:28,180 - INFO - Enhanced technical analysis completed for INFY: 52 fields
2025-08-31 18:32:33,807 - INFO - Comprehensive data extracted for SBIN
2025-08-31 18:32:33,807 - INFO - Fundamental analysis completed for SBIN: 58 fields
2025-08-31 18:32:33,840 - INFO - Comprehensive data extracted for HINDUNILVR
2025-08-31 18:32:33,842 - INFO - Fundamental analysis completed for HINDUNILVR: 58 fields
2025-08-31 18:32:33,908 - INFO - Comprehensive data extracted for ITC
2025-08-31 18:32:33,908 - INFO - Fundamental analysis completed for ITC: 58 fields
2025-08-31 18:32:34,075 - INFO - Enhanced technical analysis completed for HINDUNILVR: 52 fields
2025-08-31 18:32:34,075 - INFO - Enhanced technical analysis completed for SBIN: 52 fields
2025-08-31 18:32:34,157 - INFO - Enhanced technical analysis completed for ITC: 52 fields
2025-08-31 18:32:34,640 - INFO - Comprehensive data extracted for BHARTIARTL
2025-08-31 18:32:34,655 - INFO - Fundamental analysis completed for BHARTIARTL: 58 fields
2025-08-31 18:32:34,709 - INFO - Comprehensive data extracted for KOTAKBANK
2025-08-31 18:32:34,709 - INFO - Fundamental analysis completed for KOTAKBANK: 58 fields
2025-08-31 18:32:34,826 - INFO - Enhanced technical analysis completed for BHARTIARTL: 52 fields
2025-08-31 18:32:34,931 - INFO - Enhanced technical analysis completed for KOTAKBANK: 52 fields
2025-08-31 18:32:40,535 - INFO - Comprehensive data extracted for LT
2025-08-31 18:32:40,536 - INFO - Fundamental analysis completed for LT: 58 fields
2025-08-31 18:32:40,561 - INFO - Comprehensive data extracted for BAJFINANCE
2025-08-31 18:32:40,561 - INFO - Fundamental analysis completed for BAJFINANCE: 58 fields
2025-08-31 18:32:40,589 - INFO - Comprehensive data extracted for AXISBANK
2025-08-31 18:32:40,589 - INFO - Fundamental analysis completed for AXISBANK: 58 fields
2025-08-31 18:32:40,712 - INFO - Enhanced technical analysis completed for LT: 52 fields
2025-08-31 18:32:40,796 - INFO - Enhanced technical analysis completed for BAJFINANCE: 52 fields
2025-08-31 18:32:40,855 - INFO - Enhanced technical analysis completed for AXISBANK: 52 fields
2025-08-31 18:32:41,379 - INFO - Comprehensive data extracted for MARUTI
2025-08-31 18:32:41,379 - INFO - Fundamental analysis completed for MARUTI: 58 fields
2025-08-31 18:32:41,458 - INFO - Comprehensive data extracted for ASIANPAINT
2025-08-31 18:32:41,458 - INFO - Fundamental analysis completed for ASIANPAINT: 58 fields
2025-08-31 18:32:41,561 - INFO - Enhanced technical analysis completed for MARUTI: 52 fields
2025-08-31 18:32:41,646 - INFO - Enhanced technical analysis completed for ASIANPAINT: 52 fields
2025-08-31 18:32:47,256 - INFO - Comprehensive data extracted for HCLTECH
2025-08-31 18:32:47,256 - INFO - Fundamental analysis completed for HCLTECH: 58 fields
2025-08-31 18:32:47,279 - INFO - Comprehensive data extracted for ULTRACEMCO
2025-08-31 18:32:47,279 - INFO - Fundamental analysis completed for ULTRACEMCO: 58 fields
2025-08-31 18:32:47,373 - INFO - Comprehensive data extracted for SUNPHARMA
2025-08-31 18:32:47,373 - INFO - Fundamental analysis completed for SUNPHARMA: 58 fields
2025-08-31 18:32:47,469 - INFO - Enhanced technical analysis completed for ULTRACEMCO: 52 fields
2025-08-31 18:32:47,597 - INFO - Enhanced technical analysis completed for HCLTECH: 52 fields
2025-08-31 18:32:47,632 - INFO - Enhanced technical analysis completed for SUNPHARMA: 52 fields
2025-08-31 18:32:48,161 - INFO - Comprehensive data extracted for TITAN
2025-08-31 18:32:48,161 - INFO - Fundamental analysis completed for TITAN: 58 fields
2025-08-31 18:32:48,196 - INFO - Comprehensive data extracted for WIPRO
2025-08-31 18:32:48,196 - INFO - Fundamental analysis completed for WIPRO: 58 fields
2025-08-31 18:32:48,325 - INFO - Enhanced technical analysis completed for TITAN: 52 fields
2025-08-31 18:32:48,515 - INFO - Enhanced technical analysis completed for WIPRO: 52 fields
2025-08-31 18:32:54,128 - INFO - Comprehensive data extracted for BAJAJFINSV
2025-08-31 18:32:54,128 - INFO - Fundamental analysis completed for BAJAJFINSV: 58 fields
2025-08-31 18:32:54,326 - INFO - Comprehensive data extracted for TECHM
2025-08-31 18:32:54,326 - INFO - Enhanced technical analysis completed for BAJAJFINSV: 52 fields
2025-08-31 18:32:54,326 - INFO - Fundamental analysis completed for TECHM: 58 fields
2025-08-31 18:32:54,364 - INFO - Comprehensive data extracted for NESTLEIND
2025-08-31 18:32:54,365 - INFO - Fundamental analysis completed for NESTLEIND: 58 fields
2025-08-31 18:32:54,564 - INFO - Enhanced technical analysis completed for NESTLEIND: 52 fields
2025-08-31 18:32:54,615 - INFO - Enhanced technical analysis completed for TECHM: 52 fields
2025-08-31 18:32:54,873 - INFO - Comprehensive data extracted for POWERGRID
2025-08-31 18:32:54,873 - INFO - Fundamental analysis completed for POWERGRID: 58 fields
2025-08-31 18:32:55,042 - INFO - Enhanced technical analysis completed for POWERGRID: 52 fields
2025-08-31 18:32:55,130 - INFO - Comprehensive data extracted for NTPC
2025-08-31 18:32:55,140 - INFO - Fundamental analysis completed for NTPC: 58 fields
2025-08-31 18:32:55,314 - INFO - Enhanced technical analysis completed for NTPC: 52 fields
2025-08-31 18:33:00,891 - INFO - Comprehensive data extracted for HDFCLIFE
2025-08-31 18:33:00,906 - INFO - Fundamental analysis completed for HDFCLIFE: 58 fields
2025-08-31 18:33:00,946 - INFO - Comprehensive data extracted for TATACONSUM
2025-08-31 18:33:00,947 - INFO - Fundamental analysis completed for TATACONSUM: 58 fields
2025-08-31 18:33:01,061 - INFO - Enhanced technical analysis completed for HDFCLIFE: 52 fields
2025-08-31 18:33:01,076 - INFO - Comprehensive data extracted for DIVISLAB
2025-08-31 18:33:01,076 - INFO - Fundamental analysis completed for DIVISLAB: 58 fields
2025-08-31 18:33:01,156 - INFO - Enhanced technical analysis completed for TATACONSUM: 52 fields
2025-08-31 18:33:01,278 - INFO - Enhanced technical analysis completed for DIVISLAB: 52 fields
2025-08-31 18:33:01,693 - INFO - Comprehensive data extracted for COALINDIA
2025-08-31 18:33:01,693 - INFO - Fundamental analysis completed for COALINDIA: 58 fields
2025-08-31 18:33:01,856 - INFO - Enhanced technical analysis completed for COALINDIA: 52 fields
2025-08-31 18:33:01,884 - INFO - Comprehensive data extracted for TATAMOTORS
2025-08-31 18:33:01,889 - INFO - Fundamental analysis completed for TATAMOTORS: 58 fields
2025-08-31 18:33:02,179 - INFO - Enhanced technical analysis completed for TATAMOTORS: 52 fields
2025-08-31 18:33:07,774 - INFO - Comprehensive data extracted for ADANIGREEN
2025-08-31 18:33:07,774 - INFO - Fundamental analysis completed for ADANIGREEN: 58 fields
2025-08-31 18:33:07,792 - INFO - Comprehensive data extracted for ADANIENT
2025-08-31 18:33:07,799 - INFO - Fundamental analysis completed for ADANIENT: 58 fields
2025-08-31 18:33:07,922 - INFO - Enhanced technical analysis completed for ADANIGREEN: 52 fields
2025-08-31 18:33:07,945 - INFO - Comprehensive data extracted for ADANIPORTS
2025-08-31 18:33:07,946 - INFO - Fundamental analysis completed for ADANIPORTS: 58 fields
2025-08-31 18:33:08,077 - INFO - Enhanced technical analysis completed for ADANIENT: 52 fields
2025-08-31 18:33:08,147 - INFO - Enhanced technical analysis completed for ADANIPORTS: 52 fields
2025-08-31 18:33:08,480 - INFO - Comprehensive data extracted for AMBUJACEM
2025-08-31 18:33:08,480 - INFO - Fundamental analysis completed for AMBUJACEM: 58 fields
2025-08-31 18:33:08,665 - INFO - Enhanced technical analysis completed for AMBUJACEM: 52 fields
2025-08-31 18:33:08,747 - INFO - Comprehensive data extracted for APOLLOHOSP
2025-08-31 18:33:08,751 - INFO - Fundamental analysis completed for APOLLOHOSP: 58 fields
2025-08-31 18:33:08,925 - INFO - Enhanced technical analysis completed for APOLLOHOSP: 52 fields
2025-08-31 18:33:14,507 - INFO - Comprehensive data extracted for BANDHANBNK
2025-08-31 18:33:14,507 - INFO - Fundamental analysis completed for BANDHANBNK: 58 fields
2025-08-31 18:33:14,548 - INFO - Comprehensive data extracted for BAJAJ-AUTO
2025-08-31 18:33:14,548 - INFO - Fundamental analysis completed for BAJAJ-AUTO: 58 fields
2025-08-31 18:33:14,576 - INFO - Comprehensive data extracted for AUROPHARMA
2025-08-31 18:33:14,578 - INFO - Fundamental analysis completed for AUROPHARMA: 58 fields
2025-08-31 18:33:14,661 - INFO - Enhanced technical analysis completed for BANDHANBNK: 52 fields
2025-08-31 18:33:14,765 - INFO - Enhanced technical analysis completed for BAJAJ-AUTO: 52 fields
2025-08-31 18:33:14,823 - INFO - Enhanced technical analysis completed for AUROPHARMA: 52 fields
2025-08-31 18:33:15,273 - INFO - Comprehensive data extracted for BANKBARODA
2025-08-31 18:33:15,273 - INFO - Fundamental analysis completed for BANKBARODA: 58 fields
2025-08-31 18:33:15,448 - INFO - Enhanced technical analysis completed for BANKBARODA: 52 fields
2025-08-31 18:33:15,467 - INFO - Comprehensive data extracted for BERGEPAINT
2025-08-31 18:33:15,467 - INFO - Fundamental analysis completed for BERGEPAINT: 58 fields
2025-08-31 18:33:15,640 - INFO - Enhanced technical analysis completed for BERGEPAINT: 52 fields
2025-08-31 18:33:21,242 - INFO - Comprehensive data extracted for BOSCHLTD
2025-08-31 18:33:21,242 - INFO - Fundamental analysis completed for BOSCHLTD: 58 fields
2025-08-31 18:33:21,263 - INFO - Comprehensive data extracted for BPCL
2025-08-31 18:33:21,263 - INFO - Fundamental analysis completed for BPCL: 58 fields
2025-08-31 18:33:21,480 - INFO - Comprehensive data extracted for BIOCON
2025-08-31 18:33:21,507 - INFO - Fundamental analysis completed for BIOCON: 58 fields
2025-08-31 18:33:21,531 - INFO - Enhanced technical analysis completed for BPCL: 52 fields
2025-08-31 18:33:21,532 - INFO - Enhanced technical analysis completed for BOSCHLTD: 52 fields
2025-08-31 18:33:21,714 - INFO - Enhanced technical analysis completed for BIOCON: 52 fields
2025-08-31 18:33:22,090 - INFO - Comprehensive data extracted for BRITANNIA
2025-08-31 18:33:22,090 - INFO - Fundamental analysis completed for BRITANNIA: 58 fields
2025-08-31 18:33:22,115 - INFO - Comprehensive data extracted for CHOLAFIN
2025-08-31 18:33:22,115 - INFO - Fundamental analysis completed for CHOLAFIN: 58 fields
2025-08-31 18:33:22,377 - INFO - Enhanced technical analysis completed for BRITANNIA: 52 fields
2025-08-31 18:33:22,393 - INFO - Enhanced technical analysis completed for CHOLAFIN: 52 fields
2025-08-31 18:33:27,972 - INFO - Comprehensive data extracted for CIPLA
2025-08-31 18:33:27,973 - INFO - Fundamental analysis completed for CIPLA: 58 fields
2025-08-31 18:33:28,070 - INFO - Comprehensive data extracted for DLF
2025-08-31 18:33:28,071 - INFO - Fundamental analysis completed for DLF: 58 fields
2025-08-31 18:33:28,124 - INFO - Enhanced technical analysis completed for CIPLA: 52 fields
2025-08-31 18:33:28,356 - INFO - Enhanced technical analysis completed for DLF: 52 fields
2025-08-31 18:33:28,359 - INFO - Comprehensive data extracted for COLPAL
2025-08-31 18:33:28,359 - INFO - Fundamental analysis completed for COLPAL: 58 fields
2025-08-31 18:33:28,596 - INFO - Enhanced technical analysis completed for COLPAL: 52 fields
2025-08-31 18:33:28,807 - INFO - Comprehensive data extracted for DABUR
2025-08-31 18:33:28,808 - INFO - Fundamental analysis completed for DABUR: 58 fields
2025-08-31 18:33:28,840 - INFO - Comprehensive data extracted for DMART
2025-08-31 18:33:28,841 - INFO - Fundamental analysis completed for DMART: 58 fields
2025-08-31 18:33:28,949 - INFO - Enhanced technical analysis completed for DMART: 52 fields
2025-08-31 18:33:29,048 - INFO - Enhanced technical analysis completed for DABUR: 52 fields
2025-08-31 18:33:34,724 - INFO - Comprehensive data extracted for DRREDDY
2025-08-31 18:33:34,724 - INFO - Fundamental analysis completed for DRREDDY: 58 fields
2025-08-31 18:33:34,757 - INFO - Comprehensive data extracted for GAIL
2025-08-31 18:33:34,758 - INFO - Fundamental analysis completed for GAIL: 58 fields
2025-08-31 18:33:34,776 - INFO - Comprehensive data extracted for EICHERMOT
2025-08-31 18:33:34,776 - INFO - Fundamental analysis completed for EICHERMOT: 58 fields
2025-08-31 18:33:35,032 - INFO - Enhanced technical analysis completed for GAIL: 52 fields
2025-08-31 18:33:35,180 - INFO - Enhanced technical analysis completed for DRREDDY: 52 fields
2025-08-31 18:33:35,226 - INFO - Enhanced technical analysis completed for EICHERMOT: 52 fields
2025-08-31 18:33:35,575 - INFO - Comprehensive data extracted for GLAND
2025-08-31 18:33:35,575 - INFO - Fundamental analysis completed for GLAND: 58 fields
2025-08-31 18:33:35,681 - INFO - Enhanced technical analysis completed for GLAND: 52 fields
2025-08-31 18:33:35,792 - INFO - Comprehensive data extracted for GODREJCP
2025-08-31 18:33:35,792 - INFO - Fundamental analysis completed for GODREJCP: 58 fields
2025-08-31 18:33:36,035 - INFO - Enhanced technical analysis completed for GODREJCP: 52 fields
2025-08-31 18:33:41,702 - INFO - Comprehensive data extracted for HDFCAMC
2025-08-31 18:33:41,704 - INFO - Fundamental analysis completed for HDFCAMC: 58 fields
2025-08-31 18:33:41,741 - INFO - Comprehensive data extracted for GRASIM
2025-08-31 18:33:41,750 - INFO - Fundamental analysis completed for GRASIM: 58 fields
2025-08-31 18:33:41,759 - INFO - Comprehensive data extracted for HAVELLS
2025-08-31 18:33:41,759 - INFO - Fundamental analysis completed for HAVELLS: 58 fields
2025-08-31 18:33:41,976 - INFO - Enhanced technical analysis completed for HAVELLS: 52 fields
2025-08-31 18:33:41,976 - INFO - Enhanced technical analysis completed for HDFCAMC: 52 fields
2025-08-31 18:33:42,041 - INFO - Enhanced technical analysis completed for GRASIM: 52 fields
2025-08-31 18:33:42,564 - INFO - Comprehensive data extracted for INDIGO
2025-08-31 18:33:42,565 - INFO - Fundamental analysis completed for INDIGO: 58 fields
2025-08-31 18:33:42,665 - INFO - Comprehensive data extracted for HAL
2025-08-31 18:33:42,666 - INFO - Fundamental analysis completed for HAL: 58 fields
2025-08-31 18:33:42,780 - INFO - Enhanced technical analysis completed for INDIGO: 52 fields
2025-08-31 18:33:43,034 - INFO - Enhanced technical analysis completed for HAL: 52 fields
2025-08-31 18:33:48,486 - INFO - Comprehensive data extracted for JINDALSTEL
2025-08-31 18:33:48,486 - INFO - Fundamental analysis completed for JINDALSTEL: 58 fields
2025-08-31 18:33:48,582 - INFO - Comprehensive data extracted for LICI
2025-08-31 18:33:48,582 - INFO - Fundamental analysis completed for LICI: 58 fields
2025-08-31 18:33:48,598 - INFO - Enhanced technical analysis completed for JINDALSTEL: 52 fields
2025-08-31 18:33:48,736 - INFO - Comprehensive data extracted for JUBLFOOD
2025-08-31 18:33:48,736 - INFO - Fundamental analysis completed for JUBLFOOD: 58 fields
2025-08-31 18:33:48,766 - INFO - Enhanced technical analysis completed for LICI: 52 fields
2025-08-31 18:33:48,931 - INFO - Enhanced technical analysis completed for JUBLFOOD: 52 fields
2025-08-31 18:33:49,000 - INFO - Comprehensive data extracted for LUPIN
2025-08-31 18:33:49,000 - INFO - Fundamental analysis completed for LUPIN: 58 fields
2025-08-31 18:33:49,114 - INFO - Enhanced technical analysis completed for LUPIN: 52 fields
2025-08-31 18:33:49,212 - INFO - Comprehensive data extracted for MUTHOOTFIN
2025-08-31 18:33:49,213 - INFO - Fundamental analysis completed for MUTHOOTFIN: 58 fields
2025-08-31 18:33:49,298 - INFO - Enhanced technical analysis completed for MUTHOOTFIN: 52 fields
2025-08-31 18:33:54,760 - INFO - Comprehensive data extracted for NAUKRI
2025-08-31 18:33:54,760 - INFO - Fundamental analysis completed for NAUKRI: 58 fields
2025-08-31 18:33:54,964 - INFO - Comprehensive data extracted for NMDC
2025-08-31 18:33:54,966 - INFO - Fundamental analysis completed for NMDC: 58 fields
2025-08-31 18:33:54,974 - INFO - Enhanced technical analysis completed for NAUKRI: 52 fields
2025-08-31 18:33:55,101 - INFO - Comprehensive data extracted for ONGC
2025-08-31 18:33:55,101 - INFO - Fundamental analysis completed for ONGC: 58 fields
2025-08-31 18:33:55,160 - INFO - Enhanced technical analysis completed for NMDC: 52 fields
2025-08-31 18:33:55,208 - INFO - Enhanced technical analysis completed for ONGC: 52 fields
2025-08-31 18:33:55,531 - INFO - Comprehensive data extracted for PIDILITIND
2025-08-31 18:33:55,531 - INFO - Fundamental analysis completed for PIDILITIND: 58 fields
2025-08-31 18:33:55,545 - INFO - Comprehensive data extracted for SAIL
2025-08-31 18:33:55,545 - INFO - Fundamental analysis completed for SAIL: 58 fields
2025-08-31 18:33:55,755 - INFO - Enhanced technical analysis completed for SAIL: 52 fields
2025-08-31 18:33:55,756 - INFO - Enhanced technical analysis completed for PIDILITIND: 52 fields
2025-08-31 18:34:01,761 - INFO - Comprehensive data extracted for SBICARD
2025-08-31 18:34:01,761 - INFO - Fundamental analysis completed for SBICARD: 58 fields
2025-08-31 18:34:01,797 - INFO - Comprehensive data extracted for SBILIFE
2025-08-31 18:34:01,797 - INFO - Fundamental analysis completed for SBILIFE: 58 fields
2025-08-31 18:34:01,862 - INFO - Comprehensive data extracted for SIEMENS
2025-08-31 18:34:01,862 - INFO - Fundamental analysis completed for SIEMENS: 58 fields
2025-08-31 18:34:02,026 - INFO - Enhanced technical analysis completed for SBICARD: 52 fields
2025-08-31 18:34:02,049 - INFO - Enhanced technical analysis completed for SBILIFE: 52 fields
2025-08-31 18:34:02,133 - INFO - Enhanced technical analysis completed for SIEMENS: 52 fields
2025-08-31 18:34:02,716 - INFO - Comprehensive data extracted for TATACHEM
2025-08-31 18:34:02,716 - INFO - Fundamental analysis completed for TATACHEM: 58 fields
2025-08-31 18:34:02,733 - INFO - Comprehensive data extracted for TATAPOWER
2025-08-31 18:34:02,733 - INFO - Fundamental analysis completed for TATAPOWER: 58 fields
2025-08-31 18:34:02,962 - INFO - Enhanced technical analysis completed for TATAPOWER: 52 fields
2025-08-31 18:34:02,973 - INFO - Enhanced technical analysis completed for TATACHEM: 52 fields
2025-08-31 18:34:08,505 - INFO - Comprehensive data extracted for UPL
2025-08-31 18:34:08,508 - INFO - Fundamental analysis completed for UPL: 58 fields
2025-08-31 18:34:08,649 - INFO - Enhanced technical analysis completed for UPL: 52 fields
2025-08-31 18:34:08,667 - INFO - Comprehensive data extracted for TORNTPHARM
2025-08-31 18:34:08,668 - INFO - Fundamental analysis completed for TORNTPHARM: 58 fields
2025-08-31 18:34:08,693 - INFO - Comprehensive data extracted for FEDERALBNK
2025-08-31 18:34:08,694 - INFO - Fundamental analysis completed for FEDERALBNK: 58 fields
2025-08-31 18:34:08,817 - INFO - Enhanced technical analysis completed for TORNTPHARM: 52 fields
2025-08-31 18:34:08,951 - INFO - Enhanced technical analysis completed for FEDERALBNK: 52 fields
2025-08-31 18:34:09,248 - INFO - Comprehensive data extracted for IDFCFIRSTB
2025-08-31 18:34:09,248 - INFO - Fundamental analysis completed for IDFCFIRSTB: 58 fields
2025-08-31 18:34:09,468 - INFO - Enhanced technical analysis completed for IDFCFIRSTB: 52 fields
2025-08-31 18:34:09,482 - INFO - Comprehensive data extracted for INDUSINDBK
2025-08-31 18:34:09,483 - INFO - Fundamental analysis completed for INDUSINDBK: 58 fields
2025-08-31 18:34:09,622 - INFO - Enhanced technical analysis completed for INDUSINDBK: 52 fields
2025-08-31 18:34:15,321 - INFO - Comprehensive data extracted for PNB
2025-08-31 18:34:15,321 - INFO - Fundamental analysis completed for PNB: 58 fields
2025-08-31 18:34:15,357 - INFO - Comprehensive data extracted for INDIANB
2025-08-31 18:34:15,359 - INFO - Fundamental analysis completed for INDIANB: 58 fields
2025-08-31 18:34:15,402 - INFO - Comprehensive data extracted for CANBK
2025-08-31 18:34:15,402 - INFO - Fundamental analysis completed for CANBK: 58 fields
2025-08-31 18:34:15,560 - INFO - Enhanced technical analysis completed for INDIANB: 52 fields
2025-08-31 18:34:15,651 - INFO - Enhanced technical analysis completed for CANBK: 52 fields
2025-08-31 18:34:15,683 - INFO - Enhanced technical analysis completed for PNB: 52 fields
2025-08-31 18:34:16,128 - INFO - Comprehensive data extracted for UNIONBANK
2025-08-31 18:34:16,128 - INFO - Fundamental analysis completed for UNIONBANK: 58 fields
2025-08-31 18:34:16,460 - INFO - Comprehensive data extracted for JSWSTEEL
2025-08-31 18:34:16,463 - INFO - Fundamental analysis completed for JSWSTEEL: 58 fields
2025-08-31 18:34:16,578 - INFO - Enhanced technical analysis completed for UNIONBANK: 52 fields
2025-08-31 18:34:16,635 - INFO - Enhanced technical analysis completed for JSWSTEEL: 52 fields
2025-08-31 18:34:22,293 - INFO - Comprehensive data extracted for VEDL
2025-08-31 18:34:22,295 - INFO - Fundamental analysis completed for VEDL: 58 fields
2025-08-31 18:34:22,567 - INFO - Comprehensive data extracted for HINDALCO
2025-08-31 18:34:22,613 - INFO - Fundamental analysis completed for HINDALCO: 58 fields
2025-08-31 18:34:22,613 - INFO - Enhanced technical analysis completed for VEDL: 52 fields
2025-08-31 18:34:22,664 - INFO - Comprehensive data extracted for HEROMOTOCO
2025-08-31 18:34:22,664 - INFO - Fundamental analysis completed for HEROMOTOCO: 58 fields
2025-08-31 18:34:22,926 - INFO - Enhanced technical analysis completed for HINDALCO: 52 fields
2025-08-31 18:34:23,094 - INFO - Enhanced technical analysis completed for HEROMOTOCO: 52 fields
2025-08-31 18:34:23,298 - INFO - Comprehensive data extracted for BAJAJHLDNG
2025-08-31 18:34:23,301 - INFO - Fundamental analysis completed for BAJAJHLDNG: 58 fields
2025-08-31 18:34:23,612 - INFO - Enhanced technical analysis completed for BAJAJHLDNG: 52 fields
2025-08-31 18:34:23,732 - INFO - Comprehensive data extracted for SHREECEM
2025-08-31 18:34:23,732 - INFO - Fundamental analysis completed for SHREECEM: 58 fields
2025-08-31 18:34:24,194 - INFO - Enhanced technical analysis completed for SHREECEM: 52 fields
2025-08-31 18:34:29,780 - INFO - Comprehensive data extracted for PRESTIGE
2025-08-31 18:34:29,784 - INFO - Fundamental analysis completed for PRESTIGE: 58 fields
2025-08-31 18:34:29,955 - INFO - Enhanced technical analysis completed for PRESTIGE: 52 fields
2025-08-31 18:34:29,977 - INFO - Comprehensive data extracted for GODREJPROP
2025-08-31 18:34:29,992 - INFO - Fundamental analysis completed for GODREJPROP: 58 fields
2025-08-31 18:34:30,073 - INFO - Comprehensive data extracted for OBEROIRLTY
2025-08-31 18:34:30,080 - INFO - Fundamental analysis completed for OBEROIRLTY: 58 fields
2025-08-31 18:34:30,369 - INFO - Enhanced technical analysis completed for GODREJPROP: 52 fields
2025-08-31 18:34:30,429 - INFO - Enhanced technical analysis completed for OBEROIRLTY: 52 fields
2025-08-31 18:34:30,626 - INFO - Comprehensive data extracted for SOBHA
2025-08-31 18:34:30,626 - INFO - Fundamental analysis completed for SOBHA: 58 fields
2025-08-31 18:34:30,768 - INFO - Enhanced technical analysis completed for SOBHA: 52 fields
2025-08-31 18:34:30,970 - INFO - Comprehensive data extracted for BRIGADE
2025-08-31 18:34:30,970 - INFO - Fundamental analysis completed for BRIGADE: 58 fields
2025-08-31 18:34:31,195 - INFO - Enhanced technical analysis completed for BRIGADE: 52 fields
2025-08-31 18:34:36,771 - INFO - Comprehensive data extracted for MPHASIS
2025-08-31 18:34:36,771 - INFO - Fundamental analysis completed for MPHASIS: 58 fields
2025-08-31 18:34:36,879 - INFO - Comprehensive data extracted for LTIM
2025-08-31 18:34:36,880 - INFO - Fundamental analysis completed for LTIM: 58 fields
2025-08-31 18:34:37,096 - INFO - Enhanced technical analysis completed for LTIM: 52 fields
2025-08-31 18:34:37,164 - INFO - Enhanced technical analysis completed for MPHASIS: 52 fields
2025-08-31 18:34:38,248 - ERROR - $MINDTREE.NS: possibly delisted; no price data found  (period=1y) (Yahoo error = "No data found, symbol may be delisted")
2025-08-31 18:34:38,249 - INFO - Comprehensive data extracted for MINDTREE
2025-08-31 18:34:38,250 - INFO - Fundamental analysis completed for MINDTREE: 53 fields
2025-08-31 18:34:38,411 - INFO - Comprehensive data extracted for PERSISTENT
2025-08-31 18:34:38,425 - INFO - Fundamental analysis completed for PERSISTENT: 58 fields
2025-08-31 18:34:38,425 - INFO - Comprehensive data extracted for COFORGE
2025-08-31 18:34:38,433 - INFO - Fundamental analysis completed for COFORGE: 58 fields
2025-08-31 18:34:38,685 - INFO - Enhanced technical analysis completed for PERSISTENT: 52 fields
2025-08-31 18:34:38,701 - INFO - Enhanced technical analysis completed for COFORGE: 52 fields
2025-08-31 18:34:38,984 - ERROR - $MINDTREE.NS: possibly delisted; no price data found  (period=6mo) (Yahoo error = "No data found, symbol may be delisted")
2025-08-31 18:34:38,986 - WARNING - Enhanced technical analysis failed for MINDTREE
2025-08-31 18:34:39,470 - ERROR - $MINDTREE.NS: possibly delisted; no price data found  (period=1y) (Yahoo error = "No data found, symbol may be delisted")
2025-08-31 18:34:44,913 - INFO - Comprehensive data extracted for FSL
2025-08-31 18:34:44,913 - INFO - Fundamental analysis completed for FSL: 58 fields
2025-08-31 18:34:45,032 - INFO - Comprehensive data extracted for OFSS
2025-08-31 18:34:45,032 - INFO - Fundamental analysis completed for OFSS: 58 fields
2025-08-31 18:34:45,145 - INFO - Comprehensive data extracted for IRCTC
2025-08-31 18:34:45,145 - INFO - Fundamental analysis completed for IRCTC: 58 fields
2025-08-31 18:34:45,145 - INFO - Enhanced technical analysis completed for FSL: 52 fields
2025-08-31 18:34:45,313 - INFO - Enhanced technical analysis completed for OFSS: 52 fields
2025-08-31 18:34:45,313 - INFO - Enhanced technical analysis completed for IRCTC: 52 fields
2025-08-31 18:34:45,632 - ERROR - HTTP Error 404: 
2025-08-31 18:34:46,546 - ERROR - $ZOMATO.NS: possibly delisted; no price data found  (period=1y) (Yahoo error = "No data found, symbol may be delisted")
2025-08-31 18:34:46,546 - INFO - Comprehensive data extracted for ZOMATO
2025-08-31 18:34:46,546 - INFO - Fundamental analysis completed for ZOMATO: 53 fields
2025-08-31 18:34:46,585 - INFO - Comprehensive data extracted for PAYTM
2025-08-31 18:34:46,587 - INFO - Fundamental analysis completed for PAYTM: 58 fields
2025-08-31 18:34:46,686 - INFO - Enhanced technical analysis completed for PAYTM: 52 fields
2025-08-31 18:34:47,047 - ERROR - $ZOMATO.NS: possibly delisted; no price data found  (period=6mo) (Yahoo error = "No data found, symbol may be delisted")
2025-08-31 18:34:47,048 - WARNING - Enhanced technical analysis failed for ZOMATO
2025-08-31 18:34:47,579 - ERROR - $ZOMATO.NS: possibly delisted; no price data found  (period=1y) (Yahoo error = "No data found, symbol may be delisted")
2025-08-31 18:34:53,396 - INFO - Comprehensive data extracted for POLICYBZR
2025-08-31 18:34:53,396 - INFO - Fundamental analysis completed for POLICYBZR: 58 fields
2025-08-31 18:34:53,598 - INFO - Enhanced technical analysis completed for POLICYBZR: 52 fields
2025-08-31 18:34:53,994 - INFO - Comprehensive data extracted for CARTRADE
2025-08-31 18:34:53,994 - INFO - Fundamental analysis completed for CARTRADE: 58 fields
2025-08-31 18:34:53,999 - INFO - Comprehensive data extracted for NYKAA
2025-08-31 18:34:53,999 - INFO - Fundamental analysis completed for NYKAA: 58 fields
2025-08-31 18:34:54,084 - INFO - Comprehensive data extracted for EASEMYTRIP
2025-08-31 18:34:54,085 - INFO - Fundamental analysis completed for EASEMYTRIP: 58 fields
2025-08-31 18:34:54,179 - INFO - Enhanced technical analysis completed for NYKAA: 52 fields
2025-08-31 18:34:54,181 - INFO - Enhanced technical analysis completed for CARTRADE: 52 fields
2025-08-31 18:34:54,314 - INFO - Enhanced technical analysis completed for EASEMYTRIP: 52 fields
2025-08-31 18:34:54,628 - INFO - Comprehensive data extracted for TATASTEEL
2025-08-31 18:34:54,628 - INFO - Fundamental analysis completed for TATASTEEL: 58 fields
2025-08-31 18:34:54,781 - INFO - Enhanced technical analysis completed for TATASTEEL: 52 fields
2025-08-31 18:35:00,339 - INFO - Comprehensive data extracted for JSWENERGY
2025-08-31 18:35:00,339 - INFO - Fundamental analysis completed for JSWENERGY: 58 fields
2025-08-31 18:35:00,370 - INFO - Comprehensive data extracted for ADANIPOWER
2025-08-31 18:35:00,370 - INFO - Fundamental analysis completed for ADANIPOWER: 58 fields
2025-08-31 18:35:00,517 - INFO - Enhanced technical analysis completed for JSWENERGY: 52 fields
2025-08-31 18:35:00,518 - INFO - Enhanced technical analysis completed for ADANIPOWER: 52 fields
2025-08-31 18:35:00,614 - INFO - Comprehensive data extracted for NTPC
2025-08-31 18:35:00,614 - INFO - Fundamental analysis completed for NTPC: 58 fields
2025-08-31 18:35:00,897 - INFO - Enhanced technical analysis completed for NTPC: 52 fields
2025-08-31 18:35:00,946 - INFO - Comprehensive data extracted for BHEL
2025-08-31 18:35:00,946 - INFO - Fundamental analysis completed for BHEL: 58 fields
2025-08-31 18:35:01,083 - INFO - Comprehensive data extracted for SJVN
2025-08-31 18:35:01,084 - INFO - Fundamental analysis completed for SJVN: 58 fields
2025-08-31 18:35:01,201 - INFO - Enhanced technical analysis completed for SJVN: 52 fields
2025-08-31 18:35:01,263 - INFO - Enhanced technical analysis completed for BHEL: 52 fields
2025-08-31 18:35:07,018 - INFO - Comprehensive data extracted for CONCOR
2025-08-31 18:35:07,020 - INFO - Fundamental analysis completed for CONCOR: 58 fields
2025-08-31 18:35:07,079 - INFO - Comprehensive data extracted for IRFC
2025-08-31 18:35:07,079 - INFO - Fundamental analysis completed for IRFC: 58 fields
2025-08-31 18:35:07,152 - INFO - Enhanced technical analysis completed for CONCOR: 52 fields
2025-08-31 18:35:07,385 - INFO - Enhanced technical analysis completed for IRFC: 52 fields
2025-08-31 18:35:07,437 - INFO - Comprehensive data extracted for NHPC
2025-08-31 18:35:07,439 - INFO - Fundamental analysis completed for NHPC: 58 fields
2025-08-31 18:35:07,529 - INFO - Comprehensive data extracted for IRCON
2025-08-31 18:35:07,559 - INFO - Fundamental analysis completed for IRCON: 58 fields
2025-08-31 18:35:07,599 - INFO - Enhanced technical analysis completed for NHPC: 52 fields
2025-08-31 18:35:07,685 - INFO - Enhanced technical analysis completed for IRCON: 52 fields
2025-08-31 18:35:07,964 - INFO - Comprehensive data extracted for RVNL
2025-08-31 18:35:07,964 - INFO - Fundamental analysis completed for RVNL: 58 fields
2025-08-31 18:35:08,079 - INFO - Enhanced technical analysis completed for RVNL: 52 fields
2025-08-31 18:35:13,677 - INFO - Comprehensive data extracted for RITES
2025-08-31 18:35:13,678 - INFO - Fundamental analysis completed for RITES: 58 fields
2025-08-31 18:35:13,794 - INFO - Enhanced technical analysis completed for RITES: 52 fields
2025-08-31 18:35:13,903 - INFO - Comprehensive data extracted for RAILTEL
2025-08-31 18:35:13,911 - INFO - Fundamental analysis completed for RAILTEL: 58 fields
2025-08-31 18:35:14,015 - INFO - Comprehensive data extracted for MAZDOCK
2025-08-31 18:35:14,016 - INFO - Fundamental analysis completed for MAZDOCK: 58 fields
2025-08-31 18:35:14,218 - INFO - Enhanced technical analysis completed for RAILTEL: 52 fields
2025-08-31 18:35:14,335 - INFO - Enhanced technical analysis completed for MAZDOCK: 52 fields
2025-08-31 18:35:14,431 - INFO - Comprehensive data extracted for GRSE
2025-08-31 18:35:14,431 - INFO - Fundamental analysis completed for GRSE: 58 fields
2025-08-31 18:35:14,537 - INFO - Enhanced technical analysis completed for GRSE: 52 fields
2025-08-31 18:35:15,140 - INFO - Comprehensive data extracted for COCHINSHIP
2025-08-31 18:35:15,140 - INFO - Fundamental analysis completed for COCHINSHIP: 58 fields
2025-08-31 18:35:15,430 - INFO - Enhanced technical analysis completed for COCHINSHIP: 52 fields
2025-08-31 18:35:21,030 - INFO - Comprehensive data extracted for BEML
2025-08-31 18:35:21,031 - INFO - Fundamental analysis completed for BEML: 58 fields
2025-08-31 18:35:21,052 - INFO - Comprehensive data extracted for BEL
2025-08-31 18:35:21,052 - INFO - Fundamental analysis completed for BEL: 58 fields
2025-08-31 18:35:21,124 - INFO - Comprehensive data extracted for MIDHANI
2025-08-31 18:35:21,125 - INFO - Fundamental analysis completed for MIDHANI: 58 fields
2025-08-31 18:35:21,235 - INFO - Enhanced technical analysis completed for BEL: 52 fields
2025-08-31 18:35:21,314 - INFO - Enhanced technical analysis completed for MIDHANI: 52 fields
2025-08-31 18:35:21,436 - INFO - Enhanced technical analysis completed for BEML: 52 fields
2025-08-31 18:35:21,905 - ERROR - HTTP Error 404: 
2025-08-31 18:35:22,141 - INFO - Comprehensive data extracted for DCMSHRIRAM
2025-08-31 18:35:22,141 - INFO - Fundamental analysis completed for DCMSHRIRAM: 58 fields
2025-08-31 18:35:22,346 - INFO - Enhanced technical analysis completed for DCMSHRIRAM: 52 fields
2025-08-31 18:35:23,039 - ERROR - $MTAR.NS: possibly delisted; no price data found  (period=1y) (Yahoo error = "No data found, symbol may be delisted")
2025-08-31 18:35:23,041 - INFO - Comprehensive data extracted for MTAR
2025-08-31 18:35:23,041 - INFO - Fundamental analysis completed for MTAR: 53 fields
2025-08-31 18:35:23,517 - ERROR - $MTAR.NS: possibly delisted; no price data found  (period=6mo) (Yahoo error = "No data found, symbol may be delisted")
2025-08-31 18:35:23,519 - WARNING - Enhanced technical analysis failed for MTAR
2025-08-31 18:35:24,077 - ERROR - $MTAR.NS: possibly delisted; no price data found  (period=1y) (Yahoo error = "No data found, symbol may be delisted")
2025-08-31 18:35:29,562 - ERROR - $DEEPAKNI.NS: possibly delisted; no price data found  (period=1y)
2025-08-31 18:35:29,562 - INFO - Comprehensive data extracted for DEEPAKNI
2025-08-31 18:35:29,562 - INFO - Fundamental analysis completed for DEEPAKNI: 53 fields
2025-08-31 18:35:29,644 - INFO - Comprehensive data extracted for GNFC
2025-08-31 18:35:29,645 - INFO - Fundamental analysis completed for GNFC: 58 fields
2025-08-31 18:35:29,668 - INFO - Comprehensive data extracted for GSFC
2025-08-31 18:35:29,668 - INFO - Fundamental analysis completed for GSFC: 58 fields
2025-08-31 18:35:29,669 - ERROR - $DEEPAKNI.NS: possibly delisted; no price data found  (period=6mo)
2025-08-31 18:35:29,671 - WARNING - Enhanced technical analysis failed for DEEPAKNI
2025-08-31 18:35:29,699 - ERROR - $DEEPAKNI.NS: possibly delisted; no price data found  (period=1y)
2025-08-31 18:35:29,836 - INFO - Enhanced technical analysis completed for GNFC: 52 fields
2025-08-31 18:35:29,886 - INFO - Enhanced technical analysis completed for GSFC: 52 fields
2025-08-31 18:35:30,206 - INFO - Comprehensive data extracted for FACT
2025-08-31 18:35:30,206 - INFO - Fundamental analysis completed for FACT: 58 fields
2025-08-31 18:35:30,387 - INFO - Enhanced technical analysis completed for FACT: 52 fields
2025-08-31 18:35:30,412 - INFO - Comprehensive data extracted for RCF
2025-08-31 18:35:30,414 - INFO - Fundamental analysis completed for RCF: 58 fields
2025-08-31 18:35:30,601 - INFO - Enhanced technical analysis completed for RCF: 52 fields
2025-08-31 18:35:36,226 - INFO - Comprehensive data extracted for CHAMBLFERT
2025-08-31 18:35:36,232 - INFO - Fundamental analysis completed for CHAMBLFERT: 58 fields
2025-08-31 18:35:36,247 - INFO - Comprehensive data extracted for NFL
2025-08-31 18:35:36,247 - INFO - Fundamental analysis completed for NFL: 58 fields
2025-08-31 18:35:36,436 - INFO - Comprehensive data extracted for COROMANDEL
2025-08-31 18:35:36,436 - INFO - Enhanced technical analysis completed for NFL: 52 fields
2025-08-31 18:35:36,453 - INFO - Fundamental analysis completed for COROMANDEL: 58 fields
2025-08-31 18:35:36,497 - INFO - Enhanced technical analysis completed for CHAMBLFERT: 52 fields
2025-08-31 18:35:36,767 - INFO - Enhanced technical analysis completed for COROMANDEL: 52 fields
2025-08-31 18:35:37,029 - ERROR - HTTP Error 404: 
2025-08-31 18:35:37,261 - INFO - Comprehensive data extracted for MADHUCON
2025-08-31 18:35:37,261 - INFO - Fundamental analysis completed for MADHUCON: 58 fields
2025-08-31 18:35:37,417 - INFO - Enhanced technical analysis completed for MADHUCON: 52 fields
2025-08-31 18:35:38,177 - ERROR - $KRIBHCO.NS: possibly delisted; no price data found  (period=1y) (Yahoo error = "No data found, symbol may be delisted")
2025-08-31 18:35:38,179 - INFO - Comprehensive data extracted for KRIBHCO
2025-08-31 18:35:38,180 - INFO - Fundamental analysis completed for KRIBHCO: 53 fields
2025-08-31 18:35:38,669 - ERROR - $KRIBHCO.NS: possibly delisted; no price data found  (period=6mo) (Yahoo error = "No data found, symbol may be delisted")
2025-08-31 18:35:38,671 - WARNING - Enhanced technical analysis failed for KRIBHCO
2025-08-31 18:35:39,143 - ERROR - $KRIBHCO.NS: possibly delisted; no price data found  (period=1y) (Yahoo error = "No data found, symbol may be delisted")
2025-08-31 18:35:44,670 - INFO - Comprehensive data extracted for AAVAS
2025-08-31 18:35:44,675 - INFO - Fundamental analysis completed for AAVAS: 58 fields
2025-08-31 18:35:44,705 - INFO - Comprehensive data extracted for GPIL
2025-08-31 18:35:44,713 - INFO - Fundamental analysis completed for GPIL: 58 fields
2025-08-31 18:35:44,728 - INFO - Comprehensive data extracted for SRF
2025-08-31 18:35:44,730 - INFO - Fundamental analysis completed for SRF: 58 fields
2025-08-31 18:35:44,819 - INFO - Enhanced technical analysis completed for AAVAS: 52 fields
2025-08-31 18:35:44,979 - INFO - Enhanced technical analysis completed for GPIL: 52 fields
2025-08-31 18:35:44,981 - INFO - Enhanced technical analysis completed for SRF: 52 fields
2025-08-31 18:35:45,389 - INFO - Comprehensive data extracted for HOMEFIRST
2025-08-31 18:35:45,403 - INFO - Fundamental analysis completed for HOMEFIRST: 58 fields
2025-08-31 18:35:45,496 - INFO - Comprehensive data extracted for CANFINHOME
2025-08-31 18:35:45,496 - INFO - Fundamental analysis completed for CANFINHOME: 58 fields
2025-08-31 18:35:45,554 - INFO - Enhanced technical analysis completed for HOMEFIRST: 52 fields
2025-08-31 18:35:45,685 - INFO - Enhanced technical analysis completed for CANFINHOME: 52 fields
2025-08-31 18:35:57,747 - ERROR - HTTP Error 404: 
2025-08-31 18:35:58,190 - INFO - Comprehensive data extracted for LICHSGFIN
2025-08-31 18:35:58,191 - INFO - Fundamental analysis completed for LICHSGFIN: 58 fields
2025-08-31 18:35:58,196 - INFO - Comprehensive data extracted for SHRIRAMFIN
2025-08-31 18:35:58,196 - INFO - Fundamental analysis completed for SHRIRAMFIN: 58 fields
2025-08-31 18:35:58,803 - INFO - Enhanced technical analysis completed for SHRIRAMFIN: 52 fields
2025-08-31 18:35:58,815 - INFO - Enhanced technical analysis completed for LICHSGFIN: 52 fields
2025-08-31 18:35:59,387 - ERROR - HTTP Error 404: 
2025-08-31 18:35:59,388 - ERROR - $REPCO.NS: possibly delisted; no price data found  (period=1y) (Yahoo error = "No data found, symbol may be delisted")
2025-08-31 18:35:59,389 - INFO - Comprehensive data extracted for REPCO
2025-08-31 18:35:59,389 - INFO - Fundamental analysis completed for REPCO: 53 fields
2025-08-31 18:35:59,832 - ERROR - $REPCO.NS: possibly delisted; no price data found  (period=6mo) (Yahoo error = "No data found, symbol may be delisted")
2025-08-31 18:35:59,832 - WARNING - Enhanced technical analysis failed for REPCO
2025-08-31 18:35:59,884 - INFO - Comprehensive data extracted for SWANENERGY
2025-08-31 18:35:59,884 - INFO - Fundamental analysis completed for SWANENERGY: 58 fields
2025-08-31 18:36:00,130 - INFO - Enhanced technical analysis completed for SWANENERGY: 52 fields
2025-08-31 18:36:00,297 - ERROR - $REPCO.NS: possibly delisted; no price data found  (period=1y) (Yahoo error = "No data found, symbol may be delisted")
2025-08-31 18:36:00,784 - ERROR - $MMFIN.NS: possibly delisted; no price data found  (period=1y) (Yahoo error = "No data found, symbol may be delisted")
2025-08-31 18:36:00,784 - INFO - Comprehensive data extracted for MMFIN
2025-08-31 18:36:00,784 - INFO - Fundamental analysis completed for MMFIN: 53 fields
2025-08-31 18:36:01,262 - ERROR - $MMFIN.NS: possibly delisted; no price data found  (period=6mo) (Yahoo error = "No data found, symbol may be delisted")
2025-08-31 18:36:01,262 - WARNING - Enhanced technical analysis failed for MMFIN
2025-08-31 18:36:01,852 - ERROR - $MMFIN.NS: possibly delisted; no price data found  (period=1y) (Yahoo error = "No data found, symbol may be delisted")
2025-08-31 18:36:07,413 - INFO - Comprehensive data extracted for ORIENTELEC
2025-08-31 18:36:07,415 - INFO - Comprehensive data extracted for RPOWER
2025-08-31 18:36:07,416 - INFO - Fundamental analysis completed for ORIENTELEC: 58 fields
2025-08-31 18:36:07,416 - INFO - Fundamental analysis completed for RPOWER: 58 fields
2025-08-31 18:36:07,548 - INFO - Enhanced technical analysis completed for RPOWER: 52 fields
2025-08-31 18:36:07,603 - INFO - Comprehensive data extracted for SUZLON
2025-08-31 18:36:07,610 - INFO - Fundamental analysis completed for SUZLON: 58 fields
2025-08-31 18:36:07,639 - INFO - Enhanced technical analysis completed for ORIENTELEC: 52 fields
2025-08-31 18:36:07,770 - INFO - Enhanced technical analysis completed for SUZLON: 52 fields
2025-08-31 18:36:08,189 - INFO - Comprehensive data extracted for POLYCAB
2025-08-31 18:36:08,189 - INFO - Fundamental analysis completed for POLYCAB: 58 fields
2025-08-31 18:36:08,228 - INFO - Comprehensive data extracted for KEI
2025-08-31 18:36:08,230 - INFO - Fundamental analysis completed for KEI: 58 fields
2025-08-31 18:36:08,358 - INFO - Enhanced technical analysis completed for POLYCAB: 52 fields
2025-08-31 18:36:08,405 - INFO - Enhanced technical analysis completed for KEI: 52 fields
2025-08-31 18:36:13,935 - INFO - Comprehensive data extracted for CROMPTON
2025-08-31 18:36:13,945 - INFO - Comprehensive data extracted for HAVELLS
2025-08-31 18:36:13,945 - INFO - Fundamental analysis completed for CROMPTON: 58 fields
2025-08-31 18:36:13,949 - INFO - Fundamental analysis completed for HAVELLS: 58 fields
2025-08-31 18:36:14,046 - INFO - Comprehensive data extracted for VGUARD
2025-08-31 18:36:14,049 - INFO - Fundamental analysis completed for VGUARD: 58 fields
2025-08-31 18:36:14,198 - INFO - Enhanced technical analysis completed for CROMPTON: 52 fields
2025-08-31 18:36:14,235 - INFO - Enhanced technical analysis completed for HAVELLS: 52 fields
2025-08-31 18:36:14,315 - INFO - Enhanced technical analysis completed for VGUARD: 52 fields
2025-08-31 18:36:14,822 - INFO - Comprehensive data extracted for BLUESTARCO
2025-08-31 18:36:14,823 - INFO - Fundamental analysis completed for BLUESTARCO: 58 fields
2025-08-31 18:36:14,930 - INFO - Comprehensive data extracted for SYMPHONY
2025-08-31 18:36:14,930 - INFO - Fundamental analysis completed for SYMPHONY: 58 fields
2025-08-31 18:36:15,100 - INFO - Enhanced technical analysis completed for SYMPHONY: 52 fields
2025-08-31 18:36:15,119 - INFO - Enhanced technical analysis completed for BLUESTARCO: 52 fields
2025-08-31 18:36:20,522 - INFO - Comprehensive data extracted for WHIRLPOOL
2025-08-31 18:36:20,523 - INFO - Fundamental analysis completed for WHIRLPOOL: 58 fields
2025-08-31 18:36:20,747 - INFO - Enhanced technical analysis completed for WHIRLPOOL: 52 fields
2025-08-31 18:36:20,764 - INFO - Comprehensive data extracted for VOLTAS
2025-08-31 18:36:20,768 - INFO - Fundamental analysis completed for VOLTAS: 58 fields
2025-08-31 18:36:20,865 - INFO - Comprehensive data extracted for RAJESHEXPO
2025-08-31 18:36:20,865 - INFO - Fundamental analysis completed for RAJESHEXPO: 58 fields
2025-08-31 18:36:20,985 - INFO - Enhanced technical analysis completed for RAJESHEXPO: 52 fields
2025-08-31 18:36:21,049 - INFO - Enhanced technical analysis completed for VOLTAS: 52 fields
2025-08-31 18:36:22,264 - INFO - Comprehensive data extracted for THERMAX
2025-08-31 18:36:22,266 - INFO - Fundamental analysis completed for THERMAX: 58 fields
2025-08-31 18:36:22,288 - ERROR - $KALPATPOWR.NS: possibly delisted; no price data found  (period=1y) (Yahoo error = "No data found, symbol may be delisted")
2025-08-31 18:36:22,288 - INFO - Comprehensive data extracted for KALPATPOWR
2025-08-31 18:36:22,288 - INFO - Fundamental analysis completed for KALPATPOWR: 53 fields
2025-08-31 18:36:22,399 - INFO - Enhanced technical analysis completed for THERMAX: 52 fields
2025-08-31 18:36:22,829 - ERROR - $KALPATPOWR.NS: possibly delisted; no price data found  (period=6mo) (Yahoo error = "No data found, symbol may be delisted")
2025-08-31 18:36:22,846 - WARNING - Enhanced technical analysis failed for KALPATPOWR
2025-08-31 18:36:23,605 - ERROR - $KALPATPOWR.NS: possibly delisted; no price data found  (period=1y) (Yahoo error = "No data found, symbol may be delisted")
2025-08-31 18:36:28,992 - INFO - Comprehensive data extracted for KIRLOSENG
2025-08-31 18:36:28,992 - INFO - Fundamental analysis completed for KIRLOSENG: 58 fields
2025-08-31 18:36:29,122 - INFO - Enhanced technical analysis completed for KIRLOSENG: 52 fields
2025-08-31 18:36:29,435 - INFO - Comprehensive data extracted for CUMMINSIND
2025-08-31 18:36:29,436 - INFO - Fundamental analysis completed for CUMMINSIND: 58 fields
2025-08-31 18:36:29,570 - INFO - Enhanced technical analysis completed for CUMMINSIND: 52 fields
2025-08-31 18:36:29,914 - INFO - Comprehensive data extracted for MOTHERSON
2025-08-31 18:36:29,914 - INFO - Fundamental analysis completed for MOTHERSON: 58 fields
2025-08-31 18:36:30,088 - INFO - Enhanced technical analysis completed for MOTHERSON: 52 fields
2025-08-31 18:36:30,090 - ERROR - $MAHINDCIE.NS: possibly delisted; no price data found  (period=1y) (Yahoo error = "No data found, symbol may be delisted")
2025-08-31 18:36:30,090 - INFO - Comprehensive data extracted for MAHINDCIE
2025-08-31 18:36:30,090 - INFO - Fundamental analysis completed for MAHINDCIE: 53 fields
2025-08-31 18:36:30,360 - INFO - Comprehensive data extracted for RAMCOCEM
2025-08-31 18:36:30,362 - INFO - Fundamental analysis completed for RAMCOCEM: 58 fields
2025-08-31 18:36:30,722 - ERROR - $MAHINDCIE.NS: possibly delisted; no price data found  (period=6mo) (Yahoo error = "No data found, symbol may be delisted")
2025-08-31 18:36:30,724 - WARNING - Enhanced technical analysis failed for MAHINDCIE
2025-08-31 18:36:30,918 - INFO - Enhanced technical analysis completed for RAMCOCEM: 52 fields
2025-08-31 18:36:31,367 - ERROR - $MAHINDCIE.NS: possibly delisted; no price data found  (period=1y) (Yahoo error = "No data found, symbol may be delisted")
2025-08-31 18:36:37,024 - ERROR - HTTP Error 404: 
2025-08-31 18:36:37,178 - INFO - Comprehensive data extracted for JKCEMENT
2025-08-31 18:36:37,178 - INFO - Fundamental analysis completed for JKCEMENT: 58 fields
2025-08-31 18:36:37,414 - INFO - Enhanced technical analysis completed for JKCEMENT: 52 fields
2025-08-31 18:36:37,605 - INFO - Comprehensive data extracted for HEIDELBERG
2025-08-31 18:36:37,606 - INFO - Fundamental analysis completed for HEIDELBERG: 58 fields
2025-08-31 18:36:37,794 - ERROR - HTTP Error 404: 
2025-08-31 18:36:37,964 - INFO - Enhanced technical analysis completed for HEIDELBERG: 52 fields
2025-08-31 18:36:38,343 - ERROR - $AMBUJACEMENT.NS: possibly delisted; no price data found  (period=1y) (Yahoo error = "No data found, symbol may be delisted")
2025-08-31 18:36:38,344 - INFO - Comprehensive data extracted for AMBUJACEMENT
2025-08-31 18:36:38,345 - INFO - Fundamental analysis completed for AMBUJACEMENT: 53 fields
2025-08-31 18:36:38,898 - ERROR - $PRISMCEMENT.NS: possibly delisted; no price data found  (period=1y) (Yahoo error = "No data found, symbol may be delisted")
2025-08-31 18:36:38,898 - INFO - Comprehensive data extracted for PRISMCEMENT
2025-08-31 18:36:38,898 - INFO - Fundamental analysis completed for PRISMCEMENT: 53 fields
2025-08-31 18:36:38,930 - ERROR - $AMBUJACEMENT.NS: possibly delisted; no price data found  (period=6mo) (Yahoo error = "No data found, symbol may be delisted")
2025-08-31 18:36:38,954 - INFO - Comprehensive data extracted for ORIENTCEM
2025-08-31 18:36:38,954 - WARNING - Enhanced technical analysis failed for AMBUJACEMENT
2025-08-31 18:36:38,954 - INFO - Fundamental analysis completed for ORIENTCEM: 58 fields
2025-08-31 18:36:39,247 - ERROR - $PRISMCEMENT.NS: possibly delisted; no price data found  (period=6mo) (Yahoo error = "No data found, symbol may be delisted")
2025-08-31 18:36:39,247 - WARNING - Enhanced technical analysis failed for PRISMCEMENT
2025-08-31 18:36:39,403 - INFO - Enhanced technical analysis completed for ORIENTCEM: 52 fields
2025-08-31 18:36:39,740 - ERROR - $AMBUJACEMENT.NS: possibly delisted; no price data found  (period=1y) (Yahoo error = "No data found, symbol may be delisted")
2025-08-31 18:36:39,741 - ERROR - $PRISMCEMENT.NS: possibly delisted; no price data found  (period=1y) (Yahoo error = "No data found, symbol may be delisted")
2025-08-31 18:36:45,355 - ERROR - HTTP Error 404: 
2025-08-31 18:36:45,447 - INFO - Comprehensive data extracted for PAGEIND
2025-08-31 18:36:45,447 - INFO - Fundamental analysis completed for PAGEIND: 58 fields
2025-08-31 18:36:45,550 - INFO - Comprehensive data extracted for MARICO
2025-08-31 18:36:45,564 - INFO - Fundamental analysis completed for MARICO: 58 fields
2025-08-31 18:36:45,599 - INFO - Enhanced technical analysis completed for PAGEIND: 52 fields
2025-08-31 18:36:45,917 - INFO - Enhanced technical analysis completed for MARICO: 52 fields
2025-08-31 18:36:46,321 - ERROR - $DALMIACEMT.NS: possibly delisted; no price data found  (period=1y) (Yahoo error = "No data found, symbol may be delisted")
2025-08-31 18:36:46,330 - INFO - Comprehensive data extracted for DALMIACEMT
2025-08-31 18:36:46,330 - INFO - Fundamental analysis completed for DALMIACEMT: 53 fields
2025-08-31 18:36:46,679 - INFO - Comprehensive data extracted for VBL
2025-08-31 18:36:46,679 - INFO - Fundamental analysis completed for VBL: 58 fields
2025-08-31 18:36:46,855 - INFO - Enhanced technical analysis completed for VBL: 52 fields
2025-08-31 18:36:46,898 - ERROR - $DALMIACEMT.NS: possibly delisted; no price data found  (period=6mo) (Yahoo error = "No data found, symbol may be delisted")
2025-08-31 18:36:46,898 - WARNING - Enhanced technical analysis failed for DALMIACEMT
2025-08-31 18:36:47,164 - INFO - Comprehensive data extracted for GODREJIND
2025-08-31 18:36:47,164 - INFO - Fundamental analysis completed for GODREJIND: 58 fields
2025-08-31 18:36:47,445 - INFO - Enhanced technical analysis completed for GODREJIND: 52 fields
2025-08-31 18:36:47,481 - ERROR - $DALMIACEMT.NS: possibly delisted; no price data found  (period=1y) (Yahoo error = "No data found, symbol may be delisted")
2025-08-31 18:36:53,025 - INFO - Comprehensive data extracted for RADICO
2025-08-31 18:36:53,026 - INFO - Fundamental analysis completed for RADICO: 58 fields
2025-08-31 18:36:53,054 - ERROR - HTTP Error 404: 
2025-08-31 18:36:53,153 - INFO - Enhanced technical analysis completed for RADICO: 52 fields
2025-08-31 18:36:53,221 - INFO - Comprehensive data extracted for UBL
2025-08-31 18:36:53,221 - INFO - Fundamental analysis completed for UBL: 58 fields
2025-08-31 18:36:53,453 - INFO - Enhanced technical analysis completed for UBL: 52 fields
2025-08-31 18:36:54,416 - ERROR - $MCDOWELL.NS: possibly delisted; no price data found  (period=1y) (Yahoo error = "No data found, symbol may be delisted")
2025-08-31 18:36:54,416 - INFO - Comprehensive data extracted for MCDOWELL
2025-08-31 18:36:54,416 - INFO - Fundamental analysis completed for MCDOWELL: 53 fields
2025-08-31 18:36:54,469 - INFO - Comprehensive data extracted for VSTIND
2025-08-31 18:36:54,470 - INFO - Fundamental analysis completed for VSTIND: 58 fields
2025-08-31 18:36:54,598 - INFO - Enhanced technical analysis completed for VSTIND: 52 fields
2025-08-31 18:36:54,936 - ERROR - $MCDOWELL.NS: possibly delisted; no price data found  (period=6mo) (Yahoo error = "No data found, symbol may be delisted")
2025-08-31 18:36:54,948 - WARNING - Enhanced technical analysis failed for MCDOWELL
2025-08-31 18:36:55,047 - INFO - Comprehensive data extracted for GODFRYPHLP
2025-08-31 18:36:55,047 - INFO - Fundamental analysis completed for GODFRYPHLP: 58 fields
2025-08-31 18:36:55,353 - ERROR - $MCDOWELL.NS: possibly delisted; no price data found  (period=1y) (Yahoo error = "No data found, symbol may be delisted")
2025-08-31 18:36:55,432 - INFO - Enhanced technical analysis completed for GODFRYPHLP: 52 fields
2025-08-31 18:37:01,722 - INFO - Comprehensive data extracted for ASTRAZEN
2025-08-31 18:37:01,722 - INFO - Fundamental analysis completed for ASTRAZEN: 58 fields
2025-08-31 18:37:01,949 - INFO - Enhanced technical analysis completed for ASTRAZEN: 52 fields
2025-08-31 18:37:02,017 - INFO - Comprehensive data extracted for ABBOTINDIA
2025-08-31 18:37:02,021 - INFO - Fundamental analysis completed for ABBOTINDIA: 58 fields
2025-08-31 18:37:02,147 - INFO - Enhanced technical analysis completed for ABBOTINDIA: 52 fields
2025-08-31 18:37:05,100 - ERROR - HTTP Error 404: 
2025-08-31 18:37:05,416 - INFO - Comprehensive data extracted for PFIZER
2025-08-31 18:37:05,416 - INFO - Fundamental analysis completed for PFIZER: 58 fields
2025-08-31 18:37:05,685 - INFO - Enhanced technical analysis completed for PFIZER: 52 fields
2025-08-31 18:37:06,446 - ERROR - $NOVARTIS.NS: possibly delisted; no price data found  (period=1y) (Yahoo error = "No data found, symbol may be delisted")
2025-08-31 18:37:06,446 - INFO - Comprehensive data extracted for NOVARTIS
2025-08-31 18:37:06,446 - INFO - Fundamental analysis completed for NOVARTIS: 53 fields
2025-08-31 18:37:06,914 - ERROR - $NOVARTIS.NS: possibly delisted; no price data found  (period=6mo) (Yahoo error = "No data found, symbol may be delisted")
2025-08-31 18:37:06,914 - WARNING - Enhanced technical analysis failed for NOVARTIS
2025-08-31 18:37:07,408 - ERROR - $NOVARTIS.NS: possibly delisted; no price data found  (period=1y) (Yahoo error = "No data found, symbol may be delisted")
2025-08-31 18:37:08,216 - INFO - Comprehensive data extracted for HONAUT
2025-08-31 18:37:08,216 - INFO - Fundamental analysis completed for HONAUT: 58 fields
2025-08-31 18:37:08,465 - INFO - Enhanced technical analysis completed for HONAUT: 52 fields
2025-08-31 18:37:14,019 - ERROR - $IPCA.NS: possibly delisted; no price data found  (period=1y)
2025-08-31 18:37:14,020 - INFO - Comprehensive data extracted for IPCA
2025-08-31 18:37:14,020 - INFO - Fundamental analysis completed for IPCA: 53 fields
2025-08-31 18:37:14,066 - INFO - Comprehensive data extracted for SANOFI
2025-08-31 18:37:14,066 - INFO - Fundamental analysis completed for SANOFI: 58 fields
2025-08-31 18:37:14,131 - ERROR - $IPCA.NS: possibly delisted; no price data found  (period=6mo)
2025-08-31 18:37:14,133 - WARNING - Enhanced technical analysis failed for IPCA
2025-08-31 18:37:14,156 - ERROR - $IPCA.NS: possibly delisted; no price data found  (period=1y)
2025-08-31 18:37:14,189 - INFO - Comprehensive data extracted for GLAXO
2025-08-31 18:37:14,189 - INFO - Fundamental analysis completed for GLAXO: 58 fields
2025-08-31 18:37:14,284 - INFO - Enhanced technical analysis completed for SANOFI: 52 fields
2025-08-31 18:37:14,400 - INFO - Enhanced technical analysis completed for GLAXO: 52 fields
2025-08-31 18:37:14,731 - INFO - Comprehensive data extracted for ALKEM
2025-08-31 18:37:14,731 - INFO - Fundamental analysis completed for ALKEM: 58 fields
2025-08-31 18:37:14,888 - INFO - Enhanced technical analysis completed for ALKEM: 52 fields
2025-08-31 18:37:15,111 - INFO - Comprehensive data extracted for LALPATHLAB
2025-08-31 18:37:15,111 - INFO - Fundamental analysis completed for LALPATHLAB: 58 fields
2025-08-31 18:37:15,269 - INFO - Enhanced technical analysis completed for LALPATHLAB: 52 fields
2025-08-31 18:37:20,905 - INFO - Comprehensive data extracted for KRBL
2025-08-31 18:37:20,905 - INFO - Fundamental analysis completed for KRBL: 58 fields
2025-08-31 18:37:20,988 - INFO - Comprehensive data extracted for THYROCARE
2025-08-31 18:37:20,989 - INFO - Fundamental analysis completed for THYROCARE: 58 fields
2025-08-31 18:37:21,022 - INFO - Comprehensive data extracted for METROPOLIS
2025-08-31 18:37:21,022 - INFO - Fundamental analysis completed for METROPOLIS: 58 fields
2025-08-31 18:37:21,090 - INFO - Enhanced technical analysis completed for KRBL: 52 fields
2025-08-31 18:37:21,139 - INFO - Enhanced technical analysis completed for THYROCARE: 52 fields
2025-08-31 18:37:21,233 - INFO - Enhanced technical analysis completed for METROPOLIS: 52 fields
2025-08-31 18:37:21,716 - INFO - Comprehensive data extracted for ANDHRSUGAR
2025-08-31 18:37:21,716 - INFO - Fundamental analysis completed for ANDHRSUGAR: 58 fields
2025-08-31 18:37:21,732 - INFO - Comprehensive data extracted for BALRAMCHIN
2025-08-31 18:37:21,732 - INFO - Fundamental analysis completed for BALRAMCHIN: 58 fields
2025-08-31 18:37:21,921 - INFO - Enhanced technical analysis completed for ANDHRSUGAR: 52 fields
2025-08-31 18:37:21,949 - INFO - Enhanced technical analysis completed for BALRAMCHIN: 52 fields
2025-08-31 18:37:22,040 - INFO - Batch analysis completed: 200 results, 0 failures
2025-08-31 18:37:27,366 - INFO - Comprehensive Excel report saved: reports\Stock_Report_2025-08-31.xlsx
2025-08-31 18:37:27,368 - INFO - Excel report generated: reports\Stock_Report_2025-08-31.xlsx, Size: 377033 bytes
