2025-09-19 12:00:57,886 - INFO - Dynamic NSE Stock Analysis Initialized
2025-09-19 12:00:57,889 - INFO - Risk profile set to: moderate
2025-09-19 12:00:57,889 - INFO - Using default stock list from stock_list_template.csv
2025-09-19 12:00:57,890 - INFO - Loading stocks from CSV: stock_list_template.csv
2025-09-19 12:00:57,897 - INFO - Loaded 200 stocks with company names
2025-09-19 12:00:57,897 - INFO - Sample stocks: ABB, ACC, APLAPOLLO, AUBANK, ADANIENSOL
2025-09-19 12:00:57,905 - INFO - Starting batch analysis of 10 stocks
2025-09-19 12:00:59,622 - INFO - Comprehensive data extracted for ABB
2025-09-19 12:00:59,630 - INFO - Fundamental analysis completed for ABB: 58 fields
2025-09-19 12:00:59,771 - INFO - Enhanced technical analysis completed for ABB: 52 fields
2025-09-19 12:00:59,832 - INFO - Completed analysis for ABB: Score=50.5, Recommendation=HOLD
2025-09-19 12:01:00,294 - INFO - Comprehensive data extracted for ACC
2025-09-19 12:01:00,294 - INFO - Fundamental analysis completed for ACC: 58 fields
2025-09-19 12:01:00,708 - INFO - Comprehensive data extracted for APLAPOLLO
2025-09-19 12:01:00,708 - INFO - Fundamental analysis completed for APLAPOLLO: 58 fields
2025-09-19 12:01:00,788 - INFO - Comprehensive data extracted for AUBANK
2025-09-19 12:01:00,792 - INFO - Fundamental analysis completed for AUBANK: 58 fields
2025-09-19 12:01:00,826 - INFO - Enhanced technical analysis completed for ACC: 52 fields
2025-09-19 12:01:00,980 - INFO - Enhanced technical analysis completed for APLAPOLLO: 52 fields
2025-09-19 12:01:00,991 - INFO - Completed analysis for ACC: Score=60.8, Recommendation=BUY (VALUE)
2025-09-19 12:01:01,042 - INFO - Completed analysis for APLAPOLLO: Score=31.9, Recommendation=SELL
2025-09-19 12:01:01,545 - INFO - Enhanced technical analysis completed for AUBANK: 52 fields
2025-09-19 12:01:01,589 - INFO - Completed analysis for AUBANK: Score=70.2, Recommendation=STRONG BUY
2025-09-19 12:01:02,145 - INFO - Comprehensive data extracted for ADANIENSOL
2025-09-19 12:01:02,147 - INFO - Fundamental analysis completed for ADANIENSOL: 58 fields
2025-09-19 12:01:03,501 - INFO - Enhanced technical analysis completed for ADANIENSOL: 52 fields
2025-09-19 12:01:03,559 - INFO - Completed analysis for ADANIENSOL: Score=30.2, Recommendation=SELL
2025-09-19 12:01:09,118 - INFO - Comprehensive data extracted for ADANIPORTS
2025-09-19 12:01:09,126 - INFO - Fundamental analysis completed for ADANIPORTS: 58 fields
2025-09-19 12:01:09,273 - INFO - Comprehensive data extracted for ADANIGREEN
2025-09-19 12:01:09,288 - INFO - Fundamental analysis completed for ADANIGREEN: 58 fields
2025-09-19 12:01:09,316 - INFO - Enhanced technical analysis completed for ADANIPORTS: 52 fields
2025-09-19 12:01:09,372 - INFO - Completed analysis for ADANIPORTS: Score=45.5, Recommendation=WEAK SELL
2025-09-19 12:01:09,504 - INFO - Enhanced technical analysis completed for ADANIGREEN: 52 fields
2025-09-19 12:01:09,541 - INFO - Comprehensive data extracted for ADANIENT
2025-09-19 12:01:09,541 - INFO - Fundamental analysis completed for ADANIENT: 58 fields
2025-09-19 12:01:09,576 - INFO - Completed analysis for ADANIGREEN: Score=37.0, Recommendation=SELL
2025-09-19 12:01:10,004 - INFO - Enhanced technical analysis completed for ADANIENT: 52 fields
2025-09-19 12:01:10,060 - INFO - Completed analysis for ADANIENT: Score=28.6, Recommendation=SELL
2025-09-19 12:01:10,088 - INFO - Comprehensive data extracted for ADANIPOWER
2025-09-19 12:01:10,089 - INFO - Fundamental analysis completed for ADANIPOWER: 58 fields
2025-09-19 12:01:10,569 - INFO - Enhanced technical analysis completed for ADANIPOWER: 52 fields
2025-09-19 12:01:10,606 - INFO - Completed analysis for ADANIPOWER: Score=31.3, Recommendation=SELL
2025-09-19 12:01:11,249 - INFO - Comprehensive data extracted for ATGL
2025-09-19 12:01:11,252 - INFO - Fundamental analysis completed for ATGL: 58 fields
2025-09-19 12:01:11,505 - INFO - Enhanced technical analysis completed for ATGL: 52 fields
2025-09-19 12:01:11,571 - INFO - Completed analysis for ATGL: Score=36.0, Recommendation=SELL
2025-09-19 12:01:11,589 - INFO - Batch analysis completed: 10 results, 0 failures
2025-09-19 12:01:11,627 - INFO - Calculated sector rankings for 5 sectors
2025-09-19 12:01:16,253 - INFO - Completed risk-return analysis
2025-09-19 12:01:16,274 - INFO - Generated portfolio allocation for 1 stocks
2025-09-19 12:01:17,420 - INFO - Enhanced Excel report generated: reports/Enhanced_Stock_Report_20250919_120116.xlsx, Size: 30041 bytes
2025-09-19 12:01:17,618 - INFO - Loaded report: Enhanced_Stock_Report_20250919_120017.xlsx
2025-09-19 12:01:17,620 - INFO - Available sheets: ['Top Picks', 'Trading Plans', 'Undervalued', 'Sector Analysis', 'Risk Analysis', 'Portfolio Allocation', 'Portfolio Summary', 'Complete Data']
2025-09-19 12:01:17,736 - INFO - Loaded report: Enhanced_Stock_Report_20250919_120116.xlsx
2025-09-19 12:01:17,736 - INFO - Available sheets: ['Top Picks', 'Trading Plans', 'Undervalued', 'Sector Analysis', 'Risk Analysis', 'Portfolio Allocation', 'Portfolio Summary', 'Complete Data']
