2025-09-19 12:03:38,300 - INFO - Dynamic NSE Stock Analysis Initialized
2025-09-19 12:03:38,300 - INFO - Risk profile set to: moderate
2025-09-19 12:03:38,300 - INFO - Using default stock list from stock_list_template.csv
2025-09-19 12:03:38,318 - INFO - Loading stocks from CSV: stock_list_template.csv
2025-09-19 12:03:38,328 - INFO - Loaded 200 stocks with company names
2025-09-19 12:03:38,331 - INFO - Sample stocks: ABB, ACC, APLAPOLLO, AUBANK, ADANIENSOL
2025-09-19 12:03:38,335 - INFO - Starting batch analysis of 50 stocks
2025-09-19 12:03:39,613 - INFO - Comprehensive data extracted for ABB
2025-09-19 12:03:39,623 - INFO - Fundamental analysis completed for ABB: 58 fields
2025-09-19 12:03:39,665 - INFO - Comprehensive data extracted for APLAPOLLO
2025-09-19 12:03:39,669 - INFO - Fundamental analysis completed for APLAPOLLO: 58 fields
2025-09-19 12:03:39,755 - INFO - Comprehensive data extracted for ACC
2025-09-19 12:03:39,755 - INFO - Fundamental analysis completed for ACC: 58 fields
2025-09-19 12:03:39,965 - INFO - Enhanced technical analysis completed for APLAPOLLO: 52 fields
2025-09-19 12:03:39,970 - INFO - Enhanced technical analysis completed for ABB: 52 fields
2025-09-19 12:03:40,037 - INFO - Enhanced technical analysis completed for ACC: 52 fields
2025-09-19 12:03:40,103 - INFO - Completed analysis for APLAPOLLO: Score=31.9, Recommendation=SELL
2025-09-19 12:03:40,139 - INFO - Completed analysis for ABB: Score=52.9, Recommendation=HOLD
2025-09-19 12:03:40,158 - INFO - Completed analysis for ACC: Score=60.8, Recommendation=BUY (VALUE)
2025-09-19 12:03:40,654 - INFO - Comprehensive data extracted for ADANIENSOL
2025-09-19 12:03:40,657 - INFO - Fundamental analysis completed for ADANIENSOL: 58 fields
2025-09-19 12:03:40,721 - INFO - Comprehensive data extracted for AUBANK
2025-09-19 12:03:40,733 - INFO - Fundamental analysis completed for AUBANK: 58 fields
2025-09-19 12:03:40,809 - INFO - Enhanced technical analysis completed for ADANIENSOL: 52 fields
2025-09-19 12:03:40,876 - INFO - Completed analysis for ADANIENSOL: Score=30.1, Recommendation=SELL
2025-09-19 12:03:41,057 - INFO - Enhanced technical analysis completed for AUBANK: 52 fields
2025-09-19 12:03:41,122 - INFO - Completed analysis for AUBANK: Score=70.2, Recommendation=STRONG BUY
2025-09-19 12:03:46,758 - INFO - Comprehensive data extracted for ADANIENT
2025-09-19 12:03:46,758 - INFO - Fundamental analysis completed for ADANIENT: 58 fields
2025-09-19 12:03:46,826 - INFO - Comprehensive data extracted for ADANIGREEN
2025-09-19 12:03:46,827 - INFO - Fundamental analysis completed for ADANIGREEN: 58 fields
2025-09-19 12:03:46,897 - INFO - Comprehensive data extracted for ADANIPORTS
2025-09-19 12:03:46,898 - INFO - Fundamental analysis completed for ADANIPORTS: 58 fields
2025-09-19 12:03:46,959 - INFO - Enhanced technical analysis completed for ADANIENT: 52 fields
2025-09-19 12:03:47,019 - INFO - Completed analysis for ADANIENT: Score=28.6, Recommendation=SELL
2025-09-19 12:03:47,172 - INFO - Enhanced technical analysis completed for ADANIPORTS: 52 fields
2025-09-19 12:03:47,172 - INFO - Enhanced technical analysis completed for ADANIGREEN: 52 fields
2025-09-19 12:03:47,239 - INFO - Completed analysis for ADANIGREEN: Score=37.0, Recommendation=SELL
2025-09-19 12:03:47,271 - INFO - Completed analysis for ADANIPORTS: Score=45.5, Recommendation=WEAK SELL
2025-09-19 12:03:47,519 - INFO - Comprehensive data extracted for ADANIPOWER
2025-09-19 12:03:47,519 - INFO - Fundamental analysis completed for ADANIPOWER: 58 fields
2025-09-19 12:03:47,691 - INFO - Enhanced technical analysis completed for ADANIPOWER: 52 fields
2025-09-19 12:03:47,747 - INFO - Comprehensive data extracted for ATGL
2025-09-19 12:03:47,747 - INFO - Fundamental analysis completed for ATGL: 58 fields
2025-09-19 12:03:47,778 - INFO - Completed analysis for ADANIPOWER: Score=31.3, Recommendation=SELL
2025-09-19 12:03:47,921 - INFO - Enhanced technical analysis completed for ATGL: 52 fields
2025-09-19 12:03:47,992 - INFO - Completed analysis for ATGL: Score=36.0, Recommendation=SELL
2025-09-19 12:03:53,619 - INFO - Comprehensive data extracted for ABCAPITAL
2025-09-19 12:03:53,620 - INFO - Fundamental analysis completed for ABCAPITAL: 58 fields
2025-09-19 12:03:53,722 - INFO - Comprehensive data extracted for ALKEM
2025-09-19 12:03:53,722 - INFO - Fundamental analysis completed for ALKEM: 58 fields
2025-09-19 12:03:53,803 - INFO - Enhanced technical analysis completed for ABCAPITAL: 52 fields
2025-09-19 12:03:53,871 - INFO - Completed analysis for ABCAPITAL: Score=41.8, Recommendation=WEAK SELL
2025-09-19 12:03:53,900 - INFO - Comprehensive data extracted for ABFRL
2025-09-19 12:03:53,903 - INFO - Fundamental analysis completed for ABFRL: 58 fields
2025-09-19 12:03:54,005 - INFO - Enhanced technical analysis completed for ALKEM: 52 fields
2025-09-19 12:03:54,112 - INFO - Enhanced technical analysis completed for ABFRL: 52 fields
2025-09-19 12:03:54,122 - INFO - Completed analysis for ALKEM: Score=45.6, Recommendation=WEAK SELL
2025-09-19 12:03:54,173 - INFO - Completed analysis for ABFRL: Score=28.5, Recommendation=SELL
2025-09-19 12:03:54,387 - INFO - Comprehensive data extracted for AMBUJACEM
2025-09-19 12:03:54,387 - INFO - Fundamental analysis completed for AMBUJACEM: 58 fields
2025-09-19 12:03:54,632 - INFO - Comprehensive data extracted for APOLLOHOSP
2025-09-19 12:03:54,660 - INFO - Fundamental analysis completed for APOLLOHOSP: 58 fields
2025-09-19 12:03:54,663 - INFO - Enhanced technical analysis completed for AMBUJACEM: 52 fields
2025-09-19 12:03:54,724 - INFO - Completed analysis for AMBUJACEM: Score=50.9, Recommendation=HOLD
2025-09-19 12:03:54,868 - INFO - Enhanced technical analysis completed for APOLLOHOSP: 52 fields
2025-09-19 12:03:54,925 - INFO - Completed analysis for APOLLOHOSP: Score=37.6, Recommendation=SELL
2025-09-19 12:04:00,569 - INFO - Comprehensive data extracted for APOLLOTYRE
2025-09-19 12:04:00,569 - INFO - Fundamental analysis completed for APOLLOTYRE: 58 fields
2025-09-19 12:04:00,771 - INFO - Enhanced technical analysis completed for APOLLOTYRE: 52 fields
2025-09-19 12:04:00,842 - INFO - Completed analysis for APOLLOTYRE: Score=27.7, Recommendation=SELL
2025-09-19 12:04:01,443 - INFO - Comprehensive data extracted for ASTRAL
2025-09-19 12:04:01,445 - INFO - Fundamental analysis completed for ASTRAL: 58 fields
2025-09-19 12:04:01,648 - INFO - Enhanced technical analysis completed for ASTRAL: 52 fields
2025-09-19 12:04:01,720 - INFO - Completed analysis for ASTRAL: Score=28.0, Recommendation=SELL
2025-09-19 12:04:02,585 - INFO - Comprehensive data extracted for AUROPHARMA
2025-09-19 12:04:02,585 - INFO - Fundamental analysis completed for AUROPHARMA: 58 fields
2025-09-19 12:04:02,804 - INFO - Enhanced technical analysis completed for AUROPHARMA: 52 fields
2025-09-19 12:04:02,854 - INFO - Comprehensive data extracted for ASIANPAINT
2025-09-19 12:04:02,854 - INFO - Fundamental analysis completed for ASIANPAINT: 58 fields
2025-09-19 12:04:02,905 - INFO - Completed analysis for AUROPHARMA: Score=48.3, Recommendation=WEAK SELL
2025-09-19 12:04:03,104 - INFO - Enhanced technical analysis completed for ASIANPAINT: 52 fields
2025-09-19 12:04:03,169 - INFO - Completed analysis for ASIANPAINT: Score=27.3, Recommendation=SELL
2025-09-19 12:04:03,564 - INFO - Comprehensive data extracted for ASHOKLEY
2025-09-19 12:04:03,564 - INFO - Fundamental analysis completed for ASHOKLEY: 58 fields
2025-09-19 12:04:03,938 - INFO - Enhanced technical analysis completed for ASHOKLEY: 52 fields
2025-09-19 12:04:04,004 - INFO - Completed analysis for ASHOKLEY: Score=42.3, Recommendation=WEAK SELL
2025-09-19 12:04:09,655 - INFO - Comprehensive data extracted for BSE
2025-09-19 12:04:09,657 - INFO - Fundamental analysis completed for BSE: 58 fields
2025-09-19 12:04:09,752 - INFO - Comprehensive data extracted for AXISBANK
2025-09-19 12:04:09,752 - INFO - Fundamental analysis completed for AXISBANK: 58 fields
2025-09-19 12:04:09,839 - INFO - Comprehensive data extracted for DMART
2025-09-19 12:04:09,846 - INFO - Fundamental analysis completed for DMART: 58 fields
2025-09-19 12:04:09,890 - INFO - Enhanced technical analysis completed for BSE: 52 fields
2025-09-19 12:04:10,003 - INFO - Enhanced technical analysis completed for AXISBANK: 52 fields
2025-09-19 12:04:10,065 - INFO - Enhanced technical analysis completed for DMART: 52 fields
2025-09-19 12:04:10,072 - INFO - Completed analysis for BSE: Score=58.2, Recommendation=HOLD
2025-09-19 12:04:10,125 - INFO - Completed analysis for AXISBANK: Score=71.5, Recommendation=STRONG BUY (UNDERVALUED)
2025-09-19 12:04:10,157 - INFO - Completed analysis for DMART: Score=26.6, Recommendation=SELL
2025-09-19 12:04:10,769 - INFO - Comprehensive data extracted for BAJFINANCE
2025-09-19 12:04:10,769 - INFO - Fundamental analysis completed for BAJFINANCE: 58 fields
2025-09-19 12:04:10,922 - INFO - Comprehensive data extracted for BAJAJ-AUTO
2025-09-19 12:04:10,922 - INFO - Fundamental analysis completed for BAJAJ-AUTO: 58 fields
2025-09-19 12:04:11,081 - INFO - Enhanced technical analysis completed for BAJFINANCE: 52 fields
2025-09-19 12:04:11,152 - INFO - Completed analysis for BAJFINANCE: Score=50.0, Recommendation=HOLD
2025-09-19 12:04:12,328 - INFO - Enhanced technical analysis completed for BAJAJ-AUTO: 52 fields
2025-09-19 12:04:12,400 - INFO - Completed analysis for BAJAJ-AUTO: Score=39.7, Recommendation=SELL
2025-09-19 12:04:18,002 - INFO - Comprehensive data extracted for BAJAJHFL
2025-09-19 12:04:18,005 - INFO - Fundamental analysis completed for BAJAJHFL: 58 fields
2025-09-19 12:04:18,038 - INFO - Comprehensive data extracted for BAJAJFINSV
2025-09-19 12:04:18,040 - INFO - Fundamental analysis completed for BAJAJFINSV: 58 fields
2025-09-19 12:04:18,219 - INFO - Enhanced technical analysis completed for BAJAJHFL: 52 fields
2025-09-19 12:04:18,282 - INFO - Enhanced technical analysis completed for BAJAJFINSV: 52 fields
2025-09-19 12:04:18,346 - INFO - Comprehensive data extracted for BAJAJHLDNG
2025-09-19 12:04:18,347 - INFO - Fundamental analysis completed for BAJAJHLDNG: 58 fields
2025-09-19 12:04:18,355 - INFO - Completed analysis for BAJAJHFL: Score=38.1, Recommendation=SELL
2025-09-19 12:04:18,396 - INFO - Completed analysis for BAJAJFINSV: Score=42.8, Recommendation=WEAK SELL
2025-09-19 12:04:18,578 - INFO - Enhanced technical analysis completed for BAJAJHLDNG: 52 fields
2025-09-19 12:04:18,638 - INFO - Completed analysis for BAJAJHLDNG: Score=73.4, Recommendation=STRONG BUY (UNDERVALUED)
2025-09-19 12:04:18,970 - INFO - Comprehensive data extracted for BANDHANBNK
2025-09-19 12:04:18,970 - INFO - Fundamental analysis completed for BANDHANBNK: 58 fields
2025-09-19 12:04:19,086 - INFO - Comprehensive data extracted for BANKBARODA
2025-09-19 12:04:19,086 - INFO - Fundamental analysis completed for BANKBARODA: 58 fields
2025-09-19 12:04:19,157 - INFO - Enhanced technical analysis completed for BANDHANBNK: 52 fields
2025-09-19 12:04:19,225 - INFO - Completed analysis for BANDHANBNK: Score=64.7, Recommendation=BUY (VALUE)
2025-09-19 12:04:19,304 - INFO - Enhanced technical analysis completed for BANKBARODA: 52 fields
2025-09-19 12:04:19,368 - INFO - Completed analysis for BANKBARODA: Score=79.1, Recommendation=STRONG BUY (UNDERVALUED)
2025-09-19 12:04:25,610 - INFO - Comprehensive data extracted for MAHABANK
2025-09-19 12:04:25,610 - INFO - Fundamental analysis completed for MAHABANK: 58 fields
2025-09-19 12:04:25,844 - INFO - Enhanced technical analysis completed for MAHABANK: 52 fields
2025-09-19 12:04:25,912 - INFO - Completed analysis for MAHABANK: Score=87.0, Recommendation=STRONG BUY (UNDERVALUED)
2025-09-19 12:04:26,747 - INFO - Comprehensive data extracted for BEL
2025-09-19 12:04:26,747 - INFO - Fundamental analysis completed for BEL: 58 fields
2025-09-19 12:04:27,004 - INFO - Enhanced technical analysis completed for BEL: 52 fields
2025-09-19 12:04:27,040 - INFO - Completed analysis for BEL: Score=47.2, Recommendation=WEAK SELL
2025-09-19 12:04:27,489 - INFO - Comprehensive data extracted for BDL
2025-09-19 12:04:27,489 - INFO - Fundamental analysis completed for BDL: 58 fields
2025-09-19 12:04:27,628 - INFO - Enhanced technical analysis completed for BDL: 52 fields
2025-09-19 12:04:27,686 - INFO - Completed analysis for BDL: Score=59.9, Recommendation=HOLD
2025-09-19 12:04:27,825 - INFO - Comprehensive data extracted for BANKINDIA
2025-09-19 12:04:27,825 - INFO - Fundamental analysis completed for BANKINDIA: 58 fields
2025-09-19 12:04:29,546 - INFO - Enhanced technical analysis completed for BANKINDIA: 52 fields
2025-09-19 12:04:29,606 - INFO - Completed analysis for BANKINDIA: Score=78.9, Recommendation=STRONG BUY (UNDERVALUED)
2025-09-19 12:04:30,236 - INFO - Comprehensive data extracted for BHARATFORG
2025-09-19 12:04:30,236 - INFO - Fundamental analysis completed for BHARATFORG: 58 fields
2025-09-19 12:04:30,713 - INFO - Enhanced technical analysis completed for BHARATFORG: 52 fields
2025-09-19 12:04:30,757 - INFO - Completed analysis for BHARATFORG: Score=28.7, Recommendation=SELL
2025-09-19 12:04:37,697 - INFO - Comprehensive data extracted for BPCL
2025-09-19 12:04:37,697 - INFO - Fundamental analysis completed for BPCL: 58 fields
2025-09-19 12:04:37,803 - INFO - Comprehensive data extracted for BHARTIARTL
2025-09-19 12:04:37,803 - INFO - Fundamental analysis completed for BHARTIARTL: 58 fields
2025-09-19 12:04:37,916 - INFO - Comprehensive data extracted for BHEL
2025-09-19 12:04:37,916 - INFO - Fundamental analysis completed for BHEL: 58 fields
2025-09-19 12:04:37,980 - INFO - Enhanced technical analysis completed for BHARTIARTL: 52 fields
2025-09-19 12:04:38,023 - INFO - Completed analysis for BHARTIARTL: Score=59.5, Recommendation=HOLD
2025-09-19 12:04:38,095 - INFO - Enhanced technical analysis completed for BHEL: 52 fields
2025-09-19 12:04:38,153 - INFO - Completed analysis for BHEL: Score=34.3, Recommendation=SELL
2025-09-19 12:04:38,421 - INFO - Enhanced technical analysis completed for BPCL: 52 fields
2025-09-19 12:04:38,467 - INFO - Completed analysis for BPCL: Score=56.5, Recommendation=HOLD
2025-09-19 12:04:39,569 - INFO - Comprehensive data extracted for BHARTIHEXA
2025-09-19 12:04:39,569 - INFO - Fundamental analysis completed for BHARTIHEXA: 58 fields
2025-09-19 12:04:39,706 - INFO - Enhanced technical analysis completed for BHARTIHEXA: 52 fields
2025-09-19 12:04:39,753 - INFO - Completed analysis for BHARTIHEXA: Score=39.3, Recommendation=SELL
2025-09-19 12:04:41,656 - INFO - Comprehensive data extracted for BIOCON
2025-09-19 12:04:41,656 - INFO - Fundamental analysis completed for BIOCON: 58 fields
2025-09-19 12:04:42,037 - INFO - Enhanced technical analysis completed for BIOCON: 52 fields
2025-09-19 12:04:42,099 - INFO - Completed analysis for BIOCON: Score=33.9, Recommendation=SELL
2025-09-19 12:04:48,147 - INFO - Comprehensive data extracted for BRITANNIA
2025-09-19 12:04:48,147 - INFO - Fundamental analysis completed for BRITANNIA: 58 fields
2025-09-19 12:04:48,437 - INFO - Enhanced technical analysis completed for BRITANNIA: 52 fields
2025-09-19 12:04:48,503 - INFO - Completed analysis for BRITANNIA: Score=31.5, Recommendation=SELL
2025-09-19 12:04:49,486 - INFO - Comprehensive data extracted for CANBK
2025-09-19 12:04:49,486 - INFO - Fundamental analysis completed for CANBK: 58 fields
2025-09-19 12:04:49,938 - INFO - Enhanced technical analysis completed for CANBK: 52 fields
2025-09-19 12:04:49,974 - INFO - Completed analysis for CANBK: Score=85.2, Recommendation=STRONG BUY (UNDERVALUED)
2025-09-19 12:04:50,021 - INFO - Comprehensive data extracted for CGPOWER
2025-09-19 12:04:50,021 - INFO - Fundamental analysis completed for CGPOWER: 58 fields
2025-09-19 12:04:50,496 - INFO - Enhanced technical analysis completed for CGPOWER: 52 fields
2025-09-19 12:04:50,553 - INFO - Completed analysis for CGPOWER: Score=36.2, Recommendation=SELL
2025-09-19 12:04:51,211 - INFO - Comprehensive data extracted for CHOLAFIN
2025-09-19 12:04:51,211 - INFO - Fundamental analysis completed for CHOLAFIN: 58 fields
2025-09-19 12:04:51,421 - INFO - Enhanced technical analysis completed for CHOLAFIN: 52 fields
2025-09-19 12:04:51,486 - INFO - Completed analysis for CHOLAFIN: Score=45.4, Recommendation=WEAK SELL
2025-09-19 12:04:53,463 - INFO - Comprehensive data extracted for BOSCHLTD
2025-09-19 12:04:53,465 - INFO - Fundamental analysis completed for BOSCHLTD: 58 fields
2025-09-19 12:04:55,025 - INFO - Enhanced technical analysis completed for BOSCHLTD: 52 fields
2025-09-19 12:04:55,082 - INFO - Completed analysis for BOSCHLTD: Score=41.9, Recommendation=WEAK SELL
2025-09-19 12:05:01,235 - INFO - Comprehensive data extracted for COCHINSHIP
2025-09-19 12:05:01,235 - INFO - Fundamental analysis completed for COCHINSHIP: 58 fields
2025-09-19 12:05:01,594 - INFO - Enhanced technical analysis completed for COCHINSHIP: 52 fields
2025-09-19 12:05:01,640 - INFO - Completed analysis for COCHINSHIP: Score=41.3, Recommendation=WEAK SELL
2025-09-19 12:05:01,965 - INFO - Comprehensive data extracted for CIPLA
2025-09-19 12:05:01,965 - INFO - Fundamental analysis completed for CIPLA: 58 fields
2025-09-19 12:05:03,043 - INFO - Comprehensive data extracted for COFORGE
2025-09-19 12:05:03,043 - INFO - Fundamental analysis completed for COFORGE: 58 fields
2025-09-19 12:05:03,275 - INFO - Enhanced technical analysis completed for COFORGE: 52 fields
2025-09-19 12:05:03,347 - INFO - Completed analysis for COFORGE: Score=44.1, Recommendation=WEAK SELL
2025-09-19 12:05:03,739 - INFO - Enhanced technical analysis completed for CIPLA: 52 fields
2025-09-19 12:05:03,789 - INFO - Completed analysis for CIPLA: Score=48.2, Recommendation=WEAK SELL
2025-09-19 12:05:04,587 - INFO - Comprehensive data extracted for COLPAL
2025-09-19 12:05:04,587 - INFO - Fundamental analysis completed for COLPAL: 58 fields
2025-09-19 12:05:05,372 - INFO - Enhanced technical analysis completed for COLPAL: 52 fields
2025-09-19 12:05:05,444 - INFO - Comprehensive data extracted for COALINDIA
2025-09-19 12:05:05,456 - INFO - Fundamental analysis completed for COALINDIA: 58 fields
2025-09-19 12:05:05,466 - INFO - Completed analysis for COLPAL: Score=29.2, Recommendation=SELL
2025-09-19 12:05:07,573 - INFO - Enhanced technical analysis completed for COALINDIA: 52 fields
2025-09-19 12:05:07,687 - INFO - Completed analysis for COALINDIA: Score=51.9, Recommendation=HOLD
2025-09-19 12:05:07,703 - INFO - Batch analysis completed: 50 results, 0 failures
2025-09-19 12:05:07,781 - INFO - Calculated sector rankings for 10 sectors
2025-09-19 12:05:36,179 - INFO - Completed risk-return analysis
2025-09-19 12:05:36,208 - INFO - Generated portfolio allocation for 2 stocks
2025-09-19 12:05:47,820 - INFO - Enhanced Excel report generated: reports/Enhanced_Stock_Report_20250919_120536.xlsx, Size: 89268 bytes
2025-09-19 12:05:47,960 - INFO - Loaded report: Enhanced_Stock_Report_20250919_120116.xlsx
2025-09-19 12:05:47,960 - INFO - Available sheets: ['Top Picks', 'Trading Plans', 'Undervalued', 'Sector Analysis', 'Risk Analysis', 'Portfolio Allocation', 'Portfolio Summary', 'Complete Data']
2025-09-19 12:05:48,236 - INFO - Loaded report: Enhanced_Stock_Report_20250919_120536.xlsx
2025-09-19 12:05:48,236 - INFO - Available sheets: ['Top Picks', 'Trading Plans', 'Undervalued', 'Sector Analysis', 'Risk Analysis', 'Portfolio Allocation', 'Portfolio Summary', 'Complete Data']
