2025-09-19 12:39:53,130 - INFO - Dynamic NSE Stock Analysis Initialized
2025-09-19 12:39:53,130 - INFO - Risk profile set to: moderate
2025-09-19 12:39:53,130 - INFO - Using default stock list from stock_list_template.csv
2025-09-19 12:39:53,130 - INFO - Loading stocks from CSV: stock_list_template.csv
2025-09-19 12:39:53,135 - INFO - Loaded 200 stocks with company names
2025-09-19 12:39:53,135 - INFO - Sample stocks: ABB, ACC, APLAPOLLO, AUBANK, ADANIENSOL
2025-09-19 12:39:53,143 - INFO - Starting batch analysis of 200 stocks
2025-09-19 12:39:55,950 - INFO - Comprehensive data extracted for APLAPOLLO
2025-09-19 12:39:55,964 - INFO - Comprehensive data extracted for ABB
2025-09-19 12:39:55,964 - INFO - Fundamental analysis completed for APLAPOLLO: 58 fields
2025-09-19 12:39:55,964 - INFO - Fundamental analysis completed for ABB: 58 fields
2025-09-19 12:39:56,596 - INFO - Enhanced technical analysis completed for ABB: 52 fields
2025-09-19 12:39:56,650 - INFO - Completed analysis for ABB: Score=53.0, Recommendation=HOLD
2025-09-19 12:39:57,847 - INFO - Comprehensive data extracted for AUBANK
2025-09-19 12:39:57,847 - INFO - Fundamental analysis completed for AUBANK: 58 fields
2025-09-19 12:39:58,745 - INFO - Comprehensive data extracted for ACC
2025-09-19 12:39:58,747 - INFO - Fundamental analysis completed for ACC: 58 fields
2025-09-19 12:39:59,349 - INFO - Enhanced technical analysis completed for ACC: 52 fields
2025-09-19 12:39:59,428 - INFO - Completed analysis for ACC: Score=62.1, Recommendation=BUY (VALUE)
2025-09-19 12:39:59,510 - INFO - Enhanced technical analysis completed for AUBANK: 52 fields
2025-09-19 12:39:59,553 - INFO - Completed analysis for AUBANK: Score=70.1, Recommendation=STRONG BUY
2025-09-19 12:40:00,676 - INFO - Enhanced technical analysis completed for APLAPOLLO: 52 fields
2025-09-19 12:40:00,730 - INFO - Completed analysis for APLAPOLLO: Score=32.0, Recommendation=SELL
2025-09-19 12:40:02,051 - INFO - Comprehensive data extracted for ADANIENSOL
2025-09-19 12:40:02,060 - INFO - Fundamental analysis completed for ADANIENSOL: 58 fields
2025-09-19 12:40:03,484 - INFO - Enhanced technical analysis completed for ADANIENSOL: 52 fields
2025-09-19 12:40:03,730 - INFO - Completed analysis for ADANIENSOL: Score=32.4, Recommendation=SELL
2025-09-19 12:40:09,842 - INFO - Comprehensive data extracted for ADANIGREEN
2025-09-19 12:40:09,842 - INFO - Fundamental analysis completed for ADANIGREEN: 58 fields
2025-09-19 12:40:10,967 - INFO - Enhanced technical analysis completed for ADANIGREEN: 52 fields
2025-09-19 12:40:11,014 - INFO - Completed analysis for ADANIGREEN: Score=38.7, Recommendation=SELL
2025-09-19 12:40:11,115 - INFO - Comprehensive data extracted for ADANIENT
2025-09-19 12:40:11,115 - INFO - Fundamental analysis completed for ADANIENT: 58 fields
2025-09-19 12:40:11,736 - INFO - Enhanced technical analysis completed for ADANIENT: 52 fields
2025-09-19 12:40:11,789 - INFO - Completed analysis for ADANIENT: Score=27.7, Recommendation=SELL
2025-09-19 12:40:13,481 - INFO - Comprehensive data extracted for ADANIPOWER
2025-09-19 12:40:13,481 - INFO - Fundamental analysis completed for ADANIPOWER: 58 fields
2025-09-19 12:40:13,592 - INFO - Comprehensive data extracted for ATGL
2025-09-19 12:40:13,594 - INFO - Fundamental analysis completed for ATGL: 58 fields
2025-09-19 12:40:13,751 - INFO - Enhanced technical analysis completed for ADANIPOWER: 52 fields
2025-09-19 12:40:13,822 - INFO - Completed analysis for ADANIPOWER: Score=34.7, Recommendation=SELL
2025-09-19 12:40:14,163 - INFO - Enhanced technical analysis completed for ATGL: 52 fields
2025-09-19 12:40:14,206 - INFO - Completed analysis for ATGL: Score=35.3, Recommendation=SELL
2025-09-19 12:40:14,367 - INFO - Comprehensive data extracted for ADANIPORTS
2025-09-19 12:40:14,367 - INFO - Fundamental analysis completed for ADANIPORTS: 58 fields
2025-09-19 12:40:16,500 - INFO - Enhanced technical analysis completed for ADANIPORTS: 52 fields
2025-09-19 12:40:17,092 - INFO - Completed analysis for ADANIPORTS: Score=46.5, Recommendation=WEAK SELL
2025-09-19 12:40:23,859 - INFO - Comprehensive data extracted for ABCAPITAL
2025-09-19 12:40:23,859 - INFO - Fundamental analysis completed for ABCAPITAL: 58 fields
2025-09-19 12:40:23,985 - INFO - Comprehensive data extracted for ALKEM
2025-09-19 12:40:23,985 - INFO - Fundamental analysis completed for ALKEM: 58 fields
2025-09-19 12:40:24,064 - INFO - Comprehensive data extracted for ABFRL
2025-09-19 12:40:24,066 - INFO - Fundamental analysis completed for ABFRL: 58 fields
2025-09-19 12:40:24,318 - INFO - Enhanced technical analysis completed for ABCAPITAL: 52 fields
2025-09-19 12:40:24,418 - INFO - Completed analysis for ABCAPITAL: Score=41.8, Recommendation=WEAK SELL
2025-09-19 12:40:24,452 - INFO - Enhanced technical analysis completed for ABFRL: 52 fields
2025-09-19 12:40:24,520 - INFO - Enhanced technical analysis completed for ALKEM: 52 fields
2025-09-19 12:40:24,598 - INFO - Completed analysis for ALKEM: Score=45.7, Recommendation=WEAK SELL
2025-09-19 12:40:24,604 - INFO - Completed analysis for ABFRL: Score=30.5, Recommendation=SELL
2025-09-19 12:40:26,714 - INFO - Comprehensive data extracted for AMBUJACEM
2025-09-19 12:40:26,714 - INFO - Fundamental analysis completed for AMBUJACEM: 58 fields
2025-09-19 12:40:26,805 - INFO - Comprehensive data extracted for APOLLOHOSP
2025-09-19 12:40:26,805 - INFO - Fundamental analysis completed for APOLLOHOSP: 58 fields
2025-09-19 12:40:27,084 - INFO - Enhanced technical analysis completed for AMBUJACEM: 52 fields
2025-09-19 12:40:27,155 - INFO - Enhanced technical analysis completed for APOLLOHOSP: 52 fields
2025-09-19 12:40:27,199 - INFO - Completed analysis for AMBUJACEM: Score=51.9, Recommendation=HOLD
2025-09-19 12:40:27,250 - INFO - Completed analysis for APOLLOHOSP: Score=37.6, Recommendation=SELL
2025-09-19 12:40:35,254 - INFO - Comprehensive data extracted for APOLLOTYRE
2025-09-19 12:40:35,254 - INFO - Fundamental analysis completed for APOLLOTYRE: 58 fields
2025-09-19 12:40:35,306 - INFO - Comprehensive data extracted for ASIANPAINT
2025-09-19 12:40:35,306 - INFO - Fundamental analysis completed for ASIANPAINT: 58 fields
2025-09-19 12:40:35,469 - INFO - Comprehensive data extracted for ASHOKLEY
2025-09-19 12:40:35,469 - INFO - Fundamental analysis completed for ASHOKLEY: 58 fields
2025-09-19 12:40:35,532 - INFO - Enhanced technical analysis completed for APOLLOTYRE: 52 fields
2025-09-19 12:40:35,698 - INFO - Enhanced technical analysis completed for ASIANPAINT: 52 fields
2025-09-19 12:40:35,784 - INFO - Completed analysis for ASIANPAINT: Score=28.2, Recommendation=SELL
2025-09-19 12:40:35,789 - INFO - Completed analysis for APOLLOTYRE: Score=27.7, Recommendation=SELL
2025-09-19 12:40:35,935 - INFO - Enhanced technical analysis completed for ASHOKLEY: 52 fields
2025-09-19 12:40:36,165 - INFO - Completed analysis for ASHOKLEY: Score=42.4, Recommendation=WEAK SELL
2025-09-19 12:40:37,914 - INFO - Comprehensive data extracted for AUROPHARMA
2025-09-19 12:40:37,914 - INFO - Fundamental analysis completed for AUROPHARMA: 58 fields
2025-09-19 12:40:38,768 - INFO - Enhanced technical analysis completed for AUROPHARMA: 52 fields
2025-09-19 12:40:38,907 - INFO - Completed analysis for AUROPHARMA: Score=46.6, Recommendation=WEAK SELL
2025-09-19 12:40:40,674 - INFO - Comprehensive data extracted for ASTRAL
2025-09-19 12:40:40,676 - INFO - Fundamental analysis completed for ASTRAL: 58 fields
2025-09-19 12:40:41,067 - INFO - Enhanced technical analysis completed for ASTRAL: 52 fields
2025-09-19 12:40:41,150 - INFO - Completed analysis for ASTRAL: Score=28.0, Recommendation=SELL
2025-09-19 12:40:48,204 - INFO - Comprehensive data extracted for DMART
2025-09-19 12:40:48,204 - INFO - Fundamental analysis completed for DMART: 58 fields
2025-09-19 12:40:48,264 - INFO - Comprehensive data extracted for BSE
2025-09-19 12:40:48,267 - INFO - Fundamental analysis completed for BSE: 58 fields
2025-09-19 12:40:48,564 - INFO - Comprehensive data extracted for AXISBANK
2025-09-19 12:40:48,564 - INFO - Fundamental analysis completed for AXISBANK: 58 fields
2025-09-19 12:40:48,775 - INFO - Enhanced technical analysis completed for BSE: 52 fields
2025-09-19 12:40:48,914 - INFO - Completed analysis for BSE: Score=58.2, Recommendation=HOLD
2025-09-19 12:40:48,993 - INFO - Enhanced technical analysis completed for AXISBANK: 52 fields
2025-09-19 12:40:49,037 - INFO - Enhanced technical analysis completed for DMART: 52 fields
2025-09-19 12:40:49,095 - INFO - Completed analysis for DMART: Score=26.6, Recommendation=SELL
2025-09-19 12:40:49,124 - INFO - Completed analysis for AXISBANK: Score=72.7, Recommendation=STRONG BUY (UNDERVALUED)
2025-09-19 12:40:51,015 - INFO - Comprehensive data extracted for BAJAJ-AUTO
2025-09-19 12:40:51,015 - INFO - Fundamental analysis completed for BAJAJ-AUTO: 58 fields
2025-09-19 12:40:51,506 - INFO - Comprehensive data extracted for BAJFINANCE
2025-09-19 12:40:51,506 - INFO - Fundamental analysis completed for BAJFINANCE: 58 fields
2025-09-19 12:40:51,682 - INFO - Enhanced technical analysis completed for BAJAJ-AUTO: 52 fields
2025-09-19 12:40:51,985 - INFO - Enhanced technical analysis completed for BAJFINANCE: 52 fields
2025-09-19 12:40:52,026 - INFO - Completed analysis for BAJAJ-AUTO: Score=39.7, Recommendation=SELL
2025-09-19 12:40:52,083 - INFO - Completed analysis for BAJFINANCE: Score=50.0, Recommendation=HOLD
2025-09-19 12:40:58,247 - INFO - Comprehensive data extracted for BAJAJHFL
2025-09-19 12:40:58,247 - INFO - Fundamental analysis completed for BAJAJHFL: 58 fields
2025-09-19 12:40:58,806 - INFO - Enhanced technical analysis completed for BAJAJHFL: 52 fields
2025-09-19 12:40:58,853 - INFO - Completed analysis for BAJAJHFL: Score=36.9, Recommendation=SELL
2025-09-19 12:40:59,711 - INFO - Comprehensive data extracted for BAJAJFINSV
2025-09-19 12:40:59,715 - INFO - Fundamental analysis completed for BAJAJFINSV: 58 fields
2025-09-19 12:41:01,073 - INFO - Comprehensive data extracted for BANDHANBNK
2025-09-19 12:41:01,073 - INFO - Fundamental analysis completed for BANDHANBNK: 58 fields
2025-09-19 12:41:01,322 - INFO - Enhanced technical analysis completed for BAJAJFINSV: 52 fields
2025-09-19 12:41:01,435 - INFO - Enhanced technical analysis completed for BANDHANBNK: 52 fields
2025-09-19 12:41:01,524 - INFO - Completed analysis for BANDHANBNK: Score=64.8, Recommendation=BUY (VALUE)
2025-09-19 12:41:01,680 - INFO - Completed analysis for BAJAJFINSV: Score=42.8, Recommendation=WEAK SELL
2025-09-19 12:41:04,116 - INFO - Comprehensive data extracted for BANKBARODA
2025-09-19 12:41:04,116 - INFO - Fundamental analysis completed for BANKBARODA: 58 fields
2025-09-19 12:41:04,583 - INFO - Enhanced technical analysis completed for BANKBARODA: 52 fields
2025-09-19 12:41:04,651 - INFO - Completed analysis for BANKBARODA: Score=79.1, Recommendation=STRONG BUY (UNDERVALUED)
2025-09-19 12:41:06,269 - INFO - Comprehensive data extracted for BAJAJHLDNG
2025-09-19 12:41:06,271 - INFO - Fundamental analysis completed for BAJAJHLDNG: 58 fields
2025-09-19 12:41:10,402 - INFO - Enhanced technical analysis completed for BAJAJHLDNG: 52 fields
2025-09-19 12:41:11,804 - INFO - Completed analysis for BAJAJHLDNG: Score=72.4, Recommendation=STRONG BUY (UNDERVALUED)
2025-09-19 12:41:19,682 - INFO - Comprehensive data extracted for MAHABANK
2025-09-19 12:41:19,682 - INFO - Fundamental analysis completed for MAHABANK: 58 fields
2025-09-19 12:41:20,642 - INFO - Enhanced technical analysis completed for MAHABANK: 52 fields
2025-09-19 12:41:20,710 - INFO - Comprehensive data extracted for BDL
2025-09-19 12:41:20,710 - INFO - Fundamental analysis completed for BDL: 58 fields
2025-09-19 12:41:20,722 - INFO - Completed analysis for MAHABANK: Score=87.0, Recommendation=STRONG BUY (UNDERVALUED)
2025-09-19 12:41:20,751 - INFO - Comprehensive data extracted for BANKINDIA
2025-09-19 12:41:20,751 - INFO - Fundamental analysis completed for BANKINDIA: 58 fields
2025-09-19 12:41:21,781 - INFO - Enhanced technical analysis completed for BDL: 52 fields
2025-09-19 12:41:21,858 - INFO - Completed analysis for BDL: Score=59.9, Recommendation=HOLD
2025-09-19 12:41:22,323 - INFO - Comprehensive data extracted for BEL
2025-09-19 12:41:22,323 - INFO - Fundamental analysis completed for BEL: 58 fields
2025-09-19 12:41:22,783 - INFO - Enhanced technical analysis completed for BEL: 52 fields
2025-09-19 12:41:22,853 - INFO - Completed analysis for BEL: Score=47.1, Recommendation=WEAK SELL
2025-09-19 12:41:24,043 - INFO - Comprehensive data extracted for BHARATFORG
2025-09-19 12:41:24,045 - INFO - Fundamental analysis completed for BHARATFORG: 58 fields
2025-09-19 12:41:24,782 - INFO - Enhanced technical analysis completed for BHARATFORG: 52 fields
2025-09-19 12:41:24,840 - INFO - Completed analysis for BHARATFORG: Score=31.8, Recommendation=SELL
2025-09-19 12:41:25,770 - INFO - Enhanced technical analysis completed for BANKINDIA: 52 fields
2025-09-19 12:41:28,292 - INFO - Completed analysis for BANKINDIA: Score=78.9, Recommendation=STRONG BUY (UNDERVALUED)
2025-09-19 12:41:34,481 - INFO - Comprehensive data extracted for BHEL
2025-09-19 12:41:34,481 - INFO - Fundamental analysis completed for BHEL: 58 fields
2025-09-19 12:41:35,040 - INFO - Comprehensive data extracted for BHARTIARTL
2025-09-19 12:41:35,042 - INFO - Fundamental analysis completed for BHARTIARTL: 58 fields
2025-09-19 12:41:35,284 - INFO - Enhanced technical analysis completed for BHEL: 52 fields
2025-09-19 12:41:35,386 - INFO - Completed analysis for BHEL: Score=34.3, Recommendation=SELL
2025-09-19 12:41:35,574 - INFO - Enhanced technical analysis completed for BHARTIARTL: 52 fields
2025-09-19 12:41:35,617 - INFO - Completed analysis for BHARTIARTL: Score=59.6, Recommendation=HOLD
2025-09-19 12:41:36,548 - INFO - Comprehensive data extracted for BHARTIHEXA
2025-09-19 12:41:36,548 - INFO - Fundamental analysis completed for BHARTIHEXA: 58 fields
2025-09-19 12:41:36,918 - INFO - Enhanced technical analysis completed for BHARTIHEXA: 52 fields
2025-09-19 12:41:37,033 - INFO - Completed analysis for BHARTIHEXA: Score=39.3, Recommendation=SELL
2025-09-19 12:41:37,800 - INFO - Comprehensive data extracted for BIOCON
2025-09-19 12:41:37,800 - INFO - Fundamental analysis completed for BIOCON: 58 fields
2025-09-19 12:41:38,233 - INFO - Enhanced technical analysis completed for BIOCON: 52 fields
2025-09-19 12:41:38,531 - INFO - Completed analysis for BIOCON: Score=33.9, Recommendation=SELL
2025-09-19 12:41:42,834 - INFO - Comprehensive data extracted for BPCL
2025-09-19 12:41:42,835 - INFO - Fundamental analysis completed for BPCL: 58 fields
2025-09-19 12:41:44,301 - INFO - Enhanced technical analysis completed for BPCL: 52 fields
2025-09-19 12:41:45,109 - INFO - Completed analysis for BPCL: Score=56.5, Recommendation=HOLD
2025-09-19 12:41:51,461 - INFO - Comprehensive data extracted for BOSCHLTD
2025-09-19 12:41:51,464 - INFO - Fundamental analysis completed for BOSCHLTD: 58 fields
2025-09-19 12:41:51,858 - INFO - Enhanced technical analysis completed for BOSCHLTD: 52 fields
2025-09-19 12:41:51,919 - INFO - Completed analysis for BOSCHLTD: Score=41.9, Recommendation=WEAK SELL
2025-09-19 12:41:53,615 - INFO - Comprehensive data extracted for CGPOWER
2025-09-19 12:41:53,615 - INFO - Fundamental analysis completed for CGPOWER: 58 fields
2025-09-19 12:41:54,120 - INFO - Enhanced technical analysis completed for CGPOWER: 52 fields
2025-09-19 12:41:54,176 - INFO - Completed analysis for CGPOWER: Score=36.2, Recommendation=SELL
2025-09-19 12:41:54,511 - INFO - Comprehensive data extracted for BRITANNIA
2025-09-19 12:41:54,515 - INFO - Fundamental analysis completed for BRITANNIA: 58 fields
2025-09-19 12:41:55,931 - INFO - Comprehensive data extracted for CANBK
2025-09-19 12:41:55,933 - INFO - Fundamental analysis completed for CANBK: 58 fields
2025-09-19 12:41:56,051 - INFO - Comprehensive data extracted for CHOLAFIN
2025-09-19 12:41:56,051 - INFO - Fundamental analysis completed for CHOLAFIN: 58 fields
2025-09-19 12:41:56,485 - INFO - Enhanced technical analysis completed for CHOLAFIN: 52 fields
2025-09-19 12:41:56,547 - INFO - Completed analysis for CHOLAFIN: Score=42.3, Recommendation=WEAK SELL
2025-09-19 12:41:56,905 - INFO - Enhanced technical analysis completed for CANBK: 52 fields
2025-09-19 12:41:56,957 - INFO - Completed analysis for CANBK: Score=85.2, Recommendation=STRONG BUY (UNDERVALUED)
2025-09-19 12:41:57,755 - INFO - Enhanced technical analysis completed for BRITANNIA: 52 fields
2025-09-19 12:41:58,058 - INFO - Completed analysis for BRITANNIA: Score=31.5, Recommendation=SELL
2025-09-19 12:42:04,433 - INFO - Comprehensive data extracted for CIPLA
2025-09-19 12:42:04,433 - INFO - Fundamental analysis completed for CIPLA: 58 fields
2025-09-19 12:42:04,773 - INFO - Comprehensive data extracted for COALINDIA
2025-09-19 12:42:04,798 - INFO - Fundamental analysis completed for COALINDIA: 58 fields
2025-09-19 12:42:04,820 - INFO - Enhanced technical analysis completed for CIPLA: 52 fields
2025-09-19 12:42:04,870 - INFO - Completed analysis for CIPLA: Score=49.1, Recommendation=WEAK SELL
2025-09-19 12:42:05,500 - INFO - Enhanced technical analysis completed for COALINDIA: 52 fields
2025-09-19 12:42:05,559 - INFO - Completed analysis for COALINDIA: Score=51.9, Recommendation=HOLD
2025-09-19 12:42:06,654 - INFO - Comprehensive data extracted for COFORGE
2025-09-19 12:42:06,654 - INFO - Fundamental analysis completed for COFORGE: 58 fields
2025-09-19 12:42:06,935 - INFO - Enhanced technical analysis completed for COFORGE: 52 fields
2025-09-19 12:42:07,035 - INFO - Completed analysis for COFORGE: Score=44.0, Recommendation=WEAK SELL
2025-09-19 12:42:07,415 - INFO - Comprehensive data extracted for COLPAL
2025-09-19 12:42:07,415 - INFO - Fundamental analysis completed for COLPAL: 58 fields
2025-09-19 12:42:07,869 - INFO - Comprehensive data extracted for COCHINSHIP
2025-09-19 12:42:07,871 - INFO - Enhanced technical analysis completed for COLPAL: 52 fields
2025-09-19 12:42:07,875 - INFO - Fundamental analysis completed for COCHINSHIP: 58 fields
2025-09-19 12:42:07,933 - INFO - Completed analysis for COLPAL: Score=27.9, Recommendation=SELL
2025-09-19 12:42:08,135 - INFO - Enhanced technical analysis completed for COCHINSHIP: 52 fields
2025-09-19 12:42:08,185 - INFO - Completed analysis for COCHINSHIP: Score=40.3, Recommendation=WEAK SELL
2025-09-19 12:42:14,429 - INFO - Comprehensive data extracted for DLF
2025-09-19 12:42:14,432 - INFO - Fundamental analysis completed for DLF: 58 fields
2025-09-19 12:42:14,624 - INFO - Comprehensive data extracted for CONCOR
2025-09-19 12:42:14,624 - INFO - Fundamental analysis completed for CONCOR: 58 fields
2025-09-19 12:42:14,999 - INFO - Enhanced technical analysis completed for CONCOR: 52 fields
2025-09-19 12:42:15,049 - INFO - Completed analysis for CONCOR: Score=34.8, Recommendation=SELL
2025-09-19 12:42:15,185 - INFO - Enhanced technical analysis completed for DLF: 52 fields
2025-09-19 12:42:15,235 - INFO - Completed analysis for DLF: Score=45.0, Recommendation=WEAK SELL
2025-09-19 12:42:15,968 - INFO - Comprehensive data extracted for DABUR
2025-09-19 12:42:15,968 - INFO - Fundamental analysis completed for DABUR: 58 fields
2025-09-19 12:42:16,398 - INFO - Enhanced technical analysis completed for DABUR: 52 fields
2025-09-19 12:42:16,455 - INFO - Completed analysis for DABUR: Score=33.3, Recommendation=SELL
2025-09-19 12:42:17,066 - INFO - Comprehensive data extracted for DIVISLAB
2025-09-19 12:42:17,066 - INFO - Fundamental analysis completed for DIVISLAB: 58 fields
2025-09-19 12:42:17,450 - INFO - Enhanced technical analysis completed for DIVISLAB: 52 fields
2025-09-19 12:42:17,570 - INFO - Completed analysis for DIVISLAB: Score=58.0, Recommendation=HOLD
2025-09-19 12:42:20,611 - INFO - Comprehensive data extracted for CUMMINSIND
2025-09-19 12:42:20,611 - INFO - Fundamental analysis completed for CUMMINSIND: 58 fields
2025-09-19 12:42:22,002 - INFO - Enhanced technical analysis completed for CUMMINSIND: 52 fields
2025-09-19 12:42:22,071 - INFO - Completed analysis for CUMMINSIND: Score=54.6, Recommendation=HOLD
2025-09-19 12:42:28,265 - INFO - Comprehensive data extracted for DIXON
2025-09-19 12:42:28,268 - INFO - Fundamental analysis completed for DIXON: 58 fields
2025-09-19 12:42:28,816 - INFO - Enhanced technical analysis completed for DIXON: 52 fields
2025-09-19 12:42:28,867 - INFO - Completed analysis for DIXON: Score=36.9, Recommendation=SELL
2025-09-19 12:42:29,291 - INFO - Comprehensive data extracted for DRREDDY
2025-09-19 12:42:29,298 - INFO - Fundamental analysis completed for DRREDDY: 58 fields
2025-09-19 12:42:29,933 - INFO - Enhanced technical analysis completed for DRREDDY: 52 fields
2025-09-19 12:42:30,008 - INFO - Comprehensive data extracted for EICHERMOT
2025-09-19 12:42:30,008 - INFO - Fundamental analysis completed for EICHERMOT: 58 fields
2025-09-19 12:42:30,069 - INFO - Completed analysis for DRREDDY: Score=69.8, Recommendation=BUY
2025-09-19 12:42:30,383 - INFO - Enhanced technical analysis completed for EICHERMOT: 52 fields
2025-09-19 12:42:30,471 - INFO - Completed analysis for EICHERMOT: Score=36.7, Recommendation=SELL
2025-09-19 12:42:30,513 - INFO - Comprehensive data extracted for ESCORTS
2025-09-19 12:42:30,515 - INFO - Fundamental analysis completed for ESCORTS: 58 fields
2025-09-19 12:42:30,884 - INFO - Enhanced technical analysis completed for ESCORTS: 52 fields
2025-09-19 12:42:30,942 - INFO - Completed analysis for ESCORTS: Score=44.4, Recommendation=WEAK SELL
2025-09-19 12:42:33,728 - INFO - Comprehensive data extracted for ETERNAL
2025-09-19 12:42:33,732 - INFO - Fundamental analysis completed for ETERNAL: 58 fields
2025-09-19 12:42:34,870 - INFO - Enhanced technical analysis completed for ETERNAL: 52 fields
2025-09-19 12:42:35,025 - INFO - Completed analysis for ETERNAL: Score=31.2, Recommendation=SELL
2025-09-19 12:42:41,287 - INFO - Comprehensive data extracted for EXIDEIND
2025-09-19 12:42:41,289 - INFO - Fundamental analysis completed for EXIDEIND: 58 fields
2025-09-19 12:42:41,604 - INFO - Enhanced technical analysis completed for EXIDEIND: 52 fields
2025-09-19 12:42:41,666 - INFO - Completed analysis for EXIDEIND: Score=42.0, Recommendation=WEAK SELL
2025-09-19 12:42:43,558 - INFO - Comprehensive data extracted for GAIL
2025-09-19 12:42:43,558 - INFO - Fundamental analysis completed for GAIL: 58 fields
2025-09-19 12:42:43,886 - INFO - Enhanced technical analysis completed for GAIL: 52 fields
2025-09-19 12:42:43,947 - INFO - Completed analysis for GAIL: Score=54.8, Recommendation=HOLD
2025-09-19 12:42:45,289 - INFO - Comprehensive data extracted for FEDERALBNK
2025-09-19 12:42:45,304 - INFO - Comprehensive data extracted for GMRAIRPORT
2025-09-19 12:42:45,304 - INFO - Fundamental analysis completed for FEDERALBNK: 58 fields
2025-09-19 12:42:45,317 - INFO - Fundamental analysis completed for GMRAIRPORT: 58 fields
2025-09-19 12:42:45,761 - INFO - Enhanced technical analysis completed for FEDERALBNK: 52 fields
2025-09-19 12:42:45,792 - INFO - Enhanced technical analysis completed for GMRAIRPORT: 52 fields
2025-09-19 12:42:45,870 - INFO - Completed analysis for GMRAIRPORT: Score=49.8, Recommendation=WEAK SELL
2025-09-19 12:42:45,918 - INFO - Completed analysis for FEDERALBNK: Score=73.9, Recommendation=STRONG BUY (UNDERVALUED)
2025-09-19 12:42:46,674 - INFO - Comprehensive data extracted for NYKAA
2025-09-19 12:42:46,674 - INFO - Fundamental analysis completed for NYKAA: 58 fields
2025-09-19 12:42:47,053 - INFO - Enhanced technical analysis completed for NYKAA: 52 fields
2025-09-19 12:42:47,118 - INFO - Completed analysis for NYKAA: Score=37.4, Recommendation=SELL
2025-09-19 12:42:53,503 - INFO - Comprehensive data extracted for GODREJCP
2025-09-19 12:42:53,503 - INFO - Fundamental analysis completed for GODREJCP: 58 fields
2025-09-19 12:42:53,529 - INFO - Comprehensive data extracted for GLENMARK
2025-09-19 12:42:53,534 - INFO - Fundamental analysis completed for GLENMARK: 58 fields
2025-09-19 12:42:53,836 - INFO - Enhanced technical analysis completed for GODREJCP: 52 fields
2025-09-19 12:42:53,920 - INFO - Enhanced technical analysis completed for GLENMARK: 52 fields
2025-09-19 12:42:53,934 - INFO - Completed analysis for GODREJCP: Score=29.8, Recommendation=SELL
2025-09-19 12:42:53,991 - INFO - Completed analysis for GLENMARK: Score=26.2, Recommendation=SELL
2025-09-19 12:42:55,484 - INFO - Comprehensive data extracted for GRASIM
2025-09-19 12:42:55,486 - INFO - Fundamental analysis completed for GRASIM: 58 fields
2025-09-19 12:42:55,875 - INFO - Enhanced technical analysis completed for GRASIM: 52 fields
2025-09-19 12:42:55,944 - INFO - Completed analysis for GRASIM: Score=46.6, Recommendation=WEAK SELL
2025-09-19 12:42:58,319 - INFO - Comprehensive data extracted for GODREJPROP
2025-09-19 12:42:58,319 - INFO - Fundamental analysis completed for GODREJPROP: 58 fields
2025-09-19 12:42:58,354 - INFO - Comprehensive data extracted for HCLTECH
2025-09-19 12:42:58,354 - INFO - Fundamental analysis completed for HCLTECH: 58 fields
2025-09-19 12:42:58,560 - INFO - Enhanced technical analysis completed for GODREJPROP: 52 fields
2025-09-19 12:42:58,653 - INFO - Completed analysis for GODREJPROP: Score=30.8, Recommendation=SELL
2025-09-19 12:42:58,682 - INFO - Enhanced technical analysis completed for HCLTECH: 52 fields
2025-09-19 12:42:58,752 - INFO - Completed analysis for HCLTECH: Score=60.1, Recommendation=BUY
2025-09-19 12:43:04,903 - INFO - Comprehensive data extracted for HDFCAMC
2025-09-19 12:43:04,903 - INFO - Fundamental analysis completed for HDFCAMC: 58 fields
2025-09-19 12:43:05,103 - INFO - Enhanced technical analysis completed for HDFCAMC: 52 fields
2025-09-19 12:43:05,172 - INFO - Completed analysis for HDFCAMC: Score=46.0, Recommendation=WEAK SELL
2025-09-19 12:43:05,265 - INFO - Comprehensive data extracted for HDFCLIFE
2025-09-19 12:43:05,265 - INFO - Fundamental analysis completed for HDFCLIFE: 58 fields
2025-09-19 12:43:05,634 - INFO - Enhanced technical analysis completed for HDFCLIFE: 52 fields
2025-09-19 12:43:05,700 - INFO - Completed analysis for HDFCLIFE: Score=43.0, Recommendation=WEAK SELL
2025-09-19 12:43:06,299 - INFO - Comprehensive data extracted for HAVELLS
2025-09-19 12:43:06,299 - INFO - Fundamental analysis completed for HAVELLS: 58 fields
2025-09-19 12:43:06,707 - INFO - Enhanced technical analysis completed for HAVELLS: 52 fields
2025-09-19 12:43:06,779 - INFO - Completed analysis for HAVELLS: Score=27.2, Recommendation=SELL
2025-09-19 12:43:06,914 - INFO - Comprehensive data extracted for HEROMOTOCO
2025-09-19 12:43:06,916 - INFO - Fundamental analysis completed for HEROMOTOCO: 58 fields
2025-09-19 12:43:07,127 - INFO - Enhanced technical analysis completed for HEROMOTOCO: 52 fields
2025-09-19 12:43:07,182 - INFO - Completed analysis for HEROMOTOCO: Score=45.9, Recommendation=WEAK SELL
2025-09-19 12:43:13,099 - INFO - Comprehensive data extracted for HDFCBANK
2025-09-19 12:43:13,099 - INFO - Fundamental analysis completed for HDFCBANK: 58 fields
2025-09-19 12:43:13,984 - INFO - Enhanced technical analysis completed for HDFCBANK: 52 fields
2025-09-19 12:43:14,059 - INFO - Completed analysis for HDFCBANK: Score=64.1, Recommendation=BUY
2025-09-19 12:43:20,333 - INFO - Comprehensive data extracted for HINDPETRO
2025-09-19 12:43:20,333 - INFO - Fundamental analysis completed for HINDPETRO: 58 fields
2025-09-19 12:43:20,571 - INFO - Comprehensive data extracted for HINDALCO
2025-09-19 12:43:20,571 - INFO - Fundamental analysis completed for HINDALCO: 58 fields
2025-09-19 12:43:20,649 - INFO - Enhanced technical analysis completed for HINDPETRO: 52 fields
2025-09-19 12:43:20,703 - INFO - Completed analysis for HINDPETRO: Score=56.0, Recommendation=HOLD
2025-09-19 12:43:20,884 - INFO - Enhanced technical analysis completed for HINDALCO: 52 fields
2025-09-19 12:43:20,948 - INFO - Completed analysis for HINDALCO: Score=71.2, Recommendation=STRONG BUY (UNDERVALUED)
2025-09-19 12:43:20,972 - INFO - Comprehensive data extracted for HAL
2025-09-19 12:43:20,972 - INFO - Fundamental analysis completed for HAL: 58 fields
2025-09-19 12:43:21,266 - INFO - Enhanced technical analysis completed for HAL: 52 fields
2025-09-19 12:43:21,317 - INFO - Completed analysis for HAL: Score=49.0, Recommendation=WEAK SELL
2025-09-19 12:43:21,449 - INFO - Comprehensive data extracted for HINDUNILVR
2025-09-19 12:43:21,452 - INFO - Fundamental analysis completed for HINDUNILVR: 58 fields
2025-09-19 12:43:21,687 - INFO - Enhanced technical analysis completed for HINDUNILVR: 52 fields
2025-09-19 12:43:21,760 - INFO - Completed analysis for HINDUNILVR: Score=32.6, Recommendation=SELL
2025-09-19 12:43:22,072 - INFO - Comprehensive data extracted for HINDZINC
2025-09-19 12:43:22,072 - INFO - Fundamental analysis completed for HINDZINC: 58 fields
2025-09-19 12:43:22,452 - INFO - Enhanced technical analysis completed for HINDZINC: 52 fields
2025-09-19 12:43:22,520 - INFO - Completed analysis for HINDZINC: Score=52.0, Recommendation=HOLD
2025-09-19 12:43:29,384 - INFO - Comprehensive data extracted for HYUNDAI
2025-09-19 12:43:29,384 - INFO - Fundamental analysis completed for HYUNDAI: 58 fields
2025-09-19 12:43:29,773 - INFO - Enhanced technical analysis completed for HYUNDAI: 52 fields
2025-09-19 12:43:29,849 - INFO - Completed analysis for HYUNDAI: Score=30.2, Recommendation=SELL
2025-09-19 12:43:30,695 - INFO - Comprehensive data extracted for ICICIGI
2025-09-19 12:43:30,696 - INFO - Fundamental analysis completed for ICICIGI: 58 fields
2025-09-19 12:43:30,907 - INFO - Enhanced technical analysis completed for ICICIGI: 52 fields
2025-09-19 12:43:30,952 - INFO - Completed analysis for ICICIGI: Score=58.1, Recommendation=HOLD
2025-09-19 12:43:31,398 - INFO - Comprehensive data extracted for ICICIBANK
2025-09-19 12:43:31,398 - INFO - Fundamental analysis completed for ICICIBANK: 58 fields
2025-09-19 12:43:31,739 - INFO - Enhanced technical analysis completed for ICICIBANK: 52 fields
2025-09-19 12:43:31,805 - INFO - Completed analysis for ICICIBANK: Score=74.3, Recommendation=STRONG BUY
2025-09-19 12:43:31,838 - INFO - Comprehensive data extracted for ICICIPRULI
2025-09-19 12:43:31,838 - INFO - Fundamental analysis completed for ICICIPRULI: 58 fields
2025-09-19 12:43:32,135 - INFO - Enhanced technical analysis completed for ICICIPRULI: 52 fields
2025-09-19 12:43:32,199 - INFO - Completed analysis for ICICIPRULI: Score=45.1, Recommendation=WEAK SELL
2025-09-19 12:43:33,313 - INFO - Comprehensive data extracted for HUDCO
2025-09-19 12:43:33,317 - INFO - Fundamental analysis completed for HUDCO: 58 fields
2025-09-19 12:43:34,018 - INFO - Enhanced technical analysis completed for HUDCO: 52 fields
2025-09-19 12:43:34,101 - INFO - Completed analysis for HUDCO: Score=59.9, Recommendation=HOLD
2025-09-19 12:43:40,194 - INFO - Comprehensive data extracted for IDFCFIRSTB
2025-09-19 12:43:40,194 - INFO - Fundamental analysis completed for IDFCFIRSTB: 58 fields
2025-09-19 12:43:40,388 - INFO - Enhanced technical analysis completed for IDFCFIRSTB: 52 fields
2025-09-19 12:43:40,442 - INFO - Completed analysis for IDFCFIRSTB: Score=50.3, Recommendation=HOLD
2025-09-19 12:43:41,204 - INFO - Comprehensive data extracted for IRB
2025-09-19 12:43:41,206 - INFO - Fundamental analysis completed for IRB: 58 fields
2025-09-19 12:43:41,569 - INFO - Comprehensive data extracted for ITC
2025-09-19 12:43:41,569 - INFO - Fundamental analysis completed for ITC: 58 fields
2025-09-19 12:43:41,889 - INFO - Enhanced technical analysis completed for ITC: 52 fields
2025-09-19 12:43:41,934 - INFO - Completed analysis for ITC: Score=51.5, Recommendation=HOLD
2025-09-19 12:43:42,643 - INFO - Comprehensive data extracted for INDIANB
2025-09-19 12:43:42,643 - INFO - Fundamental analysis completed for INDIANB: 58 fields
2025-09-19 12:43:42,832 - INFO - Enhanced technical analysis completed for IRB: 52 fields
2025-09-19 12:43:42,884 - INFO - Completed analysis for IRB: Score=66.5, Recommendation=BUY (VALUE)
2025-09-19 12:43:43,001 - INFO - Enhanced technical analysis completed for INDIANB: 52 fields
2025-09-19 12:43:43,098 - INFO - Completed analysis for INDIANB: Score=83.4, Recommendation=STRONG BUY (UNDERVALUED)
2025-09-19 12:43:45,444 - INFO - Comprehensive data extracted for INDHOTEL
2025-09-19 12:43:45,444 - INFO - Fundamental analysis completed for INDHOTEL: 58 fields
2025-09-19 12:43:45,736 - INFO - Enhanced technical analysis completed for INDHOTEL: 52 fields
2025-09-19 12:43:45,849 - INFO - Completed analysis for INDHOTEL: Score=48.2, Recommendation=WEAK SELL
2025-09-19 12:43:53,772 - INFO - Comprehensive data extracted for IRFC
2025-09-19 12:43:53,772 - INFO - Fundamental analysis completed for IRFC: 58 fields
2025-09-19 12:43:54,150 - INFO - Enhanced technical analysis completed for IRFC: 52 fields
2025-09-19 12:43:54,202 - INFO - Completed analysis for IRFC: Score=63.4, Recommendation=BUY
2025-09-19 12:43:55,873 - INFO - Comprehensive data extracted for IREDA
2025-09-19 12:43:55,873 - INFO - Fundamental analysis completed for IREDA: 58 fields
2025-09-19 12:43:56,388 - INFO - Enhanced technical analysis completed for IREDA: 52 fields
2025-09-19 12:43:56,657 - INFO - Completed analysis for IREDA: Score=53.2, Recommendation=HOLD
2025-09-19 12:44:00,808 - INFO - Comprehensive data extracted for IGL
2025-09-19 12:44:00,808 - INFO - Fundamental analysis completed for IGL: 58 fields
2025-09-19 12:44:01,467 - INFO - Enhanced technical analysis completed for IGL: 52 fields
2025-09-19 12:44:01,700 - INFO - Completed analysis for IGL: Score=57.4, Recommendation=HOLD
2025-09-19 12:44:05,816 - INFO - Comprehensive data extracted for IRCTC
2025-09-19 12:44:05,816 - INFO - Fundamental analysis completed for IRCTC: 58 fields
2025-09-19 12:44:06,170 - INFO - Enhanced technical analysis completed for IRCTC: 52 fields
2025-09-19 12:44:06,301 - INFO - Completed analysis for IRCTC: Score=37.3, Recommendation=SELL
2025-09-19 12:44:14,452 - INFO - Comprehensive data extracted for IOC
2025-09-19 12:44:14,452 - INFO - Fundamental analysis completed for IOC: 58 fields
2025-09-19 12:44:16,368 - INFO - Enhanced technical analysis completed for IOC: 52 fields
2025-09-19 12:44:17,084 - INFO - Completed analysis for IOC: Score=55.5, Recommendation=HOLD
2025-09-19 12:44:24,108 - INFO - Comprehensive data extracted for INDUSINDBK
2025-09-19 12:44:24,108 - INFO - Fundamental analysis completed for INDUSINDBK: 58 fields
2025-09-19 12:44:24,535 - INFO - Enhanced technical analysis completed for INDUSINDBK: 52 fields
2025-09-19 12:44:24,611 - INFO - Completed analysis for INDUSINDBK: Score=48.5, Recommendation=WEAK SELL
2025-09-19 12:44:27,320 - INFO - Comprehensive data extracted for INFY
2025-09-19 12:44:27,320 - INFO - Fundamental analysis completed for INFY: 58 fields
2025-09-19 12:44:27,535 - INFO - Enhanced technical analysis completed for INFY: 52 fields
2025-09-19 12:44:27,606 - INFO - Completed analysis for INFY: Score=63.9, Recommendation=BUY
2025-09-19 12:44:28,867 - INFO - Comprehensive data extracted for INDIGO
2025-09-19 12:44:28,873 - INFO - Fundamental analysis completed for INDIGO: 58 fields
2025-09-19 12:44:29,261 - INFO - Enhanced technical analysis completed for INDIGO: 52 fields
2025-09-19 12:44:29,319 - INFO - Completed analysis for INDIGO: Score=23.2, Recommendation=SELL
2025-09-19 12:44:33,086 - INFO - Comprehensive data extracted for NAUKRI
2025-09-19 12:44:33,086 - INFO - Fundamental analysis completed for NAUKRI: 58 fields
2025-09-19 12:44:33,392 - INFO - Enhanced technical analysis completed for NAUKRI: 52 fields
2025-09-19 12:44:33,447 - INFO - Completed analysis for NAUKRI: Score=56.2, Recommendation=HOLD
2025-09-19 12:44:33,850 - INFO - Comprehensive data extracted for INDUSTOWER
2025-09-19 12:44:33,850 - INFO - Fundamental analysis completed for INDUSTOWER: 58 fields
2025-09-19 12:44:34,079 - INFO - Enhanced technical analysis completed for INDUSTOWER: 52 fields
2025-09-19 12:44:34,119 - INFO - Completed analysis for INDUSTOWER: Score=71.6, Recommendation=STRONG BUY (UNDERVALUED)
2025-09-19 12:44:40,022 - INFO - Comprehensive data extracted for JSWENERGY
2025-09-19 12:44:40,022 - INFO - Fundamental analysis completed for JSWENERGY: 58 fields
2025-09-19 12:44:41,106 - INFO - Comprehensive data extracted for JSWSTEEL
2025-09-19 12:44:41,106 - INFO - Fundamental analysis completed for JSWSTEEL: 58 fields
2025-09-19 12:44:41,233 - INFO - Comprehensive data extracted for JINDALSTEL
2025-09-19 12:44:41,233 - INFO - Fundamental analysis completed for JINDALSTEL: 58 fields
2025-09-19 12:44:41,555 - INFO - Enhanced technical analysis completed for JINDALSTEL: 52 fields
2025-09-19 12:44:41,613 - INFO - Enhanced technical analysis completed for JSWENERGY: 52 fields
2025-09-19 12:44:41,652 - INFO - Completed analysis for JINDALSTEL: Score=29.3, Recommendation=SELL
2025-09-19 12:44:41,891 - INFO - Completed analysis for JSWENERGY: Score=46.1, Recommendation=WEAK SELL
2025-09-19 12:44:42,674 - INFO - Enhanced technical analysis completed for JSWSTEEL: 52 fields
2025-09-19 12:44:42,817 - INFO - Completed analysis for JSWSTEEL: Score=37.2, Recommendation=SELL
2025-09-19 12:44:46,837 - INFO - Comprehensive data extracted for JUBLFOOD
2025-09-19 12:44:46,837 - INFO - Fundamental analysis completed for JUBLFOOD: 58 fields
2025-09-19 12:44:46,996 - INFO - Enhanced technical analysis completed for JUBLFOOD: 52 fields
2025-09-19 12:44:47,051 - INFO - Completed analysis for JUBLFOOD: Score=36.0, Recommendation=SELL
2025-09-19 12:44:47,250 - INFO - Comprehensive data extracted for JIOFIN
2025-09-19 12:44:47,250 - INFO - Fundamental analysis completed for JIOFIN: 58 fields
2025-09-19 12:44:48,757 - INFO - Enhanced technical analysis completed for JIOFIN: 52 fields
2025-09-19 12:44:49,166 - INFO - Completed analysis for JIOFIN: Score=46.1, Recommendation=WEAK SELL
2025-09-19 12:44:55,916 - INFO - Comprehensive data extracted for KPITTECH
2025-09-19 12:44:55,916 - INFO - Fundamental analysis completed for KPITTECH: 58 fields
2025-09-19 12:44:56,237 - INFO - Enhanced technical analysis completed for KPITTECH: 52 fields
2025-09-19 12:44:56,301 - INFO - Completed analysis for KPITTECH: Score=37.8, Recommendation=SELL
2025-09-19 12:44:56,363 - INFO - Comprehensive data extracted for KOTAKBANK
2025-09-19 12:44:56,366 - INFO - Fundamental analysis completed for KOTAKBANK: 58 fields
2025-09-19 12:44:56,941 - INFO - Enhanced technical analysis completed for KOTAKBANK: 52 fields
2025-09-19 12:44:57,008 - INFO - Completed analysis for KOTAKBANK: Score=67.8, Recommendation=BUY
2025-09-19 12:44:57,075 - INFO - Comprehensive data extracted for KALYANKJIL
2025-09-19 12:44:57,075 - INFO - Fundamental analysis completed for KALYANKJIL: 58 fields
2025-09-19 12:44:57,775 - INFO - Comprehensive data extracted for LICHSGFIN
2025-09-19 12:44:57,775 - INFO - Fundamental analysis completed for LICHSGFIN: 58 fields
2025-09-19 12:44:57,859 - INFO - Comprehensive data extracted for LTF
2025-09-19 12:44:57,859 - INFO - Fundamental analysis completed for LTF: 58 fields
2025-09-19 12:44:57,969 - INFO - Enhanced technical analysis completed for KALYANKJIL: 52 fields
2025-09-19 12:44:58,013 - INFO - Enhanced technical analysis completed for LICHSGFIN: 52 fields
2025-09-19 12:44:58,071 - INFO - Completed analysis for LICHSGFIN: Score=69.1, Recommendation=BUY (VALUE)
2025-09-19 12:44:58,121 - INFO - Completed analysis for KALYANKJIL: Score=37.9, Recommendation=SELL
2025-09-19 12:44:58,184 - INFO - Enhanced technical analysis completed for LTF: 52 fields
2025-09-19 12:44:58,243 - INFO - Completed analysis for LTF: Score=57.2, Recommendation=HOLD
2025-09-19 12:45:04,683 - INFO - Comprehensive data extracted for LTIM
2025-09-19 12:45:04,685 - INFO - Fundamental analysis completed for LTIM: 58 fields
2025-09-19 12:45:04,886 - INFO - Enhanced technical analysis completed for LTIM: 52 fields
2025-09-19 12:45:04,967 - INFO - Completed analysis for LTIM: Score=57.3, Recommendation=HOLD
2025-09-19 12:45:06,337 - INFO - Comprehensive data extracted for LT
2025-09-19 12:45:06,352 - INFO - Fundamental analysis completed for LT: 58 fields
2025-09-19 12:45:06,583 - INFO - Enhanced technical analysis completed for LT: 52 fields
2025-09-19 12:45:06,708 - INFO - Comprehensive data extracted for LODHA
2025-09-19 12:45:06,708 - INFO - Fundamental analysis completed for LODHA: 58 fields
2025-09-19 12:45:06,718 - INFO - Completed analysis for LT: Score=44.2, Recommendation=WEAK SELL
2025-09-19 12:45:07,404 - INFO - Enhanced technical analysis completed for LODHA: 52 fields
2025-09-19 12:45:07,500 - INFO - Completed analysis for LODHA: Score=55.4, Recommendation=HOLD
2025-09-19 12:45:07,649 - INFO - Comprehensive data extracted for LUPIN
2025-09-19 12:45:07,649 - INFO - Fundamental analysis completed for LUPIN: 58 fields
2025-09-19 12:45:08,246 - INFO - Enhanced technical analysis completed for LUPIN: 52 fields
2025-09-19 12:45:08,351 - INFO - Completed analysis for LUPIN: Score=48.7, Recommendation=WEAK SELL
2025-09-19 12:45:09,072 - INFO - Comprehensive data extracted for LICI
2025-09-19 12:45:09,072 - INFO - Fundamental analysis completed for LICI: 58 fields
2025-09-19 12:45:11,176 - INFO - Enhanced technical analysis completed for LICI: 52 fields
2025-09-19 12:45:12,387 - INFO - Completed analysis for LICI: Score=66.9, Recommendation=BUY (VALUE)
2025-09-19 12:45:22,001 - INFO - Comprehensive data extracted for M&M
2025-09-19 12:45:22,003 - INFO - Fundamental analysis completed for M&M: 58 fields
2025-09-19 12:45:23,169 - INFO - Comprehensive data extracted for M&MFIN
2025-09-19 12:45:23,185 - INFO - Fundamental analysis completed for M&MFIN: 58 fields
2025-09-19 12:45:23,539 - INFO - Enhanced technical analysis completed for M&MFIN: 52 fields
2025-09-19 12:45:23,604 - INFO - Enhanced technical analysis completed for M&M: 52 fields
2025-09-19 12:45:23,687 - INFO - Completed analysis for M&MFIN: Score=65.3, Recommendation=BUY
2025-09-19 12:45:23,887 - INFO - Completed analysis for M&M: Score=43.5, Recommendation=WEAK SELL
2025-09-19 12:45:25,615 - INFO - Comprehensive data extracted for MRF
2025-09-19 12:45:25,617 - INFO - Fundamental analysis completed for MRF: 58 fields
2025-09-19 12:45:25,950 - INFO - Enhanced technical analysis completed for MRF: 52 fields
2025-09-19 12:45:26,019 - INFO - Completed analysis for MRF: Score=31.2, Recommendation=SELL
2025-09-19 12:45:27,654 - INFO - Comprehensive data extracted for MARICO
2025-09-19 12:45:27,654 - INFO - Fundamental analysis completed for MARICO: 58 fields
2025-09-19 12:45:28,537 - INFO - Comprehensive data extracted for MANKIND
2025-09-19 12:45:28,537 - INFO - Fundamental analysis completed for MANKIND: 58 fields
2025-09-19 12:45:28,951 - INFO - Enhanced technical analysis completed for MANKIND: 52 fields
2025-09-19 12:45:29,088 - INFO - Enhanced technical analysis completed for MARICO: 52 fields
2025-09-19 12:45:29,372 - INFO - Completed analysis for MANKIND: Score=35.2, Recommendation=SELL
2025-09-19 12:45:29,672 - INFO - Completed analysis for MARICO: Score=34.0, Recommendation=SELL
2025-09-19 12:45:35,500 - INFO - Comprehensive data extracted for MAXHEALTH
2025-09-19 12:45:35,501 - INFO - Fundamental analysis completed for MAXHEALTH: 58 fields
2025-09-19 12:45:35,823 - INFO - Enhanced technical analysis completed for MAXHEALTH: 52 fields
2025-09-19 12:45:35,905 - INFO - Completed analysis for MAXHEALTH: Score=42.4, Recommendation=WEAK SELL
2025-09-19 12:45:36,017 - INFO - Comprehensive data extracted for MARUTI
2025-09-19 12:45:36,017 - INFO - Fundamental analysis completed for MARUTI: 58 fields
2025-09-19 12:45:36,866 - INFO - Comprehensive data extracted for MAZDOCK
2025-09-19 12:45:36,868 - INFO - Fundamental analysis completed for MAZDOCK: 58 fields
2025-09-19 12:45:37,105 - INFO - Enhanced technical analysis completed for MAZDOCK: 52 fields
2025-09-19 12:45:37,221 - INFO - Completed analysis for MAZDOCK: Score=49.8, Recommendation=WEAK SELL
2025-09-19 12:45:37,456 - INFO - Enhanced technical analysis completed for MARUTI: 52 fields
2025-09-19 12:45:37,832 - INFO - Completed analysis for MARUTI: Score=49.3, Recommendation=WEAK SELL
2025-09-19 12:45:38,303 - INFO - Comprehensive data extracted for MOTILALOFS
2025-09-19 12:45:38,303 - INFO - Fundamental analysis completed for MOTILALOFS: 58 fields
2025-09-19 12:45:38,650 - INFO - Enhanced technical analysis completed for MOTILALOFS: 52 fields
2025-09-19 12:45:38,719 - INFO - Completed analysis for MOTILALOFS: Score=55.9, Recommendation=HOLD
2025-09-19 12:45:48,901 - INFO - Comprehensive data extracted for MFSL
2025-09-19 12:45:48,901 - INFO - Fundamental analysis completed for MFSL: 58 fields
2025-09-19 12:45:56,151 - INFO - Enhanced technical analysis completed for MFSL: 52 fields
2025-09-19 12:46:00,034 - INFO - Completed analysis for MFSL: Score=19.9, Recommendation=SELL
2025-09-19 12:46:05,617 - INFO - Comprehensive data extracted for NHPC
2025-09-19 12:46:05,617 - INFO - Fundamental analysis completed for NHPC: 58 fields
2025-09-19 12:46:05,896 - INFO - Enhanced technical analysis completed for NHPC: 52 fields
2025-09-19 12:46:05,967 - INFO - Completed analysis for NHPC: Score=46.3, Recommendation=WEAK SELL
2025-09-19 12:46:07,311 - INFO - Comprehensive data extracted for MUTHOOTFIN
2025-09-19 12:46:07,315 - INFO - Fundamental analysis completed for MUTHOOTFIN: 58 fields
2025-09-19 12:46:07,368 - INFO - Comprehensive data extracted for NMDC
2025-09-19 12:46:07,368 - INFO - Fundamental analysis completed for NMDC: 58 fields
2025-09-19 12:46:07,579 - INFO - Enhanced technical analysis completed for NMDC: 52 fields
2025-09-19 12:46:07,666 - INFO - Completed analysis for NMDC: Score=73.6, Recommendation=STRONG BUY (UNDERVALUED)
2025-09-19 12:46:08,247 - INFO - Enhanced technical analysis completed for MUTHOOTFIN: 52 fields
2025-09-19 12:46:08,365 - INFO - Completed analysis for MUTHOOTFIN: Score=71.7, Recommendation=STRONG BUY
2025-09-19 12:46:08,646 - INFO - Comprehensive data extracted for NTPCGREEN
2025-09-19 12:46:08,649 - INFO - Fundamental analysis completed for NTPCGREEN: 58 fields
2025-09-19 12:46:08,957 - INFO - Enhanced technical analysis completed for NTPCGREEN: 52 fields
2025-09-19 12:46:09,017 - INFO - Completed analysis for NTPCGREEN: Score=36.9, Recommendation=SELL
2025-09-19 12:46:13,994 - INFO - Comprehensive data extracted for MPHASIS
2025-09-19 12:46:13,994 - INFO - Fundamental analysis completed for MPHASIS: 58 fields
2025-09-19 12:46:14,725 - INFO - Enhanced technical analysis completed for MPHASIS: 52 fields
2025-09-19 12:46:15,170 - INFO - Completed analysis for MPHASIS: Score=52.3, Recommendation=HOLD
2025-09-19 12:46:20,908 - INFO - Comprehensive data extracted for NESTLEIND
2025-09-19 12:46:20,908 - INFO - Fundamental analysis completed for NESTLEIND: 58 fields
2025-09-19 12:46:21,404 - INFO - Enhanced technical analysis completed for NESTLEIND: 52 fields
2025-09-19 12:46:21,500 - INFO - Completed analysis for NESTLEIND: Score=28.2, Recommendation=SELL
2025-09-19 12:46:21,786 - INFO - Comprehensive data extracted for NATIONALUM
2025-09-19 12:46:21,788 - INFO - Fundamental analysis completed for NATIONALUM: 58 fields
2025-09-19 12:46:22,444 - INFO - Enhanced technical analysis completed for NATIONALUM: 52 fields
2025-09-19 12:46:22,668 - INFO - Completed analysis for NATIONALUM: Score=65.5, Recommendation=BUY (VALUE)
2025-09-19 12:46:23,447 - INFO - Comprehensive data extracted for NTPC
2025-09-19 12:46:23,448 - INFO - Fundamental analysis completed for NTPC: 58 fields
2025-09-19 12:46:24,145 - INFO - Comprehensive data extracted for OBEROIRLTY
2025-09-19 12:46:24,147 - INFO - Fundamental analysis completed for OBEROIRLTY: 58 fields
2025-09-19 12:46:24,284 - INFO - Comprehensive data extracted for ONGC
2025-09-19 12:46:24,303 - INFO - Fundamental analysis completed for ONGC: 58 fields
2025-09-19 12:46:24,412 - INFO - Enhanced technical analysis completed for OBEROIRLTY: 52 fields
2025-09-19 12:46:24,491 - INFO - Completed analysis for OBEROIRLTY: Score=33.6, Recommendation=SELL
2025-09-19 12:46:24,726 - INFO - Enhanced technical analysis completed for NTPC: 52 fields
2025-09-19 12:46:24,819 - INFO - Completed analysis for NTPC: Score=54.9, Recommendation=HOLD
2025-09-19 12:46:24,934 - INFO - Enhanced technical analysis completed for ONGC: 52 fields
2025-09-19 12:46:25,087 - INFO - Completed analysis for ONGC: Score=55.7, Recommendation=HOLD
2025-09-19 12:46:30,793 - INFO - Comprehensive data extracted for PAYTM
2025-09-19 12:46:30,796 - INFO - Fundamental analysis completed for PAYTM: 58 fields
2025-09-19 12:46:30,883 - INFO - Comprehensive data extracted for OLAELEC
2025-09-19 12:46:30,885 - INFO - Fundamental analysis completed for OLAELEC: 58 fields
2025-09-19 12:46:31,028 - INFO - Enhanced technical analysis completed for PAYTM: 52 fields
2025-09-19 12:46:31,103 - INFO - Comprehensive data extracted for OIL
2025-09-19 12:46:31,107 - INFO - Fundamental analysis completed for OIL: 58 fields
2025-09-19 12:46:31,220 - INFO - Completed analysis for PAYTM: Score=28.3, Recommendation=SELL
2025-09-19 12:46:31,273 - INFO - Enhanced technical analysis completed for OLAELEC: 52 fields
2025-09-19 12:46:31,437 - INFO - Completed analysis for OLAELEC: Score=24.5, Recommendation=SELL
2025-09-19 12:46:31,450 - INFO - Enhanced technical analysis completed for OIL: 52 fields
2025-09-19 12:46:31,548 - INFO - Completed analysis for OIL: Score=59.2, Recommendation=HOLD
2025-09-19 12:46:31,970 - INFO - Comprehensive data extracted for POLICYBZR
2025-09-19 12:46:31,972 - INFO - Fundamental analysis completed for POLICYBZR: 58 fields
2025-09-19 12:46:32,042 - INFO - Comprehensive data extracted for OFSS
2025-09-19 12:46:32,042 - INFO - Fundamental analysis completed for OFSS: 58 fields
2025-09-19 12:46:32,182 - INFO - Enhanced technical analysis completed for POLICYBZR: 52 fields
2025-09-19 12:46:32,318 - INFO - Enhanced technical analysis completed for OFSS: 52 fields
2025-09-19 12:46:32,351 - INFO - Completed analysis for POLICYBZR: Score=30.2, Recommendation=SELL
2025-09-19 12:46:32,449 - INFO - Completed analysis for OFSS: Score=66.8, Recommendation=BUY
2025-09-19 12:46:38,191 - INFO - Comprehensive data extracted for PAGEIND
2025-09-19 12:46:38,212 - INFO - Comprehensive data extracted for PIIND
2025-09-19 12:46:38,218 - INFO - Fundamental analysis completed for PAGEIND: 58 fields
2025-09-19 12:46:38,218 - INFO - Fundamental analysis completed for PIIND: 58 fields
2025-09-19 12:46:38,474 - INFO - Enhanced technical analysis completed for PAGEIND: 52 fields
2025-09-19 12:46:38,604 - INFO - Enhanced technical analysis completed for PIIND: 52 fields
2025-09-19 12:46:38,704 - INFO - Comprehensive data extracted for PATANJALI
2025-09-19 12:46:38,709 - INFO - Fundamental analysis completed for PATANJALI: 58 fields
2025-09-19 12:46:38,778 - INFO - Completed analysis for PAGEIND: Score=38.6, Recommendation=SELL
2025-09-19 12:46:38,797 - INFO - Completed analysis for PIIND: Score=29.0, Recommendation=SELL
2025-09-19 12:46:39,039 - INFO - Enhanced technical analysis completed for PATANJALI: 52 fields
2025-09-19 12:46:39,140 - INFO - Completed analysis for PATANJALI: Score=35.6, Recommendation=SELL
2025-09-19 12:46:39,436 - INFO - Comprehensive data extracted for PERSISTENT
2025-09-19 12:46:39,442 - INFO - Fundamental analysis completed for PERSISTENT: 58 fields
2025-09-19 12:46:39,493 - INFO - Comprehensive data extracted for PETRONET
2025-09-19 12:46:39,495 - INFO - Fundamental analysis completed for PETRONET: 58 fields
2025-09-19 12:46:39,834 - INFO - Enhanced technical analysis completed for PERSISTENT: 52 fields
2025-09-19 12:46:39,834 - INFO - Enhanced technical analysis completed for PETRONET: 52 fields
2025-09-19 12:46:39,993 - INFO - Completed analysis for PETRONET: Score=47.5, Recommendation=WEAK SELL
2025-09-19 12:46:40,009 - INFO - Completed analysis for PERSISTENT: Score=66.7, Recommendation=BUY
2025-09-19 12:46:45,768 - INFO - Comprehensive data extracted for PHOENIXLTD
2025-09-19 12:46:45,768 - INFO - Fundamental analysis completed for PHOENIXLTD: 58 fields
2025-09-19 12:46:45,806 - INFO - Comprehensive data extracted for POLYCAB
2025-09-19 12:46:45,806 - INFO - Fundamental analysis completed for POLYCAB: 58 fields
2025-09-19 12:46:45,934 - INFO - Comprehensive data extracted for PIDILITIND
2025-09-19 12:46:45,934 - INFO - Fundamental analysis completed for PIDILITIND: 58 fields
2025-09-19 12:46:46,145 - INFO - Enhanced technical analysis completed for POLYCAB: 52 fields
2025-09-19 12:46:46,159 - INFO - Enhanced technical analysis completed for PHOENIXLTD: 52 fields
2025-09-19 12:46:46,272 - INFO - Completed analysis for POLYCAB: Score=63.4, Recommendation=BUY
2025-09-19 12:46:46,321 - INFO - Completed analysis for PHOENIXLTD: Score=37.3, Recommendation=SELL
2025-09-19 12:46:46,747 - INFO - Enhanced technical analysis completed for PIDILITIND: 52 fields
2025-09-19 12:46:46,944 - INFO - Comprehensive data extracted for PFC
2025-09-19 12:46:46,946 - INFO - Fundamental analysis completed for PFC: 58 fields
2025-09-19 12:46:47,092 - INFO - Completed analysis for PIDILITIND: Score=36.8, Recommendation=SELL
2025-09-19 12:46:47,221 - INFO - Enhanced technical analysis completed for PFC: 52 fields
2025-09-19 12:46:47,301 - INFO - Completed analysis for PFC: Score=73.4, Recommendation=STRONG BUY (UNDERVALUED)
2025-09-19 12:46:47,803 - INFO - Comprehensive data extracted for POWERGRID
2025-09-19 12:46:47,803 - INFO - Fundamental analysis completed for POWERGRID: 58 fields
2025-09-19 12:46:48,070 - INFO - Enhanced technical analysis completed for POWERGRID: 52 fields
2025-09-19 12:46:48,153 - INFO - Completed analysis for POWERGRID: Score=46.0, Recommendation=WEAK SELL
2025-09-19 12:46:53,887 - INFO - Comprehensive data extracted for PREMIERENE
2025-09-19 12:46:53,887 - INFO - Fundamental analysis completed for PREMIERENE: 58 fields
2025-09-19 12:46:53,986 - INFO - Comprehensive data extracted for PRESTIGE
2025-09-19 12:46:53,988 - INFO - Fundamental analysis completed for PRESTIGE: 58 fields
2025-09-19 12:46:54,044 - INFO - Comprehensive data extracted for PNB
2025-09-19 12:46:54,057 - INFO - Fundamental analysis completed for PNB: 58 fields
2025-09-19 12:46:54,166 - INFO - Enhanced technical analysis completed for PREMIERENE: 52 fields
2025-09-19 12:46:54,356 - INFO - Enhanced technical analysis completed for PRESTIGE: 52 fields
2025-09-19 12:46:54,425 - INFO - Completed analysis for PREMIERENE: Score=41.8, Recommendation=WEAK SELL
2025-09-19 12:46:54,554 - INFO - Enhanced technical analysis completed for PNB: 52 fields
2025-09-19 12:46:54,577 - INFO - Completed analysis for PRESTIGE: Score=42.9, Recommendation=WEAK SELL
2025-09-19 12:46:54,657 - INFO - Completed analysis for PNB: Score=85.8, Recommendation=STRONG BUY (UNDERVALUED)
2025-09-19 12:46:55,089 - INFO - Comprehensive data extracted for RVNL
2025-09-19 12:46:55,089 - INFO - Fundamental analysis completed for RVNL: 58 fields
2025-09-19 12:46:55,224 - INFO - Comprehensive data extracted for RECLTD
2025-09-19 12:46:55,261 - INFO - Fundamental analysis completed for RECLTD: 58 fields
2025-09-19 12:46:55,362 - INFO - Enhanced technical analysis completed for RVNL: 52 fields
2025-09-19 12:46:55,443 - INFO - Completed analysis for RVNL: Score=32.6, Recommendation=SELL
2025-09-19 12:46:55,579 - INFO - Enhanced technical analysis completed for RECLTD: 52 fields
2025-09-19 12:46:55,677 - INFO - Completed analysis for RECLTD: Score=75.7, Recommendation=STRONG BUY (UNDERVALUED)
2025-09-19 12:47:01,368 - INFO - Comprehensive data extracted for SBICARD
2025-09-19 12:47:01,377 - INFO - Fundamental analysis completed for SBICARD: 58 fields
2025-09-19 12:47:01,442 - INFO - Comprehensive data extracted for RELIANCE
2025-09-19 12:47:01,442 - INFO - Fundamental analysis completed for RELIANCE: 58 fields
2025-09-19 12:47:01,642 - INFO - Enhanced technical analysis completed for SBICARD: 52 fields
2025-09-19 12:47:01,734 - INFO - Comprehensive data extracted for SBILIFE
2025-09-19 12:47:01,742 - INFO - Fundamental analysis completed for SBILIFE: 58 fields
2025-09-19 12:47:01,834 - INFO - Enhanced technical analysis completed for RELIANCE: 52 fields
2025-09-19 12:47:01,859 - INFO - Completed analysis for SBICARD: Score=32.0, Recommendation=SELL
2025-09-19 12:47:01,961 - INFO - Completed analysis for RELIANCE: Score=51.5, Recommendation=HOLD
2025-09-19 12:47:02,090 - INFO - Enhanced technical analysis completed for SBILIFE: 52 fields
2025-09-19 12:47:02,185 - INFO - Completed analysis for SBILIFE: Score=60.9, Recommendation=BUY
2025-09-19 12:47:02,806 - INFO - Comprehensive data extracted for SJVN
2025-09-19 12:47:02,812 - INFO - Fundamental analysis completed for SJVN: 58 fields
2025-09-19 12:47:03,054 - INFO - Comprehensive data extracted for SRF
2025-09-19 12:47:03,063 - INFO - Fundamental analysis completed for SRF: 58 fields
2025-09-19 12:47:03,133 - INFO - Enhanced technical analysis completed for SJVN: 52 fields
2025-09-19 12:47:03,227 - INFO - Completed analysis for SJVN: Score=40.6, Recommendation=WEAK SELL
2025-09-19 12:47:03,440 - INFO - Enhanced technical analysis completed for SRF: 52 fields
2025-09-19 12:47:03,538 - INFO - Completed analysis for SRF: Score=39.2, Recommendation=SELL
2025-09-19 12:47:09,647 - INFO - Comprehensive data extracted for MOTHERSON
2025-09-19 12:47:09,651 - INFO - Fundamental analysis completed for MOTHERSON: 58 fields
2025-09-19 12:47:09,831 - INFO - Comprehensive data extracted for SHREECEM
2025-09-19 12:47:09,916 - INFO - Fundamental analysis completed for SHREECEM: 58 fields
2025-09-19 12:47:09,927 - INFO - Comprehensive data extracted for SHRIRAMFIN
2025-09-19 12:47:09,942 - INFO - Fundamental analysis completed for SHRIRAMFIN: 58 fields
2025-09-19 12:47:10,087 - INFO - Enhanced technical analysis completed for MOTHERSON: 52 fields
2025-09-19 12:47:10,311 - INFO - Completed analysis for MOTHERSON: Score=30.0, Recommendation=SELL
2025-09-19 12:47:10,402 - INFO - Enhanced technical analysis completed for SHREECEM: 52 fields
2025-09-19 12:47:10,417 - INFO - Enhanced technical analysis completed for SHRIRAMFIN: 52 fields
2025-09-19 12:47:10,562 - INFO - Completed analysis for SHREECEM: Score=33.7, Recommendation=SELL
2025-09-19 12:47:10,580 - INFO - Completed analysis for SHRIRAMFIN: Score=67.4, Recommendation=BUY (VALUE)
2025-09-19 12:47:10,987 - INFO - Comprehensive data extracted for SIEMENS
2025-09-19 12:47:10,989 - INFO - Fundamental analysis completed for SIEMENS: 58 fields
2025-09-19 12:47:11,278 - INFO - Comprehensive data extracted for SOLARINDS
2025-09-19 12:47:11,317 - INFO - Fundamental analysis completed for SOLARINDS: 58 fields
2025-09-19 12:47:11,376 - INFO - Enhanced technical analysis completed for SIEMENS: 52 fields
2025-09-19 12:47:11,458 - INFO - Completed analysis for SIEMENS: Score=32.9, Recommendation=SELL
2025-09-19 12:47:11,617 - INFO - Enhanced technical analysis completed for SOLARINDS: 52 fields
2025-09-19 12:47:11,701 - INFO - Completed analysis for SOLARINDS: Score=45.6, Recommendation=WEAK SELL
2025-09-19 12:47:17,358 - INFO - Comprehensive data extracted for SONACOMS
2025-09-19 12:47:17,360 - INFO - Fundamental analysis completed for SONACOMS: 58 fields
2025-09-19 12:47:17,423 - INFO - Comprehensive data extracted for SAIL
2025-09-19 12:47:17,426 - INFO - Fundamental analysis completed for SAIL: 58 fields
2025-09-19 12:47:17,491 - INFO - Comprehensive data extracted for SBIN
2025-09-19 12:47:17,491 - INFO - Fundamental analysis completed for SBIN: 58 fields
2025-09-19 12:47:17,674 - INFO - Enhanced technical analysis completed for SONACOMS: 52 fields
2025-09-19 12:47:17,937 - INFO - Enhanced technical analysis completed for SBIN: 52 fields
2025-09-19 12:47:17,951 - INFO - Enhanced technical analysis completed for SAIL: 52 fields
2025-09-19 12:47:17,978 - INFO - Completed analysis for SONACOMS: Score=34.1, Recommendation=SELL
2025-09-19 12:47:18,134 - INFO - Completed analysis for SBIN: Score=85.8, Recommendation=STRONG BUY (UNDERVALUED)
2025-09-19 12:47:18,143 - INFO - Completed analysis for SAIL: Score=61.4, Recommendation=BUY (VALUE)
2025-09-19 12:47:18,707 - INFO - Comprehensive data extracted for SUNPHARMA
2025-09-19 12:47:18,709 - INFO - Fundamental analysis completed for SUNPHARMA: 58 fields
2025-09-19 12:47:18,824 - INFO - Comprehensive data extracted for SUPREMEIND
2025-09-19 12:47:18,824 - INFO - Fundamental analysis completed for SUPREMEIND: 58 fields
2025-09-19 12:47:18,981 - INFO - Enhanced technical analysis completed for SUNPHARMA: 52 fields
2025-09-19 12:47:19,076 - INFO - Completed analysis for SUNPHARMA: Score=33.0, Recommendation=SELL
2025-09-19 12:47:19,235 - INFO - Enhanced technical analysis completed for SUPREMEIND: 52 fields
2025-09-19 12:47:19,328 - INFO - Completed analysis for SUPREMEIND: Score=25.8, Recommendation=SELL
2025-09-19 12:47:25,174 - INFO - Comprehensive data extracted for SWIGGY
2025-09-19 12:47:25,175 - INFO - Fundamental analysis completed for SWIGGY: 58 fields
2025-09-19 12:47:25,256 - INFO - Comprehensive data extracted for TVSMOTOR
2025-09-19 12:47:25,273 - INFO - Fundamental analysis completed for TVSMOTOR: 58 fields
2025-09-19 12:47:25,273 - INFO - Comprehensive data extracted for SUZLON
2025-09-19 12:47:25,276 - INFO - Fundamental analysis completed for SUZLON: 58 fields
2025-09-19 12:47:25,552 - INFO - Enhanced technical analysis completed for SWIGGY: 52 fields
2025-09-19 12:47:25,637 - INFO - Enhanced technical analysis completed for TVSMOTOR: 52 fields
2025-09-19 12:47:25,807 - INFO - Completed analysis for SWIGGY: Score=38.5, Recommendation=SELL
2025-09-19 12:47:25,821 - INFO - Enhanced technical analysis completed for SUZLON: 52 fields
2025-09-19 12:47:25,837 - INFO - Completed analysis for TVSMOTOR: Score=38.3, Recommendation=SELL
2025-09-19 12:47:25,918 - INFO - Completed analysis for SUZLON: Score=39.3, Recommendation=SELL
2025-09-19 12:47:26,351 - INFO - Comprehensive data extracted for TATACOMM
2025-09-19 12:47:26,351 - INFO - Fundamental analysis completed for TATACOMM: 58 fields
2025-09-19 12:47:26,458 - INFO - Comprehensive data extracted for TCS
2025-09-19 12:47:26,460 - INFO - Fundamental analysis completed for TCS: 58 fields
2025-09-19 12:47:26,872 - INFO - Enhanced technical analysis completed for TCS: 52 fields
2025-09-19 12:47:26,921 - INFO - Enhanced technical analysis completed for TATACOMM: 52 fields
2025-09-19 12:47:27,051 - INFO - Completed analysis for TCS: Score=66.0, Recommendation=BUY
2025-09-19 12:47:27,051 - INFO - Completed analysis for TATACOMM: Score=29.3, Recommendation=SELL
2025-09-19 12:47:32,763 - INFO - Comprehensive data extracted for TATAMOTORS
2025-09-19 12:47:32,763 - INFO - Fundamental analysis completed for TATAMOTORS: 58 fields
2025-09-19 12:47:32,825 - INFO - Comprehensive data extracted for TATACONSUM
2025-09-19 12:47:32,827 - INFO - Fundamental analysis completed for TATACONSUM: 58 fields
2025-09-19 12:47:33,197 - INFO - Comprehensive data extracted for TATAELXSI
2025-09-19 12:47:33,219 - INFO - Fundamental analysis completed for TATAELXSI: 58 fields
2025-09-19 12:47:33,341 - INFO - Enhanced technical analysis completed for TATAMOTORS: 52 fields
2025-09-19 12:47:33,345 - INFO - Enhanced technical analysis completed for TATACONSUM: 52 fields
2025-09-19 12:47:33,488 - INFO - Completed analysis for TATAMOTORS: Score=46.1, Recommendation=WEAK SELL
2025-09-19 12:47:33,498 - INFO - Completed analysis for TATACONSUM: Score=39.1, Recommendation=SELL
2025-09-19 12:47:33,618 - INFO - Enhanced technical analysis completed for TATAELXSI: 52 fields
2025-09-19 12:47:33,710 - INFO - Completed analysis for TATAELXSI: Score=27.5, Recommendation=SELL
2025-09-19 12:47:34,086 - INFO - Comprehensive data extracted for TATAPOWER
2025-09-19 12:47:34,093 - INFO - Fundamental analysis completed for TATAPOWER: 58 fields
2025-09-19 12:47:34,153 - INFO - Comprehensive data extracted for TATASTEEL
2025-09-19 12:47:34,159 - INFO - Fundamental analysis completed for TATASTEEL: 58 fields
2025-09-19 12:47:34,602 - INFO - Enhanced technical analysis completed for TATAPOWER: 52 fields
2025-09-19 12:47:34,604 - INFO - Enhanced technical analysis completed for TATASTEEL: 52 fields
2025-09-19 12:47:34,735 - INFO - Completed analysis for TATAPOWER: Score=36.1, Recommendation=SELL
2025-09-19 12:47:34,826 - INFO - Completed analysis for TATASTEEL: Score=33.2, Recommendation=SELL
2025-09-19 12:47:40,521 - INFO - Comprehensive data extracted for TATATECH
2025-09-19 12:47:40,521 - INFO - Fundamental analysis completed for TATATECH: 58 fields
2025-09-19 12:47:40,626 - INFO - Comprehensive data extracted for TITAN
2025-09-19 12:47:40,635 - INFO - Comprehensive data extracted for TECHM
2025-09-19 12:47:40,635 - INFO - Fundamental analysis completed for TITAN: 58 fields
2025-09-19 12:47:40,635 - INFO - Fundamental analysis completed for TECHM: 58 fields
2025-09-19 12:47:40,869 - INFO - Enhanced technical analysis completed for TATATECH: 52 fields
2025-09-19 12:47:41,089 - INFO - Enhanced technical analysis completed for TITAN: 52 fields
2025-09-19 12:47:41,105 - INFO - Enhanced technical analysis completed for TECHM: 52 fields
2025-09-19 12:47:41,115 - INFO - Completed analysis for TATATECH: Score=32.5, Recommendation=SELL
2025-09-19 12:47:41,254 - INFO - Completed analysis for TITAN: Score=37.2, Recommendation=SELL
2025-09-19 12:47:41,263 - INFO - Completed analysis for TECHM: Score=38.7, Recommendation=SELL
2025-09-19 12:47:41,663 - INFO - Comprehensive data extracted for TORNTPHARM
2025-09-19 12:47:41,663 - INFO - Fundamental analysis completed for TORNTPHARM: 58 fields
2025-09-19 12:47:41,982 - INFO - Comprehensive data extracted for TORNTPOWER
2025-09-19 12:47:41,991 - INFO - Fundamental analysis completed for TORNTPOWER: 58 fields
2025-09-19 12:47:41,991 - INFO - Enhanced technical analysis completed for TORNTPHARM: 52 fields
2025-09-19 12:47:42,085 - INFO - Completed analysis for TORNTPHARM: Score=42.4, Recommendation=WEAK SELL
2025-09-19 12:47:42,262 - INFO - Enhanced technical analysis completed for TORNTPOWER: 52 fields
2025-09-19 12:47:42,351 - INFO - Completed analysis for TORNTPOWER: Score=34.1, Recommendation=SELL
2025-09-19 12:47:48,150 - INFO - Comprehensive data extracted for UPL
2025-09-19 12:47:48,156 - INFO - Comprehensive data extracted for TIINDIA
2025-09-19 12:47:48,156 - INFO - Fundamental analysis completed for UPL: 58 fields
2025-09-19 12:47:48,156 - INFO - Fundamental analysis completed for TIINDIA: 58 fields
2025-09-19 12:47:48,200 - INFO - Comprehensive data extracted for TRENT
2025-09-19 12:47:48,204 - INFO - Fundamental analysis completed for TRENT: 58 fields
2025-09-19 12:47:48,554 - INFO - Enhanced technical analysis completed for TIINDIA: 52 fields
2025-09-19 12:47:48,645 - INFO - Enhanced technical analysis completed for TRENT: 52 fields
2025-09-19 12:47:48,651 - INFO - Enhanced technical analysis completed for UPL: 52 fields
2025-09-19 12:47:48,792 - INFO - Completed analysis for TIINDIA: Score=29.5, Recommendation=SELL
2025-09-19 12:47:48,887 - INFO - Completed analysis for UPL: Score=32.5, Recommendation=SELL
2025-09-19 12:47:48,887 - INFO - Completed analysis for TRENT: Score=31.3, Recommendation=SELL
2025-09-19 12:47:49,437 - INFO - Comprehensive data extracted for ULTRACEMCO
2025-09-19 12:47:49,437 - INFO - Fundamental analysis completed for ULTRACEMCO: 58 fields
2025-09-19 12:47:49,556 - INFO - Comprehensive data extracted for UNIONBANK
2025-09-19 12:47:49,564 - INFO - Fundamental analysis completed for UNIONBANK: 58 fields
2025-09-19 12:47:49,724 - INFO - Enhanced technical analysis completed for ULTRACEMCO: 52 fields
2025-09-19 12:47:49,904 - INFO - Enhanced technical analysis completed for UNIONBANK: 52 fields
2025-09-19 12:47:49,929 - INFO - Completed analysis for ULTRACEMCO: Score=38.7, Recommendation=SELL
2025-09-19 12:47:50,027 - INFO - Completed analysis for UNIONBANK: Score=86.0, Recommendation=STRONG BUY (UNDERVALUED)
2025-09-19 12:47:55,722 - INFO - Comprehensive data extracted for VBL
2025-09-19 12:47:55,722 - INFO - Fundamental analysis completed for VBL: 58 fields
2025-09-19 12:47:55,842 - INFO - Comprehensive data extracted for UNITDSPR
2025-09-19 12:47:55,842 - INFO - Fundamental analysis completed for UNITDSPR: 58 fields
2025-09-19 12:47:56,010 - INFO - Enhanced technical analysis completed for VBL: 52 fields
2025-09-19 12:47:56,157 - INFO - Enhanced technical analysis completed for UNITDSPR: 52 fields
2025-09-19 12:47:56,171 - INFO - Completed analysis for VBL: Score=45.5, Recommendation=WEAK SELL
2025-09-19 12:47:56,248 - INFO - Completed analysis for UNITDSPR: Score=28.7, Recommendation=SELL
2025-09-19 12:47:56,723 - INFO - Comprehensive data extracted for VMM
2025-09-19 12:47:56,723 - INFO - Fundamental analysis completed for VMM: 58 fields
2025-09-19 12:47:56,805 - INFO - Comprehensive data extracted for IDEA
2025-09-19 12:47:56,819 - INFO - Fundamental analysis completed for IDEA: 58 fields
2025-09-19 12:47:57,010 - INFO - Enhanced technical analysis completed for VMM: 52 fields
2025-09-19 12:47:57,184 - INFO - Enhanced technical analysis completed for IDEA: 52 fields
2025-09-19 12:47:57,200 - INFO - Completed analysis for VMM: Score=34.9, Recommendation=SELL
2025-09-19 12:47:57,286 - INFO - Completed analysis for IDEA: Score=66.1, Recommendation=BUY (VALUE)
2025-09-19 12:47:57,454 - INFO - Comprehensive data extracted for VEDL
2025-09-19 12:47:57,470 - INFO - Fundamental analysis completed for VEDL: 58 fields
2025-09-19 12:47:57,981 - INFO - Enhanced technical analysis completed for VEDL: 52 fields
2025-09-19 12:47:58,091 - INFO - Completed analysis for VEDL: Score=49.2, Recommendation=WEAK SELL
2025-09-19 12:48:03,790 - INFO - Comprehensive data extracted for VOLTAS
2025-09-19 12:48:03,790 - INFO - Fundamental analysis completed for VOLTAS: 58 fields
2025-09-19 12:48:03,869 - INFO - Comprehensive data extracted for WIPRO
2025-09-19 12:48:03,869 - INFO - Fundamental analysis completed for WIPRO: 58 fields
2025-09-19 12:48:03,949 - INFO - Comprehensive data extracted for WAAREEENER
2025-09-19 12:48:03,949 - INFO - Fundamental analysis completed for WAAREEENER: 58 fields
2025-09-19 12:48:04,203 - INFO - Enhanced technical analysis completed for WIPRO: 52 fields
2025-09-19 12:48:04,409 - INFO - Enhanced technical analysis completed for VOLTAS: 52 fields
2025-09-19 12:48:04,488 - INFO - Enhanced technical analysis completed for WAAREEENER: 52 fields
2025-09-19 12:48:04,489 - INFO - Completed analysis for WIPRO: Score=70.8, Recommendation=STRONG BUY
2025-09-19 12:48:04,605 - INFO - Completed analysis for VOLTAS: Score=27.7, Recommendation=SELL
2025-09-19 12:48:04,637 - INFO - Completed analysis for WAAREEENER: Score=36.6, Recommendation=SELL
2025-09-19 12:48:05,077 - INFO - Comprehensive data extracted for YESBANK
2025-09-19 12:48:05,077 - INFO - Fundamental analysis completed for YESBANK: 58 fields
2025-09-19 12:48:05,176 - INFO - Comprehensive data extracted for ZYDUSLIFE
2025-09-19 12:48:05,182 - INFO - Fundamental analysis completed for ZYDUSLIFE: 58 fields
2025-09-19 12:48:05,301 - INFO - Enhanced technical analysis completed for YESBANK: 52 fields
2025-09-19 12:48:05,496 - INFO - Enhanced technical analysis completed for ZYDUSLIFE: 52 fields
2025-09-19 12:48:05,507 - INFO - Completed analysis for YESBANK: Score=75.8, Recommendation=STRONG BUY
2025-09-19 12:48:05,588 - INFO - Completed analysis for ZYDUSLIFE: Score=45.0, Recommendation=WEAK SELL
2025-09-19 12:48:05,595 - INFO - Batch analysis completed: 200 results, 0 failures
2025-09-19 12:48:06,028 - INFO - Calculated sector rankings for 11 sectors
2025-09-19 12:48:54,213 - INFO - Completed risk-return analysis
2025-09-19 12:48:54,365 - INFO - Generated complete portfolio allocation: 35 total stocks (Current: 34, New: 1)
2025-09-19 12:49:00,197 - INFO - Enhanced Excel report generated: reports/Enhanced_Stock_Report_20250919_124854.xlsx, Size: 294845 bytes
2025-09-19 12:49:00,410 - INFO - Loaded report: Enhanced_Stock_Report_20250919_123617.xlsx
2025-09-19 12:49:00,410 - INFO - Available sheets: ['Top Picks', 'Trading Plans', 'Undervalued', 'Sector Analysis', 'Risk Analysis', 'Portfolio Allocation', 'Portfolio Summary', 'Complete Data']
2025-09-19 12:49:01,335 - INFO - Loaded report: Enhanced_Stock_Report_20250919_124854.xlsx
2025-09-19 12:49:01,335 - INFO - Available sheets: ['Top Picks', 'Trading Plans', 'Undervalued', 'Sector Analysis', 'Risk Analysis', 'Portfolio Allocation', 'Portfolio Summary', 'Complete Data']
