2025-09-04 08:37:14,692 - INFO - Top 200 NSE Stock Analysis Initialized
2025-09-04 08:37:14,706 - INFO - HIGH-RISK MODE: Profile=aggressive, Growth=True, Momentum=False, MinVol=0.0
2025-09-04 08:37:14,733 - INFO - Using default stock list from stock_list_template.csv
2025-09-04 08:37:14,733 - INFO - Loading stocks from CSV: stock_list_template.csv
2025-09-04 08:37:14,806 - INFO - Loaded 200 stocks with company names
2025-09-04 08:37:14,806 - INFO - Sample stocks: ABB, ACC, APLAPOLLO, AUBANK, ADANIENSOL
2025-09-04 08:37:14,809 - INFO - Starting batch analysis of 200 stocks
2025-09-04 08:37:21,114 - INFO - Comprehensive data extracted for ACC
2025-09-04 08:37:21,137 - INFO - Fundamental analysis completed for ACC: 58 fields
2025-09-04 08:37:21,155 - INFO - Comprehensive data extracted for APLAPOLLO
2025-09-04 08:37:21,162 - INFO - Comprehensive data extracted for ABB
2025-09-04 08:37:21,166 - INFO - Fundamental analysis completed for ABB: 58 fields
2025-09-04 08:37:21,168 - INFO - Fundamental analysis completed for APLAPOLLO: 58 fields
2025-09-04 08:37:21,348 - INFO - Enhanced technical analysis completed for APLAPOLLO: 52 fields
2025-09-04 08:37:21,437 - INFO - Enhanced technical analysis completed for ACC: 52 fields
2025-09-04 08:37:21,536 - INFO - Enhanced technical analysis completed for ABB: 52 fields
2025-09-04 08:37:21,540 - INFO - Completed analysis for APLAPOLLO: Score=30.5, Recommendation=SELL
2025-09-04 08:37:21,586 - INFO - Completed analysis for ACC: Score=68.3, Recommendation=BUY (VALUE)
2025-09-04 08:37:21,629 - INFO - Completed analysis for ABB: Score=56.6, Recommendation=HOLD
2025-09-04 08:37:21,970 - INFO - Comprehensive data extracted for ADANIENSOL
2025-09-04 08:37:21,972 - INFO - Fundamental analysis completed for ADANIENSOL: 58 fields
2025-09-04 08:37:22,058 - INFO - Comprehensive data extracted for AUBANK
2025-09-04 08:37:22,066 - INFO - Fundamental analysis completed for AUBANK: 58 fields
2025-09-04 08:37:22,298 - INFO - Enhanced technical analysis completed for AUBANK: 52 fields
2025-09-04 08:37:22,298 - INFO - Enhanced technical analysis completed for ADANIENSOL: 52 fields
2025-09-04 08:37:22,362 - INFO - Completed analysis for AUBANK: Score=64.7, Recommendation=BUY
2025-09-04 08:37:22,386 - INFO - Completed analysis for ADANIENSOL: Score=28.4, Recommendation=SELL
2025-09-04 08:37:27,839 - INFO - Comprehensive data extracted for ADANIENT
2025-09-04 08:37:27,839 - INFO - Fundamental analysis completed for ADANIENT: 58 fields
2025-09-04 08:37:28,062 - INFO - Enhanced technical analysis completed for ADANIENT: 52 fields
2025-09-04 08:37:28,082 - INFO - Comprehensive data extracted for ADANIGREEN
2025-09-04 08:37:28,082 - INFO - Fundamental analysis completed for ADANIGREEN: 58 fields
2025-09-04 08:37:28,136 - INFO - Completed analysis for ADANIENT: Score=29.8, Recommendation=SELL
2025-09-04 08:37:28,232 - INFO - Enhanced technical analysis completed for ADANIGREEN: 52 fields
2025-09-04 08:37:28,287 - INFO - Completed analysis for ADANIGREEN: Score=42.2, Recommendation=WEAK SELL
2025-09-04 08:37:28,361 - INFO - Comprehensive data extracted for ADANIPORTS
2025-09-04 08:37:28,364 - INFO - Fundamental analysis completed for ADANIPORTS: 58 fields
2025-09-04 08:37:28,546 - INFO - Enhanced technical analysis completed for ADANIPORTS: 52 fields
2025-09-04 08:37:28,612 - INFO - Completed analysis for ADANIPORTS: Score=47.8, Recommendation=WEAK SELL
2025-09-04 08:37:28,678 - INFO - Comprehensive data extracted for ADANIPOWER
2025-09-04 08:37:28,679 - INFO - Fundamental analysis completed for ADANIPOWER: 58 fields
2025-09-04 08:37:28,863 - INFO - Enhanced technical analysis completed for ADANIPOWER: 52 fields
2025-09-04 08:37:28,910 - INFO - Comprehensive data extracted for ATGL
2025-09-04 08:37:28,926 - INFO - Fundamental analysis completed for ATGL: 58 fields
2025-09-04 08:37:28,939 - INFO - Completed analysis for ADANIPOWER: Score=40.6, Recommendation=WEAK SELL
2025-09-04 08:37:29,095 - INFO - Enhanced technical analysis completed for ATGL: 52 fields
2025-09-04 08:37:29,148 - INFO - Completed analysis for ATGL: Score=33.7, Recommendation=SELL
2025-09-04 08:37:34,739 - INFO - Comprehensive data extracted for ALKEM
2025-09-04 08:37:34,743 - INFO - Comprehensive data extracted for ABCAPITAL
2025-09-04 08:37:34,743 - INFO - Fundamental analysis completed for ALKEM: 58 fields
2025-09-04 08:37:34,743 - INFO - Fundamental analysis completed for ABCAPITAL: 58 fields
2025-09-04 08:37:34,804 - INFO - Comprehensive data extracted for ABFRL
2025-09-04 08:37:34,808 - INFO - Fundamental analysis completed for ABFRL: 58 fields
2025-09-04 08:37:34,948 - INFO - Enhanced technical analysis completed for ABCAPITAL: 52 fields
2025-09-04 08:37:35,040 - INFO - Enhanced technical analysis completed for ALKEM: 52 fields
2025-09-04 08:37:35,080 - INFO - Completed analysis for ABCAPITAL: Score=43.0, Recommendation=WEAK SELL
2025-09-04 08:37:35,080 - INFO - Enhanced technical analysis completed for ABFRL: 52 fields
2025-09-04 08:37:35,168 - INFO - Completed analysis for ABFRL: Score=29.4, Recommendation=SELL
2025-09-04 08:37:35,169 - INFO - Completed analysis for ALKEM: Score=43.5, Recommendation=WEAK SELL
2025-09-04 08:37:35,472 - INFO - Comprehensive data extracted for AMBUJACEM
2025-09-04 08:37:35,472 - INFO - Fundamental analysis completed for AMBUJACEM: 58 fields
2025-09-04 08:37:35,664 - INFO - Enhanced technical analysis completed for AMBUJACEM: 52 fields
2025-09-04 08:37:35,728 - INFO - Completed analysis for AMBUJACEM: Score=50.8, Recommendation=HOLD
2025-09-04 08:37:35,890 - INFO - Comprehensive data extracted for APOLLOHOSP
2025-09-04 08:37:35,905 - INFO - Fundamental analysis completed for APOLLOHOSP: 58 fields
2025-09-04 08:37:36,090 - INFO - Enhanced technical analysis completed for APOLLOHOSP: 52 fields
2025-09-04 08:37:36,151 - INFO - Completed analysis for APOLLOHOSP: Score=36.1, Recommendation=SELL
2025-09-04 08:37:42,346 - INFO - Comprehensive data extracted for ASIANPAINT
2025-09-04 08:37:42,353 - INFO - Comprehensive data extracted for APOLLOTYRE
2025-09-04 08:37:42,359 - INFO - Fundamental analysis completed for ASIANPAINT: 58 fields
2025-09-04 08:37:42,359 - INFO - Fundamental analysis completed for APOLLOTYRE: 58 fields
2025-09-04 08:37:42,580 - INFO - Enhanced technical analysis completed for ASIANPAINT: 52 fields
2025-09-04 08:37:42,635 - INFO - Completed analysis for ASIANPAINT: Score=31.3, Recommendation=SELL
2025-09-04 08:37:42,797 - INFO - Enhanced technical analysis completed for APOLLOTYRE: 52 fields
2025-09-04 08:37:42,869 - INFO - Completed analysis for APOLLOTYRE: Score=31.7, Recommendation=SELL
2025-09-04 08:37:43,084 - INFO - Comprehensive data extracted for ASHOKLEY
2025-09-04 08:37:43,127 - INFO - Comprehensive data extracted for ASTRAL
2025-09-04 08:37:43,128 - INFO - Fundamental analysis completed for ASHOKLEY: 58 fields
2025-09-04 08:37:43,134 - INFO - Fundamental analysis completed for ASTRAL: 58 fields
2025-09-04 08:37:43,359 - INFO - Enhanced technical analysis completed for ASTRAL: 52 fields
2025-09-04 08:37:43,432 - INFO - Enhanced technical analysis completed for ASHOKLEY: 52 fields
2025-09-04 08:37:43,500 - INFO - Completed analysis for ASTRAL: Score=23.6, Recommendation=SELL
2025-09-04 08:37:43,548 - INFO - Completed analysis for ASHOKLEY: Score=40.0, Recommendation=WEAK SELL
2025-09-04 08:37:43,565 - INFO - Comprehensive data extracted for AUROPHARMA
2025-09-04 08:37:43,574 - INFO - Fundamental analysis completed for AUROPHARMA: 58 fields
2025-09-04 08:37:43,845 - INFO - Enhanced technical analysis completed for AUROPHARMA: 52 fields
2025-09-04 08:37:43,903 - INFO - Completed analysis for AUROPHARMA: Score=45.1, Recommendation=WEAK SELL
2025-09-04 08:37:49,539 - INFO - Comprehensive data extracted for DMART
2025-09-04 08:37:49,539 - INFO - Fundamental analysis completed for DMART: 58 fields
2025-09-04 08:37:49,582 - INFO - Comprehensive data extracted for AXISBANK
2025-09-04 08:37:49,628 - INFO - Fundamental analysis completed for AXISBANK: 58 fields
2025-09-04 08:37:49,636 - INFO - Comprehensive data extracted for BSE
2025-09-04 08:37:49,639 - INFO - Fundamental analysis completed for BSE: 58 fields
2025-09-04 08:37:49,816 - INFO - Enhanced technical analysis completed for DMART: 52 fields
2025-09-04 08:37:50,213 - INFO - Enhanced technical analysis completed for AXISBANK: 52 fields
2025-09-04 08:37:50,216 - INFO - Enhanced technical analysis completed for BSE: 52 fields
2025-09-04 08:37:50,220 - INFO - Completed analysis for DMART: Score=23.0, Recommendation=SELL
2025-09-04 08:37:50,382 - INFO - Completed analysis for BSE: Score=61.8, Recommendation=BUY
2025-09-04 08:37:50,384 - INFO - Completed analysis for AXISBANK: Score=72.9, Recommendation=STRONG BUY (UNDERVALUED)
2025-09-04 08:37:50,782 - INFO - Comprehensive data extracted for BAJAJ-AUTO
2025-09-04 08:37:50,790 - INFO - Fundamental analysis completed for BAJAJ-AUTO: 58 fields
2025-09-04 08:37:51,140 - INFO - Comprehensive data extracted for BAJFINANCE
2025-09-04 08:37:51,146 - INFO - Fundamental analysis completed for BAJFINANCE: 58 fields
2025-09-04 08:37:51,188 - INFO - Enhanced technical analysis completed for BAJAJ-AUTO: 52 fields
2025-09-04 08:37:51,262 - INFO - Completed analysis for BAJAJ-AUTO: Score=38.8, Recommendation=SELL
2025-09-04 08:37:51,469 - INFO - Enhanced technical analysis completed for BAJFINANCE: 52 fields
2025-09-04 08:37:51,655 - INFO - Completed analysis for BAJFINANCE: Score=54.5, Recommendation=HOLD
2025-09-04 08:37:57,236 - INFO - Comprehensive data extracted for BAJAJHLDNG
2025-09-04 08:37:57,236 - INFO - Fundamental analysis completed for BAJAJHLDNG: 58 fields
2025-09-04 08:37:57,285 - INFO - Comprehensive data extracted for BAJAJHFL
2025-09-04 08:37:57,285 - INFO - Fundamental analysis completed for BAJAJHFL: 58 fields
2025-09-04 08:37:57,342 - INFO - Comprehensive data extracted for BAJAJFINSV
2025-09-04 08:37:57,346 - INFO - Fundamental analysis completed for BAJAJFINSV: 58 fields
2025-09-04 08:37:57,481 - INFO - Enhanced technical analysis completed for BAJAJHLDNG: 52 fields
2025-09-04 08:37:57,514 - INFO - Enhanced technical analysis completed for BAJAJHFL: 52 fields
2025-09-04 08:37:57,624 - INFO - Enhanced technical analysis completed for BAJAJFINSV: 52 fields
2025-09-04 08:37:57,639 - INFO - Completed analysis for BAJAJHLDNG: Score=73.8, Recommendation=STRONG BUY (UNDERVALUED)
2025-09-04 08:37:57,679 - INFO - Completed analysis for BAJAJHFL: Score=41.0, Recommendation=WEAK SELL
2025-09-04 08:37:57,721 - INFO - Completed analysis for BAJAJFINSV: Score=52.1, Recommendation=HOLD
2025-09-04 08:37:58,095 - INFO - Comprehensive data extracted for BANKBARODA
2025-09-04 08:37:58,112 - INFO - Fundamental analysis completed for BANKBARODA: 58 fields
2025-09-04 08:37:58,245 - INFO - Comprehensive data extracted for BANDHANBNK
2025-09-04 08:37:58,245 - INFO - Fundamental analysis completed for BANDHANBNK: 58 fields
2025-09-04 08:37:58,333 - INFO - Enhanced technical analysis completed for BANKBARODA: 52 fields
2025-09-04 08:37:58,440 - INFO - Completed analysis for BANKBARODA: Score=77.9, Recommendation=STRONG BUY (UNDERVALUED)
2025-09-04 08:37:58,464 - INFO - Enhanced technical analysis completed for BANDHANBNK: 52 fields
2025-09-04 08:37:58,532 - INFO - Completed analysis for BANDHANBNK: Score=65.7, Recommendation=BUY (VALUE)
2025-09-04 08:38:04,049 - INFO - Comprehensive data extracted for BDL
2025-09-04 08:38:04,049 - INFO - Fundamental analysis completed for BDL: 58 fields
2025-09-04 08:38:04,206 - INFO - Comprehensive data extracted for MAHABANK
2025-09-04 08:38:04,219 - INFO - Fundamental analysis completed for MAHABANK: 58 fields
2025-09-04 08:38:04,281 - INFO - Enhanced technical analysis completed for BDL: 52 fields
2025-09-04 08:38:04,281 - INFO - Comprehensive data extracted for BANKINDIA
2025-09-04 08:38:04,281 - INFO - Fundamental analysis completed for BANKINDIA: 58 fields
2025-09-04 08:38:04,352 - INFO - Completed analysis for BDL: Score=60.3, Recommendation=BUY
2025-09-04 08:38:04,446 - INFO - Enhanced technical analysis completed for MAHABANK: 52 fields
2025-09-04 08:38:04,490 - INFO - Enhanced technical analysis completed for BANKINDIA: 52 fields
2025-09-04 08:38:04,535 - INFO - Completed analysis for MAHABANK: Score=85.8, Recommendation=STRONG BUY (UNDERVALUED)
2025-09-04 08:38:04,580 - INFO - Completed analysis for BANKINDIA: Score=80.4, Recommendation=STRONG BUY (UNDERVALUED)
2025-09-04 08:38:05,146 - INFO - Comprehensive data extracted for BHARATFORG
2025-09-04 08:38:05,148 - INFO - Fundamental analysis completed for BHARATFORG: 58 fields
2025-09-04 08:38:05,349 - INFO - Enhanced technical analysis completed for BHARATFORG: 52 fields
2025-09-04 08:38:05,412 - INFO - Completed analysis for BHARATFORG: Score=31.4, Recommendation=SELL
2025-09-04 08:38:05,652 - INFO - Comprehensive data extracted for BEL
2025-09-04 08:38:05,657 - INFO - Fundamental analysis completed for BEL: 58 fields
2025-09-04 08:38:05,830 - INFO - Enhanced technical analysis completed for BEL: 52 fields
2025-09-04 08:38:05,900 - INFO - Completed analysis for BEL: Score=53.8, Recommendation=HOLD
2025-09-04 08:38:11,468 - INFO - Comprehensive data extracted for BHARTIARTL
2025-09-04 08:38:11,469 - INFO - Fundamental analysis completed for BHARTIARTL: 58 fields
2025-09-04 08:38:11,495 - INFO - Comprehensive data extracted for BPCL
2025-09-04 08:38:11,502 - INFO - Fundamental analysis completed for BPCL: 58 fields
2025-09-04 08:38:11,520 - INFO - Comprehensive data extracted for BHEL
2025-09-04 08:38:11,522 - INFO - Fundamental analysis completed for BHEL: 58 fields
2025-09-04 08:38:11,707 - INFO - Enhanced technical analysis completed for BHARTIARTL: 52 fields
2025-09-04 08:38:11,775 - INFO - Enhanced technical analysis completed for BHEL: 52 fields
2025-09-04 08:38:11,800 - INFO - Enhanced technical analysis completed for BPCL: 52 fields
2025-09-04 08:38:11,832 - INFO - Completed analysis for BHARTIARTL: Score=50.9, Recommendation=HOLD
2025-09-04 08:38:11,893 - INFO - Completed analysis for BHEL: Score=31.0, Recommendation=SELL
2025-09-04 08:38:11,902 - INFO - Completed analysis for BPCL: Score=58.0, Recommendation=HOLD
2025-09-04 08:38:12,181 - INFO - Comprehensive data extracted for BHARTIHEXA
2025-09-04 08:38:12,183 - INFO - Fundamental analysis completed for BHARTIHEXA: 58 fields
2025-09-04 08:38:12,345 - INFO - Enhanced technical analysis completed for BHARTIHEXA: 52 fields
2025-09-04 08:38:12,396 - INFO - Completed analysis for BHARTIHEXA: Score=44.6, Recommendation=WEAK SELL
2025-09-04 08:38:12,467 - INFO - Comprehensive data extracted for BIOCON
2025-09-04 08:38:12,469 - INFO - Fundamental analysis completed for BIOCON: 58 fields
2025-09-04 08:38:12,728 - INFO - Enhanced technical analysis completed for BIOCON: 52 fields
2025-09-04 08:38:12,778 - INFO - Completed analysis for BIOCON: Score=37.1, Recommendation=SELL
2025-09-04 08:38:18,521 - INFO - Comprehensive data extracted for CGPOWER
2025-09-04 08:38:18,531 - INFO - Comprehensive data extracted for BOSCHLTD
2025-09-04 08:38:18,562 - INFO - Comprehensive data extracted for BRITANNIA
2025-09-04 08:38:18,565 - INFO - Fundamental analysis completed for CGPOWER: 58 fields
2025-09-04 08:38:18,574 - INFO - Fundamental analysis completed for BOSCHLTD: 58 fields
2025-09-04 08:38:18,583 - INFO - Fundamental analysis completed for BRITANNIA: 58 fields
2025-09-04 08:38:18,867 - INFO - Enhanced technical analysis completed for BRITANNIA: 52 fields
2025-09-04 08:38:18,921 - INFO - Enhanced technical analysis completed for BOSCHLTD: 52 fields
2025-09-04 08:38:18,956 - INFO - Enhanced technical analysis completed for CGPOWER: 52 fields
2025-09-04 08:38:19,025 - INFO - Completed analysis for BRITANNIA: Score=36.5, Recommendation=SELL
2025-09-04 08:38:19,096 - INFO - Completed analysis for BOSCHLTD: Score=44.6, Recommendation=WEAK SELL
2025-09-04 08:38:19,104 - INFO - Completed analysis for CGPOWER: Score=39.3, Recommendation=SELL
2025-09-04 08:38:19,782 - INFO - Comprehensive data extracted for CANBK
2025-09-04 08:38:19,819 - INFO - Comprehensive data extracted for CHOLAFIN
2025-09-04 08:38:19,821 - INFO - Fundamental analysis completed for CANBK: 58 fields
2025-09-04 08:38:19,821 - INFO - Fundamental analysis completed for CHOLAFIN: 58 fields
2025-09-04 08:38:20,131 - INFO - Enhanced technical analysis completed for CANBK: 52 fields
2025-09-04 08:38:20,152 - INFO - Enhanced technical analysis completed for CHOLAFIN: 52 fields
2025-09-04 08:38:20,227 - INFO - Completed analysis for CANBK: Score=87.9, Recommendation=STRONG BUY (UNDERVALUED)
2025-09-04 08:38:20,251 - INFO - Completed analysis for CHOLAFIN: Score=42.1, Recommendation=WEAK SELL
2025-09-04 08:38:25,704 - INFO - Comprehensive data extracted for COALINDIA
2025-09-04 08:38:25,704 - INFO - Fundamental analysis completed for COALINDIA: 58 fields
2025-09-04 08:38:25,732 - INFO - Comprehensive data extracted for COCHINSHIP
2025-09-04 08:38:25,732 - INFO - Fundamental analysis completed for COCHINSHIP: 58 fields
2025-09-04 08:38:25,907 - INFO - Enhanced technical analysis completed for COALINDIA: 52 fields
2025-09-04 08:38:25,961 - INFO - Enhanced technical analysis completed for COCHINSHIP: 52 fields
2025-09-04 08:38:25,979 - INFO - Comprehensive data extracted for CIPLA
2025-09-04 08:38:25,979 - INFO - Fundamental analysis completed for CIPLA: 58 fields
2025-09-04 08:38:26,062 - INFO - Completed analysis for COALINDIA: Score=56.4, Recommendation=HOLD
2025-09-04 08:38:26,065 - INFO - Completed analysis for COCHINSHIP: Score=43.9, Recommendation=WEAK SELL
2025-09-04 08:38:26,180 - INFO - Enhanced technical analysis completed for CIPLA: 52 fields
2025-09-04 08:38:26,249 - INFO - Completed analysis for CIPLA: Score=44.1, Recommendation=WEAK SELL
2025-09-04 08:38:26,605 - INFO - Comprehensive data extracted for COFORGE
2025-09-04 08:38:26,607 - INFO - Fundamental analysis completed for COFORGE: 58 fields
2025-09-04 08:38:26,839 - INFO - Enhanced technical analysis completed for COFORGE: 52 fields
2025-09-04 08:38:26,863 - INFO - Comprehensive data extracted for COLPAL
2025-09-04 08:38:26,863 - INFO - Fundamental analysis completed for COLPAL: 58 fields
2025-09-04 08:38:26,914 - INFO - Completed analysis for COFORGE: Score=34.5, Recommendation=SELL
2025-09-04 08:38:27,115 - INFO - Enhanced technical analysis completed for COLPAL: 52 fields
2025-09-04 08:38:27,178 - INFO - Completed analysis for COLPAL: Score=29.3, Recommendation=SELL
2025-09-04 08:38:32,788 - INFO - Comprehensive data extracted for CONCOR
2025-09-04 08:38:32,792 - INFO - Fundamental analysis completed for CONCOR: 58 fields
2025-09-04 08:38:32,882 - INFO - Comprehensive data extracted for DLF
2025-09-04 08:38:32,882 - INFO - Fundamental analysis completed for DLF: 58 fields
2025-09-04 08:38:32,922 - INFO - Comprehensive data extracted for CUMMINSIND
2025-09-04 08:38:32,922 - INFO - Fundamental analysis completed for CUMMINSIND: 58 fields
2025-09-04 08:38:33,054 - INFO - Enhanced technical analysis completed for CONCOR: 52 fields
2025-09-04 08:38:33,085 - INFO - Enhanced technical analysis completed for DLF: 52 fields
2025-09-04 08:38:33,215 - INFO - Enhanced technical analysis completed for CUMMINSIND: 52 fields
2025-09-04 08:38:33,230 - INFO - Completed analysis for CONCOR: Score=36.8, Recommendation=SELL
2025-09-04 08:38:33,234 - INFO - Completed analysis for DLF: Score=44.5, Recommendation=WEAK SELL
2025-09-04 08:38:33,280 - INFO - Completed analysis for CUMMINSIND: Score=56.7, Recommendation=HOLD
2025-09-04 08:38:33,780 - INFO - Comprehensive data extracted for DIVISLAB
2025-09-04 08:38:33,780 - INFO - Fundamental analysis completed for DIVISLAB: 58 fields
2025-09-04 08:38:33,912 - INFO - Comprehensive data extracted for DABUR
2025-09-04 08:38:33,912 - INFO - Fundamental analysis completed for DABUR: 58 fields
2025-09-04 08:38:33,988 - INFO - Enhanced technical analysis completed for DIVISLAB: 52 fields
2025-09-04 08:38:34,059 - INFO - Completed analysis for DIVISLAB: Score=55.8, Recommendation=HOLD
2025-09-04 08:38:34,138 - INFO - Enhanced technical analysis completed for DABUR: 52 fields
2025-09-04 08:38:34,196 - INFO - Completed analysis for DABUR: Score=36.5, Recommendation=SELL
2025-09-04 08:38:39,710 - INFO - Comprehensive data extracted for DRREDDY
2025-09-04 08:38:39,718 - INFO - Fundamental analysis completed for DRREDDY: 58 fields
2025-09-04 08:38:39,854 - INFO - Comprehensive data extracted for EICHERMOT
2025-09-04 08:38:39,892 - INFO - Fundamental analysis completed for EICHERMOT: 58 fields
2025-09-04 08:38:39,915 - INFO - Enhanced technical analysis completed for DRREDDY: 52 fields
2025-09-04 08:38:39,971 - INFO - Comprehensive data extracted for DIXON
2025-09-04 08:38:39,971 - INFO - Fundamental analysis completed for DIXON: 58 fields
2025-09-04 08:38:40,024 - INFO - Completed analysis for DRREDDY: Score=66.5, Recommendation=BUY
2025-09-04 08:38:40,172 - INFO - Enhanced technical analysis completed for DIXON: 52 fields
2025-09-04 08:38:40,214 - INFO - Enhanced technical analysis completed for EICHERMOT: 52 fields
2025-09-04 08:38:40,235 - INFO - Completed analysis for DIXON: Score=41.9, Recommendation=WEAK SELL
2025-09-04 08:38:40,295 - INFO - Completed analysis for EICHERMOT: Score=36.7, Recommendation=SELL
2025-09-04 08:38:40,588 - INFO - Comprehensive data extracted for ESCORTS
2025-09-04 08:38:40,591 - INFO - Fundamental analysis completed for ESCORTS: 58 fields
2025-09-04 08:38:40,837 - INFO - Comprehensive data extracted for ETERNAL
2025-09-04 08:38:40,855 - INFO - Fundamental analysis completed for ETERNAL: 58 fields
2025-09-04 08:38:40,917 - INFO - Enhanced technical analysis completed for ESCORTS: 52 fields
2025-09-04 08:38:40,983 - INFO - Completed analysis for ESCORTS: Score=45.3, Recommendation=WEAK SELL
2025-09-04 08:38:41,036 - INFO - Enhanced technical analysis completed for ETERNAL: 52 fields
2025-09-04 08:38:41,091 - INFO - Completed analysis for ETERNAL: Score=28.5, Recommendation=SELL
2025-09-04 08:38:46,617 - INFO - Comprehensive data extracted for EXIDEIND
2025-09-04 08:38:46,617 - INFO - Fundamental analysis completed for EXIDEIND: 58 fields
2025-09-04 08:38:46,806 - INFO - Enhanced technical analysis completed for EXIDEIND: 52 fields
2025-09-04 08:38:46,831 - INFO - Comprehensive data extracted for NYKAA
2025-09-04 08:38:46,831 - INFO - Fundamental analysis completed for NYKAA: 58 fields
2025-09-04 08:38:46,865 - INFO - Comprehensive data extracted for FEDERALBNK
2025-09-04 08:38:46,896 - INFO - Fundamental analysis completed for FEDERALBNK: 58 fields
2025-09-04 08:38:46,912 - INFO - Completed analysis for EXIDEIND: Score=42.9, Recommendation=WEAK SELL
2025-09-04 08:38:46,998 - INFO - Enhanced technical analysis completed for NYKAA: 52 fields
2025-09-04 08:38:47,088 - INFO - Completed analysis for NYKAA: Score=33.1, Recommendation=SELL
2025-09-04 08:38:47,128 - INFO - Enhanced technical analysis completed for FEDERALBNK: 52 fields
2025-09-04 08:38:47,179 - INFO - Completed analysis for FEDERALBNK: Score=71.9, Recommendation=STRONG BUY (UNDERVALUED)
2025-09-04 08:38:47,413 - INFO - Comprehensive data extracted for GAIL
2025-09-04 08:38:47,413 - INFO - Fundamental analysis completed for GAIL: 58 fields
2025-09-04 08:38:47,644 - INFO - Enhanced technical analysis completed for GAIL: 52 fields
2025-09-04 08:38:47,672 - INFO - Comprehensive data extracted for GMRAIRPORT
2025-09-04 08:38:47,672 - INFO - Fundamental analysis completed for GMRAIRPORT: 58 fields
2025-09-04 08:38:47,735 - INFO - Completed analysis for GAIL: Score=57.0, Recommendation=HOLD
2025-09-04 08:38:47,836 - INFO - Enhanced technical analysis completed for GMRAIRPORT: 52 fields
2025-09-04 08:38:47,887 - INFO - Completed analysis for GMRAIRPORT: Score=47.7, Recommendation=WEAK SELL
2025-09-04 08:38:53,365 - INFO - Comprehensive data extracted for GODREJCP
2025-09-04 08:38:53,365 - INFO - Fundamental analysis completed for GODREJCP: 58 fields
2025-09-04 08:38:53,451 - INFO - Comprehensive data extracted for GLENMARK
2025-09-04 08:38:53,451 - INFO - Fundamental analysis completed for GLENMARK: 58 fields
2025-09-04 08:38:53,473 - INFO - Comprehensive data extracted for GODREJPROP
2025-09-04 08:38:53,478 - INFO - Fundamental analysis completed for GODREJPROP: 58 fields
2025-09-04 08:38:53,564 - INFO - Enhanced technical analysis completed for GODREJCP: 52 fields
2025-09-04 08:38:53,650 - INFO - Enhanced technical analysis completed for GODREJPROP: 52 fields
2025-09-04 08:38:53,754 - INFO - Enhanced technical analysis completed for GLENMARK: 52 fields
2025-09-04 08:38:53,773 - INFO - Completed analysis for GODREJCP: Score=34.5, Recommendation=SELL
2025-09-04 08:38:53,783 - INFO - Completed analysis for GODREJPROP: Score=26.9, Recommendation=SELL
2025-09-04 08:38:53,811 - INFO - Completed analysis for GLENMARK: Score=27.9, Recommendation=SELL
2025-09-04 08:38:54,205 - INFO - Comprehensive data extracted for GRASIM
2025-09-04 08:38:54,208 - INFO - Fundamental analysis completed for GRASIM: 58 fields
2025-09-04 08:38:54,412 - INFO - Enhanced technical analysis completed for GRASIM: 52 fields
2025-09-04 08:38:54,438 - INFO - Comprehensive data extracted for HCLTECH
2025-09-04 08:38:54,438 - INFO - Fundamental analysis completed for HCLTECH: 58 fields
2025-09-04 08:38:54,462 - INFO - Completed analysis for GRASIM: Score=40.6, Recommendation=WEAK SELL
2025-09-04 08:38:54,695 - INFO - Enhanced technical analysis completed for HCLTECH: 52 fields
2025-09-04 08:38:54,745 - INFO - Completed analysis for HCLTECH: Score=56.0, Recommendation=HOLD
2025-09-04 08:39:00,404 - INFO - Comprehensive data extracted for HDFCLIFE
2025-09-04 08:39:00,406 - INFO - Fundamental analysis completed for HDFCLIFE: 58 fields
2025-09-04 08:39:00,501 - INFO - Comprehensive data extracted for HDFCAMC
2025-09-04 08:39:00,509 - INFO - Fundamental analysis completed for HDFCAMC: 58 fields
2025-09-04 08:39:00,589 - INFO - Enhanced technical analysis completed for HDFCLIFE: 52 fields
2025-09-04 08:39:00,654 - INFO - Completed analysis for HDFCLIFE: Score=43.4, Recommendation=WEAK SELL
2025-09-04 08:39:00,733 - INFO - Comprehensive data extracted for HDFCBANK
2025-09-04 08:39:00,735 - INFO - Fundamental analysis completed for HDFCBANK: 58 fields
2025-09-04 08:39:00,809 - INFO - Enhanced technical analysis completed for HDFCAMC: 52 fields
2025-09-04 08:39:00,877 - INFO - Completed analysis for HDFCAMC: Score=42.0, Recommendation=WEAK SELL
2025-09-04 08:39:00,962 - INFO - Enhanced technical analysis completed for HDFCBANK: 52 fields
2025-09-04 08:39:01,060 - INFO - Comprehensive data extracted for HAVELLS
2025-09-04 08:39:01,065 - INFO - Fundamental analysis completed for HAVELLS: 58 fields
2025-09-04 08:39:01,065 - INFO - Completed analysis for HDFCBANK: Score=67.6, Recommendation=BUY
2025-09-04 08:39:01,246 - INFO - Enhanced technical analysis completed for HAVELLS: 52 fields
2025-09-04 08:39:01,301 - INFO - Completed analysis for HAVELLS: Score=33.7, Recommendation=SELL
2025-09-04 08:39:01,318 - INFO - Comprehensive data extracted for HEROMOTOCO
2025-09-04 08:39:01,318 - INFO - Fundamental analysis completed for HEROMOTOCO: 58 fields
2025-09-04 08:39:01,516 - INFO - Enhanced technical analysis completed for HEROMOTOCO: 52 fields
2025-09-04 08:39:01,581 - INFO - Completed analysis for HEROMOTOCO: Score=42.1, Recommendation=WEAK SELL
2025-09-04 08:39:07,166 - INFO - Comprehensive data extracted for HINDALCO
2025-09-04 08:39:07,168 - INFO - Fundamental analysis completed for HINDALCO: 58 fields
2025-09-04 08:39:07,257 - INFO - Comprehensive data extracted for HINDPETRO
2025-09-04 08:39:07,267 - INFO - Fundamental analysis completed for HINDPETRO: 58 fields
2025-09-04 08:39:07,359 - INFO - Enhanced technical analysis completed for HINDALCO: 52 fields
2025-09-04 08:39:07,409 - INFO - Comprehensive data extracted for HAL
2025-09-04 08:39:07,411 - INFO - Fundamental analysis completed for HAL: 58 fields
2025-09-04 08:39:07,517 - INFO - Enhanced technical analysis completed for HINDPETRO: 52 fields
2025-09-04 08:39:07,517 - INFO - Completed analysis for HINDALCO: Score=82.7, Recommendation=STRONG BUY (UNDERVALUED)
2025-09-04 08:39:07,579 - INFO - Completed analysis for HINDPETRO: Score=57.6, Recommendation=HOLD
2025-09-04 08:39:07,641 - INFO - Enhanced technical analysis completed for HAL: 52 fields
2025-09-04 08:39:07,697 - INFO - Completed analysis for HAL: Score=50.0, Recommendation=HOLD
2025-09-04 08:39:08,137 - INFO - Comprehensive data extracted for HINDUNILVR
2025-09-04 08:39:08,137 - INFO - Fundamental analysis completed for HINDUNILVR: 58 fields
2025-09-04 08:39:08,264 - INFO - Comprehensive data extracted for HINDZINC
2025-09-04 08:39:08,264 - INFO - Fundamental analysis completed for HINDZINC: 58 fields
2025-09-04 08:39:08,372 - INFO - Enhanced technical analysis completed for HINDUNILVR: 52 fields
2025-09-04 08:39:08,433 - INFO - Completed analysis for HINDUNILVR: Score=35.5, Recommendation=SELL
2025-09-04 08:39:08,500 - INFO - Enhanced technical analysis completed for HINDZINC: 52 fields
2025-09-04 08:39:08,551 - INFO - Completed analysis for HINDZINC: Score=54.7, Recommendation=HOLD
2025-09-04 08:39:14,073 - INFO - Comprehensive data extracted for ICICIBANK
2025-09-04 08:39:14,084 - INFO - Fundamental analysis completed for ICICIBANK: 58 fields
2025-09-04 08:39:14,212 - INFO - Comprehensive data extracted for HUDCO
2025-09-04 08:39:14,212 - INFO - Fundamental analysis completed for HUDCO: 58 fields
2025-09-04 08:39:14,285 - INFO - Comprehensive data extracted for HYUNDAI
2025-09-04 08:39:14,313 - INFO - Fundamental analysis completed for HYUNDAI: 58 fields
2025-09-04 08:39:14,313 - INFO - Enhanced technical analysis completed for ICICIBANK: 52 fields
2025-09-04 08:39:14,383 - INFO - Completed analysis for ICICIBANK: Score=70.9, Recommendation=STRONG BUY
2025-09-04 08:39:14,468 - INFO - Enhanced technical analysis completed for HUDCO: 52 fields
2025-09-04 08:39:14,531 - INFO - Completed analysis for HUDCO: Score=61.6, Recommendation=BUY
2025-09-04 08:39:14,580 - INFO - Enhanced technical analysis completed for HYUNDAI: 52 fields
2025-09-04 08:39:14,645 - INFO - Completed analysis for HYUNDAI: Score=36.3, Recommendation=SELL
2025-09-04 08:39:15,064 - INFO - Comprehensive data extracted for ICICIGI
2025-09-04 08:39:15,081 - INFO - Fundamental analysis completed for ICICIGI: 58 fields
2025-09-04 08:39:15,306 - INFO - Enhanced technical analysis completed for ICICIGI: 52 fields
2025-09-04 08:39:15,384 - INFO - Completed analysis for ICICIGI: Score=55.5, Recommendation=HOLD
2025-09-04 08:39:15,863 - INFO - Comprehensive data extracted for ICICIPRULI
2025-09-04 08:39:15,903 - INFO - Fundamental analysis completed for ICICIPRULI: 58 fields
2025-09-04 08:39:16,093 - INFO - Enhanced technical analysis completed for ICICIPRULI: 52 fields
2025-09-04 08:39:16,164 - INFO - Completed analysis for ICICIPRULI: Score=45.0, Recommendation=WEAK SELL
