2025-09-16 20:52:51,243 - INFO - Dynamic NSE Stock Analysis Initialized
2025-09-16 20:52:51,258 - INFO - Risk profile set to: aggressive
2025-09-16 20:52:51,260 - INFO - HIGH-RISK MODE: Profile=aggressive, Growth=True, Momentum=True, MinVol=0.0
2025-09-16 20:52:51,261 - INFO - Using default stock list from stock_list_template.csv
2025-09-16 20:52:51,261 - INFO - Loading stocks from CSV: stock_list_template.csv
2025-09-16 20:52:51,277 - INFO - Loaded 200 stocks with company names
2025-09-16 20:52:51,277 - INFO - Sample stocks: ABB, ACC, APLAPOLLO, AUBANK, ADANIENSOL
2025-09-16 20:52:51,295 - INFO - Starting batch analysis of 200 stocks
2025-09-16 20:52:52,531 - INFO - Comprehensive data extracted for ACC
2025-09-16 20:52:52,531 - INFO - Fundamental analysis completed for ACC: 58 fields
2025-09-16 20:52:52,557 - INFO - Comprehensive data extracted for ABB
2025-09-16 20:52:52,559 - INFO - Fundamental analysis completed for ABB: 58 fields
2025-09-16 20:52:52,590 - INFO - Comprehensive data extracted for APLAPOLLO
2025-09-16 20:52:52,599 - INFO - Fundamental analysis completed for APLAPOLLO: 58 fields
2025-09-16 20:52:52,855 - INFO - Enhanced technical analysis completed for APLAPOLLO: 52 fields
2025-09-16 20:52:52,862 - INFO - Enhanced technical analysis completed for ACC: 52 fields
2025-09-16 20:52:52,967 - INFO - Completed analysis for APLAPOLLO: Score=35.9, Recommendation=SELL
2025-09-16 20:52:52,972 - INFO - Completed analysis for ACC: Score=60.6, Recommendation=BUY (VALUE)
2025-09-16 20:52:53,082 - INFO - Enhanced technical analysis completed for ABB: 52 fields
2025-09-16 20:52:53,156 - INFO - Completed analysis for ABB: Score=52.9, Recommendation=HOLD
2025-09-16 20:52:53,536 - INFO - Comprehensive data extracted for AUBANK
2025-09-16 20:52:53,551 - INFO - Fundamental analysis completed for AUBANK: 58 fields
2025-09-16 20:52:53,587 - INFO - Comprehensive data extracted for ADANIENSOL
2025-09-16 20:52:53,600 - INFO - Fundamental analysis completed for ADANIENSOL: 58 fields
2025-09-16 20:52:53,758 - INFO - Enhanced technical analysis completed for ADANIENSOL: 52 fields
2025-09-16 20:52:53,826 - INFO - Enhanced technical analysis completed for AUBANK: 52 fields
2025-09-16 20:52:53,845 - INFO - Completed analysis for ADANIENSOL: Score=39.6, Recommendation=SELL
2025-09-16 20:52:53,906 - INFO - Completed analysis for AUBANK: Score=67.4, Recommendation=BUY
2025-09-16 20:52:59,350 - INFO - Comprehensive data extracted for ADANIENT
2025-09-16 20:52:59,362 - INFO - Comprehensive data extracted for ADANIGREEN
2025-09-16 20:52:59,365 - INFO - Fundamental analysis completed for ADANIENT: 58 fields
2025-09-16 20:52:59,366 - INFO - Fundamental analysis completed for ADANIGREEN: 58 fields
2025-09-16 20:52:59,491 - INFO - Comprehensive data extracted for ADANIPORTS
2025-09-16 20:52:59,491 - INFO - Fundamental analysis completed for ADANIPORTS: 58 fields
2025-09-16 20:52:59,573 - INFO - Enhanced technical analysis completed for ADANIGREEN: 52 fields
2025-09-16 20:52:59,608 - INFO - Enhanced technical analysis completed for ADANIENT: 52 fields
2025-09-16 20:52:59,669 - INFO - Completed analysis for ADANIENT: Score=25.9, Recommendation=SELL
2025-09-16 20:52:59,710 - INFO - Completed analysis for ADANIGREEN: Score=41.9, Recommendation=WEAK SELL
2025-09-16 20:52:59,770 - INFO - Enhanced technical analysis completed for ADANIPORTS: 52 fields
2025-09-16 20:52:59,826 - INFO - Completed analysis for ADANIPORTS: Score=45.9, Recommendation=WEAK SELL
2025-09-16 20:53:00,123 - INFO - Comprehensive data extracted for ADANIPOWER
2025-09-16 20:53:00,126 - INFO - Fundamental analysis completed for ADANIPOWER: 58 fields
2025-09-16 20:53:00,178 - INFO - Comprehensive data extracted for ATGL
2025-09-16 20:53:00,189 - INFO - Fundamental analysis completed for ATGL: 58 fields
2025-09-16 20:53:00,300 - INFO - Enhanced technical analysis completed for ADANIPOWER: 52 fields
2025-09-16 20:53:00,394 - INFO - Enhanced technical analysis completed for ATGL: 52 fields
2025-09-16 20:53:00,410 - INFO - Completed analysis for ADANIPOWER: Score=28.2, Recommendation=SELL
2025-09-16 20:53:00,465 - INFO - Completed analysis for ATGL: Score=38.3, Recommendation=SELL
2025-09-16 20:53:05,913 - INFO - Comprehensive data extracted for ABCAPITAL
2025-09-16 20:53:05,913 - INFO - Comprehensive data extracted for ABFRL
2025-09-16 20:53:05,913 - INFO - Fundamental analysis completed for ABCAPITAL: 58 fields
2025-09-16 20:53:05,932 - INFO - Fundamental analysis completed for ABFRL: 58 fields
2025-09-16 20:53:06,170 - INFO - Enhanced technical analysis completed for ABFRL: 52 fields
2025-09-16 20:53:06,175 - INFO - Enhanced technical analysis completed for ABCAPITAL: 52 fields
2025-09-16 20:53:06,246 - INFO - Completed analysis for ABCAPITAL: Score=45.1, Recommendation=WEAK SELL
2025-09-16 20:53:06,259 - INFO - Completed analysis for ABFRL: Score=29.2, Recommendation=SELL
2025-09-16 20:53:06,307 - INFO - Comprehensive data extracted for ALKEM
2025-09-16 20:53:06,307 - INFO - Fundamental analysis completed for ALKEM: 58 fields
2025-09-16 20:53:06,554 - INFO - Enhanced technical analysis completed for ALKEM: 52 fields
2025-09-16 20:53:06,625 - INFO - Completed analysis for ALKEM: Score=51.8, Recommendation=HOLD
2025-09-16 20:53:06,764 - INFO - Comprehensive data extracted for APOLLOHOSP
2025-09-16 20:53:06,764 - INFO - Fundamental analysis completed for APOLLOHOSP: 58 fields
2025-09-16 20:53:07,033 - INFO - Enhanced technical analysis completed for APOLLOHOSP: 52 fields
2025-09-16 20:53:07,095 - INFO - Completed analysis for APOLLOHOSP: Score=42.7, Recommendation=WEAK SELL
2025-09-16 20:53:07,157 - INFO - Comprehensive data extracted for AMBUJACEM
2025-09-16 20:53:07,162 - INFO - Fundamental analysis completed for AMBUJACEM: 58 fields
2025-09-16 20:53:07,415 - INFO - Enhanced technical analysis completed for AMBUJACEM: 52 fields
2025-09-16 20:53:07,546 - INFO - Completed analysis for AMBUJACEM: Score=46.9, Recommendation=WEAK SELL
2025-09-16 20:53:13,248 - INFO - Comprehensive data extracted for ASHOKLEY
2025-09-16 20:53:13,263 - INFO - Comprehensive data extracted for APOLLOTYRE
2025-09-16 20:53:13,265 - INFO - Fundamental analysis completed for ASHOKLEY: 58 fields
2025-09-16 20:53:13,269 - INFO - Fundamental analysis completed for APOLLOTYRE: 58 fields
2025-09-16 20:53:13,296 - INFO - Comprehensive data extracted for ASIANPAINT
2025-09-16 20:53:13,303 - INFO - Fundamental analysis completed for ASIANPAINT: 58 fields
2025-09-16 20:53:13,661 - INFO - Enhanced technical analysis completed for ASIANPAINT: 52 fields
2025-09-16 20:53:13,667 - INFO - Enhanced technical analysis completed for APOLLOTYRE: 52 fields
2025-09-16 20:53:13,667 - INFO - Enhanced technical analysis completed for ASHOKLEY: 52 fields
2025-09-16 20:53:13,767 - INFO - Completed analysis for ASHOKLEY: Score=43.8, Recommendation=WEAK SELL
2025-09-16 20:53:13,782 - INFO - Completed analysis for ASIANPAINT: Score=22.7, Recommendation=SELL
2025-09-16 20:53:13,785 - INFO - Completed analysis for APOLLOTYRE: Score=29.2, Recommendation=SELL
2025-09-16 20:53:14,568 - INFO - Comprehensive data extracted for ASTRAL
2025-09-16 20:53:14,572 - INFO - Comprehensive data extracted for AUROPHARMA
2025-09-16 20:53:14,573 - INFO - Fundamental analysis completed for ASTRAL: 58 fields
2025-09-16 20:53:14,573 - INFO - Fundamental analysis completed for AUROPHARMA: 58 fields
2025-09-16 20:53:14,707 - INFO - Enhanced technical analysis completed for ASTRAL: 52 fields
2025-09-16 20:53:14,756 - INFO - Completed analysis for ASTRAL: Score=27.3, Recommendation=SELL
2025-09-16 20:53:14,847 - INFO - Enhanced technical analysis completed for AUROPHARMA: 52 fields
2025-09-16 20:53:14,886 - INFO - Completed analysis for AUROPHARMA: Score=49.5, Recommendation=WEAK SELL
2025-09-16 20:53:20,385 - INFO - Comprehensive data extracted for BSE
2025-09-16 20:53:20,397 - INFO - Fundamental analysis completed for BSE: 58 fields
2025-09-16 20:53:20,492 - INFO - Comprehensive data extracted for AXISBANK
2025-09-16 20:53:20,492 - INFO - Fundamental analysis completed for AXISBANK: 58 fields
2025-09-16 20:53:20,646 - INFO - Comprehensive data extracted for DMART
2025-09-16 20:53:20,648 - INFO - Enhanced technical analysis completed for BSE: 52 fields
2025-09-16 20:53:20,654 - INFO - Fundamental analysis completed for DMART: 58 fields
2025-09-16 20:53:20,758 - INFO - Enhanced technical analysis completed for AXISBANK: 52 fields
2025-09-16 20:53:20,760 - INFO - Completed analysis for BSE: Score=52.0, Recommendation=HOLD
2025-09-16 20:53:20,801 - INFO - Completed analysis for AXISBANK: Score=73.9, Recommendation=STRONG BUY (UNDERVALUED)
2025-09-16 20:53:20,865 - INFO - Enhanced technical analysis completed for DMART: 52 fields
2025-09-16 20:53:20,901 - INFO - Completed analysis for DMART: Score=21.0, Recommendation=SELL
2025-09-16 20:53:21,428 - INFO - Comprehensive data extracted for BAJAJ-AUTO
2025-09-16 20:53:21,428 - INFO - Fundamental analysis completed for BAJAJ-AUTO: 58 fields
2025-09-16 20:53:21,464 - INFO - Comprehensive data extracted for BAJFINANCE
2025-09-16 20:53:21,466 - INFO - Fundamental analysis completed for BAJFINANCE: 58 fields
2025-09-16 20:53:21,574 - INFO - Enhanced technical analysis completed for BAJAJ-AUTO: 52 fields
2025-09-16 20:53:21,636 - INFO - Completed analysis for BAJAJ-AUTO: Score=36.9, Recommendation=SELL
2025-09-16 20:53:21,747 - INFO - Enhanced technical analysis completed for BAJFINANCE: 52 fields
2025-09-16 20:53:21,805 - INFO - Completed analysis for BAJFINANCE: Score=53.1, Recommendation=HOLD
2025-09-16 20:53:27,357 - INFO - Comprehensive data extracted for BAJAJFINSV
2025-09-16 20:53:27,357 - INFO - Fundamental analysis completed for BAJAJFINSV: 58 fields
2025-09-16 20:53:27,531 - INFO - Comprehensive data extracted for BAJAJHLDNG
2025-09-16 20:53:27,531 - INFO - Fundamental analysis completed for BAJAJHLDNG: 58 fields
2025-09-16 20:53:27,531 - INFO - Enhanced technical analysis completed for BAJAJFINSV: 52 fields
2025-09-16 20:53:27,588 - INFO - Completed analysis for BAJAJFINSV: Score=49.6, Recommendation=WEAK SELL
2025-09-16 20:53:27,610 - INFO - Comprehensive data extracted for BAJAJHFL
2025-09-16 20:53:27,610 - INFO - Fundamental analysis completed for BAJAJHFL: 58 fields
2025-09-16 20:53:27,677 - INFO - Enhanced technical analysis completed for BAJAJHLDNG: 52 fields
2025-09-16 20:53:27,742 - INFO - Enhanced technical analysis completed for BAJAJHFL: 52 fields
2025-09-16 20:53:27,776 - INFO - Completed analysis for BAJAJHLDNG: Score=76.2, Recommendation=STRONG BUY (UNDERVALUED)
2025-09-16 20:53:27,804 - INFO - Completed analysis for BAJAJHFL: Score=43.0, Recommendation=WEAK SELL
2025-09-16 20:53:28,300 - INFO - Comprehensive data extracted for BANKBARODA
2025-09-16 20:53:28,300 - INFO - Fundamental analysis completed for BANKBARODA: 58 fields
2025-09-16 20:53:28,470 - INFO - Comprehensive data extracted for BANDHANBNK
2025-09-16 20:53:28,470 - INFO - Fundamental analysis completed for BANDHANBNK: 58 fields
2025-09-16 20:53:28,547 - INFO - Enhanced technical analysis completed for BANKBARODA: 52 fields
2025-09-16 20:53:28,651 - INFO - Enhanced technical analysis completed for BANDHANBNK: 52 fields
2025-09-16 20:53:28,653 - INFO - Completed analysis for BANKBARODA: Score=78.2, Recommendation=STRONG BUY (UNDERVALUED)
2025-09-16 20:53:28,697 - INFO - Completed analysis for BANDHANBNK: Score=65.5, Recommendation=BUY (VALUE)
2025-09-16 20:53:34,167 - INFO - Comprehensive data extracted for BDL
2025-09-16 20:53:34,189 - INFO - Fundamental analysis completed for BDL: 58 fields
2025-09-16 20:53:34,334 - INFO - Enhanced technical analysis completed for BDL: 52 fields
2025-09-16 20:53:34,380 - INFO - Completed analysis for BDL: Score=66.5, Recommendation=BUY
2025-09-16 20:53:34,575 - INFO - Comprehensive data extracted for BANKINDIA
2025-09-16 20:53:34,575 - INFO - Fundamental analysis completed for BANKINDIA: 58 fields
2025-09-16 20:53:34,626 - INFO - Comprehensive data extracted for MAHABANK
2025-09-16 20:53:34,631 - INFO - Fundamental analysis completed for MAHABANK: 58 fields
2025-09-16 20:53:34,771 - INFO - Enhanced technical analysis completed for MAHABANK: 52 fields
2025-09-16 20:53:34,875 - INFO - Enhanced technical analysis completed for BANKINDIA: 52 fields
2025-09-16 20:53:34,891 - INFO - Completed analysis for MAHABANK: Score=92.8, Recommendation=STRONG BUY (UNDERVALUED)
2025-09-16 20:53:34,921 - INFO - Comprehensive data extracted for BEL
2025-09-16 20:53:34,932 - INFO - Fundamental analysis completed for BEL: 58 fields
2025-09-16 20:53:34,978 - INFO - Completed analysis for BANKINDIA: Score=81.4, Recommendation=STRONG BUY (UNDERVALUED)
2025-09-16 20:53:35,266 - INFO - Enhanced technical analysis completed for BEL: 52 fields
2025-09-16 20:53:35,320 - INFO - Completed analysis for BEL: Score=51.2, Recommendation=HOLD
2025-09-16 20:53:35,480 - INFO - Comprehensive data extracted for BHARATFORG
2025-09-16 20:53:35,480 - INFO - Fundamental analysis completed for BHARATFORG: 58 fields
2025-09-16 20:53:35,674 - INFO - Enhanced technical analysis completed for BHARATFORG: 52 fields
2025-09-16 20:53:35,711 - INFO - Completed analysis for BHARATFORG: Score=31.3, Recommendation=SELL
2025-09-16 20:53:41,180 - INFO - Comprehensive data extracted for BPCL
2025-09-16 20:53:41,183 - INFO - Fundamental analysis completed for BPCL: 58 fields
2025-09-16 20:53:41,306 - INFO - Comprehensive data extracted for BHARTIARTL
2025-09-16 20:53:41,306 - INFO - Fundamental analysis completed for BHARTIARTL: 58 fields
2025-09-16 20:53:41,450 - INFO - Comprehensive data extracted for BHEL
2025-09-16 20:53:41,450 - INFO - Enhanced technical analysis completed for BPCL: 52 fields
2025-09-16 20:53:41,450 - INFO - Fundamental analysis completed for BHEL: 58 fields
2025-09-16 20:53:41,523 - INFO - Completed analysis for BPCL: Score=55.9, Recommendation=HOLD
2025-09-16 20:53:41,559 - INFO - Enhanced technical analysis completed for BHARTIARTL: 52 fields
2025-09-16 20:53:41,618 - INFO - Completed analysis for BHARTIARTL: Score=58.2, Recommendation=HOLD
2025-09-16 20:53:41,675 - INFO - Enhanced technical analysis completed for BHEL: 52 fields
2025-09-16 20:53:41,723 - INFO - Completed analysis for BHEL: Score=35.1, Recommendation=SELL
2025-09-16 20:53:42,472 - INFO - Comprehensive data extracted for BIOCON
2025-09-16 20:53:42,473 - INFO - Fundamental analysis completed for BIOCON: 58 fields
2025-09-16 20:53:42,730 - INFO - Comprehensive data extracted for BHARTIHEXA
2025-09-16 20:53:42,730 - INFO - Enhanced technical analysis completed for BIOCON: 52 fields
2025-09-16 20:53:42,730 - INFO - Fundamental analysis completed for BHARTIHEXA: 58 fields
2025-09-16 20:53:42,773 - INFO - Completed analysis for BIOCON: Score=35.9, Recommendation=SELL
2025-09-16 20:53:43,062 - INFO - Enhanced technical analysis completed for BHARTIHEXA: 52 fields
2025-09-16 20:53:43,104 - INFO - Completed analysis for BHARTIHEXA: Score=45.6, Recommendation=WEAK SELL
2025-09-16 20:53:48,686 - INFO - Comprehensive data extracted for CGPOWER
2025-09-16 20:53:48,694 - INFO - Fundamental analysis completed for CGPOWER: 58 fields
2025-09-16 20:53:48,930 - INFO - Enhanced technical analysis completed for CGPOWER: 52 fields
2025-09-16 20:53:49,053 - INFO - Completed analysis for CGPOWER: Score=43.3, Recommendation=WEAK SELL
2025-09-16 20:53:49,084 - INFO - Comprehensive data extracted for BRITANNIA
2025-09-16 20:53:49,093 - INFO - Fundamental analysis completed for BRITANNIA: 58 fields
2025-09-16 20:53:49,351 - INFO - Enhanced technical analysis completed for BRITANNIA: 52 fields
2025-09-16 20:53:49,385 - INFO - Comprehensive data extracted for BOSCHLTD
2025-09-16 20:53:49,385 - INFO - Fundamental analysis completed for BOSCHLTD: 58 fields
2025-09-16 20:53:49,413 - INFO - Completed analysis for BRITANNIA: Score=32.2, Recommendation=SELL
2025-09-16 20:53:49,478 - INFO - Comprehensive data extracted for CANBK
2025-09-16 20:53:49,478 - INFO - Fundamental analysis completed for CANBK: 58 fields
2025-09-16 20:53:49,546 - INFO - Enhanced technical analysis completed for BOSCHLTD: 52 fields
2025-09-16 20:53:49,585 - INFO - Completed analysis for BOSCHLTD: Score=40.4, Recommendation=WEAK SELL
2025-09-16 20:53:49,697 - INFO - Enhanced technical analysis completed for CANBK: 52 fields
2025-09-16 20:53:49,725 - INFO - Completed analysis for CANBK: Score=90.5, Recommendation=STRONG BUY (UNDERVALUED)
2025-09-16 20:53:50,079 - INFO - Comprehensive data extracted for CHOLAFIN
2025-09-16 20:53:50,079 - INFO - Fundamental analysis completed for CHOLAFIN: 58 fields
2025-09-16 20:53:50,423 - INFO - Enhanced technical analysis completed for CHOLAFIN: 52 fields
2025-09-16 20:53:50,460 - INFO - Completed analysis for CHOLAFIN: Score=51.0, Recommendation=HOLD
2025-09-16 20:53:56,016 - INFO - Comprehensive data extracted for COCHINSHIP
2025-09-16 20:53:56,020 - INFO - Fundamental analysis completed for COCHINSHIP: 58 fields
2025-09-16 20:53:56,048 - INFO - Comprehensive data extracted for CIPLA
2025-09-16 20:53:56,052 - INFO - Fundamental analysis completed for CIPLA: 58 fields
2025-09-16 20:53:56,142 - INFO - Enhanced technical analysis completed for COCHINSHIP: 52 fields
2025-09-16 20:53:56,238 - INFO - Enhanced technical analysis completed for CIPLA: 52 fields
2025-09-16 20:53:56,245 - INFO - Completed analysis for COCHINSHIP: Score=49.8, Recommendation=WEAK SELL
2025-09-16 20:53:56,274 - INFO - Completed analysis for CIPLA: Score=49.8, Recommendation=WEAK SELL
2025-09-16 20:53:56,445 - INFO - Comprehensive data extracted for COALINDIA
2025-09-16 20:53:56,445 - INFO - Fundamental analysis completed for COALINDIA: 58 fields
2025-09-16 20:53:56,633 - INFO - Comprehensive data extracted for COFORGE
2025-09-16 20:53:56,633 - INFO - Fundamental analysis completed for COFORGE: 58 fields
2025-09-16 20:53:56,741 - INFO - Enhanced technical analysis completed for COALINDIA: 52 fields
2025-09-16 20:53:56,792 - INFO - Completed analysis for COALINDIA: Score=54.0, Recommendation=HOLD
2025-09-16 20:53:56,877 - INFO - Enhanced technical analysis completed for COFORGE: 52 fields
2025-09-16 20:53:56,924 - INFO - Completed analysis for COFORGE: Score=45.6, Recommendation=WEAK SELL
2025-09-16 20:53:57,144 - INFO - Comprehensive data extracted for COLPAL
2025-09-16 20:53:57,144 - INFO - Fundamental analysis completed for COLPAL: 58 fields
2025-09-16 20:53:57,708 - INFO - Enhanced technical analysis completed for COLPAL: 52 fields
2025-09-16 20:53:57,750 - INFO - Completed analysis for COLPAL: Score=22.2, Recommendation=SELL
2025-09-16 20:54:03,377 - INFO - Comprehensive data extracted for DLF
2025-09-16 20:54:03,379 - INFO - Fundamental analysis completed for DLF: 58 fields
2025-09-16 20:54:03,452 - INFO - Comprehensive data extracted for CUMMINSIND
2025-09-16 20:54:03,452 - INFO - Fundamental analysis completed for CUMMINSIND: 58 fields
2025-09-16 20:54:03,552 - INFO - Comprehensive data extracted for CONCOR
2025-09-16 20:54:03,559 - INFO - Fundamental analysis completed for CONCOR: 58 fields
2025-09-16 20:54:03,559 - INFO - Enhanced technical analysis completed for DLF: 52 fields
2025-09-16 20:54:03,659 - INFO - Enhanced technical analysis completed for CUMMINSIND: 52 fields
2025-09-16 20:54:03,659 - INFO - Completed analysis for DLF: Score=54.8, Recommendation=HOLD
2025-09-16 20:54:03,715 - INFO - Completed analysis for CUMMINSIND: Score=54.0, Recommendation=HOLD
2025-09-16 20:54:03,811 - INFO - Enhanced technical analysis completed for CONCOR: 52 fields
2025-09-16 20:54:03,857 - INFO - Completed analysis for CONCOR: Score=35.3, Recommendation=SELL
2025-09-16 20:54:04,231 - INFO - Comprehensive data extracted for DIVISLAB
2025-09-16 20:54:04,231 - INFO - Fundamental analysis completed for DIVISLAB: 58 fields
2025-09-16 20:54:04,390 - INFO - Comprehensive data extracted for DABUR
2025-09-16 20:54:04,405 - INFO - Fundamental analysis completed for DABUR: 58 fields
2025-09-16 20:54:04,405 - INFO - Enhanced technical analysis completed for DIVISLAB: 52 fields
2025-09-16 20:54:04,442 - INFO - Completed analysis for DIVISLAB: Score=59.2, Recommendation=HOLD
2025-09-16 20:54:04,759 - INFO - Enhanced technical analysis completed for DABUR: 52 fields
2025-09-16 20:54:04,811 - INFO - Completed analysis for DABUR: Score=27.9, Recommendation=SELL
2025-09-16 20:54:10,471 - INFO - Comprehensive data extracted for EICHERMOT
2025-09-16 20:54:10,474 - INFO - Fundamental analysis completed for EICHERMOT: 58 fields
2025-09-16 20:54:10,586 - INFO - Comprehensive data extracted for DRREDDY
2025-09-16 20:54:10,586 - INFO - Fundamental analysis completed for DRREDDY: 58 fields
2025-09-16 20:54:10,753 - INFO - Enhanced technical analysis completed for DRREDDY: 52 fields
2025-09-16 20:54:10,782 - INFO - Enhanced technical analysis completed for EICHERMOT: 52 fields
2025-09-16 20:54:10,833 - INFO - Comprehensive data extracted for DIXON
2025-09-16 20:54:10,836 - INFO - Fundamental analysis completed for DIXON: 58 fields
2025-09-16 20:54:10,849 - INFO - Completed analysis for DRREDDY: Score=72.3, Recommendation=STRONG BUY
2025-09-16 20:54:10,886 - INFO - Completed analysis for EICHERMOT: Score=37.5, Recommendation=SELL
2025-09-16 20:54:10,974 - INFO - Enhanced technical analysis completed for DIXON: 52 fields
2025-09-16 20:54:11,018 - INFO - Completed analysis for DIXON: Score=38.9, Recommendation=SELL
2025-09-16 20:54:11,455 - INFO - Comprehensive data extracted for ESCORTS
2025-09-16 20:54:11,457 - INFO - Fundamental analysis completed for ESCORTS: 58 fields
2025-09-16 20:54:11,719 - INFO - Comprehensive data extracted for ETERNAL
2025-09-16 20:54:11,729 - INFO - Fundamental analysis completed for ETERNAL: 58 fields
2025-09-16 20:54:11,770 - INFO - Enhanced technical analysis completed for ESCORTS: 52 fields
2025-09-16 20:54:11,798 - INFO - Completed analysis for ESCORTS: Score=40.9, Recommendation=WEAK SELL
2025-09-16 20:54:12,015 - INFO - Enhanced technical analysis completed for ETERNAL: 52 fields
2025-09-16 20:54:12,068 - INFO - Completed analysis for ETERNAL: Score=26.0, Recommendation=SELL
2025-09-16 20:54:17,639 - INFO - Comprehensive data extracted for FEDERALBNK
2025-09-16 20:54:17,641 - INFO - Fundamental analysis completed for FEDERALBNK: 58 fields
2025-09-16 20:54:17,784 - INFO - Comprehensive data extracted for NYKAA
2025-09-16 20:54:17,814 - INFO - Comprehensive data extracted for EXIDEIND
2025-09-16 20:54:17,814 - INFO - Fundamental analysis completed for NYKAA: 58 fields
2025-09-16 20:54:17,814 - INFO - Fundamental analysis completed for EXIDEIND: 58 fields
2025-09-16 20:54:17,847 - INFO - Enhanced technical analysis completed for FEDERALBNK: 52 fields
2025-09-16 20:54:17,898 - INFO - Completed analysis for FEDERALBNK: Score=71.4, Recommendation=STRONG BUY (UNDERVALUED)
2025-09-16 20:54:18,019 - INFO - Enhanced technical analysis completed for EXIDEIND: 52 fields
2025-09-16 20:54:18,091 - INFO - Enhanced technical analysis completed for NYKAA: 52 fields
2025-09-16 20:54:18,128 - INFO - Completed analysis for EXIDEIND: Score=40.4, Recommendation=WEAK SELL
2025-09-16 20:54:18,157 - INFO - Completed analysis for NYKAA: Score=35.0, Recommendation=SELL
2025-09-16 20:54:18,593 - INFO - Comprehensive data extracted for GMRAIRPORT
2025-09-16 20:54:18,595 - INFO - Fundamental analysis completed for GMRAIRPORT: 58 fields
2025-09-16 20:54:18,635 - INFO - Comprehensive data extracted for GAIL
2025-09-16 20:54:18,643 - INFO - Fundamental analysis completed for GAIL: 58 fields
2025-09-16 20:54:18,715 - INFO - Enhanced technical analysis completed for GMRAIRPORT: 52 fields
2025-09-16 20:54:18,754 - INFO - Completed analysis for GMRAIRPORT: Score=53.6, Recommendation=HOLD
2025-09-16 20:54:18,853 - INFO - Enhanced technical analysis completed for GAIL: 52 fields
2025-09-16 20:54:18,901 - INFO - Completed analysis for GAIL: Score=51.1, Recommendation=HOLD
2025-09-16 20:54:24,361 - INFO - Comprehensive data extracted for GODREJCP
2025-09-16 20:54:24,382 - INFO - Fundamental analysis completed for GODREJCP: 58 fields
2025-09-16 20:54:24,386 - INFO - Comprehensive data extracted for GODREJPROP
2025-09-16 20:54:24,394 - INFO - Fundamental analysis completed for GODREJPROP: 58 fields
2025-09-16 20:54:24,475 - INFO - Comprehensive data extracted for GLENMARK
2025-09-16 20:54:24,495 - INFO - Fundamental analysis completed for GLENMARK: 58 fields
2025-09-16 20:54:24,544 - INFO - Enhanced technical analysis completed for GODREJPROP: 52 fields
2025-09-16 20:54:24,593 - INFO - Completed analysis for GODREJPROP: Score=32.5, Recommendation=SELL
2025-09-16 20:54:24,678 - INFO - Enhanced technical analysis completed for GODREJCP: 52 fields
2025-09-16 20:54:24,771 - INFO - Completed analysis for GODREJCP: Score=34.3, Recommendation=SELL
2025-09-16 20:54:24,808 - INFO - Enhanced technical analysis completed for GLENMARK: 52 fields
2025-09-16 20:54:24,866 - INFO - Completed analysis for GLENMARK: Score=28.2, Recommendation=SELL
2025-09-16 20:54:25,821 - INFO - Comprehensive data extracted for GRASIM
2025-09-16 20:54:25,821 - INFO - Fundamental analysis completed for GRASIM: 58 fields
2025-09-16 20:54:26,054 - INFO - Enhanced technical analysis completed for GRASIM: 52 fields
2025-09-16 20:54:26,096 - INFO - Completed analysis for GRASIM: Score=49.1, Recommendation=WEAK SELL
2025-09-16 20:54:26,401 - INFO - Comprehensive data extracted for HCLTECH
2025-09-16 20:54:26,401 - INFO - Fundamental analysis completed for HCLTECH: 58 fields
2025-09-16 20:54:26,679 - INFO - Enhanced technical analysis completed for HCLTECH: 52 fields
2025-09-16 20:54:26,723 - INFO - Completed analysis for HCLTECH: Score=62.8, Recommendation=BUY
2025-09-16 20:54:32,254 - INFO - Comprehensive data extracted for HDFCBANK
2025-09-16 20:54:32,276 - INFO - Comprehensive data extracted for HDFCLIFE
2025-09-16 20:54:32,279 - INFO - Fundamental analysis completed for HDFCBANK: 58 fields
2025-09-16 20:54:32,279 - INFO - Fundamental analysis completed for HDFCLIFE: 58 fields
2025-09-16 20:54:32,405 - INFO - Comprehensive data extracted for HDFCAMC
2025-09-16 20:54:32,422 - INFO - Fundamental analysis completed for HDFCAMC: 58 fields
2025-09-16 20:54:32,425 - INFO - Enhanced technical analysis completed for HDFCLIFE: 52 fields
2025-09-16 20:54:32,466 - INFO - Completed analysis for HDFCLIFE: Score=43.3, Recommendation=WEAK SELL
2025-09-16 20:54:32,534 - INFO - Enhanced technical analysis completed for HDFCBANK: 52 fields
2025-09-16 20:54:32,583 - INFO - Completed analysis for HDFCBANK: Score=65.6, Recommendation=BUY
2025-09-16 20:54:32,650 - INFO - Enhanced technical analysis completed for HDFCAMC: 52 fields
2025-09-16 20:54:32,690 - INFO - Completed analysis for HDFCAMC: Score=45.8, Recommendation=WEAK SELL
2025-09-16 20:54:33,284 - INFO - Comprehensive data extracted for HEROMOTOCO
2025-09-16 20:54:33,286 - INFO - Fundamental analysis completed for HEROMOTOCO: 58 fields
2025-09-16 20:54:33,371 - INFO - Comprehensive data extracted for HAVELLS
2025-09-16 20:54:33,371 - INFO - Fundamental analysis completed for HAVELLS: 58 fields
2025-09-16 20:54:33,476 - INFO - Enhanced technical analysis completed for HEROMOTOCO: 52 fields
2025-09-16 20:54:33,529 - INFO - Completed analysis for HEROMOTOCO: Score=36.8, Recommendation=SELL
2025-09-16 20:54:33,639 - INFO - Enhanced technical analysis completed for HAVELLS: 52 fields
2025-09-16 20:54:33,688 - INFO - Completed analysis for HAVELLS: Score=26.7, Recommendation=SELL
2025-09-16 20:54:39,244 - INFO - Comprehensive data extracted for HINDALCO
2025-09-16 20:54:39,244 - INFO - Fundamental analysis completed for HINDALCO: 58 fields
2025-09-16 20:54:39,329 - INFO - Comprehensive data extracted for HINDPETRO
2025-09-16 20:54:39,336 - INFO - Fundamental analysis completed for HINDPETRO: 58 fields
2025-09-16 20:54:39,397 - INFO - Enhanced technical analysis completed for HINDALCO: 52 fields
2025-09-16 20:54:39,431 - INFO - Completed analysis for HINDALCO: Score=72.9, Recommendation=STRONG BUY (UNDERVALUED)
2025-09-16 20:54:39,568 - INFO - Enhanced technical analysis completed for HINDPETRO: 52 fields
2025-09-16 20:54:39,615 - INFO - Completed analysis for HINDPETRO: Score=61.2, Recommendation=BUY (VALUE)
2025-09-16 20:54:39,660 - INFO - Comprehensive data extracted for HAL
2025-09-16 20:54:39,669 - INFO - Fundamental analysis completed for HAL: 58 fields
2025-09-16 20:54:39,882 - INFO - Enhanced technical analysis completed for HAL: 52 fields
2025-09-16 20:54:39,933 - INFO - Completed analysis for HAL: Score=52.4, Recommendation=HOLD
2025-09-16 20:54:40,089 - INFO - Comprehensive data extracted for HINDZINC
2025-09-16 20:54:40,089 - INFO - Fundamental analysis completed for HINDZINC: 58 fields
2025-09-16 20:54:40,157 - INFO - Comprehensive data extracted for HINDUNILVR
2025-09-16 20:54:40,159 - INFO - Fundamental analysis completed for HINDUNILVR: 58 fields
2025-09-16 20:54:40,318 - INFO - Enhanced technical analysis completed for HINDZINC: 52 fields
2025-09-16 20:54:40,379 - INFO - Completed analysis for HINDZINC: Score=58.5, Recommendation=HOLD
2025-09-16 20:54:40,416 - INFO - Enhanced technical analysis completed for HINDUNILVR: 52 fields
2025-09-16 20:54:40,465 - INFO - Completed analysis for HINDUNILVR: Score=37.4, Recommendation=SELL
2025-09-16 20:54:45,901 - INFO - Comprehensive data extracted for HYUNDAI
2025-09-16 20:54:45,902 - INFO - Fundamental analysis completed for HYUNDAI: 58 fields
2025-09-16 20:54:45,972 - INFO - Comprehensive data extracted for ICICIBANK
2025-09-16 20:54:45,973 - INFO - Fundamental analysis completed for ICICIBANK: 58 fields
2025-09-16 20:54:46,001 - INFO - Comprehensive data extracted for HUDCO
2025-09-16 20:54:46,004 - INFO - Fundamental analysis completed for HUDCO: 58 fields
2025-09-16 20:54:46,421 - INFO - Enhanced technical analysis completed for HUDCO: 52 fields
2025-09-16 20:54:46,433 - INFO - Enhanced technical analysis completed for ICICIBANK: 52 fields
2025-09-16 20:54:46,487 - INFO - Enhanced technical analysis completed for HYUNDAI: 52 fields
2025-09-16 20:54:46,520 - INFO - Completed analysis for HUDCO: Score=62.4, Recommendation=BUY
2025-09-16 20:54:46,583 - INFO - Completed analysis for ICICIBANK: Score=76.1, Recommendation=STRONG BUY
2025-09-16 20:54:46,584 - INFO - Completed analysis for HYUNDAI: Score=31.2, Recommendation=SELL
2025-09-16 20:54:47,293 - INFO - Comprehensive data extracted for ICICIGI
2025-09-16 20:54:47,295 - INFO - Fundamental analysis completed for ICICIGI: 58 fields
2025-09-16 20:54:47,342 - INFO - Comprehensive data extracted for ICICIPRULI
2025-09-16 20:54:47,342 - INFO - Fundamental analysis completed for ICICIPRULI: 58 fields
2025-09-16 20:54:47,594 - INFO - Enhanced technical analysis completed for ICICIGI: 52 fields
2025-09-16 20:54:47,625 - INFO - Enhanced technical analysis completed for ICICIPRULI: 52 fields
2025-09-16 20:54:47,660 - INFO - Completed analysis for ICICIGI: Score=65.0, Recommendation=BUY
2025-09-16 20:54:47,705 - INFO - Completed analysis for ICICIPRULI: Score=43.8, Recommendation=WEAK SELL
2025-09-16 20:54:53,177 - INFO - Comprehensive data extracted for IDFCFIRSTB
2025-09-16 20:54:53,179 - INFO - Fundamental analysis completed for IDFCFIRSTB: 58 fields
2025-09-16 20:54:53,309 - INFO - Comprehensive data extracted for ITC
2025-09-16 20:54:53,315 - INFO - Fundamental analysis completed for ITC: 58 fields
2025-09-16 20:54:53,379 - INFO - Enhanced technical analysis completed for IDFCFIRSTB: 52 fields
2025-09-16 20:54:53,469 - INFO - Completed analysis for IDFCFIRSTB: Score=44.5, Recommendation=WEAK SELL
2025-09-16 20:54:53,489 - INFO - Enhanced technical analysis completed for ITC: 52 fields
2025-09-16 20:54:53,574 - INFO - Comprehensive data extracted for IRB
2025-09-16 20:54:53,576 - INFO - Fundamental analysis completed for IRB: 58 fields
2025-09-16 20:54:53,576 - INFO - Completed analysis for ITC: Score=52.8, Recommendation=HOLD
2025-09-16 20:54:53,971 - INFO - Enhanced technical analysis completed for IRB: 52 fields
2025-09-16 20:54:54,021 - INFO - Completed analysis for IRB: Score=70.9, Recommendation=STRONG BUY (UNDERVALUED)
2025-09-16 20:54:54,150 - INFO - Comprehensive data extracted for INDHOTEL
2025-09-16 20:54:54,154 - INFO - Fundamental analysis completed for INDHOTEL: 58 fields
2025-09-16 20:54:54,231 - INFO - Comprehensive data extracted for INDIANB
2025-09-16 20:54:54,235 - INFO - Fundamental analysis completed for INDIANB: 58 fields
2025-09-16 20:54:54,299 - INFO - Enhanced technical analysis completed for INDHOTEL: 52 fields
2025-09-16 20:54:54,392 - INFO - Enhanced technical analysis completed for INDIANB: 52 fields
2025-09-16 20:54:54,397 - INFO - Completed analysis for INDHOTEL: Score=52.0, Recommendation=HOLD
2025-09-16 20:54:54,440 - INFO - Completed analysis for INDIANB: Score=82.9, Recommendation=STRONG BUY (UNDERVALUED)
2025-09-16 20:55:00,115 - INFO - Comprehensive data extracted for IRFC
2025-09-16 20:55:00,117 - INFO - Fundamental analysis completed for IRFC: 58 fields
2025-09-16 20:55:00,144 - INFO - Comprehensive data extracted for IRCTC
2025-09-16 20:55:00,154 - INFO - Fundamental analysis completed for IRCTC: 58 fields
2025-09-16 20:55:00,186 - INFO - Comprehensive data extracted for IOC
2025-09-16 20:55:00,192 - INFO - Fundamental analysis completed for IOC: 58 fields
2025-09-16 20:55:00,311 - INFO - Enhanced technical analysis completed for IRFC: 52 fields
2025-09-16 20:55:00,377 - INFO - Enhanced technical analysis completed for IOC: 52 fields
2025-09-16 20:55:00,486 - INFO - Enhanced technical analysis completed for IRCTC: 52 fields
2025-09-16 20:55:00,494 - INFO - Completed analysis for IRFC: Score=61.0, Recommendation=BUY
2025-09-16 20:55:00,543 - INFO - Completed analysis for IOC: Score=52.4, Recommendation=HOLD
2025-09-16 20:55:00,580 - INFO - Completed analysis for IRCTC: Score=40.5, Recommendation=WEAK SELL
2025-09-16 20:55:00,948 - INFO - Comprehensive data extracted for IREDA
2025-09-16 20:55:00,964 - INFO - Fundamental analysis completed for IREDA: 58 fields
2025-09-16 20:55:01,069 - INFO - Enhanced technical analysis completed for IREDA: 52 fields
2025-09-16 20:55:01,103 - INFO - Completed analysis for IREDA: Score=56.3, Recommendation=HOLD
2025-09-16 20:55:01,169 - INFO - Comprehensive data extracted for IGL
2025-09-16 20:55:01,182 - INFO - Fundamental analysis completed for IGL: 58 fields
2025-09-16 20:55:01,485 - INFO - Enhanced technical analysis completed for IGL: 52 fields
2025-09-16 20:55:01,541 - INFO - Completed analysis for IGL: Score=59.4, Recommendation=HOLD
2025-09-16 20:55:07,077 - INFO - Comprehensive data extracted for INDUSINDBK
2025-09-16 20:55:07,084 - INFO - Fundamental analysis completed for INDUSINDBK: 58 fields
2025-09-16 20:55:07,117 - INFO - Comprehensive data extracted for INDUSTOWER
2025-09-16 20:55:07,117 - INFO - Fundamental analysis completed for INDUSTOWER: 58 fields
2025-09-16 20:55:07,212 - INFO - Enhanced technical analysis completed for INDUSINDBK: 52 fields
2025-09-16 20:55:07,268 - INFO - Completed analysis for INDUSINDBK: Score=44.2, Recommendation=WEAK SELL
2025-09-16 20:55:07,291 - INFO - Comprehensive data extracted for NAUKRI
2025-09-16 20:55:07,294 - INFO - Fundamental analysis completed for NAUKRI: 58 fields
2025-09-16 20:55:07,343 - INFO - Enhanced technical analysis completed for INDUSTOWER: 52 fields
2025-09-16 20:55:07,380 - INFO - Completed analysis for INDUSTOWER: Score=73.5, Recommendation=STRONG BUY (UNDERVALUED)
2025-09-16 20:55:07,443 - INFO - Enhanced technical analysis completed for NAUKRI: 52 fields
2025-09-16 20:55:07,484 - INFO - Completed analysis for NAUKRI: Score=52.9, Recommendation=HOLD
2025-09-16 20:55:07,785 - INFO - Comprehensive data extracted for INDIGO
2025-09-16 20:55:07,785 - INFO - Fundamental analysis completed for INDIGO: 58 fields
2025-09-16 20:55:08,038 - INFO - Comprehensive data extracted for INFY
2025-09-16 20:55:08,038 - INFO - Fundamental analysis completed for INFY: 58 fields
2025-09-16 20:55:08,070 - INFO - Enhanced technical analysis completed for INDIGO: 52 fields
2025-09-16 20:55:08,101 - INFO - Completed analysis for INDIGO: Score=31.9, Recommendation=SELL
2025-09-16 20:55:08,221 - INFO - Enhanced technical analysis completed for INFY: 52 fields
2025-09-16 20:55:08,262 - INFO - Completed analysis for INFY: Score=64.8, Recommendation=BUY
2025-09-16 20:55:13,703 - INFO - Comprehensive data extracted for JSWSTEEL
2025-09-16 20:55:13,707 - INFO - Fundamental analysis completed for JSWSTEEL: 58 fields
2025-09-16 20:55:13,830 - INFO - Comprehensive data extracted for JINDALSTEL
2025-09-16 20:55:13,841 - INFO - Fundamental analysis completed for JINDALSTEL: 58 fields
2025-09-16 20:55:13,997 - INFO - Enhanced technical analysis completed for JSWSTEEL: 52 fields
2025-09-16 20:55:14,107 - INFO - Completed analysis for JSWSTEEL: Score=36.8, Recommendation=SELL
2025-09-16 20:55:14,117 - INFO - Enhanced technical analysis completed for JINDALSTEL: 52 fields
2025-09-16 20:55:14,170 - INFO - Completed analysis for JINDALSTEL: Score=33.5, Recommendation=SELL
2025-09-16 20:55:14,199 - INFO - Comprehensive data extracted for JSWENERGY
2025-09-16 20:55:14,199 - INFO - Fundamental analysis completed for JSWENERGY: 58 fields
2025-09-16 20:55:14,392 - INFO - Enhanced technical analysis completed for JSWENERGY: 52 fields
2025-09-16 20:55:14,439 - INFO - Completed analysis for JSWENERGY: Score=52.3, Recommendation=HOLD
2025-09-16 20:55:14,529 - INFO - Comprehensive data extracted for JIOFIN
2025-09-16 20:55:14,531 - INFO - Fundamental analysis completed for JIOFIN: 58 fields
2025-09-16 20:55:14,789 - INFO - Comprehensive data extracted for JUBLFOOD
2025-09-16 20:55:14,789 - INFO - Enhanced technical analysis completed for JIOFIN: 52 fields
2025-09-16 20:55:14,789 - INFO - Fundamental analysis completed for JUBLFOOD: 58 fields
2025-09-16 20:55:14,845 - INFO - Completed analysis for JIOFIN: Score=54.7, Recommendation=HOLD
2025-09-16 20:55:14,948 - INFO - Enhanced technical analysis completed for JUBLFOOD: 52 fields
2025-09-16 20:55:14,996 - INFO - Completed analysis for JUBLFOOD: Score=30.5, Recommendation=SELL
2025-09-16 20:55:20,344 - INFO - Comprehensive data extracted for KALYANKJIL
2025-09-16 20:55:20,344 - INFO - Fundamental analysis completed for KALYANKJIL: 58 fields
2025-09-16 20:55:20,482 - INFO - Enhanced technical analysis completed for KALYANKJIL: 52 fields
2025-09-16 20:55:20,524 - INFO - Completed analysis for KALYANKJIL: Score=40.3, Recommendation=WEAK SELL
2025-09-16 20:55:20,604 - INFO - Comprehensive data extracted for KPITTECH
2025-09-16 20:55:20,606 - INFO - Fundamental analysis completed for KPITTECH: 58 fields
2025-09-16 20:55:20,811 - INFO - Enhanced technical analysis completed for KPITTECH: 52 fields
2025-09-16 20:55:20,913 - INFO - Completed analysis for KPITTECH: Score=31.4, Recommendation=SELL
2025-09-16 20:55:20,913 - INFO - Comprehensive data extracted for KOTAKBANK
2025-09-16 20:55:20,917 - INFO - Fundamental analysis completed for KOTAKBANK: 58 fields
2025-09-16 20:55:21,141 - INFO - Enhanced technical analysis completed for KOTAKBANK: 52 fields
2025-09-16 20:55:21,188 - INFO - Completed analysis for KOTAKBANK: Score=68.2, Recommendation=BUY
2025-09-16 20:55:21,436 - INFO - Comprehensive data extracted for LTF
2025-09-16 20:55:21,436 - INFO - Fundamental analysis completed for LTF: 58 fields
2025-09-16 20:55:21,612 - INFO - Comprehensive data extracted for LICHSGFIN
2025-09-16 20:55:21,618 - INFO - Fundamental analysis completed for LICHSGFIN: 58 fields
2025-09-16 20:55:21,695 - INFO - Enhanced technical analysis completed for LTF: 52 fields
2025-09-16 20:55:21,800 - INFO - Enhanced technical analysis completed for LICHSGFIN: 52 fields
2025-09-16 20:55:21,802 - INFO - Completed analysis for LTF: Score=57.3, Recommendation=HOLD
2025-09-16 20:55:21,843 - INFO - Completed analysis for LICHSGFIN: Score=70.5, Recommendation=STRONG BUY (UNDERVALUED)
2025-09-16 20:55:27,452 - INFO - Comprehensive data extracted for LT
2025-09-16 20:55:27,454 - INFO - Fundamental analysis completed for LT: 58 fields
2025-09-16 20:55:27,484 - INFO - Comprehensive data extracted for LICI
2025-09-16 20:55:27,489 - INFO - Fundamental analysis completed for LICI: 58 fields
2025-09-16 20:55:27,770 - INFO - Enhanced technical analysis completed for LT: 52 fields
2025-09-16 20:55:27,835 - INFO - Completed analysis for LT: Score=46.0, Recommendation=WEAK SELL
2025-09-16 20:55:27,990 - INFO - Comprehensive data extracted for LTIM
2025-09-16 20:55:27,990 - INFO - Fundamental analysis completed for LTIM: 58 fields
2025-09-16 20:55:28,127 - INFO - Enhanced technical analysis completed for LTIM: 52 fields
2025-09-16 20:55:28,178 - INFO - Completed analysis for LTIM: Score=60.7, Recommendation=BUY
2025-09-16 20:55:28,338 - INFO - Enhanced technical analysis completed for LICI: 52 fields
2025-09-16 20:55:28,381 - INFO - Completed analysis for LICI: Score=68.3, Recommendation=BUY (VALUE)
2025-09-16 20:55:28,423 - INFO - Comprehensive data extracted for LODHA
2025-09-16 20:55:28,428 - INFO - Fundamental analysis completed for LODHA: 58 fields
2025-09-16 20:55:28,793 - INFO - Comprehensive data extracted for LUPIN
2025-09-16 20:55:28,813 - INFO - Fundamental analysis completed for LUPIN: 58 fields
2025-09-16 20:55:28,857 - INFO - Enhanced technical analysis completed for LODHA: 52 fields
2025-09-16 20:55:28,901 - INFO - Completed analysis for LODHA: Score=51.7, Recommendation=HOLD
2025-09-16 20:55:29,149 - INFO - Enhanced technical analysis completed for LUPIN: 52 fields
2025-09-16 20:55:29,191 - INFO - Completed analysis for LUPIN: Score=48.7, Recommendation=WEAK SELL
2025-09-16 20:55:34,691 - INFO - Comprehensive data extracted for M&M
2025-09-16 20:55:34,701 - INFO - Fundamental analysis completed for M&M: 58 fields
2025-09-16 20:55:34,843 - INFO - Comprehensive data extracted for M&MFIN
2025-09-16 20:55:34,845 - INFO - Fundamental analysis completed for M&MFIN: 58 fields
2025-09-16 20:55:34,903 - INFO - Comprehensive data extracted for MRF
2025-09-16 20:55:34,932 - INFO - Fundamental analysis completed for MRF: 58 fields
2025-09-16 20:55:34,973 - INFO - Enhanced technical analysis completed for M&M: 52 fields
2025-09-16 20:55:35,007 - INFO - Completed analysis for M&M: Score=47.2, Recommendation=WEAK SELL
2025-09-16 20:55:35,090 - INFO - Enhanced technical analysis completed for MRF: 52 fields
2025-09-16 20:55:35,124 - INFO - Completed analysis for MRF: Score=36.9, Recommendation=SELL
2025-09-16 20:55:35,243 - INFO - Enhanced technical analysis completed for M&MFIN: 52 fields
2025-09-16 20:55:35,288 - INFO - Completed analysis for M&MFIN: Score=61.8, Recommendation=BUY
2025-09-16 20:55:35,327 - INFO - Comprehensive data extracted for MANKIND
2025-09-16 20:55:35,327 - INFO - Fundamental analysis completed for MANKIND: 58 fields
2025-09-16 20:55:35,809 - INFO - Enhanced technical analysis completed for MANKIND: 52 fields
2025-09-16 20:55:35,859 - INFO - Completed analysis for MANKIND: Score=35.5, Recommendation=SELL
2025-09-16 20:55:36,483 - INFO - Comprehensive data extracted for MARICO
2025-09-16 20:55:36,483 - INFO - Fundamental analysis completed for MARICO: 58 fields
2025-09-16 20:55:36,748 - INFO - Enhanced technical analysis completed for MARICO: 52 fields
2025-09-16 20:55:36,802 - INFO - Completed analysis for MARICO: Score=37.9, Recommendation=SELL
2025-09-16 20:55:42,276 - INFO - Comprehensive data extracted for MAXHEALTH
2025-09-16 20:55:42,277 - INFO - Fundamental analysis completed for MAXHEALTH: 58 fields
2025-09-16 20:55:42,341 - INFO - Comprehensive data extracted for MFSL
2025-09-16 20:55:42,341 - INFO - Fundamental analysis completed for MFSL: 58 fields
2025-09-16 20:55:42,373 - INFO - Comprehensive data extracted for MARUTI
2025-09-16 20:55:42,373 - INFO - Fundamental analysis completed for MARUTI: 58 fields
2025-09-16 20:55:42,540 - INFO - Enhanced technical analysis completed for MARUTI: 52 fields
2025-09-16 20:55:42,555 - INFO - Enhanced technical analysis completed for MAXHEALTH: 52 fields
2025-09-16 20:55:42,611 - INFO - Enhanced technical analysis completed for MFSL: 52 fields
2025-09-16 20:55:42,699 - INFO - Completed analysis for MARUTI: Score=47.0, Recommendation=WEAK SELL
2025-09-16 20:55:42,707 - INFO - Completed analysis for MAXHEALTH: Score=47.0, Recommendation=WEAK SELL
2025-09-16 20:55:42,707 - INFO - Completed analysis for MFSL: Score=19.6, Recommendation=SELL
2025-09-16 20:55:43,107 - INFO - Comprehensive data extracted for MAZDOCK
2025-09-16 20:55:43,122 - INFO - Fundamental analysis completed for MAZDOCK: 58 fields
2025-09-16 20:55:43,174 - INFO - Comprehensive data extracted for MOTILALOFS
2025-09-16 20:55:43,174 - INFO - Fundamental analysis completed for MOTILALOFS: 58 fields
2025-09-16 20:55:43,537 - INFO - Enhanced technical analysis completed for MOTILALOFS: 52 fields
2025-09-16 20:55:43,537 - INFO - Enhanced technical analysis completed for MAZDOCK: 52 fields
2025-09-16 20:55:43,633 - INFO - Completed analysis for MOTILALOFS: Score=56.2, Recommendation=HOLD
2025-09-16 20:55:43,639 - INFO - Completed analysis for MAZDOCK: Score=53.3, Recommendation=HOLD
2025-09-16 20:55:49,392 - INFO - Comprehensive data extracted for MPHASIS
2025-09-16 20:55:49,392 - INFO - Fundamental analysis completed for MPHASIS: 58 fields
2025-09-16 20:55:49,459 - INFO - Comprehensive data extracted for NHPC
2025-09-16 20:55:49,491 - INFO - Fundamental analysis completed for NHPC: 58 fields
2025-09-16 20:55:49,493 - INFO - Comprehensive data extracted for MUTHOOTFIN
2025-09-16 20:55:49,497 - INFO - Fundamental analysis completed for MUTHOOTFIN: 58 fields
2025-09-16 20:55:49,645 - INFO - Enhanced technical analysis completed for MPHASIS: 52 fields
2025-09-16 20:55:49,737 - INFO - Completed analysis for MPHASIS: Score=51.6, Recommendation=HOLD
2025-09-16 20:55:49,761 - INFO - Enhanced technical analysis completed for MUTHOOTFIN: 52 fields
2025-09-16 20:55:49,818 - INFO - Completed analysis for MUTHOOTFIN: Score=74.6, Recommendation=STRONG BUY
2025-09-16 20:55:49,896 - INFO - Enhanced technical analysis completed for NHPC: 52 fields
2025-09-16 20:55:49,945 - INFO - Completed analysis for NHPC: Score=51.7, Recommendation=HOLD
2025-09-16 20:55:50,182 - INFO - Comprehensive data extracted for NTPCGREEN
2025-09-16 20:55:50,182 - INFO - Fundamental analysis completed for NTPCGREEN: 58 fields
2025-09-16 20:55:50,247 - INFO - Comprehensive data extracted for NMDC
2025-09-16 20:55:50,247 - INFO - Fundamental analysis completed for NMDC: 58 fields
2025-09-16 20:55:50,311 - INFO - Enhanced technical analysis completed for NTPCGREEN: 52 fields
2025-09-16 20:55:50,345 - INFO - Completed analysis for NTPCGREEN: Score=38.3, Recommendation=SELL
2025-09-16 20:55:50,649 - INFO - Enhanced technical analysis completed for NMDC: 52 fields
2025-09-16 20:55:50,702 - INFO - Completed analysis for NMDC: Score=70.3, Recommendation=STRONG BUY (UNDERVALUED)
2025-09-16 20:55:56,441 - INFO - Comprehensive data extracted for NESTLEIND
2025-09-16 20:55:56,450 - INFO - Fundamental analysis completed for NESTLEIND: 58 fields
2025-09-16 20:55:56,546 - INFO - Comprehensive data extracted for NATIONALUM
2025-09-16 20:55:56,562 - INFO - Fundamental analysis completed for NATIONALUM: 58 fields
2025-09-16 20:55:56,666 - INFO - Comprehensive data extracted for NTPC
2025-09-16 20:55:56,666 - INFO - Fundamental analysis completed for NTPC: 58 fields
2025-09-16 20:55:56,787 - INFO - Enhanced technical analysis completed for NESTLEIND: 52 fields
2025-09-16 20:55:56,828 - INFO - Enhanced technical analysis completed for NATIONALUM: 52 fields
2025-09-16 20:55:56,918 - INFO - Completed analysis for NESTLEIND: Score=34.0, Recommendation=SELL
2025-09-16 20:55:57,033 - INFO - Completed analysis for NATIONALUM: Score=68.5, Recommendation=BUY (VALUE)
2025-09-16 20:55:57,034 - INFO - Enhanced technical analysis completed for NTPC: 52 fields
2025-09-16 20:55:57,086 - INFO - Completed analysis for NTPC: Score=53.3, Recommendation=HOLD
2025-09-16 20:55:57,795 - INFO - Comprehensive data extracted for ONGC
2025-09-16 20:55:57,795 - INFO - Comprehensive data extracted for OBEROIRLTY
2025-09-16 20:55:57,801 - INFO - Fundamental analysis completed for ONGC: 58 fields
2025-09-16 20:55:57,801 - INFO - Fundamental analysis completed for OBEROIRLTY: 58 fields
2025-09-16 20:55:57,937 - INFO - Enhanced technical analysis completed for OBEROIRLTY: 52 fields
2025-09-16 20:55:57,989 - INFO - Completed analysis for OBEROIRLTY: Score=30.7, Recommendation=SELL
2025-09-16 20:55:58,044 - INFO - Enhanced technical analysis completed for ONGC: 52 fields
2025-09-16 20:55:58,108 - INFO - Completed analysis for ONGC: Score=57.2, Recommendation=HOLD
2025-09-16 20:56:03,771 - INFO - Comprehensive data extracted for OLAELEC
2025-09-16 20:56:03,796 - INFO - Comprehensive data extracted for OIL
2025-09-16 20:56:03,796 - INFO - Fundamental analysis completed for OLAELEC: 58 fields
2025-09-16 20:56:03,800 - INFO - Fundamental analysis completed for OIL: 58 fields
2025-09-16 20:56:03,906 - INFO - Comprehensive data extracted for PAYTM
2025-09-16 20:56:03,907 - INFO - Fundamental analysis completed for PAYTM: 58 fields
2025-09-16 20:56:04,064 - INFO - Enhanced technical analysis completed for OLAELEC: 52 fields
2025-09-16 20:56:04,110 - INFO - Enhanced technical analysis completed for OIL: 52 fields
2025-09-16 20:56:04,173 - INFO - Enhanced technical analysis completed for PAYTM: 52 fields
2025-09-16 20:56:04,223 - INFO - Completed analysis for OLAELEC: Score=23.2, Recommendation=SELL
2025-09-16 20:56:04,223 - INFO - Completed analysis for OIL: Score=59.3, Recommendation=HOLD
2025-09-16 20:56:04,264 - INFO - Completed analysis for PAYTM: Score=30.7, Recommendation=SELL
2025-09-16 20:56:04,675 - INFO - Comprehensive data extracted for POLICYBZR
2025-09-16 20:56:04,676 - INFO - Fundamental analysis completed for POLICYBZR: 58 fields
2025-09-16 20:56:04,741 - INFO - Comprehensive data extracted for OFSS
2025-09-16 20:56:04,749 - INFO - Fundamental analysis completed for OFSS: 58 fields
2025-09-16 20:56:04,869 - INFO - Enhanced technical analysis completed for POLICYBZR: 52 fields
2025-09-16 20:56:04,935 - INFO - Enhanced technical analysis completed for OFSS: 52 fields
2025-09-16 20:56:05,004 - INFO - Completed analysis for OFSS: Score=72.3, Recommendation=STRONG BUY
2025-09-16 20:56:05,004 - INFO - Completed analysis for POLICYBZR: Score=35.0, Recommendation=SELL
2025-09-16 20:56:10,514 - INFO - Comprehensive data extracted for PIIND
2025-09-16 20:56:10,516 - INFO - Fundamental analysis completed for PIIND: 58 fields
2025-09-16 20:56:10,584 - INFO - Comprehensive data extracted for PATANJALI
2025-09-16 20:56:10,584 - INFO - Fundamental analysis completed for PATANJALI: 58 fields
2025-09-16 20:56:10,670 - INFO - Enhanced technical analysis completed for PIIND: 52 fields
2025-09-16 20:56:10,732 - INFO - Completed analysis for PIIND: Score=27.9, Recommendation=SELL
2025-09-16 20:56:10,830 - INFO - Enhanced technical analysis completed for PATANJALI: 52 fields
2025-09-16 20:56:10,852 - INFO - Comprehensive data extracted for PAGEIND
2025-09-16 20:56:10,853 - INFO - Fundamental analysis completed for PAGEIND: 58 fields
2025-09-16 20:56:10,896 - INFO - Completed analysis for PATANJALI: Score=31.1, Recommendation=SELL
2025-09-16 20:56:11,079 - INFO - Enhanced technical analysis completed for PAGEIND: 52 fields
2025-09-16 20:56:11,125 - INFO - Completed analysis for PAGEIND: Score=44.2, Recommendation=WEAK SELL
2025-09-16 20:56:11,376 - INFO - Comprehensive data extracted for PERSISTENT
2025-09-16 20:56:11,378 - INFO - Fundamental analysis completed for PERSISTENT: 58 fields
2025-09-16 20:56:11,539 - INFO - Comprehensive data extracted for PETRONET
2025-09-16 20:56:11,539 - INFO - Fundamental analysis completed for PETRONET: 58 fields
2025-09-16 20:56:11,635 - INFO - Enhanced technical analysis completed for PERSISTENT: 52 fields
2025-09-16 20:56:11,687 - INFO - Enhanced technical analysis completed for PETRONET: 52 fields
2025-09-16 20:56:11,758 - INFO - Completed analysis for PERSISTENT: Score=66.9, Recommendation=BUY
2025-09-16 20:56:11,769 - INFO - Completed analysis for PETRONET: Score=50.4, Recommendation=HOLD
2025-09-16 20:57:03,496 - INFO - Comprehensive data extracted for POLYCAB
2025-09-16 20:57:03,496 - INFO - Fundamental analysis completed for POLYCAB: 58 fields
2025-09-16 20:57:03,502 - INFO - Comprehensive data extracted for PHOENIXLTD
2025-09-16 20:57:03,509 - INFO - Fundamental analysis completed for PHOENIXLTD: 58 fields
2025-09-16 20:57:03,640 - INFO - Comprehensive data extracted for PIDILITIND
2025-09-16 20:57:03,640 - INFO - Fundamental analysis completed for PIDILITIND: 58 fields
2025-09-16 20:57:03,664 - INFO - Enhanced technical analysis completed for POLYCAB: 52 fields
2025-09-16 20:57:03,688 - INFO - Completed analysis for POLYCAB: Score=67.2, Recommendation=BUY
2025-09-16 20:57:03,702 - INFO - Enhanced technical analysis completed for PHOENIXLTD: 52 fields
2025-09-16 20:57:03,727 - INFO - Completed analysis for PHOENIXLTD: Score=41.8, Recommendation=WEAK SELL
2025-09-16 20:57:03,834 - INFO - Enhanced technical analysis completed for PIDILITIND: 52 fields
2025-09-16 20:57:03,855 - INFO - Completed analysis for PIDILITIND: Score=36.3, Recommendation=SELL
2025-09-16 20:57:04,268 - INFO - Comprehensive data extracted for POWERGRID
2025-09-16 20:57:04,268 - INFO - Fundamental analysis completed for POWERGRID: 58 fields
2025-09-16 20:57:04,530 - INFO - Comprehensive data extracted for PFC
2025-09-16 20:57:04,550 - INFO - Fundamental analysis completed for PFC: 58 fields
2025-09-16 20:57:04,552 - INFO - Enhanced technical analysis completed for POWERGRID: 52 fields
2025-09-16 20:57:04,577 - INFO - Completed analysis for POWERGRID: Score=50.1, Recommendation=HOLD
2025-09-16 20:57:04,849 - INFO - Enhanced technical analysis completed for PFC: 52 fields
2025-09-16 20:57:04,891 - INFO - Completed analysis for PFC: Score=75.9, Recommendation=STRONG BUY (UNDERVALUED)
2025-09-16 20:57:10,483 - INFO - Comprehensive data extracted for PRESTIGE
2025-09-16 20:57:10,485 - INFO - Fundamental analysis completed for PRESTIGE: 58 fields
2025-09-16 20:57:10,611 - INFO - Comprehensive data extracted for PNB
2025-09-16 20:57:10,613 - INFO - Fundamental analysis completed for PNB: 58 fields
2025-09-16 20:57:10,715 - INFO - Enhanced technical analysis completed for PRESTIGE: 52 fields
2025-09-16 20:57:10,748 - INFO - Comprehensive data extracted for PREMIERENE
2025-09-16 20:57:10,750 - INFO - Fundamental analysis completed for PREMIERENE: 58 fields
2025-09-16 20:57:10,782 - INFO - Completed analysis for PRESTIGE: Score=45.8, Recommendation=WEAK SELL
2025-09-16 20:57:10,876 - INFO - Enhanced technical analysis completed for PNB: 52 fields
2025-09-16 20:57:10,928 - INFO - Completed analysis for PNB: Score=84.7, Recommendation=STRONG BUY (UNDERVALUED)
2025-09-16 20:57:11,016 - INFO - Enhanced technical analysis completed for PREMIERENE: 52 fields
2025-09-16 20:57:11,074 - INFO - Completed analysis for PREMIERENE: Score=49.1, Recommendation=WEAK SELL
2025-09-16 20:57:11,409 - INFO - Comprehensive data extracted for RVNL
2025-09-16 20:57:11,409 - INFO - Fundamental analysis completed for RVNL: 58 fields
2025-09-16 20:57:11,465 - INFO - Comprehensive data extracted for RECLTD
2025-09-16 20:57:11,465 - INFO - Fundamental analysis completed for RECLTD: 58 fields
2025-09-16 20:57:11,553 - INFO - Enhanced technical analysis completed for RVNL: 52 fields
2025-09-16 20:57:11,608 - INFO - Completed analysis for RVNL: Score=30.8, Recommendation=SELL
2025-09-16 20:57:11,713 - INFO - Enhanced technical analysis completed for RECLTD: 52 fields
2025-09-16 20:57:11,766 - INFO - Completed analysis for RECLTD: Score=79.8, Recommendation=STRONG BUY (UNDERVALUED)
2025-09-16 20:57:17,227 - INFO - Comprehensive data extracted for SBILIFE
2025-09-16 20:57:17,229 - INFO - Fundamental analysis completed for SBILIFE: 58 fields
2025-09-16 20:57:17,355 - INFO - Enhanced technical analysis completed for SBILIFE: 52 fields
2025-09-16 20:57:17,403 - INFO - Completed analysis for SBILIFE: Score=56.8, Recommendation=HOLD
2025-09-16 20:57:17,524 - INFO - Comprehensive data extracted for SBICARD
2025-09-16 20:57:17,524 - INFO - Fundamental analysis completed for SBICARD: 58 fields
2025-09-16 20:57:17,596 - INFO - Comprehensive data extracted for RELIANCE
2025-09-16 20:57:17,598 - INFO - Fundamental analysis completed for RELIANCE: 58 fields
2025-09-16 20:57:17,754 - INFO - Enhanced technical analysis completed for SBICARD: 52 fields
2025-09-16 20:57:17,811 - INFO - Enhanced technical analysis completed for RELIANCE: 52 fields
2025-09-16 20:57:17,823 - INFO - Completed analysis for SBICARD: Score=37.7, Recommendation=SELL
2025-09-16 20:57:17,849 - INFO - Completed analysis for RELIANCE: Score=56.1, Recommendation=HOLD
2025-09-16 20:57:18,011 - INFO - Comprehensive data extracted for SJVN
2025-09-16 20:57:18,011 - INFO - Fundamental analysis completed for SJVN: 58 fields
2025-09-16 20:57:18,220 - INFO - Enhanced technical analysis completed for SJVN: 52 fields
2025-09-16 20:57:18,253 - INFO - Completed analysis for SJVN: Score=47.2, Recommendation=WEAK SELL
2025-09-16 20:57:18,331 - INFO - Comprehensive data extracted for SRF
2025-09-16 20:57:18,331 - INFO - Fundamental analysis completed for SRF: 58 fields
2025-09-16 20:57:18,472 - INFO - Enhanced technical analysis completed for SRF: 52 fields
2025-09-16 20:57:18,508 - INFO - Completed analysis for SRF: Score=40.1, Recommendation=WEAK SELL
2025-09-16 20:57:24,100 - INFO - Comprehensive data extracted for MOTHERSON
2025-09-16 20:57:24,102 - INFO - Fundamental analysis completed for MOTHERSON: 58 fields
2025-09-16 20:57:24,165 - INFO - Comprehensive data extracted for SHREECEM
2025-09-16 20:57:24,165 - INFO - Fundamental analysis completed for SHREECEM: 58 fields
2025-09-16 20:57:24,247 - INFO - Enhanced technical analysis completed for MOTHERSON: 52 fields
2025-09-16 20:57:24,280 - INFO - Completed analysis for MOTHERSON: Score=33.2, Recommendation=SELL
2025-09-16 20:57:24,362 - INFO - Comprehensive data extracted for SHRIRAMFIN
2025-09-16 20:57:24,367 - INFO - Fundamental analysis completed for SHRIRAMFIN: 58 fields
2025-09-16 20:57:24,420 - INFO - Enhanced technical analysis completed for SHREECEM: 52 fields
2025-09-16 20:57:24,455 - INFO - Completed analysis for SHREECEM: Score=31.8, Recommendation=SELL
2025-09-16 20:57:24,649 - INFO - Enhanced technical analysis completed for SHRIRAMFIN: 52 fields
2025-09-16 20:57:24,691 - INFO - Completed analysis for SHRIRAMFIN: Score=70.1, Recommendation=STRONG BUY (UNDERVALUED)
2025-09-16 20:57:24,832 - INFO - Comprehensive data extracted for SIEMENS
2025-09-16 20:57:24,835 - INFO - Fundamental analysis completed for SIEMENS: 58 fields
2025-09-16 20:57:25,071 - INFO - Enhanced technical analysis completed for SIEMENS: 52 fields
2025-09-16 20:57:25,099 - INFO - Completed analysis for SIEMENS: Score=30.0, Recommendation=SELL
2025-09-16 20:57:25,175 - INFO - Comprehensive data extracted for SOLARINDS
2025-09-16 20:57:25,175 - INFO - Fundamental analysis completed for SOLARINDS: 58 fields
2025-09-16 20:57:25,461 - INFO - Enhanced technical analysis completed for SOLARINDS: 52 fields
2025-09-16 20:57:25,495 - INFO - Completed analysis for SOLARINDS: Score=44.8, Recommendation=WEAK SELL
2025-09-16 20:57:30,982 - INFO - Comprehensive data extracted for SAIL
2025-09-16 20:57:31,008 - INFO - Comprehensive data extracted for SONACOMS
2025-09-16 20:57:31,008 - INFO - Fundamental analysis completed for SAIL: 58 fields
2025-09-16 20:57:31,013 - INFO - Fundamental analysis completed for SONACOMS: 58 fields
2025-09-16 20:57:31,111 - INFO - Comprehensive data extracted for SBIN
2025-09-16 20:57:31,111 - INFO - Fundamental analysis completed for SBIN: 58 fields
2025-09-16 20:57:31,210 - INFO - Enhanced technical analysis completed for SONACOMS: 52 fields
2025-09-16 20:57:31,266 - INFO - Enhanced technical analysis completed for SAIL: 52 fields
2025-09-16 20:57:31,354 - INFO - Enhanced technical analysis completed for SBIN: 52 fields
2025-09-16 20:57:31,366 - INFO - Completed analysis for SONACOMS: Score=20.9, Recommendation=SELL
2025-09-16 20:57:31,411 - INFO - Completed analysis for SAIL: Score=59.3, Recommendation=HOLD
2025-09-16 20:57:31,432 - INFO - Completed analysis for SBIN: Score=85.3, Recommendation=STRONG BUY (UNDERVALUED)
2025-09-16 20:57:32,013 - INFO - Comprehensive data extracted for SUPREMEIND
2025-09-16 20:57:32,033 - INFO - Fundamental analysis completed for SUPREMEIND: 58 fields
2025-09-16 20:57:32,036 - INFO - Comprehensive data extracted for SUNPHARMA
2025-09-16 20:57:32,040 - INFO - Fundamental analysis completed for SUNPHARMA: 58 fields
2025-09-16 20:57:32,305 - INFO - Enhanced technical analysis completed for SUNPHARMA: 52 fields
2025-09-16 20:57:32,347 - INFO - Completed analysis for SUNPHARMA: Score=35.3, Recommendation=SELL
2025-09-16 20:57:32,452 - INFO - Enhanced technical analysis completed for SUPREMEIND: 52 fields
2025-09-16 20:57:32,492 - INFO - Completed analysis for SUPREMEIND: Score=29.4, Recommendation=SELL
2025-09-16 20:57:37,974 - INFO - Comprehensive data extracted for SWIGGY
2025-09-16 20:57:37,977 - INFO - Fundamental analysis completed for SWIGGY: 58 fields
2025-09-16 20:57:38,107 - INFO - Enhanced technical analysis completed for SWIGGY: 52 fields
2025-09-16 20:57:38,148 - INFO - Completed analysis for SWIGGY: Score=32.2, Recommendation=SELL
2025-09-16 20:57:38,167 - INFO - Comprehensive data extracted for SUZLON
2025-09-16 20:57:38,167 - INFO - Fundamental analysis completed for SUZLON: 58 fields
2025-09-16 20:57:38,212 - INFO - Comprehensive data extracted for TVSMOTOR
2025-09-16 20:57:38,212 - INFO - Fundamental analysis completed for TVSMOTOR: 58 fields
2025-09-16 20:57:38,524 - INFO - Enhanced technical analysis completed for TVSMOTOR: 52 fields
2025-09-16 20:57:38,542 - INFO - Enhanced technical analysis completed for SUZLON: 52 fields
2025-09-16 20:57:38,612 - INFO - Completed analysis for SUZLON: Score=37.3, Recommendation=SELL
2025-09-16 20:57:38,617 - INFO - Completed analysis for TVSMOTOR: Score=36.4, Recommendation=SELL
2025-09-16 20:57:38,633 - INFO - Comprehensive data extracted for TATACOMM
2025-09-16 20:57:38,633 - INFO - Fundamental analysis completed for TATACOMM: 58 fields
2025-09-16 20:57:38,786 - INFO - Enhanced technical analysis completed for TATACOMM: 52 fields
2025-09-16 20:57:38,833 - INFO - Completed analysis for TATACOMM: Score=32.0, Recommendation=SELL
2025-09-16 20:57:39,080 - INFO - Comprehensive data extracted for TCS
2025-09-16 20:57:39,083 - INFO - Fundamental analysis completed for TCS: 58 fields
2025-09-16 20:57:39,230 - INFO - Enhanced technical analysis completed for TCS: 52 fields
2025-09-16 20:57:39,277 - INFO - Completed analysis for TCS: Score=65.9, Recommendation=BUY
2025-09-16 20:57:44,861 - INFO - Comprehensive data extracted for TATACONSUM
2025-09-16 20:57:44,863 - INFO - Fundamental analysis completed for TATACONSUM: 58 fields
2025-09-16 20:57:44,896 - INFO - Comprehensive data extracted for TATAELXSI
2025-09-16 20:57:44,897 - INFO - Fundamental analysis completed for TATAELXSI: 58 fields
2025-09-16 20:57:45,030 - INFO - Enhanced technical analysis completed for TATACONSUM: 52 fields
2025-09-16 20:57:45,046 - INFO - Comprehensive data extracted for TATAMOTORS
2025-09-16 20:57:45,046 - INFO - Fundamental analysis completed for TATAMOTORS: 58 fields
2025-09-16 20:57:45,126 - INFO - Enhanced technical analysis completed for TATAELXSI: 52 fields
2025-09-16 20:57:45,132 - INFO - Completed analysis for TATACONSUM: Score=37.9, Recommendation=SELL
2025-09-16 20:57:45,168 - INFO - Completed analysis for TATAELXSI: Score=29.3, Recommendation=SELL
2025-09-16 20:57:45,296 - INFO - Enhanced technical analysis completed for TATAMOTORS: 52 fields
2025-09-16 20:57:45,334 - INFO - Completed analysis for TATAMOTORS: Score=48.9, Recommendation=WEAK SELL
2025-09-16 20:57:45,633 - INFO - Comprehensive data extracted for TATASTEEL
2025-09-16 20:57:45,633 - INFO - Fundamental analysis completed for TATASTEEL: 58 fields
2025-09-16 20:57:45,681 - INFO - Comprehensive data extracted for TATAPOWER
2025-09-16 20:57:45,684 - INFO - Fundamental analysis completed for TATAPOWER: 58 fields
2025-09-16 20:57:45,795 - INFO - Enhanced technical analysis completed for TATASTEEL: 52 fields
2025-09-16 20:57:45,837 - INFO - Completed analysis for TATASTEEL: Score=37.0, Recommendation=SELL
2025-09-16 20:57:45,917 - INFO - Enhanced technical analysis completed for TATAPOWER: 52 fields
2025-09-16 20:57:45,958 - INFO - Completed analysis for TATAPOWER: Score=37.3, Recommendation=SELL
2025-09-16 20:57:51,668 - INFO - Comprehensive data extracted for TITAN
2025-09-16 20:57:51,670 - INFO - Fundamental analysis completed for TITAN: 58 fields
2025-09-16 20:57:51,694 - INFO - Comprehensive data extracted for TECHM
2025-09-16 20:57:51,696 - INFO - Fundamental analysis completed for TECHM: 58 fields
2025-09-16 20:57:51,772 - INFO - Comprehensive data extracted for TATATECH
2025-09-16 20:57:51,774 - INFO - Fundamental analysis completed for TATATECH: 58 fields
2025-09-16 20:57:51,844 - INFO - Enhanced technical analysis completed for TITAN: 52 fields
2025-09-16 20:57:51,937 - INFO - Enhanced technical analysis completed for TECHM: 52 fields
2025-09-16 20:57:51,945 - INFO - Completed analysis for TITAN: Score=39.4, Recommendation=SELL
2025-09-16 20:57:51,983 - INFO - Completed analysis for TECHM: Score=39.3, Recommendation=SELL
2025-09-16 20:57:52,144 - INFO - Enhanced technical analysis completed for TATATECH: 52 fields
2025-09-16 20:57:52,182 - INFO - Completed analysis for TATATECH: Score=36.1, Recommendation=SELL
2025-09-16 20:57:52,568 - INFO - Comprehensive data extracted for TORNTPHARM
2025-09-16 20:57:52,568 - INFO - Fundamental analysis completed for TORNTPHARM: 58 fields
2025-09-16 20:57:52,656 - INFO - Comprehensive data extracted for TORNTPOWER
2025-09-16 20:57:52,659 - INFO - Fundamental analysis completed for TORNTPOWER: 58 fields
2025-09-16 20:57:52,858 - INFO - Enhanced technical analysis completed for TORNTPHARM: 52 fields
2025-09-16 20:57:52,912 - INFO - Enhanced technical analysis completed for TORNTPOWER: 52 fields
2025-09-16 20:57:52,951 - INFO - Completed analysis for TORNTPOWER: Score=33.6, Recommendation=SELL
2025-09-16 20:57:53,184 - INFO - Completed analysis for TORNTPHARM: Score=35.7, Recommendation=SELL
2025-09-16 20:57:58,634 - INFO - Comprehensive data extracted for TIINDIA
2025-09-16 20:57:58,634 - INFO - Fundamental analysis completed for TIINDIA: 58 fields
2025-09-16 20:57:58,868 - INFO - Comprehensive data extracted for TRENT
2025-09-16 20:57:58,880 - INFO - Fundamental analysis completed for TRENT: 58 fields
2025-09-16 20:57:58,913 - INFO - Enhanced technical analysis completed for TIINDIA: 52 fields
2025-09-16 20:57:58,959 - INFO - Completed analysis for TIINDIA: Score=31.2, Recommendation=SELL
2025-09-16 20:57:59,058 - INFO - Enhanced technical analysis completed for TRENT: 52 fields
2025-09-16 20:57:59,121 - INFO - Comprehensive data extracted for UPL
2025-09-16 20:57:59,123 - INFO - Fundamental analysis completed for UPL: 58 fields
2025-09-16 20:57:59,126 - INFO - Completed analysis for TRENT: Score=30.6, Recommendation=SELL
2025-09-16 20:57:59,387 - INFO - Enhanced technical analysis completed for UPL: 52 fields
2025-09-16 20:57:59,450 - INFO - Completed analysis for UPL: Score=34.1, Recommendation=SELL
2025-09-16 20:57:59,586 - INFO - Comprehensive data extracted for ULTRACEMCO
2025-09-16 20:57:59,587 - INFO - Fundamental analysis completed for ULTRACEMCO: 58 fields
2025-09-16 20:57:59,793 - INFO - Enhanced technical analysis completed for ULTRACEMCO: 52 fields
2025-09-16 20:57:59,816 - INFO - Comprehensive data extracted for UNIONBANK
2025-09-16 20:57:59,825 - INFO - Fundamental analysis completed for UNIONBANK: 58 fields
2025-09-16 20:57:59,850 - INFO - Completed analysis for ULTRACEMCO: Score=37.3, Recommendation=SELL
2025-09-16 20:58:00,103 - INFO - Enhanced technical analysis completed for UNIONBANK: 52 fields
2025-09-16 20:58:00,153 - INFO - Completed analysis for UNIONBANK: Score=88.5, Recommendation=STRONG BUY (UNDERVALUED)
2025-09-16 20:58:05,653 - INFO - Comprehensive data extracted for UNITDSPR
2025-09-16 20:58:05,655 - INFO - Fundamental analysis completed for UNITDSPR: 58 fields
2025-09-16 20:58:05,785 - INFO - Enhanced technical analysis completed for UNITDSPR: 52 fields
2025-09-16 20:58:05,831 - INFO - Completed analysis for UNITDSPR: Score=30.9, Recommendation=SELL
2025-09-16 20:58:05,893 - INFO - Comprehensive data extracted for VEDL
2025-09-16 20:58:05,897 - INFO - Fundamental analysis completed for VEDL: 58 fields
2025-09-16 20:58:05,927 - INFO - Comprehensive data extracted for VBL
2025-09-16 20:58:05,927 - INFO - Fundamental analysis completed for VBL: 58 fields
2025-09-16 20:58:06,060 - INFO - Enhanced technical analysis completed for VEDL: 52 fields
2025-09-16 20:58:06,146 - INFO - Completed analysis for VEDL: Score=49.0, Recommendation=WEAK SELL
2025-09-16 20:58:06,188 - INFO - Enhanced technical analysis completed for VBL: 52 fields
2025-09-16 20:58:06,257 - INFO - Comprehensive data extracted for VMM
2025-09-16 20:58:06,260 - INFO - Completed analysis for VBL: Score=44.1, Recommendation=WEAK SELL
2025-09-16 20:58:06,260 - INFO - Fundamental analysis completed for VMM: 58 fields
2025-09-16 20:58:06,396 - INFO - Enhanced technical analysis completed for VMM: 52 fields
2025-09-16 20:58:06,427 - INFO - Completed analysis for VMM: Score=34.3, Recommendation=SELL
2025-09-16 20:58:06,685 - INFO - Comprehensive data extracted for IDEA
2025-09-16 20:58:06,685 - INFO - Fundamental analysis completed for IDEA: 58 fields
2025-09-16 20:58:06,814 - INFO - Enhanced technical analysis completed for IDEA: 52 fields
2025-09-16 20:58:06,849 - INFO - Completed analysis for IDEA: Score=66.6, Recommendation=BUY (VALUE)
2025-09-16 20:58:12,357 - INFO - Comprehensive data extracted for WIPRO
2025-09-16 20:58:12,359 - INFO - Fundamental analysis completed for WIPRO: 58 fields
2025-09-16 20:58:12,392 - INFO - Comprehensive data extracted for WAAREEENER
2025-09-16 20:58:12,398 - INFO - Fundamental analysis completed for WAAREEENER: 58 fields
2025-09-16 20:58:12,434 - INFO - Comprehensive data extracted for VOLTAS
2025-09-16 20:58:12,434 - INFO - Fundamental analysis completed for VOLTAS: 58 fields
2025-09-16 20:58:12,500 - INFO - Enhanced technical analysis completed for WAAREEENER: 52 fields
2025-09-16 20:58:12,576 - INFO - Completed analysis for WAAREEENER: Score=42.5, Recommendation=WEAK SELL
2025-09-16 20:58:12,580 - INFO - Enhanced technical analysis completed for WIPRO: 52 fields
2025-09-16 20:58:12,627 - INFO - Completed analysis for WIPRO: Score=70.1, Recommendation=STRONG BUY
2025-09-16 20:58:12,675 - INFO - Enhanced technical analysis completed for VOLTAS: 52 fields
2025-09-16 20:58:12,712 - INFO - Completed analysis for VOLTAS: Score=24.9, Recommendation=SELL
2025-09-16 20:58:13,066 - INFO - Comprehensive data extracted for YESBANK
2025-09-16 20:58:13,066 - INFO - Fundamental analysis completed for YESBANK: 58 fields
2025-09-16 20:58:13,145 - INFO - Comprehensive data extracted for ZYDUSLIFE
2025-09-16 20:58:13,146 - INFO - Fundamental analysis completed for ZYDUSLIFE: 58 fields
2025-09-16 20:58:13,293 - INFO - Enhanced technical analysis completed for YESBANK: 52 fields
2025-09-16 20:58:13,362 - INFO - Enhanced technical analysis completed for ZYDUSLIFE: 52 fields
2025-09-16 20:58:13,373 - INFO - Completed analysis for YESBANK: Score=76.0, Recommendation=STRONG BUY
2025-09-16 20:58:13,408 - INFO - Completed analysis for ZYDUSLIFE: Score=43.2, Recommendation=WEAK SELL
2025-09-16 20:58:13,414 - INFO - Batch analysis completed: 200 results, 0 failures
2025-09-16 20:58:13,593 - INFO - Calculated sector rankings for 11 sectors
2025-09-16 20:58:52,431 - INFO - Completed risk-return analysis
2025-09-16 20:58:52,452 - INFO - Generated portfolio allocation for 15 stocks
2025-09-16 20:58:56,374 - INFO - Enhanced Excel report generated: reports/Enhanced_Stock_Report_20250916_205852.xlsx, Size: 292986 bytes
