2025-09-03 13:41:26,369 - INFO - Top 200 NSE Stock Analysis Initialized
2025-09-03 13:41:26,369 - INFO - Using default stock list from stock_list_template.csv
2025-09-03 13:41:26,369 - INFO - Loading stocks from CSV: stock_list_template.csv
2025-09-03 13:41:26,402 - INFO - Loaded 200 stocks with company names
2025-09-03 13:41:26,402 - INFO - Sample stocks: ABB, ACC, APLAPOLLO, AUBANK, ADANIENSOL
2025-09-03 13:41:26,405 - INFO - Starting batch analysis of 5 stocks
2025-09-03 13:41:35,227 - INFO - Comprehensive data extracted for ACC
2025-09-03 13:41:35,237 - INFO - Comprehensive data extracted for ABB
2025-09-03 13:41:35,237 - INFO - Fundamental analysis completed for ACC: 58 fields
2025-09-03 13:41:35,247 - INFO - Fundamental analysis completed for ABB: 58 fields
2025-09-03 13:41:35,639 - INFO - Enhanced technical analysis completed for ACC: 52 fields
2025-09-03 13:41:35,655 - INFO - Enhanced technical analysis completed for ABB: 52 fields
2025-09-03 13:41:35,715 - INFO - Completed analysis for ACC: Score=68.2, Recommendation=BUY (VALUE)
2025-09-03 13:41:35,748 - INFO - Completed analysis for ABB: Score=56.6, Recommendation=HOLD
2025-09-03 13:41:41,513 - INFO - Comprehensive data extracted for AUBANK
2025-09-03 13:41:41,513 - INFO - Fundamental analysis completed for AUBANK: 58 fields
2025-09-03 13:41:41,595 - INFO - Comprehensive data extracted for APLAPOLLO
2025-09-03 13:41:41,597 - INFO - Fundamental analysis completed for APLAPOLLO: 58 fields
2025-09-03 13:41:41,674 - INFO - Enhanced technical analysis completed for AUBANK: 52 fields
2025-09-03 13:41:41,739 - INFO - Completed analysis for AUBANK: Score=64.6, Recommendation=BUY
2025-09-03 13:41:41,835 - INFO - Enhanced technical analysis completed for APLAPOLLO: 52 fields
2025-09-03 13:41:41,896 - INFO - Completed analysis for APLAPOLLO: Score=30.3, Recommendation=SELL
2025-09-03 13:41:47,464 - INFO - Comprehensive data extracted for ADANIENSOL
2025-09-03 13:41:47,464 - INFO - Fundamental analysis completed for ADANIENSOL: 58 fields
2025-09-03 13:41:47,620 - INFO - Enhanced technical analysis completed for ADANIENSOL: 52 fields
2025-09-03 13:41:47,682 - INFO - Completed analysis for ADANIENSOL: Score=27.5, Recommendation=SELL
2025-09-03 13:41:47,690 - INFO - Batch analysis completed: 5 results, 0 failures
2025-09-03 13:41:47,732 - INFO - Calculated sector rankings for 4 sectors
2025-09-03 13:41:47,739 - WARNING - No suitable investment candidates found
2025-09-03 13:41:49,206 - ERROR - Enhanced Excel generation error: "['volatility_6m', 'max_drawdown_6m'] not in index"
2025-09-03 13:41:49,866 - INFO - Comprehensive Excel report saved: reports\Stock_Report_2025-09-03.xlsx
2025-09-03 13:41:49,870 - INFO - Enhanced Excel report generated: reports\Stock_Report_2025-09-03.xlsx, Size: 23103 bytes
