2025-09-15 16:14:28,714 - INFO - Dynamic NSE Stock Analysis Initialized
2025-09-15 16:14:28,718 - INFO - Risk profile set to: aggressive
2025-09-15 16:14:28,720 - INFO - HIGH-RISK MODE: Profile=aggressive, Growth=False, Momentum=False, MinVol=0.0
2025-09-15 16:14:28,728 - INFO - Using default stock list from stock_list_template.csv
2025-09-15 16:14:28,728 - INFO - Loading stocks from CSV: stock_list_template.csv
2025-09-15 16:14:28,739 - INFO - Loaded 200 stocks with company names
2025-09-15 16:14:28,743 - INFO - Sample stocks: ABB, ACC, APLAPOLLO, AUBANK, ADANIENSOL
2025-09-15 16:14:28,760 - INFO - Starting batch analysis of 10 stocks
2025-09-15 16:14:29,906 - INFO - Comprehensive data extracted for ABB
2025-09-15 16:14:29,907 - INFO - Fundamental analysis completed for ABB: 58 fields
2025-09-15 16:14:30,113 - INFO - Comprehensive data extracted for ACC
2025-09-15 16:14:30,122 - INFO - Fundamental analysis completed for ACC: 58 fields
2025-09-15 16:14:30,122 - INFO - Enhanced technical analysis completed for ABB: 52 fields
2025-09-15 16:14:30,173 - INFO - Completed analysis for ABB: Score=53.0, Recommendation=HOLD
2025-09-15 16:14:30,411 - INFO - Enhanced technical analysis completed for ACC: 52 fields
2025-09-15 16:14:30,469 - INFO - Completed analysis for ACC: Score=59.5, Recommendation=HOLD
2025-09-15 16:14:30,535 - INFO - Comprehensive data extracted for APLAPOLLO
2025-09-15 16:14:30,537 - INFO - Fundamental analysis completed for APLAPOLLO: 58 fields
2025-09-15 16:14:30,692 - INFO - Enhanced technical analysis completed for APLAPOLLO: 52 fields
2025-09-15 16:14:30,748 - INFO - Completed analysis for APLAPOLLO: Score=36.1, Recommendation=SELL
2025-09-15 16:14:30,798 - INFO - Comprehensive data extracted for AUBANK
2025-09-15 16:14:30,803 - INFO - Fundamental analysis completed for AUBANK: 58 fields
2025-09-15 16:14:31,161 - INFO - Enhanced technical analysis completed for AUBANK: 52 fields
2025-09-15 16:14:31,206 - INFO - Completed analysis for AUBANK: Score=71.9, Recommendation=STRONG BUY
2025-09-15 16:14:31,348 - INFO - Comprehensive data extracted for ADANIENSOL
2025-09-15 16:14:31,348 - INFO - Fundamental analysis completed for ADANIENSOL: 58 fields
2025-09-15 16:14:31,575 - INFO - Enhanced technical analysis completed for ADANIENSOL: 52 fields
2025-09-15 16:14:31,619 - INFO - Completed analysis for ADANIENSOL: Score=40.5, Recommendation=WEAK SELL
2025-09-15 16:14:37,227 - INFO - Comprehensive data extracted for ADANIENT
2025-09-15 16:14:37,227 - INFO - Fundamental analysis completed for ADANIENT: 58 fields
2025-09-15 16:14:37,421 - INFO - Enhanced technical analysis completed for ADANIENT: 52 fields
2025-09-15 16:14:37,459 - INFO - Comprehensive data extracted for ADANIPORTS
2025-09-15 16:14:37,459 - INFO - Fundamental analysis completed for ADANIPORTS: 58 fields
2025-09-15 16:14:37,494 - INFO - Completed analysis for ADANIENT: Score=25.9, Recommendation=SELL
2025-09-15 16:14:37,764 - INFO - Enhanced technical analysis completed for ADANIPORTS: 52 fields
2025-09-15 16:14:37,817 - INFO - Completed analysis for ADANIPORTS: Score=47.3, Recommendation=WEAK SELL
2025-09-15 16:14:38,077 - INFO - Comprehensive data extracted for ADANIPOWER
2025-09-15 16:14:38,078 - INFO - Fundamental analysis completed for ADANIPOWER: 58 fields
2025-09-15 16:14:38,306 - INFO - Enhanced technical analysis completed for ADANIPOWER: 52 fields
2025-09-15 16:14:38,351 - INFO - Completed analysis for ADANIPOWER: Score=32.8, Recommendation=SELL
2025-09-15 16:14:38,429 - INFO - Comprehensive data extracted for ATGL
2025-09-15 16:14:38,431 - INFO - Fundamental analysis completed for ATGL: 58 fields
2025-09-15 16:14:38,553 - INFO - Enhanced technical analysis completed for ATGL: 52 fields
2025-09-15 16:14:38,600 - INFO - Completed analysis for ATGL: Score=42.7, Recommendation=WEAK SELL
2025-09-15 16:14:39,230 - INFO - Comprehensive data extracted for ADANIGREEN
2025-09-15 16:14:39,256 - INFO - Fundamental analysis completed for ADANIGREEN: 58 fields
2025-09-15 16:14:39,953 - INFO - Enhanced technical analysis completed for ADANIGREEN: 52 fields
2025-09-15 16:14:40,059 - INFO - Completed analysis for ADANIGREEN: Score=42.3, Recommendation=WEAK SELL
2025-09-15 16:14:40,062 - INFO - Batch analysis completed: 10 results, 0 failures
2025-09-15 16:14:40,112 - INFO - Calculated sector rankings for 5 sectors
2025-09-15 16:14:40,115 - WARNING - No suitable investment candidates found
2025-09-15 16:14:42,116 - INFO - Enhanced Excel report generated: reports/Enhanced_Stock_Report_20250915_161440.xlsx, Size: 28128 bytes
