2025-09-19 11:28:49,440 - INFO - Dynamic NSE Stock Analysis Initialized
2025-09-19 11:28:49,443 - INFO - Risk profile set to: aggressive
2025-09-19 11:28:49,443 - INFO - HIGH-RISK MODE: Profile=aggressive, Growth=True, Momentum=True, MinVol=0.0
2025-09-19 11:28:49,445 - INFO - Using default stock list from stock_list_template.csv
2025-09-19 11:28:49,446 - INFO - Loading stocks from CSV: stock_list_template.csv
2025-09-19 11:28:49,531 - INFO - Loaded 200 stocks with company names
2025-09-19 11:28:49,531 - INFO - Sample stocks: ABB, ACC, APLAPOLLO, AUBANK, ADANIENSOL
2025-09-19 11:28:49,536 - INFO - Starting batch analysis of 200 stocks
2025-09-19 11:28:59,396 - INFO - Comprehensive data extracted for APLAPOLLO
2025-09-19 11:28:59,396 - INFO - Comprehensive data extracted for ACC
2025-09-19 11:28:59,416 - INFO - Comprehensive data extracted for ABB
2025-09-19 11:28:59,416 - INFO - Fundamental analysis completed for APLAPOLLO: 58 fields
2025-09-19 11:28:59,416 - INFO - Fundamental analysis completed for ACC: 58 fields
2025-09-19 11:28:59,416 - INFO - Fundamental analysis completed for ABB: 58 fields
2025-09-19 11:28:59,842 - INFO - Enhanced technical analysis completed for ABB: 52 fields
2025-09-19 11:28:59,903 - INFO - Enhanced technical analysis completed for APLAPOLLO: 52 fields
2025-09-19 11:28:59,959 - INFO - Enhanced technical analysis completed for ACC: 52 fields
2025-09-19 11:28:59,961 - INFO - Completed analysis for ABB: Score=51.4, Recommendation=HOLD
2025-09-19 11:29:00,047 - INFO - Completed analysis for APLAPOLLO: Score=31.9, Recommendation=SELL
2025-09-19 11:29:00,061 - INFO - Completed analysis for ACC: Score=60.8, Recommendation=BUY (VALUE)
2025-09-19 11:29:01,143 - INFO - Comprehensive data extracted for AUBANK
2025-09-19 11:29:01,145 - INFO - Fundamental analysis completed for AUBANK: 58 fields
2025-09-19 11:29:01,287 - INFO - Comprehensive data extracted for ADANIENSOL
2025-09-19 11:29:01,287 - INFO - Fundamental analysis completed for ADANIENSOL: 58 fields
2025-09-19 11:29:01,647 - INFO - Enhanced technical analysis completed for AUBANK: 52 fields
2025-09-19 11:29:01,657 - INFO - Enhanced technical analysis completed for ADANIENSOL: 52 fields
2025-09-19 11:29:01,746 - INFO - Completed analysis for AUBANK: Score=70.1, Recommendation=STRONG BUY
2025-09-19 11:29:01,753 - INFO - Completed analysis for ADANIENSOL: Score=30.2, Recommendation=SELL
2025-09-19 11:29:08,206 - INFO - Comprehensive data extracted for ADANIENT
2025-09-19 11:29:08,225 - INFO - Fundamental analysis completed for ADANIENT: 58 fields
2025-09-19 11:29:08,231 - INFO - Comprehensive data extracted for ADANIPORTS
2025-09-19 11:29:08,231 - INFO - Fundamental analysis completed for ADANIPORTS: 58 fields
2025-09-19 11:29:08,307 - INFO - Comprehensive data extracted for ADANIGREEN
2025-09-19 11:29:08,310 - INFO - Fundamental analysis completed for ADANIGREEN: 58 fields
2025-09-19 11:29:08,617 - INFO - Enhanced technical analysis completed for ADANIENT: 52 fields
2025-09-19 11:29:08,707 - INFO - Enhanced technical analysis completed for ADANIGREEN: 52 fields
2025-09-19 11:29:08,724 - INFO - Enhanced technical analysis completed for ADANIPORTS: 52 fields
2025-09-19 11:29:08,756 - INFO - Completed analysis for ADANIENT: Score=28.6, Recommendation=SELL
2025-09-19 11:29:08,827 - INFO - Completed analysis for ADANIGREEN: Score=37.1, Recommendation=SELL
2025-09-19 11:29:08,830 - INFO - Completed analysis for ADANIPORTS: Score=45.5, Recommendation=WEAK SELL
2025-09-19 11:29:10,046 - INFO - Comprehensive data extracted for ATGL
2025-09-19 11:29:10,046 - INFO - Fundamental analysis completed for ATGL: 58 fields
2025-09-19 11:29:10,429 - INFO - Comprehensive data extracted for ADANIPOWER
2025-09-19 11:29:10,429 - INFO - Enhanced technical analysis completed for ATGL: 52 fields
2025-09-19 11:29:10,429 - INFO - Fundamental analysis completed for ADANIPOWER: 58 fields
2025-09-19 11:29:10,500 - INFO - Completed analysis for ATGL: Score=36.1, Recommendation=SELL
2025-09-19 11:29:10,996 - INFO - Enhanced technical analysis completed for ADANIPOWER: 52 fields
2025-09-19 11:29:11,397 - INFO - Completed analysis for ADANIPOWER: Score=32.4, Recommendation=SELL
2025-09-19 11:29:17,667 - INFO - Comprehensive data extracted for ABCAPITAL
2025-09-19 11:29:17,667 - INFO - Fundamental analysis completed for ABCAPITAL: 58 fields
2025-09-19 11:29:17,792 - INFO - Comprehensive data extracted for ALKEM
2025-09-19 11:29:17,792 - INFO - Fundamental analysis completed for ALKEM: 58 fields
2025-09-19 11:29:17,847 - INFO - Comprehensive data extracted for ABFRL
2025-09-19 11:29:17,849 - INFO - Fundamental analysis completed for ABFRL: 58 fields
2025-09-19 11:29:18,053 - INFO - Enhanced technical analysis completed for ABCAPITAL: 52 fields
2025-09-19 11:29:18,165 - INFO - Completed analysis for ABCAPITAL: Score=40.6, Recommendation=WEAK SELL
2025-09-19 11:29:18,216 - INFO - Enhanced technical analysis completed for ABFRL: 52 fields
2025-09-19 11:29:18,236 - INFO - Enhanced technical analysis completed for ALKEM: 52 fields
2025-09-19 11:29:18,294 - INFO - Completed analysis for ABFRL: Score=28.6, Recommendation=SELL
2025-09-19 11:29:18,337 - INFO - Completed analysis for ALKEM: Score=44.6, Recommendation=WEAK SELL
2025-09-19 11:29:19,345 - INFO - Comprehensive data extracted for AMBUJACEM
2025-09-19 11:29:19,345 - INFO - Fundamental analysis completed for AMBUJACEM: 58 fields
2025-09-19 11:29:19,521 - INFO - Comprehensive data extracted for APOLLOHOSP
2025-09-19 11:29:19,525 - INFO - Fundamental analysis completed for APOLLOHOSP: 58 fields
2025-09-19 11:29:19,833 - INFO - Enhanced technical analysis completed for AMBUJACEM: 52 fields
2025-09-19 11:29:19,957 - INFO - Enhanced technical analysis completed for APOLLOHOSP: 52 fields
2025-09-19 11:29:19,957 - INFO - Completed analysis for AMBUJACEM: Score=50.9, Recommendation=HOLD
2025-09-19 11:29:20,022 - INFO - Completed analysis for APOLLOHOSP: Score=37.6, Recommendation=SELL
2025-09-19 11:29:26,336 - INFO - Comprehensive data extracted for ASIANPAINT
2025-09-19 11:29:26,340 - INFO - Fundamental analysis completed for ASIANPAINT: 58 fields
2025-09-19 11:29:26,425 - INFO - Comprehensive data extracted for APOLLOTYRE
2025-09-19 11:29:26,433 - INFO - Fundamental analysis completed for APOLLOTYRE: 58 fields
2025-09-19 11:29:26,509 - INFO - Comprehensive data extracted for ASHOKLEY
2025-09-19 11:29:26,509 - INFO - Fundamental analysis completed for ASHOKLEY: 58 fields
2025-09-19 11:29:26,703 - INFO - Enhanced technical analysis completed for ASIANPAINT: 52 fields
2025-09-19 11:29:26,781 - INFO - Enhanced technical analysis completed for APOLLOTYRE: 52 fields
2025-09-19 11:29:26,822 - INFO - Completed analysis for ASIANPAINT: Score=28.2, Recommendation=SELL
2025-09-19 11:29:26,882 - INFO - Completed analysis for APOLLOTYRE: Score=26.7, Recommendation=SELL
2025-09-19 11:29:26,976 - INFO - Enhanced technical analysis completed for ASHOKLEY: 52 fields
2025-09-19 11:29:27,041 - INFO - Completed analysis for ASHOKLEY: Score=42.4, Recommendation=WEAK SELL
2025-09-19 11:29:28,042 - INFO - Comprehensive data extracted for ASTRAL
2025-09-19 11:29:28,047 - INFO - Fundamental analysis completed for ASTRAL: 58 fields
2025-09-19 11:29:28,276 - INFO - Comprehensive data extracted for AUROPHARMA
2025-09-19 11:29:28,279 - INFO - Fundamental analysis completed for AUROPHARMA: 58 fields
2025-09-19 11:29:28,404 - INFO - Enhanced technical analysis completed for ASTRAL: 52 fields
2025-09-19 11:29:28,467 - INFO - Completed analysis for ASTRAL: Score=28.0, Recommendation=SELL
2025-09-19 11:29:28,841 - INFO - Enhanced technical analysis completed for AUROPHARMA: 52 fields
2025-09-19 11:29:28,908 - INFO - Completed analysis for AUROPHARMA: Score=46.6, Recommendation=WEAK SELL
2025-09-19 11:29:35,228 - INFO - Comprehensive data extracted for DMART
2025-09-19 11:29:35,266 - INFO - Comprehensive data extracted for AXISBANK
2025-09-19 11:29:35,268 - INFO - Fundamental analysis completed for DMART: 58 fields
2025-09-19 11:29:35,268 - INFO - Fundamental analysis completed for AXISBANK: 58 fields
2025-09-19 11:29:35,343 - INFO - Comprehensive data extracted for BSE
2025-09-19 11:29:35,343 - INFO - Fundamental analysis completed for BSE: 58 fields
2025-09-19 11:29:35,619 - INFO - Enhanced technical analysis completed for AXISBANK: 52 fields
2025-09-19 11:29:35,724 - INFO - Enhanced technical analysis completed for BSE: 52 fields
2025-09-19 11:29:35,740 - INFO - Completed analysis for AXISBANK: Score=71.5, Recommendation=STRONG BUY (UNDERVALUED)
2025-09-19 11:29:35,796 - INFO - Enhanced technical analysis completed for DMART: 52 fields
2025-09-19 11:29:35,874 - INFO - Completed analysis for BSE: Score=58.2, Recommendation=HOLD
2025-09-19 11:29:35,881 - INFO - Completed analysis for DMART: Score=26.6, Recommendation=SELL
2025-09-19 11:29:37,206 - INFO - Comprehensive data extracted for BAJFINANCE
2025-09-19 11:29:37,219 - INFO - Comprehensive data extracted for BAJAJ-AUTO
2025-09-19 11:29:37,219 - INFO - Fundamental analysis completed for BAJFINANCE: 58 fields
2025-09-19 11:29:37,219 - INFO - Fundamental analysis completed for BAJAJ-AUTO: 58 fields
2025-09-19 11:29:37,633 - INFO - Enhanced technical analysis completed for BAJAJ-AUTO: 52 fields
2025-09-19 11:29:37,650 - INFO - Enhanced technical analysis completed for BAJFINANCE: 52 fields
2025-09-19 11:29:37,718 - INFO - Completed analysis for BAJAJ-AUTO: Score=39.7, Recommendation=SELL
2025-09-19 11:29:37,760 - INFO - Completed analysis for BAJFINANCE: Score=50.1, Recommendation=HOLD
2025-09-19 11:29:44,153 - INFO - Comprehensive data extracted for BAJAJFINSV
2025-09-19 11:29:44,167 - INFO - Comprehensive data extracted for BAJAJHFL
2025-09-19 11:29:44,173 - INFO - Fundamental analysis completed for BAJAJFINSV: 58 fields
2025-09-19 11:29:44,173 - INFO - Fundamental analysis completed for BAJAJHFL: 58 fields
2025-09-19 11:29:44,238 - INFO - Comprehensive data extracted for BAJAJHLDNG
2025-09-19 11:29:44,245 - INFO - Fundamental analysis completed for BAJAJHLDNG: 58 fields
2025-09-19 11:29:44,633 - INFO - Enhanced technical analysis completed for BAJAJFINSV: 52 fields
2025-09-19 11:29:44,720 - INFO - Enhanced technical analysis completed for BAJAJHLDNG: 52 fields
2025-09-19 11:29:44,724 - INFO - Enhanced technical analysis completed for BAJAJHFL: 52 fields
2025-09-19 11:29:44,840 - INFO - Completed analysis for BAJAJFINSV: Score=42.9, Recommendation=WEAK SELL
2025-09-19 11:29:44,847 - INFO - Completed analysis for BAJAJHLDNG: Score=73.4, Recommendation=STRONG BUY (UNDERVALUED)
2025-09-19 11:29:44,857 - INFO - Completed analysis for BAJAJHFL: Score=36.9, Recommendation=SELL
2025-09-19 11:29:46,413 - INFO - Comprehensive data extracted for BANKBARODA
2025-09-19 11:29:46,418 - INFO - Fundamental analysis completed for BANKBARODA: 58 fields
2025-09-19 11:29:46,442 - INFO - Comprehensive data extracted for BANDHANBNK
2025-09-19 11:29:46,445 - INFO - Fundamental analysis completed for BANDHANBNK: 58 fields
2025-09-19 11:29:46,777 - INFO - Enhanced technical analysis completed for BANDHANBNK: 52 fields
2025-09-19 11:29:46,836 - INFO - Enhanced technical analysis completed for BANKBARODA: 52 fields
2025-09-19 11:29:46,867 - INFO - Completed analysis for BANDHANBNK: Score=64.7, Recommendation=BUY (VALUE)
2025-09-19 11:29:46,919 - INFO - Completed analysis for BANKBARODA: Score=78.9, Recommendation=STRONG BUY (UNDERVALUED)
2025-09-19 11:29:53,116 - INFO - Comprehensive data extracted for BDL
2025-09-19 11:29:53,118 - INFO - Fundamental analysis completed for BDL: 58 fields
2025-09-19 11:29:53,372 - INFO - Comprehensive data extracted for BANKINDIA
2025-09-19 11:29:53,372 - INFO - Fundamental analysis completed for BANKINDIA: 58 fields
2025-09-19 11:29:53,447 - INFO - Enhanced technical analysis completed for BDL: 52 fields
2025-09-19 11:29:53,509 - INFO - Completed analysis for BDL: Score=60.0, Recommendation=BUY
2025-09-19 11:29:53,720 - INFO - Enhanced technical analysis completed for BANKINDIA: 52 fields
2025-09-19 11:29:53,777 - INFO - Completed analysis for BANKINDIA: Score=77.9, Recommendation=STRONG BUY (UNDERVALUED)
2025-09-19 11:29:54,808 - INFO - Comprehensive data extracted for MAHABANK
2025-09-19 11:29:54,812 - INFO - Fundamental analysis completed for MAHABANK: 58 fields
2025-09-19 11:29:55,158 - INFO - Enhanced technical analysis completed for MAHABANK: 52 fields
2025-09-19 11:29:55,184 - INFO - Comprehensive data extracted for BEL
2025-09-19 11:29:55,184 - INFO - Fundamental analysis completed for BEL: 58 fields
2025-09-19 11:29:55,247 - INFO - Completed analysis for MAHABANK: Score=87.0, Recommendation=STRONG BUY (UNDERVALUED)
2025-09-19 11:29:55,546 - INFO - Enhanced technical analysis completed for BEL: 52 fields
2025-09-19 11:29:55,609 - INFO - Completed analysis for BEL: Score=47.2, Recommendation=WEAK SELL
2025-09-19 11:29:56,128 - INFO - Comprehensive data extracted for BHARATFORG
2025-09-19 11:29:56,142 - INFO - Fundamental analysis completed for BHARATFORG: 58 fields
2025-09-19 11:29:56,585 - INFO - Enhanced technical analysis completed for BHARATFORG: 52 fields
2025-09-19 11:29:56,652 - INFO - Completed analysis for BHARATFORG: Score=28.7, Recommendation=SELL
2025-09-19 11:30:03,002 - INFO - Comprehensive data extracted for BHARTIARTL
2025-09-19 11:30:03,008 - INFO - Fundamental analysis completed for BHARTIARTL: 58 fields
2025-09-19 11:30:03,042 - INFO - Comprehensive data extracted for BPCL
2025-09-19 11:30:03,045 - INFO - Fundamental analysis completed for BPCL: 58 fields
2025-09-19 11:30:03,516 - INFO - Enhanced technical analysis completed for BHARTIARTL: 52 fields
2025-09-19 11:30:03,548 - INFO - Enhanced technical analysis completed for BPCL: 52 fields
2025-09-19 11:30:03,637 - INFO - Completed analysis for BHARTIARTL: Score=59.5, Recommendation=HOLD
2025-09-19 11:30:03,649 - INFO - Completed analysis for BPCL: Score=57.6, Recommendation=HOLD
2025-09-19 11:30:04,145 - INFO - Comprehensive data extracted for BHEL
2025-09-19 11:30:04,169 - INFO - Fundamental analysis completed for BHEL: 58 fields
2025-09-19 11:30:04,527 - INFO - Enhanced technical analysis completed for BHEL: 52 fields
2025-09-19 11:30:04,595 - INFO - Completed analysis for BHEL: Score=34.2, Recommendation=SELL
2025-09-19 11:30:04,677 - INFO - Comprehensive data extracted for BIOCON
2025-09-19 11:30:04,677 - INFO - Fundamental analysis completed for BIOCON: 58 fields
2025-09-19 11:30:05,042 - INFO - Enhanced technical analysis completed for BIOCON: 52 fields
2025-09-19 11:30:05,143 - INFO - Comprehensive data extracted for BHARTIHEXA
2025-09-19 11:30:05,146 - INFO - Completed analysis for BIOCON: Score=33.9, Recommendation=SELL
2025-09-19 11:30:05,147 - INFO - Fundamental analysis completed for BHARTIHEXA: 58 fields
2025-09-19 11:30:05,946 - INFO - Enhanced technical analysis completed for BHARTIHEXA: 52 fields
2025-09-19 11:30:06,008 - INFO - Completed analysis for BHARTIHEXA: Score=39.3, Recommendation=SELL
2025-09-19 11:30:12,108 - INFO - Comprehensive data extracted for BRITANNIA
2025-09-19 11:30:12,108 - INFO - Fundamental analysis completed for BRITANNIA: 58 fields
2025-09-19 11:30:12,518 - INFO - Comprehensive data extracted for BOSCHLTD
2025-09-19 11:30:12,520 - INFO - Fundamental analysis completed for BOSCHLTD: 58 fields
2025-09-19 11:30:12,591 - INFO - Enhanced technical analysis completed for BRITANNIA: 52 fields
2025-09-19 11:30:12,659 - INFO - Completed analysis for BRITANNIA: Score=31.5, Recommendation=SELL
2025-09-19 11:30:13,003 - INFO - Enhanced technical analysis completed for BOSCHLTD: 52 fields
2025-09-19 11:30:13,247 - INFO - Completed analysis for BOSCHLTD: Score=42.9, Recommendation=WEAK SELL
2025-09-19 11:30:13,989 - INFO - Comprehensive data extracted for CGPOWER
2025-09-19 11:30:13,993 - INFO - Fundamental analysis completed for CGPOWER: 58 fields
2025-09-19 11:30:14,034 - INFO - Comprehensive data extracted for CANBK
2025-09-19 11:30:14,036 - INFO - Fundamental analysis completed for CANBK: 58 fields
2025-09-19 11:30:14,477 - INFO - Enhanced technical analysis completed for CANBK: 52 fields
2025-09-19 11:30:14,627 - INFO - Comprehensive data extracted for CHOLAFIN
2025-09-19 11:30:14,651 - INFO - Fundamental analysis completed for CHOLAFIN: 58 fields
2025-09-19 11:30:14,657 - INFO - Enhanced technical analysis completed for CGPOWER: 52 fields
2025-09-19 11:30:14,695 - INFO - Completed analysis for CANBK: Score=84.1, Recommendation=STRONG BUY (UNDERVALUED)
2025-09-19 11:30:14,814 - INFO - Completed analysis for CGPOWER: Score=36.2, Recommendation=SELL
2025-09-19 11:30:15,425 - INFO - Enhanced technical analysis completed for CHOLAFIN: 52 fields
2025-09-19 11:30:15,498 - INFO - Completed analysis for CHOLAFIN: Score=45.4, Recommendation=WEAK SELL
2025-09-19 11:30:22,490 - INFO - Comprehensive data extracted for CIPLA
2025-09-19 11:30:22,491 - INFO - Fundamental analysis completed for CIPLA: 58 fields
2025-09-19 11:30:22,762 - INFO - Comprehensive data extracted for COCHINSHIP
2025-09-19 11:30:22,762 - INFO - Fundamental analysis completed for COCHINSHIP: 58 fields
2025-09-19 11:30:22,852 - INFO - Enhanced technical analysis completed for CIPLA: 52 fields
2025-09-19 11:30:22,921 - INFO - Completed analysis for CIPLA: Score=49.1, Recommendation=WEAK SELL
2025-09-19 11:30:23,101 - INFO - Enhanced technical analysis completed for COCHINSHIP: 52 fields
2025-09-19 11:30:23,179 - INFO - Completed analysis for COCHINSHIP: Score=41.4, Recommendation=WEAK SELL
2025-09-19 11:30:24,320 - INFO - Comprehensive data extracted for COFORGE
2025-09-19 11:30:24,322 - INFO - Fundamental analysis completed for COFORGE: 58 fields
2025-09-19 11:30:24,596 - INFO - Comprehensive data extracted for COALINDIA
2025-09-19 11:30:24,615 - INFO - Fundamental analysis completed for COALINDIA: 58 fields
2025-09-19 11:30:24,753 - INFO - Enhanced technical analysis completed for COFORGE: 52 fields
2025-09-19 11:30:24,839 - INFO - Completed analysis for COFORGE: Score=44.2, Recommendation=WEAK SELL
2025-09-19 11:30:24,965 - INFO - Enhanced technical analysis completed for COALINDIA: 52 fields
2025-09-19 11:30:25,023 - INFO - Completed analysis for COALINDIA: Score=51.9, Recommendation=HOLD
2025-09-19 11:30:26,913 - INFO - Comprehensive data extracted for COLPAL
2025-09-19 11:30:26,915 - INFO - Fundamental analysis completed for COLPAL: 58 fields
2025-09-19 11:30:27,419 - INFO - Enhanced technical analysis completed for COLPAL: 52 fields
2025-09-19 11:30:27,478 - INFO - Completed analysis for COLPAL: Score=27.9, Recommendation=SELL
2025-09-19 11:30:33,672 - INFO - Comprehensive data extracted for DLF
2025-09-19 11:30:33,672 - INFO - Fundamental analysis completed for DLF: 58 fields
2025-09-19 11:30:34,182 - INFO - Enhanced technical analysis completed for DLF: 52 fields
2025-09-19 11:30:34,248 - INFO - Completed analysis for DLF: Score=40.6, Recommendation=WEAK SELL
2025-09-19 11:30:34,694 - INFO - Comprehensive data extracted for CUMMINSIND
2025-09-19 11:30:34,696 - INFO - Fundamental analysis completed for CUMMINSIND: 58 fields
2025-09-19 11:30:34,720 - INFO - Comprehensive data extracted for CONCOR
2025-09-19 11:30:34,721 - INFO - Fundamental analysis completed for CONCOR: 58 fields
2025-09-19 11:30:35,072 - INFO - Enhanced technical analysis completed for CUMMINSIND: 52 fields
2025-09-19 11:30:35,164 - INFO - Completed analysis for CUMMINSIND: Score=53.4, Recommendation=HOLD
2025-09-19 11:30:35,220 - INFO - Enhanced technical analysis completed for CONCOR: 52 fields
2025-09-19 11:30:35,292 - INFO - Completed analysis for CONCOR: Score=34.9, Recommendation=SELL
2025-09-19 11:30:35,759 - INFO - Comprehensive data extracted for DABUR
2025-09-19 11:30:35,761 - INFO - Fundamental analysis completed for DABUR: 58 fields
2025-09-19 11:30:36,130 - INFO - Enhanced technical analysis completed for DABUR: 52 fields
2025-09-19 11:30:36,197 - INFO - Completed analysis for DABUR: Score=33.3, Recommendation=SELL
2025-09-19 11:30:36,355 - INFO - Comprehensive data extracted for DIVISLAB
2025-09-19 11:30:36,356 - INFO - Fundamental analysis completed for DIVISLAB: 58 fields
2025-09-19 11:30:36,817 - INFO - Enhanced technical analysis completed for DIVISLAB: 52 fields
2025-09-19 11:30:36,888 - INFO - Completed analysis for DIVISLAB: Score=58.1, Recommendation=HOLD
2025-09-19 11:30:43,224 - INFO - Comprehensive data extracted for DIXON
2025-09-19 11:30:43,226 - INFO - Fundamental analysis completed for DIXON: 58 fields
2025-09-19 11:30:43,246 - INFO - Comprehensive data extracted for EICHERMOT
2025-09-19 11:30:43,246 - INFO - Fundamental analysis completed for EICHERMOT: 58 fields
2025-09-19 11:30:43,608 - INFO - Enhanced technical analysis completed for DIXON: 52 fields
2025-09-19 11:30:43,712 - INFO - Completed analysis for DIXON: Score=38.2, Recommendation=SELL
2025-09-19 11:30:43,743 - INFO - Enhanced technical analysis completed for EICHERMOT: 52 fields
2025-09-19 11:30:43,813 - INFO - Completed analysis for EICHERMOT: Score=36.8, Recommendation=SELL
2025-09-19 11:30:45,411 - INFO - Comprehensive data extracted for DRREDDY
2025-09-19 11:30:45,412 - INFO - Fundamental analysis completed for DRREDDY: 58 fields
2025-09-19 11:30:45,473 - INFO - Comprehensive data extracted for ESCORTS
2025-09-19 11:30:45,478 - INFO - Fundamental analysis completed for ESCORTS: 58 fields
2025-09-19 11:30:45,862 - INFO - Enhanced technical analysis completed for ESCORTS: 52 fields
2025-09-19 11:30:45,928 - INFO - Enhanced technical analysis completed for DRREDDY: 52 fields
2025-09-19 11:30:45,998 - INFO - Completed analysis for ESCORTS: Score=44.4, Recommendation=WEAK SELL
2025-09-19 11:30:46,038 - INFO - Completed analysis for DRREDDY: Score=69.8, Recommendation=BUY
2025-09-19 11:30:46,210 - INFO - Comprehensive data extracted for ETERNAL
2025-09-19 11:30:46,210 - INFO - Fundamental analysis completed for ETERNAL: 58 fields
2025-09-19 11:30:46,531 - INFO - Enhanced technical analysis completed for ETERNAL: 52 fields
2025-09-19 11:30:46,587 - INFO - Completed analysis for ETERNAL: Score=32.7, Recommendation=SELL
2025-09-19 11:30:52,818 - INFO - Comprehensive data extracted for EXIDEIND
2025-09-19 11:30:52,818 - INFO - Fundamental analysis completed for EXIDEIND: 58 fields
2025-09-19 11:30:53,065 - INFO - Comprehensive data extracted for FEDERALBNK
2025-09-19 11:30:53,065 - INFO - Fundamental analysis completed for FEDERALBNK: 58 fields
2025-09-19 11:30:53,089 - INFO - Comprehensive data extracted for NYKAA
2025-09-19 11:30:53,091 - INFO - Fundamental analysis completed for NYKAA: 58 fields
2025-09-19 11:30:53,184 - INFO - Enhanced technical analysis completed for EXIDEIND: 52 fields
2025-09-19 11:30:53,243 - INFO - Completed analysis for EXIDEIND: Score=42.1, Recommendation=WEAK SELL
2025-09-19 11:30:53,439 - INFO - Enhanced technical analysis completed for FEDERALBNK: 52 fields
2025-09-19 11:30:53,471 - INFO - Enhanced technical analysis completed for NYKAA: 52 fields
2025-09-19 11:30:53,533 - INFO - Completed analysis for NYKAA: Score=37.5, Recommendation=SELL
2025-09-19 11:30:53,569 - INFO - Completed analysis for FEDERALBNK: Score=73.9, Recommendation=STRONG BUY (UNDERVALUED)
2025-09-19 11:30:54,651 - INFO - Comprehensive data extracted for GMRAIRPORT
2025-09-19 11:30:54,652 - INFO - Fundamental analysis completed for GMRAIRPORT: 58 fields
2025-09-19 11:30:54,916 - INFO - Comprehensive data extracted for GAIL
2025-09-19 11:30:54,916 - INFO - Fundamental analysis completed for GAIL: 58 fields
2025-09-19 11:30:54,992 - INFO - Enhanced technical analysis completed for GMRAIRPORT: 52 fields
2025-09-19 11:30:55,051 - INFO - Completed analysis for GMRAIRPORT: Score=49.8, Recommendation=WEAK SELL
2025-09-19 11:30:55,480 - INFO - Enhanced technical analysis completed for GAIL: 52 fields
2025-09-19 11:30:55,553 - INFO - Completed analysis for GAIL: Score=54.8, Recommendation=HOLD
2025-09-19 11:31:01,882 - INFO - Comprehensive data extracted for GODREJCP
2025-09-19 11:31:01,882 - INFO - Fundamental analysis completed for GODREJCP: 58 fields
2025-09-19 11:31:01,948 - INFO - Comprehensive data extracted for GODREJPROP
2025-09-19 11:31:01,948 - INFO - Fundamental analysis completed for GODREJPROP: 58 fields
2025-09-19 11:31:02,104 - INFO - Comprehensive data extracted for GLENMARK
2025-09-19 11:31:02,104 - INFO - Fundamental analysis completed for GLENMARK: 58 fields
2025-09-19 11:31:02,880 - INFO - Enhanced technical analysis completed for GLENMARK: 52 fields
2025-09-19 11:31:02,893 - INFO - Enhanced technical analysis completed for GODREJPROP: 52 fields
2025-09-19 11:31:02,893 - INFO - Enhanced technical analysis completed for GODREJCP: 52 fields
2025-09-19 11:31:03,011 - INFO - Completed analysis for GLENMARK: Score=26.2, Recommendation=SELL
2025-09-19 11:31:03,046 - INFO - Completed analysis for GODREJPROP: Score=29.6, Recommendation=SELL
2025-09-19 11:31:03,052 - INFO - Completed analysis for GODREJCP: Score=29.7, Recommendation=SELL
2025-09-19 11:31:04,194 - INFO - Comprehensive data extracted for HCLTECH
2025-09-19 11:31:04,194 - INFO - Fundamental analysis completed for HCLTECH: 58 fields
2025-09-19 11:31:04,296 - INFO - Comprehensive data extracted for GRASIM
2025-09-19 11:31:04,298 - INFO - Fundamental analysis completed for GRASIM: 58 fields
2025-09-19 11:31:04,538 - INFO - Enhanced technical analysis completed for HCLTECH: 52 fields
2025-09-19 11:31:04,661 - INFO - Completed analysis for HCLTECH: Score=60.2, Recommendation=BUY
2025-09-19 11:31:04,663 - INFO - Enhanced technical analysis completed for GRASIM: 52 fields
2025-09-19 11:31:04,735 - INFO - Completed analysis for GRASIM: Score=45.7, Recommendation=WEAK SELL
2025-09-19 11:31:11,038 - INFO - Comprehensive data extracted for HDFCAMC
2025-09-19 11:31:11,039 - INFO - Fundamental analysis completed for HDFCAMC: 58 fields
2025-09-19 11:31:11,168 - INFO - Comprehensive data extracted for HDFCBANK
2025-09-19 11:31:11,171 - INFO - Fundamental analysis completed for HDFCBANK: 58 fields
2025-09-19 11:31:11,219 - INFO - Comprehensive data extracted for HDFCLIFE
2025-09-19 11:31:11,219 - INFO - Fundamental analysis completed for HDFCLIFE: 58 fields
2025-09-19 11:31:11,433 - INFO - Enhanced technical analysis completed for HDFCAMC: 52 fields
2025-09-19 11:31:11,727 - INFO - Completed analysis for HDFCAMC: Score=46.0, Recommendation=WEAK SELL
2025-09-19 11:31:11,727 - INFO - Enhanced technical analysis completed for HDFCBANK: 52 fields
2025-09-19 11:31:11,727 - INFO - Enhanced technical analysis completed for HDFCLIFE: 52 fields
2025-09-19 11:31:11,885 - INFO - Completed analysis for HDFCLIFE: Score=45.0, Recommendation=WEAK SELL
2025-09-19 11:31:11,893 - INFO - Completed analysis for HDFCBANK: Score=64.2, Recommendation=BUY
2025-09-19 11:31:13,040 - INFO - Comprehensive data extracted for HAVELLS
2025-09-19 11:31:13,040 - INFO - Fundamental analysis completed for HAVELLS: 58 fields
2025-09-19 11:31:13,084 - INFO - Comprehensive data extracted for HEROMOTOCO
2025-09-19 11:31:13,086 - INFO - Fundamental analysis completed for HEROMOTOCO: 58 fields
2025-09-19 11:31:13,457 - INFO - Enhanced technical analysis completed for HAVELLS: 52 fields
2025-09-19 11:31:13,606 - INFO - Completed analysis for HAVELLS: Score=25.5, Recommendation=SELL
2025-09-19 11:31:13,655 - INFO - Enhanced technical analysis completed for HEROMOTOCO: 52 fields
2025-09-19 11:31:13,749 - INFO - Completed analysis for HEROMOTOCO: Score=45.9, Recommendation=WEAK SELL
2025-09-19 11:31:19,995 - INFO - Comprehensive data extracted for HINDALCO
2025-09-19 11:31:19,995 - INFO - Fundamental analysis completed for HINDALCO: 58 fields
2025-09-19 11:31:20,231 - INFO - Comprehensive data extracted for HAL
2025-09-19 11:31:20,231 - INFO - Fundamental analysis completed for HAL: 58 fields
2025-09-19 11:31:20,257 - INFO - Comprehensive data extracted for HINDPETRO
2025-09-19 11:31:20,257 - INFO - Fundamental analysis completed for HINDPETRO: 58 fields
2025-09-19 11:31:20,355 - INFO - Enhanced technical analysis completed for HINDALCO: 52 fields
2025-09-19 11:31:20,412 - INFO - Completed analysis for HINDALCO: Score=71.2, Recommendation=STRONG BUY (UNDERVALUED)
2025-09-19 11:31:20,548 - INFO - Enhanced technical analysis completed for HAL: 52 fields
2025-09-19 11:31:20,604 - INFO - Completed analysis for HAL: Score=49.0, Recommendation=WEAK SELL
2025-09-19 11:31:20,766 - INFO - Enhanced technical analysis completed for HINDPETRO: 52 fields
2025-09-19 11:31:20,818 - INFO - Completed analysis for HINDPETRO: Score=56.0, Recommendation=HOLD
2025-09-19 11:31:21,643 - INFO - Comprehensive data extracted for HINDUNILVR
2025-09-19 11:31:21,643 - INFO - Fundamental analysis completed for HINDUNILVR: 58 fields
2025-09-19 11:31:21,680 - INFO - Comprehensive data extracted for HINDZINC
2025-09-19 11:31:21,680 - INFO - Fundamental analysis completed for HINDZINC: 58 fields
2025-09-19 11:31:21,996 - INFO - Enhanced technical analysis completed for HINDUNILVR: 52 fields
2025-09-19 11:31:22,048 - INFO - Completed analysis for HINDUNILVR: Score=33.5, Recommendation=SELL
2025-09-19 11:31:22,143 - INFO - Enhanced technical analysis completed for HINDZINC: 52 fields
2025-09-19 11:31:22,200 - INFO - Completed analysis for HINDZINC: Score=52.0, Recommendation=HOLD
2025-09-19 11:31:28,580 - INFO - Comprehensive data extracted for ICICIBANK
2025-09-19 11:31:28,580 - INFO - Fundamental analysis completed for ICICIBANK: 58 fields
2025-09-19 11:31:28,707 - INFO - Comprehensive data extracted for HUDCO
2025-09-19 11:31:28,729 - INFO - Comprehensive data extracted for HYUNDAI
2025-09-19 11:31:28,729 - INFO - Fundamental analysis completed for HUDCO: 58 fields
2025-09-19 11:31:28,730 - INFO - Fundamental analysis completed for HYUNDAI: 58 fields
2025-09-19 11:31:28,902 - INFO - Enhanced technical analysis completed for ICICIBANK: 52 fields
2025-09-19 11:31:28,957 - INFO - Completed analysis for ICICIBANK: Score=74.4, Recommendation=STRONG BUY
2025-09-19 11:31:29,053 - INFO - Enhanced technical analysis completed for HYUNDAI: 52 fields
2025-09-19 11:31:29,115 - INFO - Enhanced technical analysis completed for HUDCO: 52 fields
2025-09-19 11:31:29,144 - INFO - Completed analysis for HYUNDAI: Score=30.3, Recommendation=SELL
2025-09-19 11:31:29,181 - INFO - Completed analysis for HUDCO: Score=60.9, Recommendation=BUY
2025-09-19 11:31:30,065 - INFO - Comprehensive data extracted for ICICIGI
2025-09-19 11:31:30,065 - INFO - Fundamental analysis completed for ICICIGI: 58 fields
2025-09-19 11:31:30,317 - INFO - Comprehensive data extracted for ICICIPRULI
2025-09-19 11:31:30,319 - INFO - Fundamental analysis completed for ICICIPRULI: 58 fields
2025-09-19 11:31:30,400 - INFO - Enhanced technical analysis completed for ICICIGI: 52 fields
2025-09-19 11:31:30,450 - INFO - Completed analysis for ICICIGI: Score=59.2, Recommendation=HOLD
2025-09-19 11:31:30,690 - INFO - Enhanced technical analysis completed for ICICIPRULI: 52 fields
2025-09-19 11:31:30,745 - INFO - Completed analysis for ICICIPRULI: Score=45.1, Recommendation=WEAK SELL
2025-09-19 11:31:36,955 - INFO - Comprehensive data extracted for IDFCFIRSTB
2025-09-19 11:31:36,955 - INFO - Fundamental analysis completed for IDFCFIRSTB: 58 fields
2025-09-19 11:31:37,031 - INFO - Comprehensive data extracted for ITC
2025-09-19 11:31:37,033 - INFO - Fundamental analysis completed for ITC: 58 fields
2025-09-19 11:31:37,093 - INFO - Comprehensive data extracted for IRB
2025-09-19 11:31:37,095 - INFO - Fundamental analysis completed for IRB: 58 fields
2025-09-19 11:31:37,409 - INFO - Enhanced technical analysis completed for ITC: 52 fields
2025-09-19 11:31:37,437 - INFO - Enhanced technical analysis completed for IDFCFIRSTB: 52 fields
2025-09-19 11:31:37,501 - INFO - Enhanced technical analysis completed for IRB: 52 fields
2025-09-19 11:31:37,526 - INFO - Completed analysis for ITC: Score=51.6, Recommendation=HOLD
2025-09-19 11:31:37,591 - INFO - Completed analysis for IDFCFIRSTB: Score=47.3, Recommendation=WEAK SELL
2025-09-19 11:31:37,599 - INFO - Completed analysis for IRB: Score=66.5, Recommendation=BUY (VALUE)
2025-09-19 11:31:38,999 - INFO - Comprehensive data extracted for INDHOTEL
2025-09-19 11:31:39,001 - INFO - Fundamental analysis completed for INDHOTEL: 58 fields
2025-09-19 11:31:39,078 - INFO - Comprehensive data extracted for INDIANB
2025-09-19 11:31:39,080 - INFO - Fundamental analysis completed for INDIANB: 58 fields
2025-09-19 11:31:39,370 - INFO - Enhanced technical analysis completed for INDHOTEL: 52 fields
2025-09-19 11:31:39,431 - INFO - Enhanced technical analysis completed for INDIANB: 52 fields
2025-09-19 11:31:39,463 - INFO - Completed analysis for INDHOTEL: Score=48.3, Recommendation=WEAK SELL
2025-09-19 11:31:39,492 - INFO - Completed analysis for INDIANB: Score=83.4, Recommendation=STRONG BUY (UNDERVALUED)
2025-09-19 11:31:45,680 - INFO - Comprehensive data extracted for IRFC
2025-09-19 11:31:45,680 - INFO - Fundamental analysis completed for IRFC: 58 fields
2025-09-19 11:31:45,709 - INFO - Comprehensive data extracted for IOC
2025-09-19 11:31:45,709 - INFO - Fundamental analysis completed for IOC: 58 fields
2025-09-19 11:31:46,010 - INFO - Enhanced technical analysis completed for IRFC: 52 fields
2025-09-19 11:31:46,070 - INFO - Completed analysis for IRFC: Score=62.3, Recommendation=BUY
2025-09-19 11:31:46,152 - INFO - Enhanced technical analysis completed for IOC: 52 fields
2025-09-19 11:31:46,222 - INFO - Completed analysis for IOC: Score=55.5, Recommendation=HOLD
2025-09-19 11:31:46,536 - INFO - Comprehensive data extracted for IRCTC
2025-09-19 11:31:46,536 - INFO - Fundamental analysis completed for IRCTC: 58 fields
2025-09-19 11:31:47,004 - INFO - Enhanced technical analysis completed for IRCTC: 52 fields
2025-09-19 11:31:47,079 - INFO - Completed analysis for IRCTC: Score=35.8, Recommendation=SELL
2025-09-19 11:31:47,702 - INFO - Comprehensive data extracted for IREDA
2025-09-19 11:31:47,704 - INFO - Fundamental analysis completed for IREDA: 58 fields
2025-09-19 11:31:47,778 - INFO - Comprehensive data extracted for IGL
2025-09-19 11:31:47,778 - INFO - Fundamental analysis completed for IGL: 58 fields
2025-09-19 11:31:48,019 - INFO - Enhanced technical analysis completed for IREDA: 52 fields
2025-09-19 11:31:48,100 - INFO - Completed analysis for IREDA: Score=54.2, Recommendation=HOLD
2025-09-19 11:31:48,143 - INFO - Enhanced technical analysis completed for IGL: 52 fields
2025-09-19 11:31:48,208 - INFO - Completed analysis for IGL: Score=58.5, Recommendation=HOLD
2025-09-19 11:31:54,424 - INFO - Comprehensive data extracted for INDUSTOWER
2025-09-19 11:31:54,426 - INFO - Fundamental analysis completed for INDUSTOWER: 58 fields
2025-09-19 11:31:54,764 - INFO - Enhanced technical analysis completed for INDUSTOWER: 52 fields
2025-09-19 11:31:54,828 - INFO - Completed analysis for INDUSTOWER: Score=68.1, Recommendation=BUY (VALUE)
2025-09-19 11:31:55,426 - INFO - Comprehensive data extracted for INDUSINDBK
2025-09-19 11:31:55,430 - INFO - Fundamental analysis completed for INDUSINDBK: 58 fields
2025-09-19 11:31:55,456 - INFO - Comprehensive data extracted for NAUKRI
2025-09-19 11:31:55,465 - INFO - Fundamental analysis completed for NAUKRI: 58 fields
2025-09-19 11:31:55,852 - INFO - Enhanced technical analysis completed for NAUKRI: 52 fields
2025-09-19 11:31:55,883 - INFO - Comprehensive data extracted for INFY
2025-09-19 11:31:55,883 - INFO - Fundamental analysis completed for INFY: 58 fields
2025-09-19 11:31:55,946 - INFO - Enhanced technical analysis completed for INDUSINDBK: 52 fields
2025-09-19 11:31:56,024 - INFO - Completed analysis for NAUKRI: Score=56.2, Recommendation=HOLD
2025-09-19 11:31:56,024 - INFO - Completed analysis for INDUSINDBK: Score=46.6, Recommendation=WEAK SELL
2025-09-19 11:31:56,331 - INFO - Enhanced technical analysis completed for INFY: 52 fields
2025-09-19 11:31:56,394 - INFO - Completed analysis for INFY: Score=64.8, Recommendation=BUY
2025-09-19 11:31:57,457 - INFO - Comprehensive data extracted for INDIGO
2025-09-19 11:31:57,457 - INFO - Fundamental analysis completed for INDIGO: 58 fields
2025-09-19 11:31:57,916 - INFO - Enhanced technical analysis completed for INDIGO: 52 fields
2025-09-19 11:31:57,979 - INFO - Completed analysis for INDIGO: Score=26.2, Recommendation=SELL
2025-09-19 11:32:04,372 - INFO - Comprehensive data extracted for JSWSTEEL
2025-09-19 11:32:04,374 - INFO - Fundamental analysis completed for JSWSTEEL: 58 fields
2025-09-19 11:32:04,621 - INFO - Comprehensive data extracted for JINDALSTEL
2025-09-19 11:32:04,624 - INFO - Fundamental analysis completed for JINDALSTEL: 58 fields
2025-09-19 11:32:04,743 - INFO - Enhanced technical analysis completed for JSWSTEEL: 52 fields
2025-09-19 11:32:04,841 - INFO - Completed analysis for JSWSTEEL: Score=35.8, Recommendation=SELL
2025-09-19 11:32:04,980 - INFO - Enhanced technical analysis completed for JINDALSTEL: 52 fields
2025-09-19 11:32:05,069 - INFO - Completed analysis for JINDALSTEL: Score=29.2, Recommendation=SELL
2025-09-19 11:32:05,396 - INFO - Comprehensive data extracted for JSWENERGY
2025-09-19 11:32:05,396 - INFO - Fundamental analysis completed for JSWENERGY: 58 fields
2025-09-19 11:32:05,786 - INFO - Enhanced technical analysis completed for JSWENERGY: 52 fields
2025-09-19 11:32:05,913 - INFO - Completed analysis for JSWENERGY: Score=46.2, Recommendation=WEAK SELL
2025-09-19 11:32:06,327 - INFO - Comprehensive data extracted for JUBLFOOD
2025-09-19 11:32:06,350 - INFO - Comprehensive data extracted for JIOFIN
2025-09-19 11:32:06,352 - INFO - Fundamental analysis completed for JUBLFOOD: 58 fields
2025-09-19 11:32:06,355 - INFO - Fundamental analysis completed for JIOFIN: 58 fields
2025-09-19 11:32:06,683 - INFO - Enhanced technical analysis completed for JIOFIN: 52 fields
2025-09-19 11:32:06,800 - INFO - Completed analysis for JIOFIN: Score=49.1, Recommendation=WEAK SELL
2025-09-19 11:32:06,800 - INFO - Enhanced technical analysis completed for JUBLFOOD: 52 fields
2025-09-19 11:32:06,873 - INFO - Completed analysis for JUBLFOOD: Score=36.1, Recommendation=SELL
2025-09-19 11:32:13,129 - INFO - Comprehensive data extracted for KPITTECH
2025-09-19 11:32:13,147 - INFO - Comprehensive data extracted for KOTAKBANK
2025-09-19 11:32:13,147 - INFO - Fundamental analysis completed for KPITTECH: 58 fields
2025-09-19 11:32:13,147 - INFO - Fundamental analysis completed for KOTAKBANK: 58 fields
2025-09-19 11:32:13,516 - INFO - Enhanced technical analysis completed for KPITTECH: 52 fields
2025-09-19 11:32:13,562 - INFO - Enhanced technical analysis completed for KOTAKBANK: 52 fields
2025-09-19 11:32:13,610 - INFO - Completed analysis for KPITTECH: Score=38.9, Recommendation=SELL
2025-09-19 11:32:13,648 - INFO - Completed analysis for KOTAKBANK: Score=67.8, Recommendation=BUY
2025-09-19 11:32:13,934 - INFO - Comprehensive data extracted for KALYANKJIL
2025-09-19 11:32:13,936 - INFO - Fundamental analysis completed for KALYANKJIL: 58 fields
2025-09-19 11:32:14,279 - INFO - Enhanced technical analysis completed for KALYANKJIL: 52 fields
2025-09-19 11:32:14,356 - INFO - Completed analysis for KALYANKJIL: Score=41.0, Recommendation=WEAK SELL
2025-09-19 11:32:14,886 - INFO - Comprehensive data extracted for LICHSGFIN
2025-09-19 11:32:14,907 - INFO - Comprehensive data extracted for LTF
2025-09-19 11:32:14,907 - INFO - Fundamental analysis completed for LICHSGFIN: 58 fields
2025-09-19 11:32:14,907 - INFO - Fundamental analysis completed for LTF: 58 fields
2025-09-19 11:32:15,308 - INFO - Enhanced technical analysis completed for LICHSGFIN: 52 fields
2025-09-19 11:32:15,379 - INFO - Enhanced technical analysis completed for LTF: 52 fields
2025-09-19 11:32:15,427 - INFO - Completed analysis for LICHSGFIN: Score=70.1, Recommendation=STRONG BUY (UNDERVALUED)
2025-09-19 11:32:15,458 - INFO - Completed analysis for LTF: Score=57.2, Recommendation=HOLD
2025-09-19 11:32:21,719 - INFO - Comprehensive data extracted for LICI
2025-09-19 11:32:21,719 - INFO - Fundamental analysis completed for LICI: 58 fields
2025-09-19 11:32:21,786 - INFO - Comprehensive data extracted for LTIM
2025-09-19 11:32:21,789 - INFO - Fundamental analysis completed for LTIM: 58 fields
2025-09-19 11:32:22,035 - INFO - Enhanced technical analysis completed for LICI: 52 fields
2025-09-19 11:32:22,172 - INFO - Enhanced technical analysis completed for LTIM: 52 fields
2025-09-19 11:32:22,180 - INFO - Completed analysis for LICI: Score=66.9, Recommendation=BUY (VALUE)
2025-09-19 11:32:22,250 - INFO - Completed analysis for LTIM: Score=58.6, Recommendation=HOLD
2025-09-19 11:32:22,669 - INFO - Comprehensive data extracted for LT
2025-09-19 11:32:22,671 - INFO - Fundamental analysis completed for LT: 58 fields
2025-09-19 11:32:23,170 - INFO - Enhanced technical analysis completed for LT: 52 fields
2025-09-19 11:32:23,229 - INFO - Completed analysis for LT: Score=44.7, Recommendation=WEAK SELL
2025-09-19 11:32:23,856 - INFO - Comprehensive data extracted for LUPIN
2025-09-19 11:32:23,860 - INFO - Fundamental analysis completed for LUPIN: 58 fields
2025-09-19 11:32:24,389 - INFO - Enhanced technical analysis completed for LUPIN: 52 fields
2025-09-19 11:32:24,483 - INFO - Completed analysis for LUPIN: Score=48.7, Recommendation=WEAK SELL
2025-09-19 11:32:24,688 - INFO - Comprehensive data extracted for LODHA
2025-09-19 11:32:24,688 - INFO - Fundamental analysis completed for LODHA: 58 fields
2025-09-19 11:32:25,018 - INFO - Enhanced technical analysis completed for LODHA: 52 fields
2025-09-19 11:32:25,090 - INFO - Completed analysis for LODHA: Score=55.4, Recommendation=HOLD
2025-09-19 11:32:31,382 - INFO - Comprehensive data extracted for MRF
2025-09-19 11:32:31,387 - INFO - Fundamental analysis completed for MRF: 58 fields
2025-09-19 11:32:31,873 - INFO - Enhanced technical analysis completed for MRF: 52 fields
2025-09-19 11:32:31,923 - INFO - Comprehensive data extracted for M&M
2025-09-19 11:32:31,947 - INFO - Fundamental analysis completed for M&M: 58 fields
2025-09-19 11:32:31,968 - INFO - Completed analysis for MRF: Score=35.4, Recommendation=SELL
2025-09-19 11:32:32,439 - INFO - Enhanced technical analysis completed for M&M: 52 fields
2025-09-19 11:32:32,503 - INFO - Completed analysis for M&M: Score=43.5, Recommendation=WEAK SELL
2025-09-19 11:32:33,715 - INFO - Comprehensive data extracted for MANKIND
2025-09-19 11:32:33,718 - INFO - Fundamental analysis completed for MANKIND: 58 fields
2025-09-19 11:32:33,816 - INFO - Comprehensive data extracted for M&MFIN
2025-09-19 11:32:33,816 - INFO - Fundamental analysis completed for M&MFIN: 58 fields
2025-09-19 11:32:33,893 - INFO - Comprehensive data extracted for MARICO
2025-09-19 11:32:33,897 - INFO - Fundamental analysis completed for MARICO: 58 fields
2025-09-19 11:32:34,094 - INFO - Enhanced technical analysis completed for MANKIND: 52 fields
2025-09-19 11:32:34,177 - INFO - Completed analysis for MANKIND: Score=35.3, Recommendation=SELL
2025-09-19 11:32:34,224 - INFO - Enhanced technical analysis completed for M&MFIN: 52 fields
2025-09-19 11:32:34,313 - INFO - Enhanced technical analysis completed for MARICO: 52 fields
2025-09-19 11:32:34,328 - INFO - Completed analysis for M&MFIN: Score=65.3, Recommendation=BUY
2025-09-19 11:32:34,388 - INFO - Completed analysis for MARICO: Score=33.9, Recommendation=SELL
2025-09-19 11:32:40,829 - INFO - Comprehensive data extracted for MFSL
2025-09-19 11:32:40,830 - INFO - Fundamental analysis completed for MFSL: 58 fields
2025-09-19 11:32:40,946 - INFO - Comprehensive data extracted for MARUTI
2025-09-19 11:32:40,946 - INFO - Fundamental analysis completed for MARUTI: 58 fields
2025-09-19 11:32:41,032 - INFO - Comprehensive data extracted for MAXHEALTH
2025-09-19 11:32:41,032 - INFO - Fundamental analysis completed for MAXHEALTH: 58 fields
2025-09-19 11:32:41,179 - INFO - Enhanced technical analysis completed for MFSL: 52 fields
2025-09-19 11:32:41,235 - INFO - Completed analysis for MFSL: Score=23.1, Recommendation=SELL
2025-09-19 11:32:41,296 - INFO - Enhanced technical analysis completed for MARUTI: 52 fields
2025-09-19 11:32:41,377 - INFO - Enhanced technical analysis completed for MAXHEALTH: 52 fields
2025-09-19 11:32:41,386 - INFO - Completed analysis for MARUTI: Score=49.3, Recommendation=WEAK SELL
2025-09-19 11:32:41,445 - INFO - Completed analysis for MAXHEALTH: Score=42.5, Recommendation=WEAK SELL
2025-09-19 11:32:42,389 - INFO - Comprehensive data extracted for MAZDOCK
2025-09-19 11:32:42,391 - INFO - Fundamental analysis completed for MAZDOCK: 58 fields
2025-09-19 11:32:42,795 - INFO - Enhanced technical analysis completed for MAZDOCK: 52 fields
2025-09-19 11:32:42,864 - INFO - Completed analysis for MAZDOCK: Score=48.7, Recommendation=WEAK SELL
2025-09-19 11:32:43,180 - INFO - Comprehensive data extracted for MOTILALOFS
2025-09-19 11:32:43,180 - INFO - Fundamental analysis completed for MOTILALOFS: 58 fields
2025-09-19 11:32:43,588 - INFO - Enhanced technical analysis completed for MOTILALOFS: 52 fields
2025-09-19 11:32:43,663 - INFO - Completed analysis for MOTILALOFS: Score=56.9, Recommendation=HOLD
2025-09-19 11:32:50,000 - INFO - Comprehensive data extracted for MPHASIS
2025-09-19 11:32:50,001 - INFO - Fundamental analysis completed for MPHASIS: 58 fields
2025-09-19 11:32:50,088 - INFO - Comprehensive data extracted for MUTHOOTFIN
2025-09-19 11:32:50,089 - INFO - Fundamental analysis completed for MUTHOOTFIN: 58 fields
2025-09-19 11:32:50,395 - INFO - Enhanced technical analysis completed for MPHASIS: 52 fields
2025-09-19 11:32:50,451 - INFO - Enhanced technical analysis completed for MUTHOOTFIN: 52 fields
2025-09-19 11:32:50,506 - INFO - Completed analysis for MUTHOOTFIN: Score=72.8, Recommendation=STRONG BUY
2025-09-19 11:32:50,534 - INFO - Completed analysis for MPHASIS: Score=52.6, Recommendation=HOLD
2025-09-19 11:32:50,752 - INFO - Comprehensive data extracted for NHPC
2025-09-19 11:32:50,752 - INFO - Fundamental analysis completed for NHPC: 58 fields
2025-09-19 11:32:51,219 - INFO - Enhanced technical analysis completed for NHPC: 52 fields
2025-09-19 11:32:51,289 - INFO - Completed analysis for NHPC: Score=46.2, Recommendation=WEAK SELL
2025-09-19 11:32:51,722 - INFO - Comprehensive data extracted for NMDC
2025-09-19 11:32:51,722 - INFO - Fundamental analysis completed for NMDC: 58 fields
2025-09-19 11:32:52,049 - INFO - Comprehensive data extracted for NTPCGREEN
2025-09-19 11:32:52,094 - INFO - Fundamental analysis completed for NTPCGREEN: 58 fields
2025-09-19 11:32:52,100 - INFO - Enhanced technical analysis completed for NMDC: 52 fields
2025-09-19 11:32:52,211 - INFO - Completed analysis for NMDC: Score=73.5, Recommendation=STRONG BUY (UNDERVALUED)
2025-09-19 11:32:52,425 - INFO - Enhanced technical analysis completed for NTPCGREEN: 52 fields
2025-09-19 11:32:52,482 - INFO - Completed analysis for NTPCGREEN: Score=36.9, Recommendation=SELL
2025-09-19 11:32:58,779 - INFO - Comprehensive data extracted for NATIONALUM
2025-09-19 11:32:58,781 - INFO - Fundamental analysis completed for NATIONALUM: 58 fields
2025-09-19 11:32:58,894 - INFO - Comprehensive data extracted for NTPC
2025-09-19 11:32:58,894 - INFO - Fundamental analysis completed for NTPC: 58 fields
2025-09-19 11:32:59,026 - INFO - Comprehensive data extracted for NESTLEIND
2025-09-19 11:32:59,030 - INFO - Fundamental analysis completed for NESTLEIND: 58 fields
2025-09-19 11:32:59,309 - INFO - Enhanced technical analysis completed for NTPC: 52 fields
2025-09-19 11:32:59,339 - INFO - Enhanced technical analysis completed for NATIONALUM: 52 fields
2025-09-19 11:32:59,411 - INFO - Enhanced technical analysis completed for NESTLEIND: 52 fields
2025-09-19 11:32:59,469 - INFO - Completed analysis for NATIONALUM: Score=65.5, Recommendation=BUY (VALUE)
2025-09-19 11:32:59,469 - INFO - Completed analysis for NTPC: Score=54.9, Recommendation=HOLD
2025-09-19 11:32:59,518 - INFO - Completed analysis for NESTLEIND: Score=29.1, Recommendation=SELL
2025-09-19 11:33:00,584 - INFO - Comprehensive data extracted for OBEROIRLTY
2025-09-19 11:33:00,587 - INFO - Fundamental analysis completed for OBEROIRLTY: 58 fields
2025-09-19 11:33:00,765 - INFO - Comprehensive data extracted for ONGC
2025-09-19 11:33:00,796 - INFO - Fundamental analysis completed for ONGC: 58 fields
2025-09-19 11:33:01,074 - INFO - Enhanced technical analysis completed for OBEROIRLTY: 52 fields
2025-09-19 11:33:01,159 - INFO - Completed analysis for OBEROIRLTY: Score=33.6, Recommendation=SELL
2025-09-19 11:33:01,199 - INFO - Enhanced technical analysis completed for ONGC: 52 fields
2025-09-19 11:33:01,260 - INFO - Completed analysis for ONGC: Score=55.7, Recommendation=HOLD
2025-09-19 11:33:07,471 - INFO - Comprehensive data extracted for OLAELEC
2025-09-19 11:33:07,473 - INFO - Fundamental analysis completed for OLAELEC: 58 fields
2025-09-19 11:33:07,619 - INFO - Comprehensive data extracted for OIL
2025-09-19 11:33:07,619 - INFO - Fundamental analysis completed for OIL: 58 fields
2025-09-19 11:33:07,728 - INFO - Comprehensive data extracted for PAYTM
2025-09-19 11:33:07,728 - INFO - Fundamental analysis completed for PAYTM: 58 fields
2025-09-19 11:33:07,797 - INFO - Enhanced technical analysis completed for OLAELEC: 52 fields
2025-09-19 11:33:07,879 - INFO - Completed analysis for OLAELEC: Score=24.6, Recommendation=SELL
2025-09-19 11:33:08,050 - INFO - Enhanced technical analysis completed for PAYTM: 52 fields
2025-09-19 11:33:08,145 - INFO - Enhanced technical analysis completed for OIL: 52 fields
2025-09-19 11:33:08,151 - INFO - Completed analysis for PAYTM: Score=26.6, Recommendation=SELL
2025-09-19 11:33:08,197 - INFO - Completed analysis for OIL: Score=58.0, Recommendation=HOLD
2025-09-19 11:33:09,368 - INFO - Comprehensive data extracted for OFSS
2025-09-19 11:33:09,368 - INFO - Fundamental analysis completed for OFSS: 58 fields
2025-09-19 11:33:09,751 - INFO - Comprehensive data extracted for POLICYBZR
2025-09-19 11:33:09,751 - INFO - Fundamental analysis completed for POLICYBZR: 58 fields
2025-09-19 11:33:09,878 - INFO - Enhanced technical analysis completed for OFSS: 52 fields
2025-09-19 11:33:09,948 - INFO - Completed analysis for OFSS: Score=67.8, Recommendation=BUY
2025-09-19 11:33:10,102 - INFO - Enhanced technical analysis completed for POLICYBZR: 52 fields
2025-09-19 11:33:10,157 - INFO - Completed analysis for POLICYBZR: Score=30.2, Recommendation=SELL
2025-09-19 11:33:16,544 - INFO - Comprehensive data extracted for PATANJALI
2025-09-19 11:33:16,569 - INFO - Comprehensive data extracted for PAGEIND
2025-09-19 11:33:16,569 - INFO - Fundamental analysis completed for PATANJALI: 58 fields
2025-09-19 11:33:16,593 - INFO - Fundamental analysis completed for PAGEIND: 58 fields
2025-09-19 11:33:16,598 - INFO - Comprehensive data extracted for PIIND
2025-09-19 11:33:16,602 - INFO - Fundamental analysis completed for PIIND: 58 fields
2025-09-19 11:33:17,046 - INFO - Enhanced technical analysis completed for PAGEIND: 52 fields
2025-09-19 11:33:17,081 - INFO - Enhanced technical analysis completed for PATANJALI: 52 fields
2025-09-19 11:33:17,081 - INFO - Enhanced technical analysis completed for PIIND: 52 fields
2025-09-19 11:33:17,193 - INFO - Completed analysis for PAGEIND: Score=40.4, Recommendation=WEAK SELL
2025-09-19 11:33:17,201 - INFO - Completed analysis for PATANJALI: Score=35.7, Recommendation=SELL
2025-09-19 11:33:17,211 - INFO - Completed analysis for PIIND: Score=29.1, Recommendation=SELL
2025-09-19 11:33:18,665 - INFO - Comprehensive data extracted for PETRONET
2025-09-19 11:33:18,665 - INFO - Fundamental analysis completed for PETRONET: 58 fields
2025-09-19 11:33:18,908 - INFO - Comprehensive data extracted for PERSISTENT
2025-09-19 11:33:18,912 - INFO - Fundamental analysis completed for PERSISTENT: 58 fields
2025-09-19 11:33:19,014 - INFO - Enhanced technical analysis completed for PETRONET: 52 fields
2025-09-19 11:33:19,069 - INFO - Completed analysis for PETRONET: Score=48.7, Recommendation=WEAK SELL
2025-09-19 11:33:19,382 - INFO - Enhanced technical analysis completed for PERSISTENT: 52 fields
2025-09-19 11:33:19,445 - INFO - Completed analysis for PERSISTENT: Score=66.8, Recommendation=BUY
2025-09-19 11:33:25,722 - INFO - Comprehensive data extracted for PIDILITIND
2025-09-19 11:33:25,722 - INFO - Fundamental analysis completed for PIDILITIND: 58 fields
2025-09-19 11:33:25,805 - INFO - Comprehensive data extracted for PHOENIXLTD
2025-09-19 11:33:25,805 - INFO - Fundamental analysis completed for PHOENIXLTD: 58 fields
2025-09-19 11:33:25,924 - INFO - Comprehensive data extracted for POLYCAB
2025-09-19 11:33:25,926 - INFO - Fundamental analysis completed for POLYCAB: 58 fields
2025-09-19 11:33:26,114 - INFO - Enhanced technical analysis completed for PIDILITIND: 52 fields
2025-09-19 11:33:26,168 - INFO - Enhanced technical analysis completed for PHOENIXLTD: 52 fields
2025-09-19 11:33:26,290 - INFO - Completed analysis for PIDILITIND: Score=36.8, Recommendation=SELL
2025-09-19 11:33:26,295 - INFO - Enhanced technical analysis completed for POLYCAB: 52 fields
2025-09-19 11:33:26,308 - INFO - Completed analysis for PHOENIXLTD: Score=36.1, Recommendation=SELL
2025-09-19 11:33:26,366 - INFO - Completed analysis for POLYCAB: Score=62.3, Recommendation=BUY
2025-09-19 11:33:27,597 - INFO - Comprehensive data extracted for PFC
2025-09-19 11:33:27,599 - INFO - Fundamental analysis completed for PFC: 58 fields
2025-09-19 11:33:27,924 - INFO - Comprehensive data extracted for POWERGRID
2025-09-19 11:33:27,962 - INFO - Fundamental analysis completed for POWERGRID: 58 fields
2025-09-19 11:33:27,966 - INFO - Enhanced technical analysis completed for PFC: 52 fields
2025-09-19 11:33:28,030 - INFO - Completed analysis for PFC: Score=74.3, Recommendation=STRONG BUY (UNDERVALUED)
2025-09-19 11:33:28,455 - INFO - Enhanced technical analysis completed for POWERGRID: 52 fields
2025-09-19 11:33:28,521 - INFO - Completed analysis for POWERGRID: Score=46.0, Recommendation=WEAK SELL
2025-09-19 11:33:34,875 - INFO - Comprehensive data extracted for PNB
2025-09-19 11:33:34,875 - INFO - Fundamental analysis completed for PNB: 58 fields
2025-09-19 11:33:35,376 - INFO - Enhanced technical analysis completed for PNB: 52 fields
2025-09-19 11:33:35,446 - INFO - Completed analysis for PNB: Score=85.7, Recommendation=STRONG BUY (UNDERVALUED)
2025-09-19 11:33:36,239 - INFO - Comprehensive data extracted for PRESTIGE
2025-09-19 11:33:36,239 - INFO - Fundamental analysis completed for PRESTIGE: 58 fields
2025-09-19 11:33:36,297 - INFO - Comprehensive data extracted for PREMIERENE
2025-09-19 11:33:36,299 - INFO - Fundamental analysis completed for PREMIERENE: 58 fields
2025-09-19 11:33:36,855 - INFO - Enhanced technical analysis completed for PRESTIGE: 52 fields
2025-09-19 11:33:36,943 - INFO - Enhanced technical analysis completed for PREMIERENE: 52 fields
2025-09-19 11:33:36,979 - INFO - Completed analysis for PRESTIGE: Score=43.1, Recommendation=WEAK SELL
2025-09-19 11:33:37,052 - INFO - Completed analysis for PREMIERENE: Score=43.2, Recommendation=WEAK SELL
2025-09-19 11:33:37,278 - INFO - Comprehensive data extracted for RECLTD
2025-09-19 11:33:37,280 - INFO - Fundamental analysis completed for RECLTD: 58 fields
2025-09-19 11:33:37,641 - INFO - Enhanced technical analysis completed for RECLTD: 52 fields
2025-09-19 11:33:37,709 - INFO - Completed analysis for RECLTD: Score=76.6, Recommendation=STRONG BUY (UNDERVALUED)
2025-09-19 11:33:38,385 - INFO - Comprehensive data extracted for RVNL
2025-09-19 11:33:38,393 - INFO - Fundamental analysis completed for RVNL: 58 fields
2025-09-19 11:33:38,782 - INFO - Enhanced technical analysis completed for RVNL: 52 fields
2025-09-19 11:33:38,852 - INFO - Completed analysis for RVNL: Score=32.7, Recommendation=SELL
2025-09-19 11:33:45,200 - INFO - Comprehensive data extracted for RELIANCE
2025-09-19 11:33:45,202 - INFO - Fundamental analysis completed for RELIANCE: 58 fields
2025-09-19 11:33:45,293 - INFO - Comprehensive data extracted for SBILIFE
2025-09-19 11:33:45,298 - INFO - Fundamental analysis completed for SBILIFE: 58 fields
2025-09-19 11:33:45,318 - INFO - Comprehensive data extracted for SBICARD
2025-09-19 11:33:45,322 - INFO - Fundamental analysis completed for SBICARD: 58 fields
2025-09-19 11:33:45,570 - INFO - Enhanced technical analysis completed for RELIANCE: 52 fields
2025-09-19 11:33:45,697 - INFO - Enhanced technical analysis completed for SBICARD: 52 fields
2025-09-19 11:33:45,699 - INFO - Enhanced technical analysis completed for SBILIFE: 52 fields
2025-09-19 11:33:45,741 - INFO - Completed analysis for RELIANCE: Score=48.4, Recommendation=WEAK SELL
2025-09-19 11:33:45,829 - INFO - Completed analysis for SBICARD: Score=30.4, Recommendation=SELL
2025-09-19 11:33:45,836 - INFO - Completed analysis for SBILIFE: Score=60.0, Recommendation=HOLD
2025-09-19 11:33:46,957 - INFO - Comprehensive data extracted for SJVN
2025-09-19 11:33:46,960 - INFO - Fundamental analysis completed for SJVN: 58 fields
2025-09-19 11:33:47,309 - INFO - Enhanced technical analysis completed for SJVN: 52 fields
2025-09-19 11:33:47,409 - INFO - Comprehensive data extracted for SRF
2025-09-19 11:33:47,409 - INFO - Completed analysis for SJVN: Score=40.7, Recommendation=WEAK SELL
2025-09-19 11:33:47,409 - INFO - Fundamental analysis completed for SRF: 58 fields
2025-09-19 11:33:47,802 - INFO - Enhanced technical analysis completed for SRF: 52 fields
2025-09-19 11:33:47,876 - INFO - Completed analysis for SRF: Score=39.6, Recommendation=SELL
2025-09-19 11:33:54,388 - INFO - Comprehensive data extracted for MOTHERSON
2025-09-19 11:33:54,390 - INFO - Fundamental analysis completed for MOTHERSON: 58 fields
2025-09-19 11:33:54,730 - INFO - Enhanced technical analysis completed for MOTHERSON: 52 fields
2025-09-19 11:33:54,788 - INFO - Completed analysis for MOTHERSON: Score=31.1, Recommendation=SELL
2025-09-19 11:33:55,115 - INFO - Comprehensive data extracted for SHREECEM
2025-09-19 11:33:55,115 - INFO - Fundamental analysis completed for SHREECEM: 58 fields
2025-09-19 11:33:55,466 - INFO - Enhanced technical analysis completed for SHREECEM: 52 fields
2025-09-19 11:33:55,522 - INFO - Completed analysis for SHREECEM: Score=35.6, Recommendation=SELL
2025-09-19 11:33:55,918 - INFO - Comprehensive data extracted for SHRIRAMFIN
2025-09-19 11:33:55,920 - INFO - Fundamental analysis completed for SHRIRAMFIN: 58 fields
2025-09-19 11:33:55,939 - INFO - Comprehensive data extracted for SIEMENS
2025-09-19 11:33:55,941 - INFO - Fundamental analysis completed for SIEMENS: 58 fields
2025-09-19 11:33:56,308 - INFO - Enhanced technical analysis completed for SIEMENS: 52 fields
2025-09-19 11:33:56,333 - INFO - Enhanced technical analysis completed for SHRIRAMFIN: 52 fields
2025-09-19 11:33:56,412 - INFO - Completed analysis for SHRIRAMFIN: Score=67.3, Recommendation=BUY (VALUE)
2025-09-19 11:33:56,418 - INFO - Completed analysis for SIEMENS: Score=33.0, Recommendation=SELL
2025-09-19 11:33:56,820 - INFO - Comprehensive data extracted for SOLARINDS
2025-09-19 11:33:56,821 - INFO - Fundamental analysis completed for SOLARINDS: 58 fields
2025-09-19 11:33:57,168 - INFO - Enhanced technical analysis completed for SOLARINDS: 52 fields
2025-09-19 11:33:57,234 - INFO - Completed analysis for SOLARINDS: Score=45.7, Recommendation=WEAK SELL
2025-09-19 11:34:04,496 - INFO - Comprehensive data extracted for SAIL
2025-09-19 11:34:04,498 - INFO - Fundamental analysis completed for SAIL: 58 fields
2025-09-19 11:34:04,556 - INFO - Comprehensive data extracted for SBIN
2025-09-19 11:34:04,567 - INFO - Fundamental analysis completed for SBIN: 58 fields
2025-09-19 11:34:04,962 - INFO - Enhanced technical analysis completed for SAIL: 52 fields
2025-09-19 11:34:04,965 - INFO - Enhanced technical analysis completed for SBIN: 52 fields
2025-09-19 11:34:05,036 - INFO - Completed analysis for SAIL: Score=61.4, Recommendation=BUY (VALUE)
2025-09-19 11:34:05,065 - INFO - Completed analysis for SBIN: Score=86.7, Recommendation=STRONG BUY (UNDERVALUED)
2025-09-19 11:34:05,256 - INFO - Comprehensive data extracted for SONACOMS
2025-09-19 11:34:05,258 - INFO - Fundamental analysis completed for SONACOMS: 58 fields
2025-09-19 11:34:05,618 - INFO - Enhanced technical analysis completed for SONACOMS: 52 fields
2025-09-19 11:34:05,723 - INFO - Completed analysis for SONACOMS: Score=29.7, Recommendation=SELL
2025-09-19 11:34:06,608 - INFO - Comprehensive data extracted for SUPREMEIND
2025-09-19 11:34:06,614 - INFO - Fundamental analysis completed for SUPREMEIND: 58 fields
2025-09-19 11:34:06,730 - INFO - Comprehensive data extracted for SUNPHARMA
2025-09-19 11:34:06,730 - INFO - Fundamental analysis completed for SUNPHARMA: 58 fields
2025-09-19 11:34:07,163 - INFO - Enhanced technical analysis completed for SUPREMEIND: 52 fields
2025-09-19 11:34:07,203 - INFO - Enhanced technical analysis completed for SUNPHARMA: 52 fields
2025-09-19 11:34:07,284 - INFO - Completed analysis for SUPREMEIND: Score=24.9, Recommendation=SELL
2025-09-19 11:34:07,302 - INFO - Completed analysis for SUNPHARMA: Score=32.9, Recommendation=SELL
2025-09-19 11:34:13,701 - INFO - Comprehensive data extracted for TVSMOTOR
2025-09-19 11:34:13,701 - INFO - Fundamental analysis completed for TVSMOTOR: 58 fields
2025-09-19 11:34:13,807 - INFO - Comprehensive data extracted for SUZLON
2025-09-19 11:34:13,809 - INFO - Fundamental analysis completed for SUZLON: 58 fields
2025-09-19 11:34:14,046 - INFO - Enhanced technical analysis completed for TVSMOTOR: 52 fields
2025-09-19 11:34:14,174 - INFO - Enhanced technical analysis completed for SUZLON: 52 fields
2025-09-19 11:34:14,175 - INFO - Completed analysis for TVSMOTOR: Score=39.3, Recommendation=SELL
2025-09-19 11:34:14,232 - INFO - Completed analysis for SUZLON: Score=39.3, Recommendation=SELL
2025-09-19 11:34:15,401 - INFO - Comprehensive data extracted for TCS
2025-09-19 11:34:15,409 - INFO - Fundamental analysis completed for TCS: 58 fields
2025-09-19 11:34:15,669 - INFO - Comprehensive data extracted for TATACOMM
2025-09-19 11:34:15,672 - INFO - Fundamental analysis completed for TATACOMM: 58 fields
2025-09-19 11:34:15,922 - INFO - Enhanced technical analysis completed for TCS: 52 fields
2025-09-19 11:34:15,980 - INFO - Completed analysis for TCS: Score=66.0, Recommendation=BUY
2025-09-19 11:34:16,050 - INFO - Enhanced technical analysis completed for TATACOMM: 52 fields
2025-09-19 11:34:16,113 - INFO - Completed analysis for TATACOMM: Score=27.3, Recommendation=SELL
2025-09-19 11:34:17,175 - INFO - Comprehensive data extracted for SWIGGY
2025-09-19 11:34:17,175 - INFO - Fundamental analysis completed for SWIGGY: 58 fields
2025-09-19 11:34:17,515 - INFO - Enhanced technical analysis completed for SWIGGY: 52 fields
2025-09-19 11:34:17,574 - INFO - Completed analysis for SWIGGY: Score=38.5, Recommendation=SELL
2025-09-19 11:34:24,117 - INFO - Comprehensive data extracted for TATAMOTORS
2025-09-19 11:34:24,135 - INFO - Fundamental analysis completed for TATAMOTORS: 58 fields
2025-09-19 11:34:24,156 - INFO - Comprehensive data extracted for TATACONSUM
2025-09-19 11:34:24,160 - INFO - Fundamental analysis completed for TATACONSUM: 58 fields
2025-09-19 11:34:24,532 - INFO - Enhanced technical analysis completed for TATACONSUM: 52 fields
2025-09-19 11:34:24,565 - INFO - Enhanced technical analysis completed for TATAMOTORS: 52 fields
2025-09-19 11:34:24,627 - INFO - Completed analysis for TATACONSUM: Score=39.0, Recommendation=SELL
2025-09-19 11:34:24,651 - INFO - Completed analysis for TATAMOTORS: Score=45.1, Recommendation=WEAK SELL
2025-09-19 11:34:26,114 - INFO - Comprehensive data extracted for TATASTEEL
2025-09-19 11:34:26,114 - INFO - Fundamental analysis completed for TATASTEEL: 58 fields
2025-09-19 11:34:26,197 - INFO - Comprehensive data extracted for TATAELXSI
2025-09-19 11:34:26,197 - INFO - Fundamental analysis completed for TATAELXSI: 58 fields
2025-09-19 11:34:26,584 - INFO - Enhanced technical analysis completed for TATAELXSI: 52 fields
2025-09-19 11:34:26,689 - INFO - Completed analysis for TATAELXSI: Score=27.5, Recommendation=SELL
2025-09-19 11:34:26,793 - INFO - Enhanced technical analysis completed for TATASTEEL: 52 fields
2025-09-19 11:34:26,887 - INFO - Comprehensive data extracted for TATAPOWER
2025-09-19 11:34:26,887 - INFO - Completed analysis for TATASTEEL: Score=33.2, Recommendation=SELL
2025-09-19 11:34:26,887 - INFO - Fundamental analysis completed for TATAPOWER: 58 fields
2025-09-19 11:34:27,345 - INFO - Enhanced technical analysis completed for TATAPOWER: 52 fields
2025-09-19 11:34:27,398 - INFO - Completed analysis for TATAPOWER: Score=36.1, Recommendation=SELL
2025-09-19 11:34:33,587 - INFO - Comprehensive data extracted for TECHM
2025-09-19 11:34:33,597 - INFO - Fundamental analysis completed for TECHM: 58 fields
2025-09-19 11:34:33,907 - INFO - Comprehensive data extracted for TITAN
2025-09-19 11:34:33,924 - INFO - Fundamental analysis completed for TITAN: 58 fields
2025-09-19 11:34:34,171 - INFO - Enhanced technical analysis completed for TECHM: 52 fields
2025-09-19 11:34:34,545 - INFO - Completed analysis for TECHM: Score=39.5, Recommendation=SELL
2025-09-19 11:34:34,587 - INFO - Enhanced technical analysis completed for TITAN: 52 fields
2025-09-19 11:34:34,640 - INFO - Completed analysis for TITAN: Score=37.3, Recommendation=SELL
2025-09-19 11:34:35,067 - INFO - Comprehensive data extracted for TATATECH
2025-09-19 11:34:35,078 - INFO - Fundamental analysis completed for TATATECH: 58 fields
2025-09-19 11:34:35,627 - INFO - Comprehensive data extracted for TORNTPHARM
2025-09-19 11:34:35,631 - INFO - Fundamental analysis completed for TORNTPHARM: 58 fields
2025-09-19 11:34:35,996 - INFO - Enhanced technical analysis completed for TATATECH: 52 fields
2025-09-19 11:34:36,055 - INFO - Completed analysis for TATATECH: Score=31.4, Recommendation=SELL
2025-09-19 11:34:36,483 - INFO - Comprehensive data extracted for TORNTPOWER
2025-09-19 11:34:36,487 - INFO - Fundamental analysis completed for TORNTPOWER: 58 fields
2025-09-19 11:34:36,894 - INFO - Enhanced technical analysis completed for TORNTPOWER: 52 fields
2025-09-19 11:34:36,950 - INFO - Completed analysis for TORNTPOWER: Score=35.6, Recommendation=SELL
2025-09-19 11:34:37,019 - INFO - Enhanced technical analysis completed for TORNTPHARM: 52 fields
2025-09-19 11:34:37,065 - INFO - Completed analysis for TORNTPHARM: Score=42.4, Recommendation=WEAK SELL
2025-09-19 11:34:43,218 - INFO - Comprehensive data extracted for TIINDIA
2025-09-19 11:34:43,220 - INFO - Fundamental analysis completed for TIINDIA: 58 fields
2025-09-19 11:34:43,747 - INFO - Comprehensive data extracted for TRENT
2025-09-19 11:34:43,754 - INFO - Fundamental analysis completed for TRENT: 58 fields
2025-09-19 11:34:44,197 - INFO - Comprehensive data extracted for UPL
2025-09-19 11:34:44,197 - INFO - Fundamental analysis completed for UPL: 58 fields
2025-09-19 11:34:44,319 - INFO - Enhanced technical analysis completed for TRENT: 52 fields
2025-09-19 11:34:44,382 - INFO - Completed analysis for TRENT: Score=33.0, Recommendation=SELL
2025-09-19 11:34:44,502 - INFO - Enhanced technical analysis completed for UPL: 52 fields
2025-09-19 11:34:44,552 - INFO - Completed analysis for UPL: Score=30.9, Recommendation=SELL
2025-09-19 11:34:45,386 - INFO - Enhanced technical analysis completed for TIINDIA: 52 fields
2025-09-19 11:34:45,444 - INFO - Completed analysis for TIINDIA: Score=29.7, Recommendation=SELL
2025-09-19 11:34:45,970 - INFO - Comprehensive data extracted for ULTRACEMCO
2025-09-19 11:34:45,972 - INFO - Fundamental analysis completed for ULTRACEMCO: 58 fields
2025-09-19 11:34:47,117 - INFO - Enhanced technical analysis completed for ULTRACEMCO: 52 fields
2025-09-19 11:34:47,160 - INFO - Completed analysis for ULTRACEMCO: Score=38.7, Recommendation=SELL
2025-09-19 11:34:48,101 - INFO - Comprehensive data extracted for UNIONBANK
2025-09-19 11:34:48,101 - INFO - Fundamental analysis completed for UNIONBANK: 58 fields
2025-09-19 11:34:49,497 - INFO - Enhanced technical analysis completed for UNIONBANK: 52 fields
2025-09-19 11:34:49,554 - INFO - Completed analysis for UNIONBANK: Score=85.8, Recommendation=STRONG BUY (UNDERVALUED)
2025-09-19 11:34:55,935 - INFO - Comprehensive data extracted for UNITDSPR
2025-09-19 11:34:55,939 - INFO - Fundamental analysis completed for UNITDSPR: 58 fields
2025-09-19 11:34:56,222 - INFO - Enhanced technical analysis completed for UNITDSPR: 52 fields
2025-09-19 11:34:56,280 - INFO - Completed analysis for UNITDSPR: Score=33.7, Recommendation=SELL
2025-09-19 11:34:56,345 - INFO - Comprehensive data extracted for VBL
2025-09-19 11:34:56,360 - INFO - Fundamental analysis completed for VBL: 58 fields
2025-09-19 11:34:57,167 - INFO - Enhanced technical analysis completed for VBL: 52 fields
2025-09-19 11:34:57,225 - INFO - Completed analysis for VBL: Score=44.3, Recommendation=WEAK SELL
2025-09-19 11:34:59,002 - INFO - Comprehensive data extracted for VEDL
2025-09-19 11:34:59,017 - INFO - Fundamental analysis completed for VEDL: 58 fields
2025-09-19 11:34:59,037 - INFO - Comprehensive data extracted for IDEA
2025-09-19 11:34:59,042 - INFO - Fundamental analysis completed for IDEA: 58 fields
2025-09-19 11:34:59,318 - INFO - Enhanced technical analysis completed for IDEA: 52 fields
2025-09-19 11:34:59,379 - INFO - Completed analysis for IDEA: Score=59.3, Recommendation=HOLD
2025-09-19 11:34:59,567 - INFO - Enhanced technical analysis completed for VEDL: 52 fields
2025-09-19 11:34:59,629 - INFO - Completed analysis for VEDL: Score=48.2, Recommendation=WEAK SELL
2025-09-19 11:35:01,344 - INFO - Comprehensive data extracted for VMM
2025-09-19 11:35:01,350 - INFO - Fundamental analysis completed for VMM: 58 fields
2025-09-19 11:35:01,625 - INFO - Enhanced technical analysis completed for VMM: 52 fields
2025-09-19 11:35:01,664 - INFO - Completed analysis for VMM: Score=35.0, Recommendation=SELL
2025-09-19 11:35:07,843 - INFO - Comprehensive data extracted for VOLTAS
2025-09-19 11:35:07,843 - INFO - Fundamental analysis completed for VOLTAS: 58 fields
2025-09-19 11:35:08,013 - INFO - Comprehensive data extracted for WAAREEENER
2025-09-19 11:35:08,015 - INFO - Fundamental analysis completed for WAAREEENER: 58 fields
2025-09-19 11:35:08,204 - INFO - Comprehensive data extracted for WIPRO
2025-09-19 11:35:08,216 - INFO - Fundamental analysis completed for WIPRO: 58 fields
2025-09-19 11:35:08,217 - INFO - Enhanced technical analysis completed for VOLTAS: 52 fields
2025-09-19 11:35:08,306 - INFO - Enhanced technical analysis completed for WAAREEENER: 52 fields
2025-09-19 11:35:08,318 - INFO - Completed analysis for VOLTAS: Score=30.8, Recommendation=SELL
2025-09-19 11:35:08,355 - INFO - Completed analysis for WAAREEENER: Score=37.9, Recommendation=SELL
2025-09-19 11:35:08,817 - INFO - Enhanced technical analysis completed for WIPRO: 52 fields
2025-09-19 11:35:08,877 - INFO - Completed analysis for WIPRO: Score=71.8, Recommendation=STRONG BUY
2025-09-19 11:35:10,137 - INFO - Comprehensive data extracted for ZYDUSLIFE
2025-09-19 11:35:10,139 - INFO - Fundamental analysis completed for ZYDUSLIFE: 58 fields
2025-09-19 11:35:10,476 - INFO - Enhanced technical analysis completed for ZYDUSLIFE: 52 fields
2025-09-19 11:35:10,511 - INFO - Completed analysis for ZYDUSLIFE: Score=45.2, Recommendation=WEAK SELL
2025-09-19 11:35:10,555 - INFO - Comprehensive data extracted for YESBANK
2025-09-19 11:35:10,566 - INFO - Fundamental analysis completed for YESBANK: 58 fields
2025-09-19 11:35:12,715 - INFO - Enhanced technical analysis completed for YESBANK: 52 fields
2025-09-19 11:35:12,782 - INFO - Completed analysis for YESBANK: Score=73.8, Recommendation=STRONG BUY
2025-09-19 11:35:12,785 - INFO - Batch analysis completed: 200 results, 0 failures
2025-09-19 11:35:13,085 - INFO - Calculated sector rankings for 11 sectors
2025-09-19 11:36:41,064 - ERROR - $MAZDOCK.NS: possibly delisted; no price data found  (period=6mo)
2025-09-19 11:36:51,079 - ERROR - $MOTILALOFS.NS: possibly delisted; no price data found  (period=6mo)
2025-09-19 11:37:58,127 - INFO - Completed risk-return analysis
2025-09-19 11:37:58,164 - INFO - Generated portfolio allocation for 15 stocks
2025-09-19 11:38:11,742 - INFO - Enhanced Excel report generated: reports/Enhanced_Stock_Report_20250919_113758.xlsx, Size: 292513 bytes
2025-09-19 11:38:12,500 - INFO - Loaded report: Enhanced_Stock_Report_20250918_210034.xlsx
2025-09-19 11:38:12,500 - INFO - Available sheets: ['Top Picks', 'Trading Plans', 'Undervalued', 'Sector Analysis', 'Risk Analysis', 'Portfolio Allocation', 'Portfolio Summary', 'Complete Data']
2025-09-19 11:38:12,966 - INFO - Loaded report: Enhanced_Stock_Report_20250919_113758.xlsx
2025-09-19 11:38:12,966 - INFO - Available sheets: ['Top Picks', 'Trading Plans', 'Undervalued', 'Sector Analysis', 'Risk Analysis', 'Portfolio Allocation', 'Portfolio Summary', 'Complete Data']
