2025-09-15 16:09:42,656 - INFO - Dynamic NSE Stock Analysis Initialized
2025-09-15 16:09:42,678 - INFO - Risk profile set to: aggressive
2025-09-15 16:09:42,680 - INFO - HIGH-RISK MODE: Profile=aggressive, Growth=True, Momentum=True, MinVol=0.0
2025-09-15 16:09:42,690 - INFO - Using default stock list from stock_list_template.csv
2025-09-15 16:09:42,697 - INFO - Loading stocks from CSV: stock_list_template.csv
2025-09-15 16:09:42,789 - INFO - Loaded 200 stocks with company names
2025-09-15 16:09:42,789 - INFO - Sample stocks: ABB, ACC, APLAPOLLO, AUBANK, ADANIENSOL
2025-09-15 16:09:42,796 - INFO - Starting batch analysis of 10 stocks
2025-09-15 16:09:50,094 - INFO - Comprehensive data extracted for APLAPOLLO
2025-09-15 16:09:50,094 - INFO - Comprehensive data extracted for ABB
2025-09-15 16:09:50,108 - INFO - Comprehensive data extracted for ACC
2025-09-15 16:09:50,108 - INFO - Fundamental analysis completed for APLAPOLLO: 58 fields
2025-09-15 16:09:50,108 - INFO - Fundamental analysis completed for ABB: 58 fields
2025-09-15 16:09:50,108 - INFO - Fundamental analysis completed for ACC: 58 fields
2025-09-15 16:09:50,324 - INFO - Enhanced technical analysis completed for APLAPOLLO: 52 fields
2025-09-15 16:09:50,393 - INFO - Enhanced technical analysis completed for ACC: 52 fields
2025-09-15 16:09:50,512 - INFO - Enhanced technical analysis completed for ABB: 52 fields
2025-09-15 16:09:50,526 - INFO - Completed analysis for ACC: Score=59.5, Recommendation=HOLD
2025-09-15 16:09:50,534 - INFO - Completed analysis for APLAPOLLO: Score=36.1, Recommendation=SELL
2025-09-15 16:09:50,583 - INFO - Completed analysis for ABB: Score=53.0, Recommendation=HOLD
2025-09-15 16:09:50,975 - INFO - Comprehensive data extracted for ADANIENSOL
2025-09-15 16:09:50,978 - INFO - Fundamental analysis completed for ADANIENSOL: 58 fields
2025-09-15 16:09:51,091 - INFO - Enhanced technical analysis completed for ADANIENSOL: 52 fields
2025-09-15 16:09:51,149 - INFO - Completed analysis for ADANIENSOL: Score=40.5, Recommendation=WEAK SELL
2025-09-15 16:09:51,311 - INFO - Comprehensive data extracted for AUBANK
2025-09-15 16:09:51,311 - INFO - Fundamental analysis completed for AUBANK: 58 fields
2025-09-15 16:09:51,442 - INFO - Enhanced technical analysis completed for AUBANK: 52 fields
2025-09-15 16:09:51,492 - INFO - Completed analysis for AUBANK: Score=71.9, Recommendation=STRONG BUY
2025-09-15 16:09:57,123 - INFO - Comprehensive data extracted for ADANIGREEN
2025-09-15 16:09:57,124 - INFO - Fundamental analysis completed for ADANIGREEN: 58 fields
2025-09-15 16:09:57,189 - INFO - Comprehensive data extracted for ADANIPORTS
2025-09-15 16:09:57,189 - INFO - Fundamental analysis completed for ADANIPORTS: 58 fields
2025-09-15 16:09:57,262 - INFO - Enhanced technical analysis completed for ADANIGREEN: 52 fields
2025-09-15 16:09:57,312 - INFO - Completed analysis for ADANIGREEN: Score=42.3, Recommendation=WEAK SELL
2025-09-15 16:09:57,411 - INFO - Enhanced technical analysis completed for ADANIPORTS: 52 fields
2025-09-15 16:09:57,454 - INFO - Completed analysis for ADANIPORTS: Score=47.3, Recommendation=WEAK SELL
2025-09-15 16:09:57,565 - INFO - Comprehensive data extracted for ADANIENT
2025-09-15 16:09:57,565 - INFO - Fundamental analysis completed for ADANIENT: 58 fields
2025-09-15 16:09:57,814 - INFO - Comprehensive data extracted for ADANIPOWER
2025-09-15 16:09:57,816 - INFO - Fundamental analysis completed for ADANIPOWER: 58 fields
2025-09-15 16:09:57,891 - INFO - Enhanced technical analysis completed for ADANIENT: 52 fields
2025-09-15 16:09:57,999 - INFO - Completed analysis for ADANIENT: Score=25.9, Recommendation=SELL
2025-09-15 16:09:58,012 - INFO - Enhanced technical analysis completed for ADANIPOWER: 52 fields
2025-09-15 16:09:58,062 - INFO - Completed analysis for ADANIPOWER: Score=32.8, Recommendation=SELL
2025-09-15 16:09:58,099 - INFO - Comprehensive data extracted for ATGL
2025-09-15 16:09:58,099 - INFO - Fundamental analysis completed for ATGL: 58 fields
2025-09-15 16:09:58,468 - INFO - Enhanced technical analysis completed for ATGL: 52 fields
2025-09-15 16:09:58,532 - INFO - Completed analysis for ATGL: Score=42.7, Recommendation=WEAK SELL
2025-09-15 16:09:58,536 - INFO - Batch analysis completed: 10 results, 0 failures
2025-09-15 16:09:58,590 - INFO - Calculated sector rankings for 5 sectors
2025-09-15 16:09:58,591 - WARNING - No suitable investment candidates found
2025-09-15 16:10:01,518 - INFO - Enhanced Excel report generated: reports/Enhanced_Stock_Report_20250915_160958.xlsx, Size: 28126 bytes
