2025-09-19 12:35:52,676 - INFO - Dynamic NSE Stock Analysis Initialized
2025-09-19 12:35:52,678 - INFO - Risk profile set to: moderate
2025-09-19 12:35:52,678 - INFO - Using default stock list from stock_list_template.csv
2025-09-19 12:35:52,678 - INFO - Loading stocks from CSV: stock_list_template.csv
2025-09-19 12:35:52,681 - INFO - Loaded 200 stocks with company names
2025-09-19 12:35:52,681 - INFO - Sample stocks: ABB, ACC, APLAPOLLO, AUBANK, ADANIENSOL
2025-09-19 12:35:52,691 - INFO - Starting batch analysis of 10 stocks
2025-09-19 12:35:55,915 - INFO - Comprehensive data extracted for ABB
2025-09-19 12:35:55,922 - INFO - Fundamental analysis completed for ABB: 58 fields
2025-09-19 12:35:55,948 - INFO - Comprehensive data extracted for APLAPOLLO
2025-09-19 12:35:55,951 - INFO - Fundamental analysis completed for APLAPOLLO: 58 fields
2025-09-19 12:35:56,011 - INFO - Comprehensive data extracted for ACC
2025-09-19 12:35:56,011 - INFO - Fundamental analysis completed for ACC: 58 fields
2025-09-19 12:35:56,345 - INFO - Enhanced technical analysis completed for ABB: 52 fields
2025-09-19 12:35:56,463 - INFO - Enhanced technical analysis completed for APLAPOLLO: 52 fields
2025-09-19 12:35:56,463 - INFO - Completed analysis for ABB: Score=53.0, Recommendation=HOLD
2025-09-19 12:35:56,551 - INFO - Completed analysis for APLAPOLLO: Score=32.0, Recommendation=SELL
2025-09-19 12:35:56,587 - INFO - Enhanced technical analysis completed for ACC: 52 fields
2025-09-19 12:35:56,630 - INFO - Completed analysis for ACC: Score=60.9, Recommendation=BUY (VALUE)
2025-09-19 12:35:59,272 - INFO - Comprehensive data extracted for ADANIENSOL
2025-09-19 12:35:59,273 - INFO - Fundamental analysis completed for ADANIENSOL: 58 fields
2025-09-19 12:35:59,666 - INFO - Enhanced technical analysis completed for ADANIENSOL: 52 fields
2025-09-19 12:35:59,714 - INFO - Completed analysis for ADANIENSOL: Score=32.3, Recommendation=SELL
2025-09-19 12:35:59,813 - INFO - Comprehensive data extracted for AUBANK
2025-09-19 12:35:59,813 - INFO - Fundamental analysis completed for AUBANK: 58 fields
2025-09-19 12:36:00,137 - INFO - Enhanced technical analysis completed for AUBANK: 52 fields
2025-09-19 12:36:00,181 - INFO - Completed analysis for AUBANK: Score=70.1, Recommendation=STRONG BUY
2025-09-19 12:36:06,528 - INFO - Comprehensive data extracted for ADANIENT
2025-09-19 12:36:06,528 - INFO - Fundamental analysis completed for ADANIENT: 58 fields
2025-09-19 12:36:06,730 - INFO - Enhanced technical analysis completed for ADANIENT: 52 fields
2025-09-19 12:36:06,747 - ERROR - HTTP Error 500: 
2025-09-19 12:36:06,798 - INFO - Completed analysis for ADANIENT: Score=27.7, Recommendation=SELL
2025-09-19 12:36:08,080 - INFO - Comprehensive data extracted for ADANIPOWER
2025-09-19 12:36:08,080 - INFO - Fundamental analysis completed for ADANIPOWER: 58 fields
2025-09-19 12:36:08,493 - INFO - Comprehensive data extracted for ADANIPORTS
2025-09-19 12:36:08,496 - INFO - Fundamental analysis completed for ADANIPORTS: 58 fields
2025-09-19 12:36:08,598 - INFO - Enhanced technical analysis completed for ADANIPOWER: 52 fields
2025-09-19 12:36:08,625 - INFO - Comprehensive data extracted for ADANIGREEN
2025-09-19 12:36:08,627 - INFO - Fundamental analysis completed for ADANIGREEN: 58 fields
2025-09-19 12:36:08,668 - INFO - Completed analysis for ADANIPOWER: Score=33.5, Recommendation=SELL
2025-09-19 12:36:09,154 - INFO - Enhanced technical analysis completed for ADANIGREEN: 52 fields
2025-09-19 12:36:09,212 - INFO - Completed analysis for ADANIGREEN: Score=37.4, Recommendation=SELL
2025-09-19 12:36:09,664 - INFO - Enhanced technical analysis completed for ADANIPORTS: 52 fields
2025-09-19 12:36:09,728 - INFO - Completed analysis for ADANIPORTS: Score=47.9, Recommendation=WEAK SELL
2025-09-19 12:36:10,435 - INFO - Comprehensive data extracted for ATGL
2025-09-19 12:36:10,435 - INFO - Fundamental analysis completed for ATGL: 58 fields
2025-09-19 12:36:10,780 - INFO - Enhanced technical analysis completed for ATGL: 52 fields
2025-09-19 12:36:10,861 - INFO - Completed analysis for ATGL: Score=35.4, Recommendation=SELL
2025-09-19 12:36:10,864 - INFO - Batch analysis completed: 10 results, 0 failures
2025-09-19 12:36:10,917 - INFO - Calculated sector rankings for 6 sectors
2025-09-19 12:36:17,494 - INFO - Completed risk-return analysis
2025-09-19 12:36:17,573 - INFO - Generated complete portfolio allocation: 35 total stocks (Current: 34, New: 1)
2025-09-19 12:36:18,778 - INFO - Enhanced Excel report generated: reports/Enhanced_Stock_Report_20250919_123617.xlsx, Size: 32497 bytes
2025-09-19 12:36:19,032 - INFO - Loaded report: Enhanced_Stock_Report_20250919_123257.xlsx
2025-09-19 12:36:19,032 - INFO - Available sheets: ['Top Picks', 'Trading Plans', 'Undervalued', 'Sector Analysis', 'Risk Analysis', 'Portfolio Allocation', 'Portfolio Summary', 'Complete Data']
2025-09-19 12:36:19,179 - INFO - Loaded report: Enhanced_Stock_Report_20250919_123617.xlsx
2025-09-19 12:36:19,179 - INFO - Available sheets: ['Top Picks', 'Trading Plans', 'Undervalued', 'Sector Analysis', 'Risk Analysis', 'Portfolio Allocation', 'Portfolio Summary', 'Complete Data']
