2025-09-16 20:50:50,422 - INFO - Dynamic NSE Stock Analysis Initialized
2025-09-16 20:50:50,425 - INFO - Risk profile set to: moderate
2025-09-16 20:50:50,441 - INFO - Using default stock list from stock_list_template.csv
2025-09-16 20:50:50,442 - INFO - Loading stocks from CSV: stock_list_template.csv
2025-09-16 20:50:50,494 - INFO - Loaded 200 stocks with company names
2025-09-16 20:50:50,494 - INFO - Sample stocks: ABB, ACC, APLAPOLLO, AUBANK, ADANIENSOL
2025-09-16 20:50:50,494 - INFO - Starting batch analysis of 5 stocks
2025-09-16 20:50:58,888 - INFO - Comprehensive data extracted for ACC
2025-09-16 20:50:58,888 - INFO - Comprehensive data extracted for APLAPOLLO
2025-09-16 20:50:58,899 - INFO - Fundamental analysis completed for ACC: 58 fields
2025-09-16 20:50:58,900 - INFO - Fundamental analysis completed for APLAPOLLO: 58 fields
2025-09-16 20:50:58,963 - INFO - Comprehensive data extracted for ABB
2025-09-16 20:50:58,963 - INFO - Fundamental analysis completed for ABB: 58 fields
2025-09-16 20:50:59,228 - INFO - Enhanced technical analysis completed for ACC: 52 fields
2025-09-16 20:50:59,228 - INFO - Enhanced technical analysis completed for APLAPOLLO: 52 fields
2025-09-16 20:50:59,228 - INFO - Enhanced technical analysis completed for ABB: 52 fields
2025-09-16 20:50:59,333 - INFO - Completed analysis for ACC: Score=60.6, Recommendation=BUY (VALUE)
2025-09-16 20:50:59,340 - INFO - Completed analysis for ABB: Score=52.9, Recommendation=HOLD
2025-09-16 20:50:59,346 - INFO - Completed analysis for APLAPOLLO: Score=35.9, Recommendation=SELL
2025-09-16 20:50:59,957 - INFO - Comprehensive data extracted for ADANIENSOL
2025-09-16 20:50:59,957 - INFO - Fundamental analysis completed for ADANIENSOL: 58 fields
2025-09-16 20:51:00,092 - INFO - Enhanced technical analysis completed for ADANIENSOL: 52 fields
2025-09-16 20:51:00,125 - INFO - Completed analysis for ADANIENSOL: Score=39.6, Recommendation=SELL
2025-09-16 20:51:00,181 - INFO - Comprehensive data extracted for AUBANK
2025-09-16 20:51:00,187 - INFO - Fundamental analysis completed for AUBANK: 58 fields
2025-09-16 20:51:00,647 - INFO - Enhanced technical analysis completed for AUBANK: 52 fields
2025-09-16 20:51:00,695 - INFO - Completed analysis for AUBANK: Score=67.4, Recommendation=BUY
2025-09-16 20:51:00,706 - INFO - Batch analysis completed: 5 results, 0 failures
2025-09-16 20:51:00,732 - INFO - Calculated sector rankings for 4 sectors
2025-09-16 20:51:01,320 - INFO - Completed risk-return analysis
2025-09-16 20:51:01,337 - INFO - Generated portfolio allocation for 1 stocks
2025-09-16 20:51:03,077 - INFO - Enhanced Excel report generated: reports/Enhanced_Stock_Report_20250916_205101.xlsx, Size: 21623 bytes
