2025-09-04 10:12:35,110 - INFO - Top 200 NSE Stock Analysis Initialized
2025-09-04 10:12:35,110 - INFO - Risk profile set to: aggressive
2025-09-04 10:12:35,112 - INFO - HIGH-RISK MODE: Profile=aggressive, Growth=False, Momentum=False, MinVol=0.0
2025-09-04 10:12:35,113 - INFO - Using default stock list from stock_list_template.csv
2025-09-04 10:12:35,113 - INFO - Loading stocks from CSV: stock_list_template.csv
2025-09-04 10:12:35,121 - INFO - Loaded 200 stocks with company names
2025-09-04 10:12:35,123 - INFO - Sample stocks: ABB, ACC, APLAPOLLO, AUBANK, ADANIENSOL
2025-09-04 10:12:35,134 - INFO - Starting batch analysis of 50 stocks
2025-09-04 10:12:36,330 - INFO - Comprehensive data extracted for APLAPOLLO
2025-09-04 10:12:36,330 - INFO - Comprehensive data extracted for ACC
2025-09-04 10:12:36,330 - INFO - Comprehensive data extracted for ABB
2025-09-04 10:12:36,330 - INFO - Fundamental analysis completed for APLAPOLLO: 58 fields
2025-09-04 10:12:36,330 - INFO - Fundamental analysis completed for ACC: 58 fields
2025-09-04 10:12:36,330 - INFO - Fundamental analysis completed for ABB: 58 fields
2025-09-04 10:12:36,507 - INFO - Enhanced technical analysis completed for APLAPOLLO: 52 fields
2025-09-04 10:12:36,561 - INFO - Completed analysis for APLAPOLLO: Score=32.9, Recommendation=SELL
2025-09-04 10:12:36,709 - INFO - Enhanced technical analysis completed for ACC: 52 fields
2025-09-04 10:12:36,772 - INFO - Enhanced technical analysis completed for ABB: 52 fields
2025-09-04 10:12:36,854 - INFO - Completed analysis for ACC: Score=66.1, Recommendation=BUY (VALUE)
2025-09-04 10:12:36,862 - INFO - Completed analysis for ABB: Score=56.6, Recommendation=HOLD
2025-09-04 10:12:37,295 - INFO - Comprehensive data extracted for AUBANK
2025-09-04 10:12:37,295 - INFO - Fundamental analysis completed for AUBANK: 58 fields
2025-09-04 10:12:37,444 - INFO - Enhanced technical analysis completed for AUBANK: 52 fields
2025-09-04 10:12:37,501 - INFO - Completed analysis for AUBANK: Score=68.0, Recommendation=BUY
2025-09-04 10:12:37,529 - INFO - Comprehensive data extracted for ADANIENSOL
2025-09-04 10:12:37,533 - INFO - Fundamental analysis completed for ADANIENSOL: 58 fields
2025-09-04 10:12:37,674 - INFO - Enhanced technical analysis completed for ADANIENSOL: 52 fields
2025-09-04 10:12:37,738 - INFO - Completed analysis for ADANIENSOL: Score=31.9, Recommendation=SELL
2025-09-04 10:12:43,220 - INFO - Comprehensive data extracted for ADANIENT
2025-09-04 10:12:43,224 - INFO - Fundamental analysis completed for ADANIENT: 58 fields
2025-09-04 10:12:43,389 - INFO - Enhanced technical analysis completed for ADANIENT: 52 fields
2025-09-04 10:12:43,415 - INFO - Comprehensive data extracted for ADANIGREEN
2025-09-04 10:12:43,415 - INFO - Fundamental analysis completed for ADANIGREEN: 58 fields
2025-09-04 10:12:43,457 - INFO - Completed analysis for ADANIENT: Score=27.8, Recommendation=SELL
2025-09-04 10:12:43,525 - INFO - Comprehensive data extracted for ADANIPORTS
2025-09-04 10:12:43,530 - INFO - Fundamental analysis completed for ADANIPORTS: 58 fields
2025-09-04 10:12:43,662 - INFO - Enhanced technical analysis completed for ADANIGREEN: 52 fields
2025-09-04 10:12:43,732 - INFO - Enhanced technical analysis completed for ADANIPORTS: 52 fields
2025-09-04 10:12:43,808 - INFO - Completed analysis for ADANIPORTS: Score=46.3, Recommendation=WEAK SELL
2025-09-04 10:12:43,808 - INFO - Completed analysis for ADANIGREEN: Score=41.2, Recommendation=WEAK SELL
2025-09-04 10:12:44,021 - INFO - Comprehensive data extracted for ADANIPOWER
2025-09-04 10:12:44,021 - INFO - Fundamental analysis completed for ADANIPOWER: 58 fields
2025-09-04 10:12:44,400 - INFO - Comprehensive data extracted for ATGL
2025-09-04 10:12:44,407 - INFO - Fundamental analysis completed for ATGL: 58 fields
2025-09-04 10:12:44,454 - INFO - Enhanced technical analysis completed for ADANIPOWER: 52 fields
2025-09-04 10:12:44,487 - INFO - Completed analysis for ADANIPOWER: Score=39.2, Recommendation=SELL
2025-09-04 10:12:45,187 - INFO - Enhanced technical analysis completed for ATGL: 52 fields
2025-09-04 10:12:45,242 - INFO - Completed analysis for ATGL: Score=38.7, Recommendation=SELL
2025-09-04 10:12:50,884 - INFO - Comprehensive data extracted for ABFRL
2025-09-04 10:12:50,900 - INFO - Fundamental analysis completed for ABFRL: 58 fields
2025-09-04 10:12:50,912 - INFO - Comprehensive data extracted for ALKEM
2025-09-04 10:12:50,948 - INFO - Comprehensive data extracted for ABCAPITAL
2025-09-04 10:12:50,951 - INFO - Fundamental analysis completed for ALKEM: 58 fields
2025-09-04 10:12:50,952 - INFO - Fundamental analysis completed for ABCAPITAL: 58 fields
2025-09-04 10:12:51,156 - INFO - Enhanced technical analysis completed for ABFRL: 52 fields
2025-09-04 10:12:51,192 - INFO - Enhanced technical analysis completed for ABCAPITAL: 52 fields
2025-09-04 10:12:51,305 - INFO - Enhanced technical analysis completed for ALKEM: 52 fields
2025-09-04 10:12:51,341 - INFO - Completed analysis for ABFRL: Score=35.3, Recommendation=SELL
2025-09-04 10:12:51,346 - INFO - Completed analysis for ABCAPITAL: Score=44.4, Recommendation=WEAK SELL
2025-09-04 10:12:51,408 - INFO - Completed analysis for ALKEM: Score=45.5, Recommendation=WEAK SELL
2025-09-04 10:12:51,844 - INFO - Comprehensive data extracted for APOLLOHOSP
2025-09-04 10:12:51,849 - INFO - Fundamental analysis completed for APOLLOHOSP: 58 fields
2025-09-04 10:12:51,878 - INFO - Comprehensive data extracted for AMBUJACEM
2025-09-04 10:12:51,878 - INFO - Fundamental analysis completed for AMBUJACEM: 58 fields
2025-09-04 10:12:52,180 - INFO - Enhanced technical analysis completed for APOLLOHOSP: 52 fields
2025-09-04 10:12:52,190 - INFO - Enhanced technical analysis completed for AMBUJACEM: 52 fields
2025-09-04 10:12:52,275 - INFO - Completed analysis for AMBUJACEM: Score=49.7, Recommendation=WEAK SELL
2025-09-04 10:12:52,290 - INFO - Completed analysis for APOLLOHOSP: Score=42.7, Recommendation=WEAK SELL
2025-09-04 10:12:57,972 - INFO - Comprehensive data extracted for ASHOKLEY
2025-09-04 10:12:57,975 - INFO - Fundamental analysis completed for ASHOKLEY: 58 fields
2025-09-04 10:12:58,014 - INFO - Comprehensive data extracted for APOLLOTYRE
2025-09-04 10:12:58,016 - INFO - Fundamental analysis completed for APOLLOTYRE: 58 fields
2025-09-04 10:12:58,059 - INFO - Comprehensive data extracted for ASIANPAINT
2025-09-04 10:12:58,059 - INFO - Fundamental analysis completed for ASIANPAINT: 58 fields
2025-09-04 10:12:58,332 - INFO - Enhanced technical analysis completed for ASHOKLEY: 52 fields
2025-09-04 10:12:58,375 - INFO - Enhanced technical analysis completed for APOLLOTYRE: 52 fields
2025-09-04 10:12:58,411 - INFO - Enhanced technical analysis completed for ASIANPAINT: 52 fields
2025-09-04 10:12:58,501 - INFO - Completed analysis for ASHOKLEY: Score=41.7, Recommendation=WEAK SELL
2025-09-04 10:12:58,507 - INFO - Completed analysis for APOLLOTYRE: Score=30.2, Recommendation=SELL
2025-09-04 10:12:58,574 - INFO - Completed analysis for ASIANPAINT: Score=30.0, Recommendation=SELL
2025-09-04 10:12:58,977 - INFO - Comprehensive data extracted for ASTRAL
2025-09-04 10:12:58,977 - INFO - Fundamental analysis completed for ASTRAL: 58 fields
2025-09-04 10:12:59,107 - INFO - Comprehensive data extracted for AUROPHARMA
2025-09-04 10:12:59,112 - INFO - Fundamental analysis completed for AUROPHARMA: 58 fields
2025-09-04 10:12:59,224 - INFO - Enhanced technical analysis completed for ASTRAL: 52 fields
2025-09-04 10:12:59,343 - INFO - Enhanced technical analysis completed for AUROPHARMA: 52 fields
2025-09-04 10:12:59,343 - INFO - Completed analysis for ASTRAL: Score=26.8, Recommendation=SELL
2025-09-04 10:12:59,415 - INFO - Completed analysis for AUROPHARMA: Score=49.7, Recommendation=WEAK SELL
2025-09-04 10:13:05,002 - INFO - Comprehensive data extracted for AXISBANK
2025-09-04 10:13:05,028 - INFO - Comprehensive data extracted for BSE
2025-09-04 10:13:05,028 - INFO - Fundamental analysis completed for AXISBANK: 58 fields
2025-09-04 10:13:05,030 - INFO - Fundamental analysis completed for BSE: 58 fields
2025-09-04 10:13:05,108 - INFO - Comprehensive data extracted for DMART
2025-09-04 10:13:05,108 - INFO - Fundamental analysis completed for DMART: 58 fields
2025-09-04 10:13:05,306 - INFO - Enhanced technical analysis completed for BSE: 52 fields
2025-09-04 10:13:05,341 - INFO - Enhanced technical analysis completed for AXISBANK: 52 fields
2025-09-04 10:13:05,355 - INFO - Enhanced technical analysis completed for DMART: 52 fields
2025-09-04 10:13:05,459 - INFO - Completed analysis for BSE: Score=63.7, Recommendation=BUY
2025-09-04 10:13:05,474 - INFO - Completed analysis for AXISBANK: Score=72.9, Recommendation=STRONG BUY (UNDERVALUED)
2025-09-04 10:13:05,474 - INFO - Completed analysis for DMART: Score=23.6, Recommendation=SELL
2025-09-04 10:13:05,961 - INFO - Comprehensive data extracted for BAJFINANCE
2025-09-04 10:13:05,961 - INFO - Fundamental analysis completed for BAJFINANCE: 58 fields
2025-09-04 10:13:06,064 - INFO - Comprehensive data extracted for BAJAJ-AUTO
2025-09-04 10:13:06,066 - INFO - Fundamental analysis completed for BAJAJ-AUTO: 58 fields
2025-09-04 10:13:06,170 - INFO - Enhanced technical analysis completed for BAJFINANCE: 52 fields
2025-09-04 10:13:06,287 - INFO - Enhanced technical analysis completed for BAJAJ-AUTO: 52 fields
2025-09-04 10:13:06,298 - INFO - Completed analysis for BAJFINANCE: Score=55.3, Recommendation=HOLD
2025-09-04 10:13:06,362 - INFO - Completed analysis for BAJAJ-AUTO: Score=41.5, Recommendation=WEAK SELL
2025-09-04 10:13:11,983 - INFO - Comprehensive data extracted for BAJAJFINSV
2025-09-04 10:13:11,983 - INFO - Fundamental analysis completed for BAJAJFINSV: 58 fields
2025-09-04 10:13:12,037 - INFO - Comprehensive data extracted for BAJAJHLDNG
2025-09-04 10:13:12,062 - INFO - Comprehensive data extracted for BAJAJHFL
2025-09-04 10:13:12,062 - INFO - Fundamental analysis completed for BAJAJHLDNG: 58 fields
2025-09-04 10:13:12,064 - INFO - Fundamental analysis completed for BAJAJHFL: 58 fields
2025-09-04 10:13:12,180 - INFO - Enhanced technical analysis completed for BAJAJFINSV: 52 fields
2025-09-04 10:13:12,243 - INFO - Enhanced technical analysis completed for BAJAJHFL: 52 fields
2025-09-04 10:13:12,309 - INFO - Enhanced technical analysis completed for BAJAJHLDNG: 52 fields
2025-09-04 10:13:12,375 - INFO - Completed analysis for BAJAJFINSV: Score=56.2, Recommendation=HOLD
2025-09-04 10:13:12,377 - INFO - Completed analysis for BAJAJHFL: Score=39.7, Recommendation=SELL
2025-09-04 10:13:12,415 - INFO - Completed analysis for BAJAJHLDNG: Score=74.0, Recommendation=STRONG BUY (UNDERVALUED)
2025-09-04 10:13:12,903 - INFO - Comprehensive data extracted for BANDHANBNK
2025-09-04 10:13:12,903 - INFO - Fundamental analysis completed for BANDHANBNK: 58 fields
2025-09-04 10:13:13,021 - INFO - Comprehensive data extracted for BANKBARODA
2025-09-04 10:13:13,021 - INFO - Fundamental analysis completed for BANKBARODA: 58 fields
2025-09-04 10:13:13,088 - INFO - Enhanced technical analysis completed for BANDHANBNK: 52 fields
2025-09-04 10:13:13,154 - INFO - Completed analysis for BANDHANBNK: Score=66.1, Recommendation=BUY (VALUE)
2025-09-04 10:13:13,410 - INFO - Enhanced technical analysis completed for BANKBARODA: 52 fields
2025-09-04 10:13:13,472 - INFO - Completed analysis for BANKBARODA: Score=77.9, Recommendation=STRONG BUY (UNDERVALUED)
2025-09-04 10:13:19,108 - INFO - Comprehensive data extracted for BANKINDIA
2025-09-04 10:13:19,131 - INFO - Comprehensive data extracted for MAHABANK
2025-09-04 10:13:19,131 - INFO - Fundamental analysis completed for BANKINDIA: 58 fields
2025-09-04 10:13:19,131 - INFO - Fundamental analysis completed for MAHABANK: 58 fields
2025-09-04 10:13:19,213 - INFO - Comprehensive data extracted for BDL
2025-09-04 10:13:19,213 - INFO - Fundamental analysis completed for BDL: 58 fields
2025-09-04 10:13:19,426 - INFO - Enhanced technical analysis completed for MAHABANK: 52 fields
2025-09-04 10:13:19,431 - INFO - Enhanced technical analysis completed for BANKINDIA: 52 fields
2025-09-04 10:13:19,487 - INFO - Enhanced technical analysis completed for BDL: 52 fields
2025-09-04 10:13:19,523 - INFO - Completed analysis for MAHABANK: Score=86.2, Recommendation=STRONG BUY (UNDERVALUED)
2025-09-04 10:13:19,596 - INFO - Completed analysis for BDL: Score=57.9, Recommendation=HOLD
2025-09-04 10:13:19,601 - INFO - Completed analysis for BANKINDIA: Score=84.6, Recommendation=STRONG BUY (UNDERVALUED)
2025-09-04 10:13:20,058 - INFO - Comprehensive data extracted for BEL
2025-09-04 10:13:20,066 - INFO - Fundamental analysis completed for BEL: 58 fields
2025-09-04 10:13:20,211 - INFO - Comprehensive data extracted for BHARATFORG
2025-09-04 10:13:20,211 - INFO - Fundamental analysis completed for BHARATFORG: 58 fields
2025-09-04 10:13:20,285 - INFO - Enhanced technical analysis completed for BEL: 52 fields
2025-09-04 10:13:20,360 - INFO - Completed analysis for BEL: Score=52.6, Recommendation=HOLD
2025-09-04 10:13:20,468 - INFO - Enhanced technical analysis completed for BHARATFORG: 52 fields
2025-09-04 10:13:20,540 - INFO - Completed analysis for BHARATFORG: Score=33.6, Recommendation=SELL
2025-09-04 10:13:26,104 - INFO - Comprehensive data extracted for BHEL
2025-09-04 10:13:26,104 - INFO - Fundamental analysis completed for BHEL: 58 fields
2025-09-04 10:13:26,163 - INFO - Comprehensive data extracted for BPCL
2025-09-04 10:13:26,167 - INFO - Fundamental analysis completed for BPCL: 58 fields
2025-09-04 10:13:26,245 - INFO - Comprehensive data extracted for BHARTIARTL
2025-09-04 10:13:26,245 - INFO - Fundamental analysis completed for BHARTIARTL: 58 fields
2025-09-04 10:13:26,362 - INFO - Enhanced technical analysis completed for BPCL: 52 fields
2025-09-04 10:13:26,476 - INFO - Enhanced technical analysis completed for BHEL: 52 fields
2025-09-04 10:13:26,494 - INFO - Enhanced technical analysis completed for BHARTIARTL: 52 fields
2025-09-04 10:13:26,539 - INFO - Completed analysis for BPCL: Score=57.6, Recommendation=HOLD
2025-09-04 10:13:26,620 - INFO - Completed analysis for BHEL: Score=32.1, Recommendation=SELL
2025-09-04 10:13:26,638 - INFO - Completed analysis for BHARTIARTL: Score=50.3, Recommendation=HOLD
2025-09-04 10:13:27,007 - INFO - Comprehensive data extracted for BHARTIHEXA
2025-09-04 10:13:27,009 - INFO - Fundamental analysis completed for BHARTIHEXA: 58 fields
2025-09-04 10:13:27,171 - INFO - Enhanced technical analysis completed for BHARTIHEXA: 52 fields
2025-09-04 10:13:27,246 - INFO - Completed analysis for BHARTIHEXA: Score=42.1, Recommendation=WEAK SELL
2025-09-04 10:13:27,634 - INFO - Comprehensive data extracted for BIOCON
2025-09-04 10:13:27,642 - INFO - Fundamental analysis completed for BIOCON: 58 fields
2025-09-04 10:13:27,832 - INFO - Enhanced technical analysis completed for BIOCON: 52 fields
2025-09-04 10:13:27,904 - INFO - Completed analysis for BIOCON: Score=35.4, Recommendation=SELL
2025-09-04 10:13:33,644 - INFO - Comprehensive data extracted for BRITANNIA
2025-09-04 10:13:33,644 - INFO - Fundamental analysis completed for BRITANNIA: 58 fields
2025-09-04 10:13:33,751 - INFO - Comprehensive data extracted for CGPOWER
2025-09-04 10:13:33,756 - INFO - Fundamental analysis completed for CGPOWER: 58 fields
2025-09-04 10:13:33,868 - INFO - Enhanced technical analysis completed for BRITANNIA: 52 fields
2025-09-04 10:13:33,895 - INFO - Comprehensive data extracted for BOSCHLTD
2025-09-04 10:13:33,897 - INFO - Fundamental analysis completed for BOSCHLTD: 58 fields
2025-09-04 10:13:34,012 - INFO - Completed analysis for BRITANNIA: Score=39.6, Recommendation=SELL
2025-09-04 10:13:34,020 - INFO - Enhanced technical analysis completed for CGPOWER: 52 fields
2025-09-04 10:13:34,088 - INFO - Enhanced technical analysis completed for BOSCHLTD: 52 fields
2025-09-04 10:13:34,130 - INFO - Completed analysis for CGPOWER: Score=41.1, Recommendation=WEAK SELL
2025-09-04 10:13:34,194 - INFO - Completed analysis for BOSCHLTD: Score=45.5, Recommendation=WEAK SELL
2025-09-04 10:13:34,617 - INFO - Comprehensive data extracted for CHOLAFIN
2025-09-04 10:13:34,617 - INFO - Fundamental analysis completed for CHOLAFIN: 58 fields
2025-09-04 10:13:34,814 - INFO - Enhanced technical analysis completed for CHOLAFIN: 52 fields
2025-09-04 10:13:34,882 - INFO - Completed analysis for CHOLAFIN: Score=44.1, Recommendation=WEAK SELL
2025-09-04 10:13:34,987 - INFO - Comprehensive data extracted for CANBK
2025-09-04 10:13:34,988 - INFO - Fundamental analysis completed for CANBK: 58 fields
2025-09-04 10:13:35,225 - INFO - Enhanced technical analysis completed for CANBK: 52 fields
2025-09-04 10:13:35,278 - INFO - Completed analysis for CANBK: Score=87.8, Recommendation=STRONG BUY (UNDERVALUED)
2025-09-04 10:13:40,888 - INFO - Comprehensive data extracted for COALINDIA
2025-09-04 10:13:40,888 - INFO - Fundamental analysis completed for COALINDIA: 58 fields
2025-09-04 10:13:40,975 - INFO - Comprehensive data extracted for COCHINSHIP
2025-09-04 10:13:41,005 - INFO - Comprehensive data extracted for CIPLA
2025-09-04 10:13:41,006 - INFO - Fundamental analysis completed for COCHINSHIP: 58 fields
2025-09-04 10:13:41,058 - INFO - Fundamental analysis completed for CIPLA: 58 fields
2025-09-04 10:13:41,086 - INFO - Enhanced technical analysis completed for COALINDIA: 52 fields
2025-09-04 10:13:41,154 - INFO - Completed analysis for COALINDIA: Score=54.6, Recommendation=HOLD
2025-09-04 10:13:41,206 - INFO - Enhanced technical analysis completed for COCHINSHIP: 52 fields
2025-09-04 10:13:41,279 - INFO - Enhanced technical analysis completed for CIPLA: 52 fields
2025-09-04 10:13:41,319 - INFO - Completed analysis for COCHINSHIP: Score=46.4, Recommendation=WEAK SELL
2025-09-04 10:13:41,369 - INFO - Completed analysis for CIPLA: Score=47.9, Recommendation=WEAK SELL
2025-09-04 10:13:41,765 - INFO - Comprehensive data extracted for COFORGE
2025-09-04 10:13:41,770 - INFO - Fundamental analysis completed for COFORGE: 58 fields
2025-09-04 10:13:41,868 - INFO - Comprehensive data extracted for COLPAL
2025-09-04 10:13:41,868 - INFO - Fundamental analysis completed for COLPAL: 58 fields
2025-09-04 10:13:42,083 - INFO - Enhanced technical analysis completed for COFORGE: 52 fields
2025-09-04 10:13:42,195 - INFO - Completed analysis for COFORGE: Score=38.0, Recommendation=SELL
2025-09-04 10:13:42,199 - INFO - Enhanced technical analysis completed for COLPAL: 52 fields
2025-09-04 10:13:42,273 - INFO - Completed analysis for COLPAL: Score=30.5, Recommendation=SELL
2025-09-04 10:13:42,273 - INFO - Batch analysis completed: 50 results, 0 failures
2025-09-04 10:13:42,404 - INFO - Calculated sector rankings for 10 sectors
2025-09-04 10:13:53,392 - INFO - Completed risk-return analysis
2025-09-04 10:13:53,448 - INFO - Generated portfolio allocation for 7 stocks
2025-09-04 10:13:55,653 - INFO - Enhanced Excel report generated: reports/Enhanced_Stock_Report_20250904_101353.xlsx, Size: 88867 bytes
