2025-09-01 12:26:03,741 - INFO - Top 200 NSE Stock Analysis Initialized
2025-09-01 12:26:03,750 - INFO - Using default stock list from stock_list_template.csv
2025-09-01 12:26:03,750 - INFO - Loading stocks from CSV: stock_list_template.csv
2025-09-01 12:26:03,764 - INFO - Loaded 200 stocks with company names
2025-09-01 12:26:03,764 - INFO - Sample stocks: ABB, ACC, APLAPOLLO, AUBANK, ADANIENSOL
2025-09-01 12:26:03,770 - INFO - Starting batch analysis of 200 stocks
2025-09-01 12:26:05,070 - INFO - Comprehensive data extracted for ACC
2025-09-01 12:26:05,108 - INFO - Comprehensive data extracted for APLAPOLLO
2025-09-01 12:26:05,108 - INFO - Fundamental analysis completed for ACC: 58 fields
2025-09-01 12:26:05,115 - INFO - Fundamental analysis completed for APLAPOLLO: 58 fields
2025-09-01 12:26:05,327 - INFO - Comprehensive data extracted for ABB
2025-09-01 12:26:05,332 - INFO - Fundamental analysis completed for ABB: 58 fields
2025-09-01 12:26:05,398 - INFO - Enhanced technical analysis completed for APLAPOLLO: 52 fields
2025-09-01 12:26:05,428 - INFO - Enhanced technical analysis completed for ACC: 52 fields
2025-09-01 12:26:05,518 - INFO - Completed analysis for APLAPOLLO: Score=35.2, Recommendation=SELL
2025-09-01 12:26:05,524 - INFO - Completed analysis for ACC: Score=58.1, Recommendation=HOLD
2025-09-01 12:26:05,613 - INFO - Enhanced technical analysis completed for ABB: 52 fields
2025-09-01 12:26:05,680 - INFO - Completed analysis for ABB: Score=57.4, Recommendation=HOLD
2025-09-01 12:26:06,122 - INFO - Comprehensive data extracted for ADANIENSOL
2025-09-01 12:26:06,124 - INFO - Fundamental analysis completed for ADANIENSOL: 58 fields
2025-09-01 12:26:06,190 - INFO - Comprehensive data extracted for AUBANK
2025-09-01 12:26:06,194 - INFO - Fundamental analysis completed for AUBANK: 58 fields
2025-09-01 12:26:06,301 - INFO - Enhanced technical analysis completed for ADANIENSOL: 52 fields
2025-09-01 12:26:06,360 - INFO - Completed analysis for ADANIENSOL: Score=37.8, Recommendation=SELL
2025-09-01 12:26:06,417 - INFO - Enhanced technical analysis completed for AUBANK: 52 fields
2025-09-01 12:26:06,481 - INFO - Completed analysis for AUBANK: Score=69.3, Recommendation=BUY
2025-09-01 12:26:11,955 - INFO - Comprehensive data extracted for ADANIPORTS
2025-09-01 12:26:11,955 - INFO - Fundamental analysis completed for ADANIPORTS: 58 fields
2025-09-01 12:26:11,980 - INFO - Comprehensive data extracted for ADANIENT
2025-09-01 12:26:11,985 - INFO - Fundamental analysis completed for ADANIENT: 58 fields
2025-09-01 12:26:12,139 - INFO - Enhanced technical analysis completed for ADANIPORTS: 52 fields
2025-09-01 12:26:12,205 - INFO - Enhanced technical analysis completed for ADANIENT: 52 fields
2025-09-01 12:26:12,247 - INFO - Completed analysis for ADANIPORTS: Score=56.7, Recommendation=HOLD
2025-09-01 12:26:12,280 - INFO - Comprehensive data extracted for ADANIGREEN
2025-09-01 12:26:12,284 - INFO - Fundamental analysis completed for ADANIGREEN: 58 fields
2025-09-01 12:26:12,318 - INFO - Completed analysis for ADANIENT: Score=30.0, Recommendation=SELL
2025-09-01 12:26:12,480 - INFO - Enhanced technical analysis completed for ADANIGREEN: 52 fields
2025-09-01 12:26:12,545 - INFO - Completed analysis for ADANIGREEN: Score=42.6, Recommendation=WEAK SELL
2025-09-01 12:26:12,701 - INFO - Comprehensive data extracted for ATGL
2025-09-01 12:26:12,701 - INFO - Fundamental analysis completed for ATGL: 58 fields
2025-09-01 12:26:12,969 - INFO - Enhanced technical analysis completed for ATGL: 52 fields
2025-09-01 12:26:13,043 - INFO - Completed analysis for ATGL: Score=30.8, Recommendation=SELL
2025-09-01 12:26:13,058 - INFO - Comprehensive data extracted for ADANIPOWER
2025-09-01 12:26:13,058 - INFO - Fundamental analysis completed for ADANIPOWER: 58 fields
2025-09-01 12:26:13,401 - INFO - Enhanced technical analysis completed for ADANIPOWER: 52 fields
2025-09-01 12:26:13,476 - INFO - Completed analysis for ADANIPOWER: Score=45.3, Recommendation=WEAK SELL
2025-09-01 12:26:19,003 - INFO - Comprehensive data extracted for ABFRL
2025-09-01 12:26:19,005 - INFO - Fundamental analysis completed for ABFRL: 58 fields
2025-09-01 12:26:19,174 - INFO - Enhanced technical analysis completed for ABFRL: 52 fields
2025-09-01 12:26:19,215 - INFO - Comprehensive data extracted for ABCAPITAL
2025-09-01 12:26:19,215 - INFO - Fundamental analysis completed for ABCAPITAL: 58 fields
2025-09-01 12:26:19,247 - INFO - Completed analysis for ABFRL: Score=36.6, Recommendation=SELL
2025-09-01 12:26:19,319 - INFO - Comprehensive data extracted for ALKEM
2025-09-01 12:26:19,319 - INFO - Fundamental analysis completed for ALKEM: 58 fields
2025-09-01 12:26:19,386 - INFO - Enhanced technical analysis completed for ABCAPITAL: 52 fields
2025-09-01 12:26:19,443 - INFO - Completed analysis for ABCAPITAL: Score=53.6, Recommendation=HOLD
2025-09-01 12:26:19,496 - INFO - Enhanced technical analysis completed for ALKEM: 52 fields
2025-09-01 12:26:19,563 - INFO - Completed analysis for ALKEM: Score=41.6, Recommendation=WEAK SELL
2025-09-01 12:26:19,791 - INFO - Comprehensive data extracted for AMBUJACEM
2025-09-01 12:26:19,793 - INFO - Fundamental analysis completed for AMBUJACEM: 58 fields
2025-09-01 12:26:19,879 - INFO - Comprehensive data extracted for APOLLOHOSP
2025-09-01 12:26:19,881 - INFO - Fundamental analysis completed for APOLLOHOSP: 58 fields
2025-09-01 12:26:20,193 - INFO - Enhanced technical analysis completed for APOLLOHOSP: 52 fields
2025-09-01 12:26:20,214 - INFO - Enhanced technical analysis completed for AMBUJACEM: 52 fields
2025-09-01 12:26:20,289 - INFO - Completed analysis for APOLLOHOSP: Score=35.3, Recommendation=SELL
2025-09-01 12:26:20,319 - INFO - Completed analysis for AMBUJACEM: Score=48.0, Recommendation=WEAK SELL
2025-09-01 12:26:25,850 - INFO - Comprehensive data extracted for APOLLOTYRE
2025-09-01 12:26:25,853 - INFO - Fundamental analysis completed for APOLLOTYRE: 58 fields
2025-09-01 12:26:26,104 - INFO - Comprehensive data extracted for ASHOKLEY
2025-09-01 12:26:26,106 - INFO - Enhanced technical analysis completed for APOLLOTYRE: 52 fields
2025-09-01 12:26:26,106 - INFO - Fundamental analysis completed for ASHOKLEY: 58 fields
2025-09-01 12:26:26,136 - INFO - Comprehensive data extracted for ASIANPAINT
2025-09-01 12:26:26,136 - INFO - Fundamental analysis completed for ASIANPAINT: 58 fields
2025-09-01 12:26:26,174 - INFO - Completed analysis for APOLLOTYRE: Score=35.3, Recommendation=SELL
2025-09-01 12:26:26,295 - INFO - Enhanced technical analysis completed for ASHOKLEY: 52 fields
2025-09-01 12:26:26,376 - INFO - Completed analysis for ASHOKLEY: Score=48.1, Recommendation=WEAK SELL
2025-09-01 12:26:26,462 - INFO - Enhanced technical analysis completed for ASIANPAINT: 52 fields
2025-09-01 12:26:26,527 - INFO - Completed analysis for ASIANPAINT: Score=38.7, Recommendation=SELL
2025-09-01 12:26:27,015 - INFO - Comprehensive data extracted for AUROPHARMA
2025-09-01 12:26:27,033 - INFO - Comprehensive data extracted for ASTRAL
2025-09-01 12:26:27,037 - INFO - Fundamental analysis completed for AUROPHARMA: 58 fields
2025-09-01 12:26:27,041 - INFO - Fundamental analysis completed for ASTRAL: 58 fields
2025-09-01 12:26:27,352 - INFO - Enhanced technical analysis completed for ASTRAL: 52 fields
2025-09-01 12:26:27,382 - INFO - Enhanced technical analysis completed for AUROPHARMA: 52 fields
2025-09-01 12:26:27,461 - INFO - Completed analysis for AUROPHARMA: Score=35.6, Recommendation=SELL
2025-09-01 12:26:27,484 - INFO - Completed analysis for ASTRAL: Score=27.9, Recommendation=SELL
2025-09-01 12:26:33,120 - INFO - Comprehensive data extracted for AXISBANK
2025-09-01 12:26:33,129 - INFO - Fundamental analysis completed for AXISBANK: 58 fields
2025-09-01 12:26:33,313 - INFO - Comprehensive data extracted for BSE
2025-09-01 12:26:33,337 - INFO - Comprehensive data extracted for DMART
2025-09-01 12:26:33,349 - INFO - Fundamental analysis completed for BSE: 58 fields
2025-09-01 12:26:33,366 - INFO - Enhanced technical analysis completed for AXISBANK: 52 fields
2025-09-01 12:26:33,366 - INFO - Fundamental analysis completed for DMART: 58 fields
2025-09-01 12:26:33,443 - INFO - Completed analysis for AXISBANK: Score=64.9, Recommendation=BUY
2025-09-01 12:26:33,618 - INFO - Enhanced technical analysis completed for BSE: 52 fields
2025-09-01 12:26:33,637 - INFO - Enhanced technical analysis completed for DMART: 52 fields
2025-09-01 12:26:33,699 - INFO - Completed analysis for BSE: Score=54.6, Recommendation=HOLD
2025-09-01 12:26:33,733 - INFO - Completed analysis for DMART: Score=32.7, Recommendation=SELL
2025-09-01 12:26:34,111 - INFO - Comprehensive data extracted for BAJAJ-AUTO
2025-09-01 12:26:34,115 - INFO - Fundamental analysis completed for BAJAJ-AUTO: 58 fields
2025-09-01 12:26:34,195 - INFO - Comprehensive data extracted for BAJFINANCE
2025-09-01 12:26:34,195 - INFO - Fundamental analysis completed for BAJFINANCE: 58 fields
2025-09-01 12:26:34,338 - INFO - Enhanced technical analysis completed for BAJAJ-AUTO: 52 fields
2025-09-01 12:26:34,468 - INFO - Enhanced technical analysis completed for BAJFINANCE: 52 fields
2025-09-01 12:26:34,473 - INFO - Completed analysis for BAJAJ-AUTO: Score=42.5, Recommendation=WEAK SELL
2025-09-01 12:26:34,545 - INFO - Completed analysis for BAJFINANCE: Score=59.2, Recommendation=HOLD
2025-09-01 12:26:40,357 - INFO - Comprehensive data extracted for BAJAJHFL
2025-09-01 12:26:40,359 - INFO - Fundamental analysis completed for BAJAJHFL: 58 fields
2025-09-01 12:26:40,451 - INFO - Comprehensive data extracted for BAJAJFINSV
2025-09-01 12:26:40,451 - INFO - Fundamental analysis completed for BAJAJFINSV: 58 fields
2025-09-01 12:26:40,484 - INFO - Comprehensive data extracted for BAJAJHLDNG
2025-09-01 12:26:40,486 - INFO - Fundamental analysis completed for BAJAJHLDNG: 58 fields
2025-09-01 12:26:40,547 - INFO - Enhanced technical analysis completed for BAJAJHFL: 52 fields
2025-09-01 12:26:40,610 - INFO - Completed analysis for BAJAJHFL: Score=47.4, Recommendation=WEAK SELL
2025-09-01 12:26:40,718 - INFO - Enhanced technical analysis completed for BAJAJHLDNG: 52 fields
2025-09-01 12:26:40,770 - INFO - Enhanced technical analysis completed for BAJAJFINSV: 52 fields
2025-09-01 12:26:40,803 - INFO - Completed analysis for BAJAJHLDNG: Score=51.1, Recommendation=HOLD
2025-09-01 12:26:40,851 - INFO - Completed analysis for BAJAJFINSV: Score=59.4, Recommendation=HOLD
2025-09-01 12:26:41,239 - INFO - Comprehensive data extracted for BANDHANBNK
2025-09-01 12:26:41,247 - INFO - Fundamental analysis completed for BANDHANBNK: 58 fields
2025-09-01 12:26:41,454 - INFO - Comprehensive data extracted for BANKBARODA
2025-09-01 12:26:41,462 - INFO - Enhanced technical analysis completed for BANDHANBNK: 52 fields
2025-09-01 12:26:41,464 - INFO - Fundamental analysis completed for BANKBARODA: 58 fields
2025-09-01 12:26:41,530 - INFO - Completed analysis for BANDHANBNK: Score=50.9, Recommendation=HOLD
2025-09-01 12:26:41,870 - INFO - Enhanced technical analysis completed for BANKBARODA: 52 fields
2025-09-01 12:26:41,952 - INFO - Completed analysis for BANKBARODA: Score=68.2, Recommendation=BUY
2025-09-01 12:26:47,372 - INFO - Comprehensive data extracted for MAHABANK
2025-09-01 12:26:47,378 - INFO - Fundamental analysis completed for MAHABANK: 58 fields
2025-09-01 12:26:47,647 - INFO - Comprehensive data extracted for BDL
2025-09-01 12:26:47,672 - INFO - Fundamental analysis completed for BDL: 58 fields
2025-09-01 12:26:47,738 - INFO - Enhanced technical analysis completed for MAHABANK: 52 fields
2025-09-01 12:26:47,781 - INFO - Completed analysis for MAHABANK: Score=76.7, Recommendation=STRONG BUY
2025-09-01 12:26:47,884 - INFO - Comprehensive data extracted for BANKINDIA
2025-09-01 12:26:47,884 - INFO - Fundamental analysis completed for BANKINDIA: 58 fields
2025-09-01 12:26:47,966 - INFO - Enhanced technical analysis completed for BDL: 52 fields
2025-09-01 12:26:48,014 - INFO - Completed analysis for BDL: Score=54.8, Recommendation=HOLD
2025-09-01 12:26:48,149 - INFO - Enhanced technical analysis completed for BANKINDIA: 52 fields
2025-09-01 12:26:48,220 - INFO - Completed analysis for BANKINDIA: Score=65.5, Recommendation=BUY
2025-09-01 12:26:48,424 - INFO - Comprehensive data extracted for BEL
2025-09-01 12:26:48,433 - INFO - Fundamental analysis completed for BEL: 58 fields
2025-09-01 12:26:48,534 - INFO - Comprehensive data extracted for BHARATFORG
2025-09-01 12:26:48,558 - INFO - Fundamental analysis completed for BHARATFORG: 58 fields
2025-09-01 12:26:48,621 - INFO - Enhanced technical analysis completed for BEL: 52 fields
2025-09-01 12:26:48,699 - INFO - Completed analysis for BEL: Score=51.2, Recommendation=HOLD
2025-09-01 12:26:48,765 - INFO - Enhanced technical analysis completed for BHARATFORG: 52 fields
2025-09-01 12:26:48,814 - INFO - Completed analysis for BHARATFORG: Score=28.5, Recommendation=SELL
2025-09-01 12:26:54,284 - INFO - Comprehensive data extracted for BHEL
2025-09-01 12:26:54,287 - INFO - Fundamental analysis completed for BHEL: 58 fields
2025-09-01 12:26:54,470 - INFO - Comprehensive data extracted for BPCL
2025-09-01 12:26:54,491 - INFO - Fundamental analysis completed for BPCL: 58 fields
2025-09-01 12:26:54,498 - INFO - Enhanced technical analysis completed for BHEL: 52 fields
2025-09-01 12:26:54,564 - INFO - Completed analysis for BHEL: Score=32.9, Recommendation=SELL
2025-09-01 12:26:54,699 - INFO - Comprehensive data extracted for BHARTIARTL
2025-09-01 12:26:54,745 - INFO - Fundamental analysis completed for BHARTIARTL: 58 fields
2025-09-01 12:26:54,751 - INFO - Enhanced technical analysis completed for BPCL: 52 fields
2025-09-01 12:26:54,801 - INFO - Completed analysis for BPCL: Score=44.5, Recommendation=WEAK SELL
2025-09-01 12:26:54,920 - INFO - Enhanced technical analysis completed for BHARTIARTL: 52 fields
2025-09-01 12:26:54,965 - INFO - Completed analysis for BHARTIARTL: Score=60.7, Recommendation=BUY
2025-09-01 12:26:55,070 - INFO - Comprehensive data extracted for BHARTIHEXA
2025-09-01 12:26:55,070 - INFO - Fundamental analysis completed for BHARTIHEXA: 58 fields
2025-09-01 12:26:55,201 - INFO - Enhanced technical analysis completed for BHARTIHEXA: 52 fields
2025-09-01 12:26:55,237 - INFO - Completed analysis for BHARTIHEXA: Score=49.5, Recommendation=WEAK SELL
2025-09-01 12:26:55,374 - INFO - Comprehensive data extracted for BIOCON
2025-09-01 12:26:55,378 - INFO - Fundamental analysis completed for BIOCON: 58 fields
2025-09-01 12:26:55,873 - INFO - Enhanced technical analysis completed for BIOCON: 52 fields
2025-09-01 12:26:55,954 - INFO - Completed analysis for BIOCON: Score=27.1, Recommendation=SELL
2025-09-01 12:27:01,439 - INFO - Comprehensive data extracted for BRITANNIA
2025-09-01 12:27:01,445 - INFO - Fundamental analysis completed for BRITANNIA: 58 fields
2025-09-01 12:27:01,466 - INFO - Comprehensive data extracted for CGPOWER
2025-09-01 12:27:01,470 - INFO - Fundamental analysis completed for CGPOWER: 58 fields
2025-09-01 12:27:01,609 - INFO - Comprehensive data extracted for BOSCHLTD
2025-09-01 12:27:01,636 - INFO - Fundamental analysis completed for BOSCHLTD: 58 fields
2025-09-01 12:27:01,703 - INFO - Enhanced technical analysis completed for BRITANNIA: 52 fields
2025-09-01 12:27:01,739 - INFO - Enhanced technical analysis completed for CGPOWER: 52 fields
2025-09-01 12:27:01,799 - INFO - Completed analysis for BRITANNIA: Score=45.9, Recommendation=WEAK SELL
2025-09-01 12:27:01,808 - INFO - Completed analysis for CGPOWER: Score=48.4, Recommendation=WEAK SELL
2025-09-01 12:27:01,866 - INFO - Enhanced technical analysis completed for BOSCHLTD: 52 fields
2025-09-01 12:27:01,916 - INFO - Completed analysis for BOSCHLTD: Score=52.0, Recommendation=HOLD
2025-09-01 12:27:02,380 - INFO - Comprehensive data extracted for CANBK
2025-09-01 12:27:02,380 - INFO - Fundamental analysis completed for CANBK: 58 fields
2025-09-01 12:27:02,540 - INFO - Enhanced technical analysis completed for CANBK: 52 fields
2025-09-01 12:27:02,610 - INFO - Completed analysis for CANBK: Score=72.4, Recommendation=STRONG BUY
2025-09-01 12:27:02,633 - INFO - Comprehensive data extracted for CHOLAFIN
2025-09-01 12:27:02,635 - INFO - Fundamental analysis completed for CHOLAFIN: 58 fields
2025-09-01 12:27:03,074 - INFO - Enhanced technical analysis completed for CHOLAFIN: 52 fields
2025-09-01 12:27:03,121 - INFO - Completed analysis for CHOLAFIN: Score=43.7, Recommendation=WEAK SELL
2025-09-01 12:27:08,795 - INFO - Comprehensive data extracted for COCHINSHIP
2025-09-01 12:27:08,801 - INFO - Fundamental analysis completed for COCHINSHIP: 58 fields
2025-09-01 12:27:08,831 - INFO - Comprehensive data extracted for COALINDIA
2025-09-01 12:27:08,835 - INFO - Fundamental analysis completed for COALINDIA: 58 fields
2025-09-01 12:27:08,911 - INFO - Comprehensive data extracted for CIPLA
2025-09-01 12:27:08,911 - INFO - Fundamental analysis completed for CIPLA: 58 fields
2025-09-01 12:27:09,083 - INFO - Enhanced technical analysis completed for COCHINSHIP: 52 fields
2025-09-01 12:27:09,196 - INFO - Enhanced technical analysis completed for CIPLA: 52 fields
2025-09-01 12:27:09,198 - INFO - Completed analysis for COCHINSHIP: Score=42.2, Recommendation=WEAK SELL
2025-09-01 12:27:09,300 - INFO - Enhanced technical analysis completed for COALINDIA: 52 fields
2025-09-01 12:27:09,308 - INFO - Completed analysis for CIPLA: Score=52.4, Recommendation=HOLD
2025-09-01 12:27:09,354 - INFO - Completed analysis for COALINDIA: Score=47.8, Recommendation=WEAK SELL
2025-09-01 12:27:09,683 - INFO - Comprehensive data extracted for COFORGE
2025-09-01 12:27:09,688 - INFO - Fundamental analysis completed for COFORGE: 58 fields
2025-09-01 12:27:09,792 - INFO - Comprehensive data extracted for COLPAL
2025-09-01 12:27:09,792 - INFO - Fundamental analysis completed for COLPAL: 58 fields
2025-09-01 12:27:10,031 - INFO - Enhanced technical analysis completed for COFORGE: 52 fields
2025-09-01 12:27:10,056 - INFO - Enhanced technical analysis completed for COLPAL: 52 fields
2025-09-01 12:27:10,134 - INFO - Completed analysis for COLPAL: Score=36.5, Recommendation=SELL
2025-09-01 12:27:10,134 - INFO - Completed analysis for COFORGE: Score=45.5, Recommendation=WEAK SELL
2025-09-01 12:27:15,802 - INFO - Comprehensive data extracted for DLF
2025-09-01 12:27:15,802 - INFO - Fundamental analysis completed for DLF: 58 fields
2025-09-01 12:27:15,835 - INFO - Comprehensive data extracted for CUMMINSIND
2025-09-01 12:27:15,835 - INFO - Fundamental analysis completed for CUMMINSIND: 58 fields
2025-09-01 12:27:16,189 - INFO - Comprehensive data extracted for CONCOR
2025-09-01 12:27:16,210 - INFO - Fundamental analysis completed for CONCOR: 58 fields
2025-09-01 12:27:16,237 - INFO - Enhanced technical analysis completed for DLF: 52 fields
2025-09-01 12:27:16,269 - INFO - Enhanced technical analysis completed for CUMMINSIND: 52 fields
2025-09-01 12:27:16,331 - INFO - Completed analysis for DLF: Score=44.1, Recommendation=WEAK SELL
2025-09-01 12:27:16,345 - INFO - Completed analysis for CUMMINSIND: Score=66.6, Recommendation=BUY
2025-09-01 12:27:16,415 - INFO - Enhanced technical analysis completed for CONCOR: 52 fields
2025-09-01 12:27:16,471 - INFO - Completed analysis for CONCOR: Score=37.7, Recommendation=SELL
2025-09-01 12:27:17,252 - INFO - Comprehensive data extracted for DABUR
2025-09-01 12:27:17,277 - INFO - Comprehensive data extracted for DIVISLAB
2025-09-01 12:27:17,278 - INFO - Fundamental analysis completed for DABUR: 58 fields
2025-09-01 12:27:17,280 - INFO - Fundamental analysis completed for DIVISLAB: 58 fields
2025-09-01 12:27:17,514 - INFO - Enhanced technical analysis completed for DABUR: 52 fields
2025-09-01 12:27:17,613 - INFO - Enhanced technical analysis completed for DIVISLAB: 52 fields
2025-09-01 12:27:17,615 - INFO - Completed analysis for DABUR: Score=37.5, Recommendation=SELL
2025-09-01 12:27:17,666 - INFO - Completed analysis for DIVISLAB: Score=58.7, Recommendation=HOLD
2025-09-01 12:27:23,169 - INFO - Comprehensive data extracted for EICHERMOT
2025-09-01 12:27:23,173 - INFO - Fundamental analysis completed for EICHERMOT: 58 fields
2025-09-01 12:27:23,423 - INFO - Comprehensive data extracted for DRREDDY
2025-09-01 12:27:23,436 - INFO - Fundamental analysis completed for DRREDDY: 58 fields
2025-09-01 12:27:23,470 - INFO - Enhanced technical analysis completed for EICHERMOT: 52 fields
2025-09-01 12:27:23,594 - INFO - Completed analysis for EICHERMOT: Score=45.2, Recommendation=WEAK SELL
2025-09-01 12:27:23,612 - INFO - Enhanced technical analysis completed for DRREDDY: 52 fields
2025-09-01 12:27:23,664 - INFO - Completed analysis for DRREDDY: Score=78.9, Recommendation=STRONG BUY
2025-09-01 12:27:24,035 - INFO - Comprehensive data extracted for ETERNAL
2025-09-01 12:27:24,047 - INFO - Fundamental analysis completed for ETERNAL: 58 fields
2025-09-01 12:27:24,188 - INFO - Enhanced technical analysis completed for ETERNAL: 52 fields
2025-09-01 12:27:24,222 - INFO - Comprehensive data extracted for ESCORTS
2025-09-01 12:27:24,222 - INFO - Fundamental analysis completed for ESCORTS: 58 fields
2025-09-01 12:27:24,267 - INFO - Completed analysis for ETERNAL: Score=39.1, Recommendation=SELL
2025-09-01 12:27:24,300 - INFO - Comprehensive data extracted for DIXON
2025-09-01 12:27:24,300 - INFO - Fundamental analysis completed for DIXON: 58 fields
2025-09-01 12:27:24,605 - INFO - Enhanced technical analysis completed for ESCORTS: 52 fields
2025-09-01 12:27:24,662 - INFO - Completed analysis for ESCORTS: Score=49.9, Recommendation=WEAK SELL
2025-09-01 12:27:24,736 - INFO - Enhanced technical analysis completed for DIXON: 52 fields
2025-09-01 12:27:24,779 - INFO - Completed analysis for DIXON: Score=53.1, Recommendation=HOLD
2025-09-01 12:27:30,458 - INFO - Comprehensive data extracted for EXIDEIND
2025-09-01 12:27:30,458 - INFO - Fundamental analysis completed for EXIDEIND: 58 fields
2025-09-01 12:27:30,495 - INFO - Comprehensive data extracted for NYKAA
2025-09-01 12:27:30,497 - INFO - Fundamental analysis completed for NYKAA: 58 fields
2025-09-01 12:27:30,582 - INFO - Comprehensive data extracted for FEDERALBNK
2025-09-01 12:27:30,582 - INFO - Fundamental analysis completed for FEDERALBNK: 58 fields
2025-09-01 12:27:30,650 - INFO - Enhanced technical analysis completed for NYKAA: 52 fields
2025-09-01 12:27:30,762 - INFO - Enhanced technical analysis completed for EXIDEIND: 52 fields
2025-09-01 12:27:30,765 - INFO - Completed analysis for NYKAA: Score=45.5, Recommendation=WEAK SELL
2025-09-01 12:27:30,815 - INFO - Completed analysis for EXIDEIND: Score=46.8, Recommendation=WEAK SELL
2025-09-01 12:27:30,915 - INFO - Enhanced technical analysis completed for FEDERALBNK: 52 fields
2025-09-01 12:27:30,963 - INFO - Completed analysis for FEDERALBNK: Score=61.5, Recommendation=BUY
2025-09-01 12:27:31,183 - INFO - Comprehensive data extracted for GMRAIRPORT
2025-09-01 12:27:31,183 - INFO - Fundamental analysis completed for GMRAIRPORT: 58 fields
2025-09-01 12:27:31,432 - INFO - Enhanced technical analysis completed for GMRAIRPORT: 52 fields
2025-09-01 12:27:31,465 - INFO - Completed analysis for GMRAIRPORT: Score=48.2, Recommendation=WEAK SELL
2025-09-01 12:27:31,682 - INFO - Comprehensive data extracted for GAIL
2025-09-01 12:27:31,686 - INFO - Fundamental analysis completed for GAIL: 58 fields
2025-09-01 12:27:31,856 - INFO - Enhanced technical analysis completed for GAIL: 52 fields
2025-09-01 12:27:31,900 - INFO - Completed analysis for GAIL: Score=45.2, Recommendation=WEAK SELL
2025-09-01 12:27:37,830 - INFO - Comprehensive data extracted for GODREJPROP
2025-09-01 12:27:37,847 - INFO - Fundamental analysis completed for GODREJPROP: 58 fields
2025-09-01 12:27:37,856 - INFO - Comprehensive data extracted for GLENMARK
2025-09-01 12:27:37,868 - INFO - Fundamental analysis completed for GLENMARK: 58 fields
2025-09-01 12:27:38,134 - INFO - Comprehensive data extracted for GODREJCP
2025-09-01 12:27:38,151 - INFO - Fundamental analysis completed for GODREJCP: 58 fields
2025-09-01 12:27:38,257 - INFO - Enhanced technical analysis completed for GODREJPROP: 52 fields
2025-09-01 12:27:38,283 - INFO - Enhanced technical analysis completed for GLENMARK: 52 fields
2025-09-01 12:27:38,359 - INFO - Completed analysis for GODREJPROP: Score=27.3, Recommendation=SELL
2025-09-01 12:27:38,362 - INFO - Completed analysis for GLENMARK: Score=28.9, Recommendation=SELL
2025-09-01 12:27:38,580 - INFO - Enhanced technical analysis completed for GODREJCP: 52 fields
2025-09-01 12:27:38,641 - INFO - Completed analysis for GODREJCP: Score=39.3, Recommendation=SELL
2025-09-01 12:27:38,848 - INFO - Comprehensive data extracted for GRASIM
2025-09-01 12:27:38,856 - INFO - Fundamental analysis completed for GRASIM: 58 fields
2025-09-01 12:27:39,032 - INFO - Enhanced technical analysis completed for GRASIM: 52 fields
2025-09-01 12:27:39,052 - INFO - Comprehensive data extracted for HCLTECH
2025-09-01 12:27:39,106 - INFO - Completed analysis for GRASIM: Score=46.7, Recommendation=WEAK SELL
2025-09-01 12:27:39,108 - INFO - Fundamental analysis completed for HCLTECH: 58 fields
2025-09-01 12:27:39,407 - INFO - Enhanced technical analysis completed for HCLTECH: 52 fields
2025-09-01 12:27:39,449 - INFO - Completed analysis for HCLTECH: Score=57.5, Recommendation=HOLD
2025-09-01 12:27:44,984 - INFO - Comprehensive data extracted for HDFCLIFE
2025-09-01 12:27:44,989 - INFO - Fundamental analysis completed for HDFCLIFE: 58 fields
2025-09-01 12:27:45,159 - INFO - Enhanced technical analysis completed for HDFCLIFE: 52 fields
2025-09-01 12:27:45,197 - INFO - Comprehensive data extracted for HDFCAMC
2025-09-01 12:27:45,197 - INFO - Fundamental analysis completed for HDFCAMC: 58 fields
2025-09-01 12:27:45,241 - INFO - Completed analysis for HDFCLIFE: Score=55.3, Recommendation=HOLD
2025-09-01 12:27:45,267 - INFO - Comprehensive data extracted for HDFCBANK
2025-09-01 12:27:45,282 - INFO - Fundamental analysis completed for HDFCBANK: 58 fields
2025-09-01 12:27:45,377 - INFO - Enhanced technical analysis completed for HDFCAMC: 52 fields
2025-09-01 12:27:45,430 - INFO - Completed analysis for HDFCAMC: Score=48.7, Recommendation=WEAK SELL
2025-09-01 12:27:45,724 - INFO - Enhanced technical analysis completed for HDFCBANK: 52 fields
2025-09-01 12:27:45,796 - INFO - Completed analysis for HDFCBANK: Score=66.5, Recommendation=BUY
2025-09-01 12:27:46,015 - INFO - Comprehensive data extracted for HEROMOTOCO
2025-09-01 12:27:46,020 - INFO - Fundamental analysis completed for HEROMOTOCO: 58 fields
2025-09-01 12:27:46,038 - INFO - Comprehensive data extracted for HAVELLS
2025-09-01 12:27:46,046 - INFO - Fundamental analysis completed for HAVELLS: 58 fields
2025-09-01 12:27:46,379 - INFO - Enhanced technical analysis completed for HEROMOTOCO: 52 fields
2025-09-01 12:27:46,440 - INFO - Completed analysis for HEROMOTOCO: Score=48.6, Recommendation=WEAK SELL
2025-09-01 12:27:46,492 - INFO - Enhanced technical analysis completed for HAVELLS: 52 fields
2025-09-01 12:27:46,531 - INFO - Completed analysis for HAVELLS: Score=32.7, Recommendation=SELL
2025-09-01 12:27:52,245 - INFO - Comprehensive data extracted for HINDALCO
2025-09-01 12:27:52,253 - INFO - Comprehensive data extracted for HAL
2025-09-01 12:27:52,253 - INFO - Fundamental analysis completed for HINDALCO: 58 fields
2025-09-01 12:27:52,253 - INFO - Fundamental analysis completed for HAL: 58 fields
2025-09-01 12:27:52,313 - INFO - Comprehensive data extracted for HINDPETRO
2025-09-01 12:27:52,316 - INFO - Fundamental analysis completed for HINDPETRO: 58 fields
2025-09-01 12:27:52,397 - INFO - Enhanced technical analysis completed for HAL: 52 fields
2025-09-01 12:27:52,447 - INFO - Completed analysis for HAL: Score=50.6, Recommendation=HOLD
2025-09-01 12:27:52,519 - INFO - Enhanced technical analysis completed for HINDALCO: 52 fields
2025-09-01 12:27:52,631 - INFO - Enhanced technical analysis completed for HINDPETRO: 52 fields
2025-09-01 12:27:52,638 - INFO - Completed analysis for HINDALCO: Score=78.6, Recommendation=STRONG BUY
2025-09-01 12:27:52,691 - INFO - Completed analysis for HINDPETRO: Score=45.9, Recommendation=WEAK SELL
2025-09-01 12:27:52,899 - INFO - Comprehensive data extracted for HINDUNILVR
2025-09-01 12:27:52,899 - INFO - Fundamental analysis completed for HINDUNILVR: 58 fields
2025-09-01 12:27:53,062 - INFO - Enhanced technical analysis completed for HINDUNILVR: 52 fields
2025-09-01 12:27:53,096 - INFO - Comprehensive data extracted for HINDZINC
2025-09-01 12:27:53,107 - INFO - Fundamental analysis completed for HINDZINC: 58 fields
2025-09-01 12:27:53,148 - INFO - Completed analysis for HINDUNILVR: Score=50.0, Recommendation=HOLD
2025-09-01 12:27:53,467 - INFO - Enhanced technical analysis completed for HINDZINC: 52 fields
2025-09-01 12:27:53,531 - INFO - Completed analysis for HINDZINC: Score=48.5, Recommendation=WEAK SELL
2025-09-01 12:27:59,674 - INFO - Comprehensive data extracted for ICICIBANK
2025-09-01 12:27:59,674 - INFO - Fundamental analysis completed for ICICIBANK: 58 fields
2025-09-01 12:27:59,959 - INFO - Enhanced technical analysis completed for ICICIBANK: 52 fields
2025-09-01 12:28:00,037 - INFO - Completed analysis for ICICIBANK: Score=73.4, Recommendation=STRONG BUY
2025-09-01 12:28:00,319 - INFO - Comprehensive data extracted for HUDCO
2025-09-01 12:28:00,353 - INFO - Comprehensive data extracted for HYUNDAI
2025-09-01 12:28:00,353 - INFO - Fundamental analysis completed for HUDCO: 58 fields
2025-09-01 12:28:00,353 - INFO - Fundamental analysis completed for HYUNDAI: 58 fields
2025-09-01 12:28:00,569 - INFO - Enhanced technical analysis completed for HUDCO: 52 fields
2025-09-01 12:28:00,585 - INFO - Enhanced technical analysis completed for HYUNDAI: 52 fields
2025-09-01 12:28:00,669 - INFO - Completed analysis for HUDCO: Score=62.3, Recommendation=BUY
2025-09-01 12:28:00,678 - INFO - Completed analysis for HYUNDAI: Score=34.7, Recommendation=SELL
2025-09-01 12:28:00,781 - INFO - Comprehensive data extracted for ICICIGI
2025-09-01 12:28:00,781 - INFO - Fundamental analysis completed for ICICIGI: 58 fields
2025-09-01 12:28:00,942 - INFO - Enhanced technical analysis completed for ICICIGI: 52 fields
2025-09-01 12:28:01,000 - INFO - Completed analysis for ICICIGI: Score=62.5, Recommendation=BUY
2025-09-01 12:28:01,172 - INFO - Comprehensive data extracted for ICICIPRULI
2025-09-01 12:28:01,172 - INFO - Fundamental analysis completed for ICICIPRULI: 58 fields
2025-09-01 12:28:01,318 - INFO - Enhanced technical analysis completed for ICICIPRULI: 52 fields
2025-09-01 12:28:01,391 - INFO - Completed analysis for ICICIPRULI: Score=46.0, Recommendation=WEAK SELL
2025-09-01 12:28:06,945 - INFO - Comprehensive data extracted for IDFCFIRSTB
2025-09-01 12:28:06,967 - INFO - Comprehensive data extracted for ITC
2025-09-01 12:28:06,969 - INFO - Fundamental analysis completed for IDFCFIRSTB: 58 fields
2025-09-01 12:28:06,969 - INFO - Fundamental analysis completed for ITC: 58 fields
2025-09-01 12:28:07,140 - INFO - Enhanced technical analysis completed for IDFCFIRSTB: 52 fields
2025-09-01 12:28:07,202 - INFO - Completed analysis for IDFCFIRSTB: Score=45.0, Recommendation=WEAK SELL
2025-09-01 12:28:07,267 - INFO - Enhanced technical analysis completed for ITC: 52 fields
2025-09-01 12:28:07,314 - INFO - Completed analysis for ITC: Score=56.9, Recommendation=HOLD
2025-09-01 12:28:07,353 - INFO - Comprehensive data extracted for IRB
2025-09-01 12:28:07,353 - INFO - Fundamental analysis completed for IRB: 58 fields
2025-09-01 12:28:07,636 - INFO - Enhanced technical analysis completed for IRB: 52 fields
2025-09-01 12:28:07,714 - INFO - Completed analysis for IRB: Score=50.6, Recommendation=HOLD
2025-09-01 12:28:07,746 - INFO - Comprehensive data extracted for INDIANB
2025-09-01 12:28:07,756 - INFO - Fundamental analysis completed for INDIANB: 58 fields
2025-09-01 12:28:07,921 - INFO - Enhanced technical analysis completed for INDIANB: 52 fields
2025-09-01 12:28:07,976 - INFO - Completed analysis for INDIANB: Score=81.6, Recommendation=STRONG BUY
2025-09-01 12:28:08,240 - INFO - Comprehensive data extracted for INDHOTEL
2025-09-01 12:28:08,240 - INFO - Fundamental analysis completed for INDHOTEL: 58 fields
2025-09-01 12:28:08,598 - INFO - Enhanced technical analysis completed for INDHOTEL: 52 fields
2025-09-01 12:28:08,648 - INFO - Completed analysis for INDHOTEL: Score=55.5, Recommendation=HOLD
2025-09-01 12:28:14,501 - INFO - Comprehensive data extracted for IRCTC
2025-09-01 12:28:14,501 - INFO - Fundamental analysis completed for IRCTC: 58 fields
2025-09-01 12:28:14,583 - INFO - Comprehensive data extracted for IRFC
2025-09-01 12:28:14,583 - INFO - Fundamental analysis completed for IRFC: 58 fields
2025-09-01 12:28:14,670 - INFO - Comprehensive data extracted for IOC
2025-09-01 12:28:14,670 - INFO - Fundamental analysis completed for IOC: 58 fields
2025-09-01 12:28:14,817 - INFO - Enhanced technical analysis completed for IRFC: 52 fields
2025-09-01 12:28:14,867 - INFO - Completed analysis for IRFC: Score=74.8, Recommendation=STRONG BUY
2025-09-01 12:28:14,935 - INFO - Enhanced technical analysis completed for IOC: 52 fields
2025-09-01 12:28:14,981 - INFO - Completed analysis for IOC: Score=43.3, Recommendation=WEAK SELL
2025-09-01 12:28:15,054 - INFO - Enhanced technical analysis completed for IRCTC: 52 fields
2025-09-01 12:28:15,096 - INFO - Completed analysis for IRCTC: Score=31.2, Recommendation=SELL
2025-09-01 12:28:15,441 - INFO - Comprehensive data extracted for IREDA
2025-09-01 12:28:15,447 - INFO - Fundamental analysis completed for IREDA: 58 fields
2025-09-01 12:28:15,737 - INFO - Comprehensive data extracted for IGL
2025-09-01 12:28:15,754 - INFO - Fundamental analysis completed for IGL: 58 fields
2025-09-01 12:28:15,794 - INFO - Enhanced technical analysis completed for IREDA: 52 fields
2025-09-01 12:28:15,844 - INFO - Completed analysis for IREDA: Score=49.6, Recommendation=WEAK SELL
2025-09-01 12:28:16,055 - INFO - Enhanced technical analysis completed for IGL: 52 fields
2025-09-01 12:28:16,106 - INFO - Completed analysis for IGL: Score=59.2, Recommendation=HOLD
2025-09-01 12:28:21,848 - INFO - Comprehensive data extracted for INDUSTOWER
2025-09-01 12:28:21,850 - INFO - Fundamental analysis completed for INDUSTOWER: 58 fields
2025-09-01 12:28:21,948 - INFO - Comprehensive data extracted for INDUSINDBK
2025-09-01 12:28:21,965 - INFO - Fundamental analysis completed for INDUSINDBK: 58 fields
2025-09-01 12:28:22,038 - INFO - Enhanced technical analysis completed for INDUSTOWER: 52 fields
2025-09-01 12:28:22,090 - INFO - Completed analysis for INDUSTOWER: Score=67.5, Recommendation=BUY
2025-09-01 12:28:22,178 - INFO - Enhanced technical analysis completed for INDUSINDBK: 52 fields
2025-09-01 12:28:22,234 - INFO - Comprehensive data extracted for NAUKRI
2025-09-01 12:28:22,234 - INFO - Fundamental analysis completed for NAUKRI: 58 fields
2025-09-01 12:28:22,269 - INFO - Completed analysis for INDUSINDBK: Score=35.3, Recommendation=SELL
2025-09-01 12:28:22,516 - INFO - Enhanced technical analysis completed for NAUKRI: 52 fields
2025-09-01 12:28:22,587 - INFO - Completed analysis for NAUKRI: Score=52.2, Recommendation=HOLD
2025-09-01 12:28:22,985 - INFO - Comprehensive data extracted for INFY
2025-09-01 12:28:22,987 - INFO - Fundamental analysis completed for INFY: 58 fields
2025-09-01 12:28:23,103 - INFO - Comprehensive data extracted for INDIGO
2025-09-01 12:28:23,103 - INFO - Fundamental analysis completed for INDIGO: 58 fields
2025-09-01 12:28:23,276 - INFO - Enhanced technical analysis completed for INDIGO: 52 fields
2025-09-01 12:28:23,330 - INFO - Completed analysis for INDIGO: Score=29.2, Recommendation=SELL
2025-09-01 12:28:23,455 - INFO - Enhanced technical analysis completed for INFY: 52 fields
2025-09-01 12:28:23,524 - INFO - Completed analysis for INFY: Score=67.1, Recommendation=BUY
2025-09-01 12:28:29,215 - INFO - Comprehensive data extracted for JSWSTEEL
2025-09-01 12:28:29,215 - INFO - Fundamental analysis completed for JSWSTEEL: 58 fields
2025-09-01 12:28:29,292 - INFO - Comprehensive data extracted for JINDALSTEL
2025-09-01 12:28:29,295 - INFO - Fundamental analysis completed for JINDALSTEL: 58 fields
2025-09-01 12:28:29,381 - INFO - Comprehensive data extracted for JSWENERGY
2025-09-01 12:28:29,406 - INFO - Fundamental analysis completed for JSWENERGY: 58 fields
2025-09-01 12:28:29,420 - INFO - Enhanced technical analysis completed for JSWSTEEL: 52 fields
2025-09-01 12:28:29,483 - INFO - Completed analysis for JSWSTEEL: Score=39.1, Recommendation=SELL
2025-09-01 12:28:29,602 - INFO - Enhanced technical analysis completed for JINDALSTEL: 52 fields
2025-09-01 12:28:29,633 - INFO - Enhanced technical analysis completed for JSWENERGY: 52 fields
2025-09-01 12:28:29,687 - INFO - Completed analysis for JINDALSTEL: Score=31.6, Recommendation=SELL
2025-09-01 12:28:29,731 - INFO - Completed analysis for JSWENERGY: Score=51.2, Recommendation=HOLD
2025-09-01 12:28:31,205 - INFO - Comprehensive data extracted for JIOFIN
2025-09-01 12:28:31,205 - INFO - Fundamental analysis completed for JIOFIN: 58 fields
2025-09-01 12:28:31,513 - INFO - Comprehensive data extracted for JUBLFOOD
2025-09-01 12:28:31,528 - INFO - Fundamental analysis completed for JUBLFOOD: 58 fields
2025-09-01 12:28:31,570 - INFO - Enhanced technical analysis completed for JIOFIN: 52 fields
2025-09-01 12:28:31,620 - INFO - Completed analysis for JIOFIN: Score=44.3, Recommendation=WEAK SELL
2025-09-01 12:28:31,715 - INFO - Enhanced technical analysis completed for JUBLFOOD: 52 fields
2025-09-01 12:28:31,788 - INFO - Completed analysis for JUBLFOOD: Score=39.6, Recommendation=SELL
2025-09-01 12:28:37,419 - INFO - Comprehensive data extracted for KOTAKBANK
2025-09-01 12:28:37,435 - INFO - Comprehensive data extracted for KPITTECH
2025-09-01 12:28:37,435 - INFO - Fundamental analysis completed for KOTAKBANK: 58 fields
2025-09-01 12:28:37,435 - INFO - Fundamental analysis completed for KPITTECH: 58 fields
2025-09-01 12:28:37,533 - INFO - Comprehensive data extracted for KALYANKJIL
2025-09-01 12:28:37,565 - INFO - Fundamental analysis completed for KALYANKJIL: 58 fields
2025-09-01 12:28:37,688 - INFO - Enhanced technical analysis completed for KOTAKBANK: 52 fields
2025-09-01 12:28:37,688 - INFO - Enhanced technical analysis completed for KPITTECH: 52 fields
2025-09-01 12:28:37,816 - INFO - Completed analysis for KOTAKBANK: Score=63.0, Recommendation=BUY
2025-09-01 12:28:37,816 - INFO - Enhanced technical analysis completed for KALYANKJIL: 52 fields
2025-09-01 12:28:37,832 - INFO - Completed analysis for KPITTECH: Score=36.5, Recommendation=SELL
2025-09-01 12:28:37,874 - INFO - Completed analysis for KALYANKJIL: Score=38.9, Recommendation=SELL
2025-09-01 12:28:38,450 - INFO - Comprehensive data extracted for LICHSGFIN
2025-09-01 12:28:38,450 - INFO - Fundamental analysis completed for LICHSGFIN: 58 fields
2025-09-01 12:28:38,806 - INFO - Enhanced technical analysis completed for LICHSGFIN: 52 fields
2025-09-01 12:28:38,830 - INFO - Comprehensive data extracted for LTF
2025-09-01 12:28:38,830 - INFO - Fundamental analysis completed for LTF: 58 fields
2025-09-01 12:28:38,866 - INFO - Completed analysis for LICHSGFIN: Score=61.8, Recommendation=BUY
2025-09-01 12:28:39,322 - INFO - Enhanced technical analysis completed for LTF: 52 fields
2025-09-01 12:28:39,375 - INFO - Completed analysis for LTF: Score=65.1, Recommendation=BUY
2025-09-01 12:28:44,921 - INFO - Comprehensive data extracted for LICI
2025-09-01 12:28:44,921 - INFO - Fundamental analysis completed for LICI: 58 fields
2025-09-01 12:28:44,980 - INFO - Comprehensive data extracted for LT
2025-09-01 12:28:45,002 - INFO - Fundamental analysis completed for LT: 58 fields
2025-09-01 12:28:45,005 - INFO - Comprehensive data extracted for LTIM
2025-09-01 12:28:45,018 - INFO - Fundamental analysis completed for LTIM: 58 fields
2025-09-01 12:28:45,147 - INFO - Enhanced technical analysis completed for LICI: 52 fields
2025-09-01 12:28:45,248 - INFO - Enhanced technical analysis completed for LTIM: 52 fields
2025-09-01 12:28:45,267 - INFO - Completed analysis for LICI: Score=59.6, Recommendation=HOLD
2025-09-01 12:28:45,310 - INFO - Completed analysis for LTIM: Score=66.3, Recommendation=BUY
2025-09-01 12:28:45,437 - INFO - Enhanced technical analysis completed for LT: 52 fields
2025-09-01 12:28:45,485 - INFO - Completed analysis for LT: Score=41.3, Recommendation=WEAK SELL
2025-09-01 12:28:45,648 - INFO - Comprehensive data extracted for LODHA
2025-09-01 12:28:45,648 - INFO - Fundamental analysis completed for LODHA: 58 fields
2025-09-01 12:28:45,972 - INFO - Enhanced technical analysis completed for LODHA: 52 fields
2025-09-01 12:28:46,056 - INFO - Comprehensive data extracted for LUPIN
2025-09-01 12:28:46,059 - INFO - Fundamental analysis completed for LUPIN: 58 fields
2025-09-01 12:28:46,065 - INFO - Completed analysis for LODHA: Score=55.3, Recommendation=HOLD
2025-09-01 12:28:46,362 - INFO - Enhanced technical analysis completed for LUPIN: 52 fields
2025-09-01 12:28:46,414 - INFO - Completed analysis for LUPIN: Score=52.5, Recommendation=HOLD
2025-09-01 12:28:51,945 - INFO - Comprehensive data extracted for M&MFIN
2025-09-01 12:28:51,947 - INFO - Fundamental analysis completed for M&MFIN: 58 fields
2025-09-01 12:28:52,016 - INFO - Comprehensive data extracted for MRF
2025-09-01 12:28:52,016 - INFO - Fundamental analysis completed for MRF: 58 fields
2025-09-01 12:28:52,116 - INFO - Enhanced technical analysis completed for M&MFIN: 52 fields
2025-09-01 12:28:52,167 - INFO - Completed analysis for M&MFIN: Score=66.4, Recommendation=BUY
2025-09-01 12:28:52,537 - INFO - Enhanced technical analysis completed for MRF: 52 fields
2025-09-01 12:28:52,551 - INFO - Comprehensive data extracted for M&M
2025-09-01 12:28:52,553 - INFO - Fundamental analysis completed for M&M: 58 fields
2025-09-01 12:28:52,612 - INFO - Completed analysis for MRF: Score=27.6, Recommendation=SELL
2025-09-01 12:28:52,803 - INFO - Enhanced technical analysis completed for M&M: 52 fields
2025-09-01 12:28:52,865 - INFO - Completed analysis for M&M: Score=54.9, Recommendation=HOLD
2025-09-01 12:28:53,189 - INFO - Comprehensive data extracted for MANKIND
2025-09-01 12:28:53,189 - INFO - Fundamental analysis completed for MANKIND: 58 fields
2025-09-01 12:28:53,357 - INFO - Enhanced technical analysis completed for MANKIND: 52 fields
2025-09-01 12:28:53,398 - INFO - Completed analysis for MANKIND: Score=36.2, Recommendation=SELL
2025-09-01 12:28:54,238 - INFO - Comprehensive data extracted for MARICO
2025-09-01 12:28:54,240 - INFO - Fundamental analysis completed for MARICO: 58 fields
2025-09-01 12:28:54,683 - INFO - Enhanced technical analysis completed for MARICO: 52 fields
2025-09-01 12:28:54,741 - INFO - Completed analysis for MARICO: Score=52.1, Recommendation=HOLD
2025-09-01 12:29:00,428 - INFO - Comprehensive data extracted for MAXHEALTH
2025-09-01 12:29:00,430 - INFO - Fundamental analysis completed for MAXHEALTH: 58 fields
2025-09-01 12:29:00,571 - INFO - Comprehensive data extracted for MFSL
2025-09-01 12:29:00,594 - INFO - Fundamental analysis completed for MFSL: 58 fields
2025-09-01 12:29:00,620 - INFO - Enhanced technical analysis completed for MAXHEALTH: 52 fields
2025-09-01 12:29:00,628 - INFO - Comprehensive data extracted for MARUTI
2025-09-01 12:29:00,630 - INFO - Fundamental analysis completed for MARUTI: 58 fields
2025-09-01 12:29:00,688 - INFO - Completed analysis for MAXHEALTH: Score=47.8, Recommendation=WEAK SELL
2025-09-01 12:29:00,764 - INFO - Enhanced technical analysis completed for MFSL: 52 fields
2025-09-01 12:29:00,807 - INFO - Completed analysis for MFSL: Score=32.9, Recommendation=SELL
2025-09-01 12:29:00,906 - INFO - Enhanced technical analysis completed for MARUTI: 52 fields
2025-09-01 12:29:00,947 - INFO - Completed analysis for MARUTI: Score=56.9, Recommendation=HOLD
2025-09-01 12:29:01,008 - INFO - Comprehensive data extracted for MAZDOCK
2025-09-01 12:29:01,008 - INFO - Fundamental analysis completed for MAZDOCK: 58 fields
2025-09-01 12:29:02,076 - INFO - Enhanced technical analysis completed for MAZDOCK: 52 fields
2025-09-01 12:29:02,123 - INFO - Comprehensive data extracted for MOTILALOFS
2025-09-01 12:29:02,123 - INFO - Fundamental analysis completed for MOTILALOFS: 58 fields
2025-09-01 12:29:02,167 - INFO - Completed analysis for MAZDOCK: Score=44.5, Recommendation=WEAK SELL
2025-09-01 12:29:02,306 - INFO - Enhanced technical analysis completed for MOTILALOFS: 52 fields
2025-09-01 12:29:02,369 - INFO - Completed analysis for MOTILALOFS: Score=56.5, Recommendation=HOLD
2025-09-01 12:29:08,036 - INFO - Comprehensive data extracted for MUTHOOTFIN
2025-09-01 12:29:08,039 - INFO - Fundamental analysis completed for MUTHOOTFIN: 58 fields
2025-09-01 12:29:08,200 - INFO - Enhanced technical analysis completed for MUTHOOTFIN: 52 fields
2025-09-01 12:29:08,250 - INFO - Completed analysis for MUTHOOTFIN: Score=84.4, Recommendation=STRONG BUY
2025-09-01 12:29:08,287 - INFO - Comprehensive data extracted for MPHASIS
2025-09-01 12:29:08,289 - INFO - Fundamental analysis completed for MPHASIS: 58 fields
2025-09-01 12:29:08,448 - INFO - Enhanced technical analysis completed for MPHASIS: 52 fields
2025-09-01 12:29:08,510 - INFO - Completed analysis for MPHASIS: Score=52.6, Recommendation=HOLD
2025-09-01 12:29:08,537 - INFO - Comprehensive data extracted for NHPC
2025-09-01 12:29:08,540 - INFO - Fundamental analysis completed for NHPC: 58 fields
2025-09-01 12:29:08,796 - INFO - Comprehensive data extracted for NMDC
2025-09-01 12:29:08,823 - INFO - Fundamental analysis completed for NMDC: 58 fields
2025-09-01 12:29:08,823 - INFO - Enhanced technical analysis completed for NHPC: 52 fields
2025-09-01 12:29:08,892 - INFO - Completed analysis for NHPC: Score=45.3, Recommendation=WEAK SELL
2025-09-01 12:29:08,987 - INFO - Enhanced technical analysis completed for NMDC: 52 fields
2025-09-01 12:29:09,045 - INFO - Completed analysis for NMDC: Score=62.7, Recommendation=BUY
2025-09-01 12:29:09,097 - INFO - Comprehensive data extracted for NTPCGREEN
2025-09-01 12:29:09,098 - INFO - Fundamental analysis completed for NTPCGREEN: 58 fields
2025-09-01 12:29:09,506 - INFO - Enhanced technical analysis completed for NTPCGREEN: 52 fields
2025-09-01 12:29:09,581 - INFO - Completed analysis for NTPCGREEN: Score=47.3, Recommendation=WEAK SELL
2025-09-01 12:29:15,322 - INFO - Comprehensive data extracted for NATIONALUM
2025-09-01 12:29:15,322 - INFO - Fundamental analysis completed for NATIONALUM: 58 fields
2025-09-01 12:29:15,498 - INFO - Comprehensive data extracted for NESTLEIND
2025-09-01 12:29:15,507 - INFO - Fundamental analysis completed for NESTLEIND: 58 fields
2025-09-01 12:29:15,550 - INFO - Comprehensive data extracted for NTPC
2025-09-01 12:29:15,550 - INFO - Fundamental analysis completed for NTPC: 58 fields
2025-09-01 12:29:15,570 - INFO - Enhanced technical analysis completed for NATIONALUM: 52 fields
2025-09-01 12:29:15,630 - INFO - Completed analysis for NATIONALUM: Score=66.7, Recommendation=BUY
2025-09-01 12:29:15,784 - INFO - Enhanced technical analysis completed for NESTLEIND: 52 fields
2025-09-01 12:29:15,855 - INFO - Enhanced technical analysis completed for NTPC: 52 fields
2025-09-01 12:29:15,899 - INFO - Completed analysis for NESTLEIND: Score=41.0, Recommendation=WEAK SELL
2025-09-01 12:29:15,936 - INFO - Completed analysis for NTPC: Score=37.6, Recommendation=SELL
2025-09-01 12:29:16,455 - INFO - Comprehensive data extracted for OBEROIRLTY
2025-09-01 12:29:16,465 - INFO - Fundamental analysis completed for OBEROIRLTY: 58 fields
2025-09-01 12:29:16,504 - INFO - Comprehensive data extracted for ONGC
2025-09-01 12:29:16,506 - INFO - Fundamental analysis completed for ONGC: 58 fields
2025-09-01 12:29:16,611 - INFO - Enhanced technical analysis completed for OBEROIRLTY: 52 fields
2025-09-01 12:29:16,651 - INFO - Completed analysis for OBEROIRLTY: Score=31.6, Recommendation=SELL
2025-09-01 12:29:16,758 - INFO - Enhanced technical analysis completed for ONGC: 52 fields
2025-09-01 12:29:16,815 - INFO - Completed analysis for ONGC: Score=44.6, Recommendation=WEAK SELL
2025-09-01 12:31:55,805 - INFO - Comprehensive data extracted for OLAELEC
2025-09-01 12:31:55,805 - INFO - Fundamental analysis completed for OLAELEC: 58 fields
2025-09-01 12:31:55,852 - INFO - Comprehensive data extracted for PAYTM
2025-09-01 12:31:55,852 - INFO - Fundamental analysis completed for PAYTM: 58 fields
2025-09-01 12:31:55,923 - INFO - Comprehensive data extracted for OIL
2025-09-01 12:31:55,923 - INFO - Fundamental analysis completed for OIL: 58 fields
2025-09-01 12:31:56,026 - INFO - Enhanced technical analysis completed for OIL: 52 fields
2025-09-01 12:31:56,063 - INFO - Enhanced technical analysis completed for PAYTM: 52 fields
2025-09-01 12:31:56,063 - INFO - Completed analysis for OIL: Score=51.6, Recommendation=HOLD
2025-09-01 12:31:56,088 - INFO - Completed analysis for PAYTM: Score=34.5, Recommendation=SELL
2025-09-01 12:31:56,323 - INFO - Enhanced technical analysis completed for OLAELEC: 52 fields
2025-09-01 12:31:56,399 - INFO - Completed analysis for OLAELEC: Score=35.4, Recommendation=SELL
2025-09-01 12:31:56,828 - INFO - Comprehensive data extracted for POLICYBZR
2025-09-01 12:31:56,828 - INFO - Fundamental analysis completed for POLICYBZR: 58 fields
2025-09-01 12:31:56,963 - INFO - Enhanced technical analysis completed for POLICYBZR: 52 fields
2025-09-01 12:31:56,986 - INFO - Completed analysis for POLICYBZR: Score=45.7, Recommendation=WEAK SELL
2025-09-01 12:31:57,035 - INFO - Comprehensive data extracted for OFSS
2025-09-01 12:31:57,035 - INFO - Fundamental analysis completed for OFSS: 58 fields
2025-09-01 12:31:57,459 - INFO - Enhanced technical analysis completed for OFSS: 52 fields
2025-09-01 12:31:57,483 - INFO - Completed analysis for OFSS: Score=68.8, Recommendation=BUY
2025-09-01 12:32:02,949 - INFO - Comprehensive data extracted for PATANJALI
2025-09-01 12:32:02,949 - INFO - Fundamental analysis completed for PATANJALI: 58 fields
2025-09-01 12:32:03,111 - INFO - Comprehensive data extracted for PIIND
2025-09-01 12:32:03,111 - INFO - Fundamental analysis completed for PIIND: 58 fields
2025-09-01 12:32:03,139 - INFO - Enhanced technical analysis completed for PATANJALI: 52 fields
2025-09-01 12:32:03,189 - INFO - Completed analysis for PATANJALI: Score=29.5, Recommendation=SELL
2025-09-01 12:32:03,376 - INFO - Comprehensive data extracted for PAGEIND
2025-09-01 12:32:03,382 - INFO - Enhanced technical analysis completed for PIIND: 52 fields
2025-09-01 12:32:03,383 - INFO - Fundamental analysis completed for PAGEIND: 58 fields
2025-09-01 12:32:03,423 - INFO - Completed analysis for PIIND: Score=21.4, Recommendation=SELL
2025-09-01 12:32:03,658 - INFO - Enhanced technical analysis completed for PAGEIND: 52 fields
2025-09-01 12:32:03,708 - INFO - Completed analysis for PAGEIND: Score=42.2, Recommendation=WEAK SELL
2025-09-01 12:32:03,940 - INFO - Comprehensive data extracted for PERSISTENT
2025-09-01 12:32:03,944 - INFO - Fundamental analysis completed for PERSISTENT: 58 fields
2025-09-01 12:32:04,426 - INFO - Comprehensive data extracted for PETRONET
2025-09-01 12:32:04,511 - INFO - Fundamental analysis completed for PETRONET: 58 fields
2025-09-01 12:32:04,598 - INFO - Enhanced technical analysis completed for PERSISTENT: 52 fields
2025-09-01 12:32:04,689 - INFO - Completed analysis for PERSISTENT: Score=74.0, Recommendation=STRONG BUY
2025-09-01 12:32:04,712 - INFO - Enhanced technical analysis completed for PETRONET: 52 fields
2025-09-01 12:32:04,757 - INFO - Completed analysis for PETRONET: Score=40.2, Recommendation=WEAK SELL
2025-09-01 12:32:10,234 - INFO - Comprehensive data extracted for PHOENIXLTD
2025-09-01 12:32:10,234 - INFO - Fundamental analysis completed for PHOENIXLTD: 58 fields
2025-09-01 12:32:10,332 - INFO - Comprehensive data extracted for PIDILITIND
2025-09-01 12:32:10,334 - INFO - Fundamental analysis completed for PIDILITIND: 58 fields
2025-09-01 12:32:10,409 - INFO - Enhanced technical analysis completed for PHOENIXLTD: 52 fields
2025-09-01 12:32:10,463 - INFO - Completed analysis for PHOENIXLTD: Score=41.3, Recommendation=WEAK SELL
2025-09-01 12:32:10,551 - INFO - Comprehensive data extracted for POLYCAB
2025-09-01 12:32:10,557 - INFO - Enhanced technical analysis completed for PIDILITIND: 52 fields
2025-09-01 12:32:10,560 - INFO - Fundamental analysis completed for POLYCAB: 58 fields
2025-09-01 12:32:10,611 - INFO - Completed analysis for PIDILITIND: Score=53.9, Recommendation=HOLD
2025-09-01 12:32:10,950 - INFO - Comprehensive data extracted for POWERGRID
2025-09-01 12:32:10,995 - INFO - Comprehensive data extracted for PFC
2025-09-01 12:32:10,996 - INFO - Fundamental analysis completed for POWERGRID: 58 fields
2025-09-01 12:32:10,998 - INFO - Fundamental analysis completed for PFC: 58 fields
2025-09-01 12:32:11,030 - INFO - Enhanced technical analysis completed for POLYCAB: 52 fields
2025-09-01 12:32:11,075 - INFO - Completed analysis for POLYCAB: Score=68.3, Recommendation=BUY
2025-09-01 12:32:11,288 - INFO - Enhanced technical analysis completed for POWERGRID: 52 fields
2025-09-01 12:32:11,358 - INFO - Enhanced technical analysis completed for PFC: 52 fields
2025-09-01 12:32:11,376 - INFO - Completed analysis for POWERGRID: Score=43.0, Recommendation=WEAK SELL
2025-09-01 12:32:11,415 - INFO - Completed analysis for PFC: Score=67.3, Recommendation=BUY
2025-09-01 12:32:16,952 - INFO - Comprehensive data extracted for PRESTIGE
2025-09-01 12:32:16,956 - INFO - Fundamental analysis completed for PRESTIGE: 58 fields
2025-09-01 12:32:17,045 - INFO - Comprehensive data extracted for PNB
2025-09-01 12:32:17,045 - INFO - Fundamental analysis completed for PNB: 58 fields
2025-09-01 12:32:17,194 - INFO - Enhanced technical analysis completed for PRESTIGE: 52 fields
2025-09-01 12:32:17,285 - INFO - Completed analysis for PRESTIGE: Score=36.8, Recommendation=SELL
2025-09-01 12:32:17,315 - INFO - Enhanced technical analysis completed for PNB: 52 fields
2025-09-01 12:32:17,366 - INFO - Completed analysis for PNB: Score=77.8, Recommendation=STRONG BUY
2025-09-01 12:32:18,086 - INFO - Comprehensive data extracted for RVNL
2025-09-01 12:32:18,088 - INFO - Fundamental analysis completed for RVNL: 58 fields
2025-09-01 12:32:18,308 - INFO - Comprehensive data extracted for RECLTD
2025-09-01 12:32:18,331 - INFO - Fundamental analysis completed for RECLTD: 58 fields
2025-09-01 12:32:18,380 - INFO - Enhanced technical analysis completed for RVNL: 52 fields
2025-09-01 12:32:18,434 - INFO - Completed analysis for RVNL: Score=28.6, Recommendation=SELL
2025-09-01 12:32:18,651 - INFO - Enhanced technical analysis completed for RECLTD: 52 fields
2025-09-01 12:32:18,708 - INFO - Completed analysis for RECLTD: Score=67.2, Recommendation=BUY
2025-09-01 12:32:19,961 - INFO - Comprehensive data extracted for PREMIERENE
2025-09-01 12:32:19,969 - INFO - Fundamental analysis completed for PREMIERENE: 58 fields
2025-09-01 12:32:20,121 - INFO - Enhanced technical analysis completed for PREMIERENE: 52 fields
2025-09-01 12:32:20,175 - INFO - Completed analysis for PREMIERENE: Score=48.5, Recommendation=WEAK SELL
2025-09-01 12:32:25,794 - INFO - Comprehensive data extracted for SBILIFE
2025-09-01 12:32:25,794 - INFO - Fundamental analysis completed for SBILIFE: 58 fields
2025-09-01 12:32:25,897 - INFO - Comprehensive data extracted for SBICARD
2025-09-01 12:32:25,897 - INFO - Fundamental analysis completed for SBICARD: 58 fields
2025-09-01 12:32:26,022 - INFO - Comprehensive data extracted for RELIANCE
2025-09-01 12:32:26,031 - INFO - Fundamental analysis completed for RELIANCE: 58 fields
2025-09-01 12:32:26,089 - INFO - Enhanced technical analysis completed for SBILIFE: 52 fields
2025-09-01 12:32:26,143 - INFO - Enhanced technical analysis completed for SBICARD: 52 fields
2025-09-01 12:32:26,194 - INFO - Completed analysis for SBILIFE: Score=61.0, Recommendation=BUY
2025-09-01 12:32:26,205 - INFO - Completed analysis for SBICARD: Score=31.6, Recommendation=SELL
2025-09-01 12:32:26,261 - INFO - Enhanced technical analysis completed for RELIANCE: 52 fields
2025-09-01 12:32:26,325 - INFO - Completed analysis for RELIANCE: Score=49.0, Recommendation=WEAK SELL
2025-09-01 12:32:26,908 - INFO - Comprehensive data extracted for SRF
2025-09-01 12:32:26,908 - INFO - Fundamental analysis completed for SRF: 58 fields
2025-09-01 12:32:27,222 - INFO - Comprehensive data extracted for SJVN
2025-09-01 12:32:27,245 - INFO - Fundamental analysis completed for SJVN: 58 fields
2025-09-01 12:32:27,304 - INFO - Enhanced technical analysis completed for SRF: 52 fields
2025-09-01 12:32:27,363 - INFO - Completed analysis for SRF: Score=43.4, Recommendation=WEAK SELL
2025-09-01 12:32:27,478 - INFO - Enhanced technical analysis completed for SJVN: 52 fields
2025-09-01 12:32:27,523 - INFO - Completed analysis for SJVN: Score=35.7, Recommendation=SELL
2025-09-01 12:32:33,118 - INFO - Comprehensive data extracted for MOTHERSON
2025-09-01 12:32:33,118 - INFO - Fundamental analysis completed for MOTHERSON: 58 fields
2025-09-01 12:32:33,198 - INFO - Comprehensive data extracted for SHRIRAMFIN
2025-09-01 12:32:33,245 - INFO - Comprehensive data extracted for SHREECEM
2025-09-01 12:32:33,263 - INFO - Fundamental analysis completed for SHRIRAMFIN: 58 fields
2025-09-01 12:32:33,263 - INFO - Fundamental analysis completed for SHREECEM: 58 fields
2025-09-01 12:32:33,339 - INFO - Enhanced technical analysis completed for MOTHERSON: 52 fields
2025-09-01 12:32:33,398 - INFO - Completed analysis for MOTHERSON: Score=38.4, Recommendation=SELL
2025-09-01 12:32:33,466 - INFO - Enhanced technical analysis completed for SHRIRAMFIN: 52 fields
2025-09-01 12:32:33,530 - INFO - Completed analysis for SHRIRAMFIN: Score=64.4, Recommendation=BUY
2025-09-01 12:32:33,586 - INFO - Enhanced technical analysis completed for SHREECEM: 52 fields
2025-09-01 12:32:33,642 - INFO - Completed analysis for SHREECEM: Score=35.4, Recommendation=SELL
2025-09-01 12:32:34,181 - INFO - Comprehensive data extracted for SIEMENS
2025-09-01 12:32:34,203 - INFO - Comprehensive data extracted for SOLARINDS
2025-09-01 12:32:34,203 - INFO - Fundamental analysis completed for SIEMENS: 58 fields
2025-09-01 12:32:34,203 - INFO - Fundamental analysis completed for SOLARINDS: 58 fields
2025-09-01 12:32:34,583 - INFO - Enhanced technical analysis completed for SOLARINDS: 52 fields
2025-09-01 12:32:34,595 - INFO - Enhanced technical analysis completed for SIEMENS: 52 fields
2025-09-01 12:32:34,688 - INFO - Completed analysis for SOLARINDS: Score=42.2, Recommendation=WEAK SELL
2025-09-01 12:32:34,692 - INFO - Completed analysis for SIEMENS: Score=27.6, Recommendation=SELL
2025-09-01 12:32:40,382 - INFO - Comprehensive data extracted for SBIN
2025-09-01 12:32:40,386 - INFO - Fundamental analysis completed for SBIN: 58 fields
2025-09-01 12:32:40,455 - INFO - Comprehensive data extracted for SONACOMS
2025-09-01 12:32:40,458 - INFO - Fundamental analysis completed for SONACOMS: 58 fields
2025-09-01 12:32:40,486 - INFO - Comprehensive data extracted for SAIL
2025-09-01 12:32:40,496 - INFO - Fundamental analysis completed for SAIL: 58 fields
2025-09-01 12:32:40,675 - INFO - Enhanced technical analysis completed for SBIN: 52 fields
2025-09-01 12:32:40,826 - INFO - Enhanced technical analysis completed for SONACOMS: 52 fields
2025-09-01 12:32:40,846 - INFO - Completed analysis for SBIN: Score=82.2, Recommendation=STRONG BUY
2025-09-01 12:32:40,878 - INFO - Enhanced technical analysis completed for SAIL: 52 fields
2025-09-01 12:32:40,922 - INFO - Completed analysis for SONACOMS: Score=28.8, Recommendation=SELL
2025-09-01 12:32:40,964 - INFO - Completed analysis for SAIL: Score=50.5, Recommendation=HOLD
2025-09-01 12:32:41,525 - INFO - Comprehensive data extracted for SUNPHARMA
2025-09-01 12:32:41,525 - INFO - Fundamental analysis completed for SUNPHARMA: 58 fields
2025-09-01 12:32:41,614 - INFO - Comprehensive data extracted for SUPREMEIND
2025-09-01 12:32:41,614 - INFO - Fundamental analysis completed for SUPREMEIND: 58 fields
2025-09-01 12:32:41,959 - INFO - Enhanced technical analysis completed for SUNPHARMA: 52 fields
2025-09-01 12:32:41,970 - INFO - Enhanced technical analysis completed for SUPREMEIND: 52 fields
2025-09-01 12:32:42,021 - INFO - Completed analysis for SUPREMEIND: Score=35.1, Recommendation=SELL
2025-09-01 12:32:42,056 - INFO - Completed analysis for SUNPHARMA: Score=25.5, Recommendation=SELL
2025-09-01 12:32:47,546 - INFO - Comprehensive data extracted for SUZLON
2025-09-01 12:32:47,551 - INFO - Fundamental analysis completed for SUZLON: 58 fields
2025-09-01 12:32:47,775 - INFO - Enhanced technical analysis completed for SUZLON: 52 fields
2025-09-01 12:32:47,873 - INFO - Comprehensive data extracted for TVSMOTOR
2025-09-01 12:32:47,878 - INFO - Comprehensive data extracted for SWIGGY
2025-09-01 12:32:47,886 - INFO - Fundamental analysis completed for SWIGGY: 58 fields
2025-09-01 12:32:47,893 - INFO - Fundamental analysis completed for TVSMOTOR: 58 fields
2025-09-01 12:32:47,893 - INFO - Completed analysis for SUZLON: Score=49.8, Recommendation=WEAK SELL
2025-09-01 12:32:48,284 - INFO - Enhanced technical analysis completed for TVSMOTOR: 52 fields
2025-09-01 12:32:48,309 - INFO - Enhanced technical analysis completed for SWIGGY: 52 fields
2025-09-01 12:32:48,353 - INFO - Completed analysis for SWIGGY: Score=46.1, Recommendation=WEAK SELL
2025-09-01 12:32:48,445 - INFO - Completed analysis for TVSMOTOR: Score=46.8, Recommendation=WEAK SELL
2025-09-01 12:32:48,710 - INFO - Comprehensive data extracted for TATACOMM
2025-09-01 12:32:48,710 - INFO - Fundamental analysis completed for TATACOMM: 58 fields
2025-09-01 12:32:48,840 - INFO - Comprehensive data extracted for TCS
2025-09-01 12:32:48,840 - INFO - Fundamental analysis completed for TCS: 58 fields
2025-09-01 12:32:48,990 - INFO - Enhanced technical analysis completed for TATACOMM: 52 fields
2025-09-01 12:32:49,039 - INFO - Completed analysis for TATACOMM: Score=28.0, Recommendation=SELL
2025-09-01 12:32:49,249 - INFO - Enhanced technical analysis completed for TCS: 52 fields
2025-09-01 12:32:49,291 - INFO - Completed analysis for TCS: Score=70.3, Recommendation=STRONG BUY
2025-09-01 12:32:54,830 - INFO - Comprehensive data extracted for TATACONSUM
2025-09-01 12:32:54,830 - INFO - Fundamental analysis completed for TATACONSUM: 58 fields
2025-09-01 12:32:55,038 - INFO - Comprehensive data extracted for TATAELXSI
2025-09-01 12:32:55,038 - INFO - Enhanced technical analysis completed for TATACONSUM: 52 fields
2025-09-01 12:32:55,038 - INFO - Fundamental analysis completed for TATAELXSI: 58 fields
2025-09-01 12:32:55,098 - INFO - Completed analysis for TATACONSUM: Score=30.2, Recommendation=SELL
2025-09-01 12:32:55,305 - INFO - Enhanced technical analysis completed for TATAELXSI: 52 fields
2025-09-01 12:32:55,478 - INFO - Completed analysis for TATAELXSI: Score=25.7, Recommendation=SELL
2025-09-01 12:32:55,614 - INFO - Comprehensive data extracted for TATAPOWER
2025-09-01 12:32:55,614 - INFO - Fundamental analysis completed for TATAPOWER: 58 fields
2025-09-01 12:32:55,713 - INFO - Comprehensive data extracted for TATAMOTORS
2025-09-01 12:32:55,713 - INFO - Fundamental analysis completed for TATAMOTORS: 58 fields
2025-09-01 12:32:55,778 - INFO - Enhanced technical analysis completed for TATAPOWER: 52 fields
2025-09-01 12:32:55,823 - INFO - Completed analysis for TATAPOWER: Score=37.1, Recommendation=SELL
2025-09-01 12:32:56,084 - INFO - Comprehensive data extracted for TATASTEEL
2025-09-01 12:32:56,084 - INFO - Fundamental analysis completed for TATASTEEL: 58 fields
2025-09-01 12:32:56,352 - INFO - Enhanced technical analysis completed for TATAMOTORS: 52 fields
2025-09-01 12:32:56,397 - INFO - Completed analysis for TATAMOTORS: Score=45.4, Recommendation=WEAK SELL
2025-09-01 12:32:56,519 - INFO - Enhanced technical analysis completed for TATASTEEL: 52 fields
2025-09-01 12:32:56,561 - INFO - Completed analysis for TATASTEEL: Score=33.2, Recommendation=SELL
2025-09-01 12:33:02,313 - INFO - Comprehensive data extracted for TITAN
2025-09-01 12:33:02,333 - INFO - Comprehensive data extracted for TECHM
2025-09-01 12:33:02,333 - INFO - Fundamental analysis completed for TITAN: 58 fields
2025-09-01 12:33:02,333 - INFO - Fundamental analysis completed for TECHM: 58 fields
2025-09-01 12:33:02,472 - INFO - Comprehensive data extracted for TATATECH
2025-09-01 12:33:02,494 - INFO - Fundamental analysis completed for TATATECH: 58 fields
2025-09-01 12:33:02,583 - INFO - Enhanced technical analysis completed for TECHM: 52 fields
2025-09-01 12:33:02,644 - INFO - Enhanced technical analysis completed for TITAN: 52 fields
2025-09-01 12:33:02,694 - INFO - Completed analysis for TECHM: Score=45.4, Recommendation=WEAK SELL
2025-09-01 12:33:02,811 - INFO - Enhanced technical analysis completed for TATATECH: 52 fields
2025-09-01 12:33:02,814 - INFO - Completed analysis for TITAN: Score=49.3, Recommendation=WEAK SELL
2025-09-01 12:33:02,861 - INFO - Completed analysis for TATATECH: Score=27.1, Recommendation=SELL
2025-09-01 12:33:03,372 - INFO - Comprehensive data extracted for TORNTPHARM
2025-09-01 12:33:03,378 - INFO - Fundamental analysis completed for TORNTPHARM: 58 fields
2025-09-01 12:33:03,680 - INFO - Comprehensive data extracted for TORNTPOWER
2025-09-01 12:33:03,818 - INFO - Fundamental analysis completed for TORNTPOWER: 58 fields
2025-09-01 12:33:03,859 - INFO - Enhanced technical analysis completed for TORNTPHARM: 52 fields
2025-09-01 12:33:03,910 - INFO - Completed analysis for TORNTPHARM: Score=44.4, Recommendation=WEAK SELL
2025-09-01 12:33:04,005 - INFO - Enhanced technical analysis completed for TORNTPOWER: 52 fields
2025-09-01 12:33:04,044 - INFO - Completed analysis for TORNTPOWER: Score=34.5, Recommendation=SELL
2025-09-01 12:33:09,685 - INFO - Comprehensive data extracted for TRENT
2025-09-01 12:33:09,687 - INFO - Fundamental analysis completed for TRENT: 58 fields
2025-09-01 12:33:09,768 - INFO - Comprehensive data extracted for TIINDIA
2025-09-01 12:33:09,793 - INFO - Fundamental analysis completed for TIINDIA: 58 fields
2025-09-01 12:33:09,863 - INFO - Enhanced technical analysis completed for TRENT: 52 fields
2025-09-01 12:33:09,909 - INFO - Completed analysis for TRENT: Score=41.5, Recommendation=WEAK SELL
2025-09-01 12:33:09,998 - INFO - Enhanced technical analysis completed for TIINDIA: 52 fields
2025-09-01 12:33:10,054 - INFO - Completed analysis for TIINDIA: Score=34.3, Recommendation=SELL
2025-09-01 12:33:10,078 - INFO - Comprehensive data extracted for UPL
2025-09-01 12:33:10,078 - INFO - Fundamental analysis completed for UPL: 58 fields
2025-09-01 12:33:10,332 - INFO - Enhanced technical analysis completed for UPL: 52 fields
2025-09-01 12:33:10,381 - INFO - Completed analysis for UPL: Score=38.4, Recommendation=SELL
2025-09-01 12:33:10,438 - INFO - Comprehensive data extracted for ULTRACEMCO
2025-09-01 12:33:10,440 - INFO - Fundamental analysis completed for ULTRACEMCO: 58 fields
2025-09-01 12:33:10,477 - INFO - Comprehensive data extracted for UNIONBANK
2025-09-01 12:33:10,487 - INFO - Fundamental analysis completed for UNIONBANK: 58 fields
2025-09-01 12:33:10,613 - INFO - Enhanced technical analysis completed for ULTRACEMCO: 52 fields
2025-09-01 12:33:10,711 - INFO - Enhanced technical analysis completed for UNIONBANK: 52 fields
2025-09-01 12:33:10,711 - INFO - Completed analysis for ULTRACEMCO: Score=47.6, Recommendation=WEAK SELL
2025-09-01 12:33:10,761 - INFO - Completed analysis for UNIONBANK: Score=75.5, Recommendation=STRONG BUY
2025-09-01 12:33:16,391 - INFO - Comprehensive data extracted for VBL
2025-09-01 12:33:16,394 - INFO - Fundamental analysis completed for VBL: 58 fields
2025-09-01 12:33:16,420 - INFO - Comprehensive data extracted for UNITDSPR
2025-09-01 12:33:16,429 - INFO - Fundamental analysis completed for UNITDSPR: 58 fields
2025-09-01 12:33:16,553 - INFO - Enhanced technical analysis completed for VBL: 52 fields
2025-09-01 12:33:16,652 - INFO - Completed analysis for VBL: Score=46.8, Recommendation=WEAK SELL
2025-09-01 12:33:16,692 - INFO - Comprehensive data extracted for VEDL
2025-09-01 12:33:16,701 - INFO - Fundamental analysis completed for VEDL: 58 fields
2025-09-01 12:33:16,732 - INFO - Enhanced technical analysis completed for UNITDSPR: 52 fields
2025-09-01 12:33:16,786 - INFO - Completed analysis for UNITDSPR: Score=30.1, Recommendation=SELL
2025-09-01 12:33:16,860 - INFO - Enhanced technical analysis completed for VEDL: 52 fields
2025-09-01 12:33:16,919 - INFO - Completed analysis for VEDL: Score=48.2, Recommendation=WEAK SELL
2025-09-01 12:33:17,295 - INFO - Comprehensive data extracted for VMM
2025-09-01 12:33:17,298 - INFO - Fundamental analysis completed for VMM: 58 fields
2025-09-01 12:33:17,396 - INFO - Comprehensive data extracted for IDEA
2025-09-01 12:33:17,396 - INFO - Fundamental analysis completed for IDEA: 58 fields
2025-09-01 12:33:17,537 - INFO - Enhanced technical analysis completed for IDEA: 52 fields
2025-09-01 12:33:17,587 - INFO - Completed analysis for IDEA: Score=41.8, Recommendation=WEAK SELL
2025-09-01 12:33:17,678 - INFO - Enhanced technical analysis completed for VMM: 52 fields
2025-09-01 12:33:17,720 - INFO - Completed analysis for VMM: Score=46.7, Recommendation=WEAK SELL
2025-09-01 12:33:23,460 - INFO - Comprehensive data extracted for WAAREEENER
2025-09-01 12:33:23,484 - INFO - Comprehensive data extracted for WIPRO
2025-09-01 12:33:23,486 - INFO - Fundamental analysis completed for WAAREEENER: 58 fields
2025-09-01 12:33:23,486 - INFO - Fundamental analysis completed for WIPRO: 58 fields
2025-09-01 12:33:23,568 - INFO - Comprehensive data extracted for VOLTAS
2025-09-01 12:33:23,568 - INFO - Fundamental analysis completed for VOLTAS: 58 fields
2025-09-01 12:33:23,708 - INFO - Enhanced technical analysis completed for WIPRO: 52 fields
2025-09-01 12:33:23,717 - INFO - Enhanced technical analysis completed for WAAREEENER: 52 fields
2025-09-01 12:33:23,836 - INFO - Enhanced technical analysis completed for VOLTAS: 52 fields
2025-09-01 12:33:23,852 - INFO - Completed analysis for WIPRO: Score=77.5, Recommendation=STRONG BUY
2025-09-01 12:33:23,879 - INFO - Completed analysis for WAAREEENER: Score=55.2, Recommendation=HOLD
2025-09-01 12:33:23,917 - INFO - Completed analysis for VOLTAS: Score=37.3, Recommendation=SELL
2025-09-01 12:33:24,268 - INFO - Comprehensive data extracted for YESBANK
2025-09-01 12:33:24,280 - INFO - Fundamental analysis completed for YESBANK: 58 fields
2025-09-01 12:33:24,552 - INFO - Comprehensive data extracted for ZYDUSLIFE
2025-09-01 12:33:24,566 - INFO - Fundamental analysis completed for ZYDUSLIFE: 58 fields
2025-09-01 12:33:24,621 - INFO - Enhanced technical analysis completed for YESBANK: 52 fields
2025-09-01 12:33:24,687 - INFO - Completed analysis for YESBANK: Score=77.4, Recommendation=STRONG BUY
2025-09-01 12:33:24,915 - INFO - Enhanced technical analysis completed for ZYDUSLIFE: 52 fields
2025-09-01 12:33:24,977 - INFO - Completed analysis for ZYDUSLIFE: Score=56.6, Recommendation=HOLD
2025-09-01 12:33:24,985 - INFO - Batch analysis completed: 200 results, 0 failures
2025-09-01 12:33:30,101 - INFO - Comprehensive Excel report saved: reports\Stock_Report_2025-09-01.xlsx
2025-09-01 12:33:30,103 - INFO - Excel report generated: reports\Stock_Report_2025-09-01.xlsx, Size: 390842 bytes
