2025-09-04 13:46:32,212 - INFO - Dynamic NSE Stock Analysis Initialized
2025-09-04 13:46:32,212 - INFO - Risk profile set to: aggressive
2025-09-04 13:46:32,217 - INFO - HIGH-RISK MODE: Profile=aggressive, Growth=True, Momentum=True, MinVol=0.0
2025-09-04 13:46:32,217 - INFO - Using default stock list from stock_list_template.csv
2025-09-04 13:46:32,217 - INFO - Loading stocks from CSV: stock_list_template.csv
2025-09-04 13:46:32,225 - INFO - Loaded 100 stocks with company names
2025-09-04 13:46:32,225 - INFO - Sample stocks: ABB, ADANIENSOL, ADANIENT, ADANIGREEN, ADANIPORTS
2025-09-04 13:46:32,237 - INFO - Starting batch analysis of 100 stocks
2025-09-04 13:46:33,397 - INFO - Comprehensive data extracted for ADANIENT
2025-09-04 13:46:33,407 - INFO - Fundamental analysis completed for ADANIENT: 58 fields
2025-09-04 13:46:33,424 - INFO - Comprehensive data extracted for ADANIENSOL
2025-09-04 13:46:33,430 - INFO - Comprehensive data extracted for ABB
2025-09-04 13:46:33,432 - INFO - Fundamental analysis completed for ADANIENSOL: 58 fields
2025-09-04 13:46:33,432 - INFO - Fundamental analysis completed for ABB: 58 fields
2025-09-04 13:46:33,620 - INFO - Enhanced technical analysis completed for ADANIENSOL: 52 fields
2025-09-04 13:46:33,718 - INFO - Completed analysis for ADANIENSOL: Score=28.8, Recommendation=SELL
2025-09-04 13:46:33,850 - INFO - Enhanced technical analysis completed for ADANIENT: 52 fields
2025-09-04 13:46:33,859 - INFO - Enhanced technical analysis completed for ABB: 52 fields
2025-09-04 13:46:33,960 - INFO - Completed analysis for ADANIENT: Score=27.6, Recommendation=SELL
2025-09-04 13:46:33,975 - INFO - Completed analysis for ABB: Score=55.6, Recommendation=HOLD
2025-09-04 13:46:34,524 - INFO - Comprehensive data extracted for ADANIPORTS
2025-09-04 13:46:34,528 - INFO - Fundamental analysis completed for ADANIPORTS: 58 fields
2025-09-04 13:46:34,738 - INFO - Enhanced technical analysis completed for ADANIPORTS: 52 fields
2025-09-04 13:46:34,796 - INFO - Completed analysis for ADANIPORTS: Score=48.0, Recommendation=WEAK SELL
2025-09-04 13:46:35,788 - INFO - Comprehensive data extracted for ADANIGREEN
2025-09-04 13:46:35,788 - INFO - Fundamental analysis completed for ADANIGREEN: 58 fields
2025-09-04 13:46:35,990 - INFO - Enhanced technical analysis completed for ADANIGREEN: 52 fields
2025-09-04 13:46:36,066 - INFO - Completed analysis for ADANIGREEN: Score=39.4, Recommendation=SELL
2025-09-04 13:46:41,764 - INFO - Comprehensive data extracted for APOLLOHOSP
2025-09-04 13:46:41,766 - INFO - Fundamental analysis completed for APOLLOHOSP: 58 fields
2025-09-04 13:46:41,844 - INFO - Comprehensive data extracted for ADANIPOWER
2025-09-04 13:46:41,853 - INFO - Fundamental analysis completed for ADANIPOWER: 58 fields
2025-09-04 13:46:41,964 - INFO - Enhanced technical analysis completed for APOLLOHOSP: 52 fields
2025-09-04 13:46:42,024 - INFO - Enhanced technical analysis completed for ADANIPOWER: 52 fields
2025-09-04 13:46:42,076 - INFO - Comprehensive data extracted for AMBUJACEM
2025-09-04 13:46:42,078 - INFO - Fundamental analysis completed for AMBUJACEM: 58 fields
2025-09-04 13:46:42,093 - INFO - Completed analysis for APOLLOHOSP: Score=42.8, Recommendation=WEAK SELL
2025-09-04 13:46:42,123 - INFO - Completed analysis for ADANIPOWER: Score=39.3, Recommendation=SELL
2025-09-04 13:46:42,318 - INFO - Enhanced technical analysis completed for AMBUJACEM: 52 fields
2025-09-04 13:46:42,395 - INFO - Completed analysis for AMBUJACEM: Score=49.7, Recommendation=WEAK SELL
2025-09-04 13:46:42,622 - INFO - Comprehensive data extracted for DMART
2025-09-04 13:46:42,639 - INFO - Fundamental analysis completed for DMART: 58 fields
2025-09-04 13:46:42,717 - INFO - Comprehensive data extracted for ASIANPAINT
2025-09-04 13:46:42,720 - INFO - Fundamental analysis completed for ASIANPAINT: 58 fields
2025-09-04 13:46:42,813 - INFO - Enhanced technical analysis completed for DMART: 52 fields
2025-09-04 13:46:42,938 - INFO - Completed analysis for DMART: Score=23.3, Recommendation=SELL
2025-09-04 13:46:42,942 - INFO - Enhanced technical analysis completed for ASIANPAINT: 52 fields
2025-09-04 13:46:43,000 - INFO - Completed analysis for ASIANPAINT: Score=30.0, Recommendation=SELL
2025-09-04 13:46:48,934 - INFO - Comprehensive data extracted for BAJAJ-AUTO
2025-09-04 13:46:48,965 - INFO - Comprehensive data extracted for AXISBANK
2025-09-04 13:46:48,965 - INFO - Fundamental analysis completed for BAJAJ-AUTO: 58 fields
2025-09-04 13:46:48,967 - INFO - Fundamental analysis completed for AXISBANK: 58 fields
2025-09-04 13:46:49,249 - INFO - Enhanced technical analysis completed for BAJAJ-AUTO: 52 fields
2025-09-04 13:46:49,445 - INFO - Enhanced technical analysis completed for AXISBANK: 52 fields
2025-09-04 13:46:49,449 - INFO - Completed analysis for BAJAJ-AUTO: Score=40.4, Recommendation=WEAK SELL
2025-09-04 13:46:49,628 - INFO - Completed analysis for AXISBANK: Score=69.8, Recommendation=BUY (VALUE)
2025-09-04 13:46:50,052 - INFO - Comprehensive data extracted for BAJFINANCE
2025-09-04 13:46:50,057 - INFO - Fundamental analysis completed for BAJFINANCE: 58 fields
2025-09-04 13:46:50,238 - INFO - Comprehensive data extracted for BAJAJFINSV
2025-09-04 13:46:50,269 - INFO - Fundamental analysis completed for BAJAJFINSV: 58 fields
2025-09-04 13:46:50,312 - INFO - Enhanced technical analysis completed for BAJFINANCE: 52 fields
2025-09-04 13:46:50,452 - INFO - Comprehensive data extracted for BAJAJHLDNG
2025-09-04 13:46:50,484 - INFO - Fundamental analysis completed for BAJAJHLDNG: 58 fields
2025-09-04 13:46:50,568 - INFO - Completed analysis for BAJFINANCE: Score=54.4, Recommendation=HOLD
2025-09-04 13:46:50,568 - INFO - Enhanced technical analysis completed for BAJAJFINSV: 52 fields
2025-09-04 13:46:50,704 - INFO - Completed analysis for BAJAJFINSV: Score=56.2, Recommendation=HOLD
2025-09-04 13:46:50,883 - INFO - Enhanced technical analysis completed for BAJAJHLDNG: 52 fields
2025-09-04 13:46:50,947 - INFO - Completed analysis for BAJAJHLDNG: Score=73.9, Recommendation=STRONG BUY (UNDERVALUED)
2025-09-04 13:46:56,546 - INFO - Comprehensive data extracted for BAJAJHFL
2025-09-04 13:46:56,548 - INFO - Fundamental analysis completed for BAJAJHFL: 58 fields
2025-09-04 13:46:56,594 - INFO - Comprehensive data extracted for BANKBARODA
2025-09-04 13:46:56,594 - INFO - Fundamental analysis completed for BANKBARODA: 58 fields
2025-09-04 13:46:56,698 - INFO - Comprehensive data extracted for BEL
2025-09-04 13:46:56,706 - INFO - Fundamental analysis completed for BEL: 58 fields
2025-09-04 13:46:56,752 - INFO - Enhanced technical analysis completed for BAJAJHFL: 52 fields
2025-09-04 13:46:56,809 - INFO - Enhanced technical analysis completed for BANKBARODA: 52 fields
2025-09-04 13:46:56,867 - INFO - Completed analysis for BAJAJHFL: Score=39.7, Recommendation=SELL
2025-09-04 13:46:56,960 - INFO - Enhanced technical analysis completed for BEL: 52 fields
2025-09-04 13:46:56,969 - INFO - Completed analysis for BANKBARODA: Score=73.7, Recommendation=STRONG BUY (UNDERVALUED)
2025-09-04 13:46:57,044 - INFO - Completed analysis for BEL: Score=48.3, Recommendation=WEAK SELL
2025-09-04 13:46:57,420 - INFO - Comprehensive data extracted for BHARTIARTL
2025-09-04 13:46:57,420 - INFO - Fundamental analysis completed for BHARTIARTL: 58 fields
2025-09-04 13:46:57,458 - INFO - Comprehensive data extracted for BPCL
2025-09-04 13:46:57,461 - INFO - Fundamental analysis completed for BPCL: 58 fields
2025-09-04 13:46:57,657 - INFO - Enhanced technical analysis completed for BPCL: 52 fields
2025-09-04 13:46:57,723 - INFO - Completed analysis for BPCL: Score=56.6, Recommendation=HOLD
2025-09-04 13:46:57,794 - INFO - Enhanced technical analysis completed for BHARTIARTL: 52 fields
2025-09-04 13:46:57,854 - INFO - Completed analysis for BHARTIARTL: Score=51.2, Recommendation=HOLD
2025-09-04 13:47:03,499 - INFO - Comprehensive data extracted for BOSCHLTD
2025-09-04 13:47:03,499 - INFO - Fundamental analysis completed for BOSCHLTD: 58 fields
2025-09-04 13:47:03,586 - INFO - Comprehensive data extracted for BRITANNIA
2025-09-04 13:47:03,587 - INFO - Fundamental analysis completed for BRITANNIA: 58 fields
2025-09-04 13:47:03,713 - INFO - Comprehensive data extracted for CGPOWER
2025-09-04 13:47:03,715 - INFO - Fundamental analysis completed for CGPOWER: 58 fields
2025-09-04 13:47:03,790 - INFO - Enhanced technical analysis completed for BRITANNIA: 52 fields
2025-09-04 13:47:03,857 - INFO - Enhanced technical analysis completed for BOSCHLTD: 52 fields
2025-09-04 13:47:03,907 - INFO - Completed analysis for BRITANNIA: Score=37.9, Recommendation=SELL
2025-09-04 13:47:03,979 - INFO - Enhanced technical analysis completed for CGPOWER: 52 fields
2025-09-04 13:47:04,018 - INFO - Completed analysis for BOSCHLTD: Score=45.6, Recommendation=WEAK SELL
2025-09-04 13:47:04,047 - INFO - Completed analysis for CGPOWER: Score=41.2, Recommendation=WEAK SELL
2025-09-04 13:47:04,517 - INFO - Comprehensive data extracted for CHOLAFIN
2025-09-04 13:47:04,521 - INFO - Fundamental analysis completed for CHOLAFIN: 58 fields
2025-09-04 13:47:04,637 - INFO - Comprehensive data extracted for CANBK
2025-09-04 13:47:04,637 - INFO - Fundamental analysis completed for CANBK: 58 fields
2025-09-04 13:47:04,732 - INFO - Enhanced technical analysis completed for CHOLAFIN: 52 fields
2025-09-04 13:47:04,800 - INFO - Completed analysis for CHOLAFIN: Score=43.8, Recommendation=WEAK SELL
2025-09-04 13:47:04,858 - INFO - Enhanced technical analysis completed for CANBK: 52 fields
2025-09-04 13:47:04,937 - INFO - Completed analysis for CANBK: Score=87.5, Recommendation=STRONG BUY (UNDERVALUED)
2025-09-04 13:47:10,703 - INFO - Comprehensive data extracted for DLF
2025-09-04 13:47:10,714 - INFO - Fundamental analysis completed for DLF: 58 fields
2025-09-04 13:47:10,740 - INFO - Comprehensive data extracted for CIPLA
2025-09-04 13:47:10,740 - INFO - Fundamental analysis completed for CIPLA: 58 fields
2025-09-04 13:47:10,776 - INFO - Comprehensive data extracted for COALINDIA
2025-09-04 13:47:10,778 - INFO - Fundamental analysis completed for COALINDIA: 58 fields
2025-09-04 13:47:10,915 - INFO - Enhanced technical analysis completed for DLF: 52 fields
2025-09-04 13:47:11,043 - INFO - Enhanced technical analysis completed for CIPLA: 52 fields
2025-09-04 13:47:11,049 - INFO - Enhanced technical analysis completed for COALINDIA: 52 fields
2025-09-04 13:47:11,091 - INFO - Completed analysis for DLF: Score=44.6, Recommendation=WEAK SELL
2025-09-04 13:47:11,121 - INFO - Completed analysis for COALINDIA: Score=59.0, Recommendation=HOLD
2025-09-04 13:47:11,160 - INFO - Completed analysis for CIPLA: Score=46.3, Recommendation=WEAK SELL
2025-09-04 13:47:11,599 - INFO - Comprehensive data extracted for DABUR
2025-09-04 13:47:11,599 - INFO - Fundamental analysis completed for DABUR: 58 fields
2025-09-04 13:47:11,703 - INFO - Comprehensive data extracted for DIVISLAB
2025-09-04 13:47:11,705 - INFO - Fundamental analysis completed for DIVISLAB: 58 fields
2025-09-04 13:47:11,830 - INFO - Enhanced technical analysis completed for DABUR: 52 fields
2025-09-04 13:47:11,899 - INFO - Completed analysis for DABUR: Score=33.9, Recommendation=SELL
2025-09-04 13:47:12,010 - INFO - Enhanced technical analysis completed for DIVISLAB: 52 fields
2025-09-04 13:47:12,070 - INFO - Completed analysis for DIVISLAB: Score=55.5, Recommendation=HOLD
2025-09-04 13:47:17,670 - INFO - Comprehensive data extracted for ETERNAL
2025-09-04 13:47:17,670 - INFO - Fundamental analysis completed for ETERNAL: 58 fields
2025-09-04 13:47:17,721 - INFO - Comprehensive data extracted for EICHERMOT
2025-09-04 13:47:17,721 - INFO - Fundamental analysis completed for EICHERMOT: 58 fields
2025-09-04 13:47:17,826 - INFO - Enhanced technical analysis completed for ETERNAL: 52 fields
2025-09-04 13:47:17,848 - INFO - Comprehensive data extracted for DRREDDY
2025-09-04 13:47:17,848 - INFO - Fundamental analysis completed for DRREDDY: 58 fields
2025-09-04 13:47:17,889 - INFO - Completed analysis for ETERNAL: Score=31.6, Recommendation=SELL
2025-09-04 13:47:17,959 - INFO - Enhanced technical analysis completed for EICHERMOT: 52 fields
2025-09-04 13:47:18,067 - INFO - Completed analysis for EICHERMOT: Score=38.5, Recommendation=SELL
2025-09-04 13:47:18,069 - INFO - Enhanced technical analysis completed for DRREDDY: 52 fields
2025-09-04 13:47:18,135 - INFO - Completed analysis for DRREDDY: Score=69.8, Recommendation=BUY
2025-09-04 13:47:18,431 - INFO - Comprehensive data extracted for GAIL
2025-09-04 13:47:18,431 - INFO - Fundamental analysis completed for GAIL: 58 fields
2025-09-04 13:47:18,743 - INFO - Enhanced technical analysis completed for GAIL: 52 fields
2025-09-04 13:47:18,809 - INFO - Completed analysis for GAIL: Score=54.9, Recommendation=HOLD
2025-09-04 13:47:18,828 - INFO - Comprehensive data extracted for GODREJCP
2025-09-04 13:47:18,828 - INFO - Fundamental analysis completed for GODREJCP: 58 fields
2025-09-04 13:47:19,021 - INFO - Enhanced technical analysis completed for GODREJCP: 52 fields
2025-09-04 13:47:19,077 - INFO - Completed analysis for GODREJCP: Score=30.4, Recommendation=SELL
2025-09-04 13:47:24,715 - INFO - Comprehensive data extracted for HCLTECH
2025-09-04 13:47:24,716 - INFO - Fundamental analysis completed for HCLTECH: 58 fields
2025-09-04 13:47:24,773 - INFO - Comprehensive data extracted for HDFCBANK
2025-09-04 13:47:24,773 - INFO - Fundamental analysis completed for HDFCBANK: 58 fields
2025-09-04 13:47:24,912 - INFO - Enhanced technical analysis completed for HCLTECH: 52 fields
2025-09-04 13:47:25,005 - INFO - Comprehensive data extracted for GRASIM
2025-09-04 13:47:25,005 - INFO - Fundamental analysis completed for GRASIM: 58 fields
2025-09-04 13:47:25,062 - INFO - Enhanced technical analysis completed for HDFCBANK: 52 fields
2025-09-04 13:47:25,067 - INFO - Completed analysis for HCLTECH: Score=53.3, Recommendation=HOLD
2025-09-04 13:47:25,124 - INFO - Completed analysis for HDFCBANK: Score=65.1, Recommendation=BUY
2025-09-04 13:47:25,372 - INFO - Enhanced technical analysis completed for GRASIM: 52 fields
2025-09-04 13:47:25,437 - INFO - Completed analysis for GRASIM: Score=42.6, Recommendation=WEAK SELL
2025-09-04 13:47:25,755 - INFO - Comprehensive data extracted for HDFCLIFE
2025-09-04 13:47:25,755 - INFO - Fundamental analysis completed for HDFCLIFE: 58 fields
2025-09-04 13:47:25,797 - INFO - Comprehensive data extracted for HAVELLS
2025-09-04 13:47:25,797 - INFO - Fundamental analysis completed for HAVELLS: 58 fields
2025-09-04 13:47:25,922 - INFO - Enhanced technical analysis completed for HDFCLIFE: 52 fields
2025-09-04 13:47:26,005 - INFO - Enhanced technical analysis completed for HAVELLS: 52 fields
2025-09-04 13:47:26,017 - INFO - Completed analysis for HDFCLIFE: Score=41.9, Recommendation=WEAK SELL
2025-09-04 13:47:26,075 - INFO - Completed analysis for HAVELLS: Score=29.7, Recommendation=SELL
2025-09-04 13:47:31,982 - INFO - Comprehensive data extracted for HINDALCO
2025-09-04 13:47:31,984 - INFO - Fundamental analysis completed for HINDALCO: 58 fields
2025-09-04 13:47:32,054 - INFO - Comprehensive data extracted for HEROMOTOCO
2025-09-04 13:47:32,066 - INFO - Fundamental analysis completed for HEROMOTOCO: 58 fields
2025-09-04 13:47:32,177 - INFO - Enhanced technical analysis completed for HINDALCO: 52 fields
2025-09-04 13:47:32,229 - INFO - Completed analysis for HINDALCO: Score=75.6, Recommendation=STRONG BUY (UNDERVALUED)
2025-09-04 13:47:32,309 - INFO - Enhanced technical analysis completed for HEROMOTOCO: 52 fields
2025-09-04 13:47:32,357 - INFO - Completed analysis for HEROMOTOCO: Score=43.8, Recommendation=WEAK SELL
2025-09-04 13:47:32,630 - INFO - Comprehensive data extracted for HINDUNILVR
2025-09-04 13:47:32,632 - INFO - Fundamental analysis completed for HINDUNILVR: 58 fields
2025-09-04 13:47:32,934 - INFO - Comprehensive data extracted for HAL
2025-09-04 13:47:32,950 - INFO - Fundamental analysis completed for HAL: 58 fields
2025-09-04 13:47:32,996 - INFO - Enhanced technical analysis completed for HINDUNILVR: 52 fields
2025-09-04 13:47:33,024 - INFO - Comprehensive data extracted for HYUNDAI
2025-09-04 13:47:33,024 - INFO - Fundamental analysis completed for HYUNDAI: 58 fields
2025-09-04 13:47:33,071 - INFO - Completed analysis for HINDUNILVR: Score=32.9, Recommendation=SELL
2025-09-04 13:47:33,155 - INFO - Enhanced technical analysis completed for HYUNDAI: 52 fields
2025-09-04 13:47:33,221 - INFO - Enhanced technical analysis completed for HAL: 52 fields
2025-09-04 13:47:33,258 - INFO - Completed analysis for HYUNDAI: Score=29.7, Recommendation=SELL
2025-09-04 13:47:33,295 - INFO - Completed analysis for HAL: Score=51.8, Recommendation=HOLD
2025-09-04 13:47:38,644 - INFO - Comprehensive data extracted for ICICIBANK
2025-09-04 13:47:38,650 - INFO - Fundamental analysis completed for ICICIBANK: 58 fields
2025-09-04 13:47:38,856 - INFO - Comprehensive data extracted for ICICIPRULI
2025-09-04 13:47:38,890 - INFO - Comprehensive data extracted for ICICIGI
2025-09-04 13:47:38,890 - INFO - Fundamental analysis completed for ICICIPRULI: 58 fields
2025-09-04 13:47:38,951 - INFO - Fundamental analysis completed for ICICIGI: 58 fields
2025-09-04 13:47:38,968 - INFO - Enhanced technical analysis completed for ICICIBANK: 52 fields
2025-09-04 13:47:39,023 - INFO - Completed analysis for ICICIBANK: Score=74.5, Recommendation=STRONG BUY
2025-09-04 13:47:39,236 - INFO - Enhanced technical analysis completed for ICICIGI: 52 fields
2025-09-04 13:47:39,236 - INFO - Enhanced technical analysis completed for ICICIPRULI: 52 fields
2025-09-04 13:47:39,321 - INFO - Completed analysis for ICICIGI: Score=59.3, Recommendation=HOLD
2025-09-04 13:47:39,323 - INFO - Completed analysis for ICICIPRULI: Score=41.1, Recommendation=WEAK SELL
2025-09-04 13:47:39,919 - INFO - Comprehensive data extracted for ITC
2025-09-04 13:47:39,919 - INFO - Fundamental analysis completed for ITC: 58 fields
2025-09-04 13:47:40,085 - INFO - Enhanced technical analysis completed for ITC: 52 fields
2025-09-04 13:47:40,140 - INFO - Completed analysis for ITC: Score=54.9, Recommendation=HOLD
2025-09-04 13:47:40,381 - INFO - Comprehensive data extracted for INDHOTEL
2025-09-04 13:47:40,381 - INFO - Fundamental analysis completed for INDHOTEL: 58 fields
2025-09-04 13:47:40,557 - INFO - Enhanced technical analysis completed for INDHOTEL: 52 fields
2025-09-04 13:47:40,609 - INFO - Completed analysis for INDHOTEL: Score=52.8, Recommendation=HOLD
2025-09-04 13:47:46,227 - INFO - Comprehensive data extracted for IRFC
2025-09-04 13:47:46,262 - INFO - Comprehensive data extracted for IOC
2025-09-04 13:47:46,262 - INFO - Fundamental analysis completed for IRFC: 58 fields
2025-09-04 13:47:46,284 - INFO - Comprehensive data extracted for INDUSINDBK
2025-09-04 13:47:46,295 - INFO - Fundamental analysis completed for IOC: 58 fields
2025-09-04 13:47:46,297 - INFO - Fundamental analysis completed for INDUSINDBK: 58 fields
2025-09-04 13:47:46,482 - INFO - Enhanced technical analysis completed for IOC: 52 fields
2025-09-04 13:47:46,525 - INFO - Enhanced technical analysis completed for IRFC: 52 fields
2025-09-04 13:47:46,606 - INFO - Enhanced technical analysis completed for INDUSINDBK: 52 fields
2025-09-04 13:47:46,647 - INFO - Completed analysis for IOC: Score=55.5, Recommendation=HOLD
2025-09-04 13:47:46,659 - INFO - Completed analysis for IRFC: Score=71.2, Recommendation=STRONG BUY
2025-09-04 13:47:46,701 - INFO - Completed analysis for INDUSINDBK: Score=49.4, Recommendation=WEAK SELL
2025-09-04 13:47:47,440 - INFO - Comprehensive data extracted for NAUKRI
2025-09-04 13:47:47,440 - INFO - Fundamental analysis completed for NAUKRI: 58 fields
2025-09-04 13:47:47,494 - INFO - Comprehensive data extracted for INFY
2025-09-04 13:47:47,494 - INFO - Fundamental analysis completed for INFY: 58 fields
2025-09-04 13:47:47,674 - INFO - Enhanced technical analysis completed for NAUKRI: 52 fields
2025-09-04 13:47:47,755 - INFO - Enhanced technical analysis completed for INFY: 52 fields
2025-09-04 13:47:47,770 - INFO - Completed analysis for NAUKRI: Score=47.2, Recommendation=WEAK SELL
2025-09-04 13:47:47,815 - INFO - Completed analysis for INFY: Score=59.3, Recommendation=HOLD
2025-09-04 13:47:53,324 - INFO - Comprehensive data extracted for JSWENERGY
2025-09-04 13:47:53,325 - INFO - Fundamental analysis completed for JSWENERGY: 58 fields
2025-09-04 13:47:53,348 - INFO - Comprehensive data extracted for INDIGO
2025-09-04 13:47:53,357 - INFO - Fundamental analysis completed for INDIGO: 58 fields
2025-09-04 13:47:53,375 - INFO - Comprehensive data extracted for JSWSTEEL
2025-09-04 13:47:53,379 - INFO - Fundamental analysis completed for JSWSTEEL: 58 fields
2025-09-04 13:47:53,664 - INFO - Enhanced technical analysis completed for INDIGO: 52 fields
2025-09-04 13:47:53,698 - INFO - Enhanced technical analysis completed for JSWENERGY: 52 fields
2025-09-04 13:47:53,737 - INFO - Enhanced technical analysis completed for JSWSTEEL: 52 fields
2025-09-04 13:47:53,796 - INFO - Completed analysis for INDIGO: Score=28.3, Recommendation=SELL
2025-09-04 13:47:53,843 - INFO - Completed analysis for JSWENERGY: Score=46.2, Recommendation=WEAK SELL
2025-09-04 13:47:53,864 - INFO - Completed analysis for JSWSTEEL: Score=43.0, Recommendation=WEAK SELL
2025-09-04 13:47:54,437 - INFO - Comprehensive data extracted for JINDALSTEL
2025-09-04 13:47:54,443 - INFO - Fundamental analysis completed for JINDALSTEL: 58 fields
2025-09-04 13:47:54,471 - INFO - Comprehensive data extracted for JIOFIN
2025-09-04 13:47:54,472 - INFO - Fundamental analysis completed for JIOFIN: 58 fields
2025-09-04 13:47:54,597 - INFO - Enhanced technical analysis completed for JIOFIN: 52 fields
2025-09-04 13:47:54,668 - INFO - Completed analysis for JIOFIN: Score=45.4, Recommendation=WEAK SELL
2025-09-04 13:47:54,751 - INFO - Enhanced technical analysis completed for JINDALSTEL: 52 fields
2025-09-04 13:47:54,802 - INFO - Completed analysis for JINDALSTEL: Score=42.4, Recommendation=WEAK SELL
2025-09-04 13:48:00,291 - INFO - Comprehensive data extracted for LT
2025-09-04 13:48:00,291 - INFO - Fundamental analysis completed for LT: 58 fields
2025-09-04 13:48:00,378 - INFO - Comprehensive data extracted for LTIM
2025-09-04 13:48:00,378 - INFO - Fundamental analysis completed for LTIM: 58 fields
2025-09-04 13:48:00,473 - INFO - Enhanced technical analysis completed for LT: 52 fields
2025-09-04 13:48:00,502 - INFO - Comprehensive data extracted for KOTAKBANK
2025-09-04 13:48:00,502 - INFO - Fundamental analysis completed for KOTAKBANK: 58 fields
2025-09-04 13:48:00,554 - INFO - Completed analysis for LT: Score=38.8, Recommendation=SELL
2025-09-04 13:48:00,623 - INFO - Enhanced technical analysis completed for LTIM: 52 fields
2025-09-04 13:48:00,683 - INFO - Completed analysis for LTIM: Score=59.9, Recommendation=HOLD
2025-09-04 13:48:00,764 - INFO - Enhanced technical analysis completed for KOTAKBANK: 52 fields
2025-09-04 13:48:00,804 - INFO - Completed analysis for KOTAKBANK: Score=62.1, Recommendation=BUY
2025-09-04 13:48:01,135 - INFO - Comprehensive data extracted for LODHA
2025-09-04 13:48:01,136 - INFO - Fundamental analysis completed for LODHA: 58 fields
2025-09-04 13:48:01,366 - INFO - Comprehensive data extracted for LICI
2025-09-04 13:48:01,366 - INFO - Fundamental analysis completed for LICI: 58 fields
2025-09-04 13:48:01,592 - INFO - Enhanced technical analysis completed for LODHA: 52 fields
2025-09-04 13:48:01,594 - INFO - Enhanced technical analysis completed for LICI: 52 fields
2025-09-04 13:48:01,647 - INFO - Completed analysis for LODHA: Score=49.1, Recommendation=WEAK SELL
2025-09-04 13:48:01,679 - INFO - Completed analysis for LICI: Score=64.4, Recommendation=BUY (VALUE)
2025-09-04 13:48:07,360 - INFO - Comprehensive data extracted for M&M
2025-09-04 13:48:07,364 - INFO - Fundamental analysis completed for M&M: 58 fields
2025-09-04 13:48:07,393 - INFO - Comprehensive data extracted for MARUTI
2025-09-04 13:48:07,422 - INFO - Comprehensive data extracted for NTPC
2025-09-04 13:48:07,422 - INFO - Fundamental analysis completed for MARUTI: 58 fields
2025-09-04 13:48:07,422 - INFO - Fundamental analysis completed for NTPC: 58 fields
2025-09-04 13:48:07,581 - INFO - Enhanced technical analysis completed for MARUTI: 52 fields
2025-09-04 13:48:07,669 - INFO - Enhanced technical analysis completed for M&M: 52 fields
2025-09-04 13:48:07,757 - INFO - Completed analysis for MARUTI: Score=44.1, Recommendation=WEAK SELL
2025-09-04 13:48:07,757 - INFO - Enhanced technical analysis completed for NTPC: 52 fields
2025-09-04 13:48:07,787 - INFO - Completed analysis for M&M: Score=47.5, Recommendation=WEAK SELL
2025-09-04 13:48:07,829 - INFO - Completed analysis for NTPC: Score=47.7, Recommendation=WEAK SELL
2025-09-04 13:48:08,131 - INFO - Comprehensive data extracted for NESTLEIND
2025-09-04 13:48:08,135 - INFO - Fundamental analysis completed for NESTLEIND: 58 fields
2025-09-04 13:48:08,277 - INFO - Enhanced technical analysis completed for NESTLEIND: 52 fields
2025-09-04 13:48:08,333 - INFO - Completed analysis for NESTLEIND: Score=33.4, Recommendation=SELL
2025-09-04 13:48:08,759 - INFO - Comprehensive data extracted for ONGC
2025-09-04 13:48:08,759 - INFO - Fundamental analysis completed for ONGC: 58 fields
2025-09-04 13:48:09,020 - INFO - Enhanced technical analysis completed for ONGC: 52 fields
2025-09-04 13:48:09,061 - INFO - Completed analysis for ONGC: Score=54.8, Recommendation=HOLD
2025-09-04 13:48:14,632 - INFO - Comprehensive data extracted for PFC
2025-09-04 13:48:14,632 - INFO - Fundamental analysis completed for PFC: 58 fields
2025-09-04 13:48:14,736 - INFO - Comprehensive data extracted for PIDILITIND
2025-09-04 13:48:14,738 - INFO - Fundamental analysis completed for PIDILITIND: 58 fields
2025-09-04 13:48:14,780 - INFO - Comprehensive data extracted for POWERGRID
2025-09-04 13:48:14,805 - INFO - Fundamental analysis completed for POWERGRID: 58 fields
2025-09-04 13:48:14,848 - INFO - Enhanced technical analysis completed for PFC: 52 fields
2025-09-04 13:48:14,924 - INFO - Enhanced technical analysis completed for PIDILITIND: 52 fields
2025-09-04 13:48:14,998 - INFO - Completed analysis for PFC: Score=75.5, Recommendation=STRONG BUY (UNDERVALUED)
2025-09-04 13:48:15,002 - INFO - Completed analysis for PIDILITIND: Score=46.3, Recommendation=WEAK SELL
2025-09-04 13:48:15,100 - INFO - Enhanced technical analysis completed for POWERGRID: 52 fields
2025-09-04 13:48:15,137 - INFO - Completed analysis for POWERGRID: Score=47.2, Recommendation=WEAK SELL
2025-09-04 13:48:15,472 - INFO - Comprehensive data extracted for RECLTD
2025-09-04 13:48:15,472 - INFO - Fundamental analysis completed for RECLTD: 58 fields
2025-09-04 13:48:15,630 - INFO - Enhanced technical analysis completed for RECLTD: 52 fields
2025-09-04 13:48:15,656 - INFO - Comprehensive data extracted for PNB
2025-09-04 13:48:15,657 - INFO - Fundamental analysis completed for PNB: 58 fields
2025-09-04 13:48:15,694 - INFO - Completed analysis for RECLTD: Score=75.4, Recommendation=STRONG BUY (UNDERVALUED)
2025-09-04 13:48:15,971 - INFO - Enhanced technical analysis completed for PNB: 52 fields
2025-09-04 13:48:16,004 - INFO - Completed analysis for PNB: Score=86.9, Recommendation=STRONG BUY (UNDERVALUED)
2025-09-04 13:48:21,563 - INFO - Comprehensive data extracted for SBILIFE
2025-09-04 13:48:21,565 - INFO - Fundamental analysis completed for SBILIFE: 58 fields
2025-09-04 13:48:21,718 - INFO - Enhanced technical analysis completed for SBILIFE: 52 fields
2025-09-04 13:48:21,768 - INFO - Completed analysis for SBILIFE: Score=52.8, Recommendation=HOLD
2025-09-04 13:48:21,832 - INFO - Comprehensive data extracted for RELIANCE
2025-09-04 13:48:21,834 - INFO - Fundamental analysis completed for RELIANCE: 58 fields
2025-09-04 13:48:21,930 - INFO - Comprehensive data extracted for MOTHERSON
2025-09-04 13:48:21,931 - INFO - Fundamental analysis completed for MOTHERSON: 58 fields
2025-09-04 13:48:22,003 - INFO - Enhanced technical analysis completed for RELIANCE: 52 fields
2025-09-04 13:48:22,051 - INFO - Completed analysis for RELIANCE: Score=47.5, Recommendation=WEAK SELL
2025-09-04 13:48:22,142 - INFO - Enhanced technical analysis completed for MOTHERSON: 52 fields
2025-09-04 13:48:22,200 - INFO - Completed analysis for MOTHERSON: Score=36.2, Recommendation=SELL
2025-09-04 13:48:22,312 - INFO - Comprehensive data extracted for SHREECEM
2025-09-04 13:48:22,312 - INFO - Fundamental analysis completed for SHREECEM: 58 fields
2025-09-04 13:48:22,553 - INFO - Enhanced technical analysis completed for SHREECEM: 52 fields
2025-09-04 13:48:22,608 - INFO - Completed analysis for SHREECEM: Score=34.4, Recommendation=SELL
2025-09-04 13:48:23,006 - INFO - Comprehensive data extracted for SHRIRAMFIN
2025-09-04 13:48:23,025 - INFO - Fundamental analysis completed for SHRIRAMFIN: 58 fields
2025-09-04 13:48:23,289 - INFO - Enhanced technical analysis completed for SHRIRAMFIN: 52 fields
2025-09-04 13:48:23,352 - INFO - Completed analysis for SHRIRAMFIN: Score=69.8, Recommendation=BUY (VALUE)
2025-09-04 13:48:29,059 - INFO - Comprehensive data extracted for SUNPHARMA
2025-09-04 13:48:29,059 - INFO - Fundamental analysis completed for SUNPHARMA: 58 fields
2025-09-04 13:48:29,139 - INFO - Comprehensive data extracted for SIEMENS
2025-09-04 13:48:29,139 - INFO - Fundamental analysis completed for SIEMENS: 58 fields
2025-09-04 13:48:29,333 - INFO - Enhanced technical analysis completed for SIEMENS: 52 fields
2025-09-04 13:48:29,391 - INFO - Enhanced technical analysis completed for SUNPHARMA: 52 fields
2025-09-04 13:48:29,478 - INFO - Completed analysis for SIEMENS: Score=29.3, Recommendation=SELL
2025-09-04 13:48:29,482 - INFO - Completed analysis for SUNPHARMA: Score=29.4, Recommendation=SELL
2025-09-04 13:48:29,624 - INFO - Comprehensive data extracted for SBIN
2025-09-04 13:48:29,627 - INFO - Fundamental analysis completed for SBIN: 58 fields
2025-09-04 13:48:29,907 - INFO - Enhanced technical analysis completed for SBIN: 52 fields
2025-09-04 13:48:29,958 - INFO - Completed analysis for SBIN: Score=86.2, Recommendation=STRONG BUY (UNDERVALUED)
2025-09-04 13:48:29,982 - INFO - Comprehensive data extracted for TVSMOTOR
2025-09-04 13:48:29,982 - INFO - Fundamental analysis completed for TVSMOTOR: 58 fields
2025-09-04 13:48:30,060 - INFO - Comprehensive data extracted for SWIGGY
2025-09-04 13:48:30,062 - INFO - Fundamental analysis completed for SWIGGY: 58 fields
2025-09-04 13:48:30,171 - INFO - Enhanced technical analysis completed for SWIGGY: 52 fields
2025-09-04 13:48:30,220 - INFO - Completed analysis for SWIGGY: Score=32.6, Recommendation=SELL
2025-09-04 13:48:30,414 - INFO - Enhanced technical analysis completed for TVSMOTOR: 52 fields
2025-09-04 13:48:30,454 - INFO - Completed analysis for TVSMOTOR: Score=40.1, Recommendation=WEAK SELL
2025-09-04 13:48:35,935 - INFO - Comprehensive data extracted for TCS
2025-09-04 13:48:35,935 - INFO - Fundamental analysis completed for TCS: 58 fields
2025-09-04 13:48:36,226 - INFO - Enhanced technical analysis completed for TCS: 52 fields
2025-09-04 13:48:36,280 - INFO - Completed analysis for TCS: Score=61.3, Recommendation=BUY
2025-09-04 13:48:36,932 - INFO - Comprehensive data extracted for TATAPOWER
2025-09-04 13:48:36,934 - INFO - Fundamental analysis completed for TATAPOWER: 58 fields
2025-09-04 13:48:37,039 - INFO - Comprehensive data extracted for TATACONSUM
2025-09-04 13:48:37,039 - INFO - Fundamental analysis completed for TATACONSUM: 58 fields
2025-09-04 13:48:37,209 - INFO - Enhanced technical analysis completed for TATAPOWER: 52 fields
2025-09-04 13:48:37,282 - INFO - Completed analysis for TATAPOWER: Score=35.3, Recommendation=SELL
2025-09-04 13:48:37,426 - INFO - Enhanced technical analysis completed for TATACONSUM: 52 fields
2025-09-04 13:48:37,484 - INFO - Completed analysis for TATACONSUM: Score=38.2, Recommendation=SELL
2025-09-04 13:48:37,955 - INFO - Comprehensive data extracted for TATASTEEL
2025-09-04 13:48:37,955 - INFO - Fundamental analysis completed for TATASTEEL: 58 fields
2025-09-04 13:48:38,250 - INFO - Enhanced technical analysis completed for TATASTEEL: 52 fields
2025-09-04 13:48:38,318 - INFO - Completed analysis for TATASTEEL: Score=38.9, Recommendation=SELL
2025-09-04 13:48:42,869 - INFO - Comprehensive data extracted for TATAMOTORS
2025-09-04 13:48:42,870 - INFO - Fundamental analysis completed for TATAMOTORS: 58 fields
2025-09-04 13:48:43,066 - INFO - Enhanced technical analysis completed for TATAMOTORS: 52 fields
2025-09-04 13:48:43,167 - INFO - Completed analysis for TATAMOTORS: Score=49.8, Recommendation=WEAK SELL
2025-09-04 13:48:48,738 - INFO - Comprehensive data extracted for TECHM
2025-09-04 13:48:48,739 - INFO - Fundamental analysis completed for TECHM: 58 fields
2025-09-04 13:48:48,970 - INFO - Enhanced technical analysis completed for TECHM: 52 fields
2025-09-04 13:48:49,014 - INFO - Comprehensive data extracted for TITAN
2025-09-04 13:48:49,014 - INFO - Fundamental analysis completed for TITAN: 58 fields
2025-09-04 13:48:49,072 - INFO - Completed analysis for TECHM: Score=40.9, Recommendation=WEAK SELL
2025-09-04 13:48:49,124 - INFO - Comprehensive data extracted for TORNTPHARM
2025-09-04 13:48:49,124 - INFO - Fundamental analysis completed for TORNTPHARM: 58 fields
2025-09-04 13:48:49,365 - INFO - Enhanced technical analysis completed for TORNTPHARM: 52 fields
2025-09-04 13:48:49,365 - INFO - Enhanced technical analysis completed for TITAN: 52 fields
2025-09-04 13:48:49,477 - INFO - Completed analysis for TORNTPHARM: Score=39.8, Recommendation=SELL
2025-09-04 13:48:49,477 - INFO - Completed analysis for TITAN: Score=39.9, Recommendation=SELL
2025-09-04 13:48:49,935 - INFO - Comprehensive data extracted for TRENT
2025-09-04 13:48:49,937 - INFO - Fundamental analysis completed for TRENT: 58 fields
2025-09-04 13:48:50,245 - INFO - Comprehensive data extracted for ULTRACEMCO
2025-09-04 13:48:50,252 - INFO - Fundamental analysis completed for ULTRACEMCO: 58 fields
2025-09-04 13:48:50,395 - INFO - Enhanced technical analysis completed for TRENT: 52 fields
2025-09-04 13:48:50,447 - INFO - Completed analysis for TRENT: Score=39.5, Recommendation=SELL
2025-09-04 13:48:50,531 - INFO - Enhanced technical analysis completed for ULTRACEMCO: 52 fields
2025-09-04 13:48:50,592 - INFO - Completed analysis for ULTRACEMCO: Score=39.0, Recommendation=SELL
2025-09-04 13:48:56,212 - INFO - Comprehensive data extracted for VEDL
2025-09-04 13:48:56,212 - INFO - Fundamental analysis completed for VEDL: 58 fields
2025-09-04 13:48:56,387 - INFO - Enhanced technical analysis completed for VEDL: 52 fields
2025-09-04 13:48:56,456 - INFO - Completed analysis for VEDL: Score=50.3, Recommendation=HOLD
2025-09-04 13:48:56,511 - INFO - Comprehensive data extracted for VBL
2025-09-04 13:48:56,514 - INFO - Fundamental analysis completed for VBL: 58 fields
2025-09-04 13:48:56,618 - INFO - Comprehensive data extracted for UNITDSPR
2025-09-04 13:48:56,620 - INFO - Fundamental analysis completed for UNITDSPR: 58 fields
2025-09-04 13:48:56,764 - INFO - Enhanced technical analysis completed for VBL: 52 fields
2025-09-04 13:48:56,856 - INFO - Completed analysis for VBL: Score=42.9, Recommendation=WEAK SELL
2025-09-04 13:48:56,907 - INFO - Enhanced technical analysis completed for UNITDSPR: 52 fields
2025-09-04 13:48:56,975 - INFO - Completed analysis for UNITDSPR: Score=30.1, Recommendation=SELL
2025-09-04 13:48:57,344 - INFO - Comprehensive data extracted for WIPRO
2025-09-04 13:48:57,346 - INFO - Fundamental analysis completed for WIPRO: 58 fields
2025-09-04 13:48:57,415 - INFO - Comprehensive data extracted for ZYDUSLIFE
2025-09-04 13:48:57,417 - INFO - Fundamental analysis completed for ZYDUSLIFE: 58 fields
2025-09-04 13:48:57,732 - INFO - Enhanced technical analysis completed for WIPRO: 52 fields
2025-09-04 13:48:57,740 - INFO - Enhanced technical analysis completed for ZYDUSLIFE: 52 fields
2025-09-04 13:48:57,841 - INFO - Completed analysis for ZYDUSLIFE: Score=54.0, Recommendation=HOLD
2025-09-04 13:48:57,849 - INFO - Completed analysis for WIPRO: Score=68.2, Recommendation=BUY
2025-09-04 13:48:57,861 - INFO - Batch analysis completed: 100 results, 0 failures
2025-09-04 13:48:58,021 - INFO - Calculated sector rankings for 11 sectors
2025-09-04 13:49:20,078 - INFO - Completed risk-return analysis
2025-09-04 13:49:20,120 - INFO - Generated portfolio allocation for 14 stocks
2025-09-04 13:49:24,142 - INFO - Enhanced Excel report generated: reports/Enhanced_Stock_Report_20250904_134920.xlsx, Size: 156142 bytes
