2025-09-04 10:26:09,205 - INFO - Dynamic NSE Stock Analysis Initialized
2025-09-04 10:26:09,205 - INFO - Risk profile set to: aggressive
2025-09-04 10:26:09,207 - INFO - HIGH-RISK MODE: Profile=aggressive, Growth=False, Momentum=False, MinVol=0.0
2025-09-04 10:26:09,208 - INFO - Using default stock list from stock_list_template.csv
2025-09-04 10:26:09,208 - INFO - Loading stocks from CSV: stock_list_template.csv
2025-09-04 10:26:09,213 - INFO - Loaded 200 stocks with company names
2025-09-04 10:26:09,213 - INFO - Sample stocks: ABB, ACC, APLAPOLLO, AUBANK, ADANIENSOL
2025-09-04 10:26:09,232 - INFO - Starting batch analysis of 5 stocks
2025-09-04 10:26:10,659 - INFO - Comprehensive data extracted for APLAPOLLO
2025-09-04 10:26:10,673 - INFO - Fundamental analysis completed for APLAPOLLO: 58 fields
2025-09-04 10:26:10,677 - INFO - Comprehensive data extracted for ABB
2025-09-04 10:26:10,677 - INFO - Fundamental analysis completed for ABB: 58 fields
2025-09-04 10:26:10,858 - INFO - Enhanced technical analysis completed for ABB: 52 fields
2025-09-04 10:26:10,881 - INFO - Comprehensive data extracted for ACC
2025-09-04 10:26:10,887 - INFO - Fundamental analysis completed for ACC: 58 fields
2025-09-04 10:26:10,948 - INFO - Completed analysis for ABB: Score=56.7, Recommendation=HOLD
2025-09-04 10:26:11,122 - INFO - Enhanced technical analysis completed for APLAPOLLO: 52 fields
2025-09-04 10:26:11,173 - INFO - Completed analysis for APLAPOLLO: Score=33.0, Recommendation=SELL
2025-09-04 10:26:11,300 - INFO - Enhanced technical analysis completed for ACC: 52 fields
2025-09-04 10:26:11,347 - INFO - Completed analysis for ACC: Score=66.2, Recommendation=BUY (VALUE)
2025-09-04 10:26:11,550 - INFO - Comprehensive data extracted for AUBANK
2025-09-04 10:26:11,550 - INFO - Fundamental analysis completed for AUBANK: 58 fields
2025-09-04 10:26:11,690 - INFO - Enhanced technical analysis completed for AUBANK: 52 fields
2025-09-04 10:26:11,729 - INFO - Completed analysis for AUBANK: Score=68.0, Recommendation=BUY
2025-09-04 10:26:11,752 - INFO - Comprehensive data extracted for ADANIENSOL
2025-09-04 10:26:11,752 - INFO - Fundamental analysis completed for ADANIENSOL: 58 fields
2025-09-04 10:26:11,974 - INFO - Enhanced technical analysis completed for ADANIENSOL: 52 fields
2025-09-04 10:26:12,005 - INFO - Completed analysis for ADANIENSOL: Score=31.9, Recommendation=SELL
2025-09-04 10:26:12,020 - INFO - Batch analysis completed: 5 results, 0 failures
2025-09-04 10:26:12,054 - INFO - Calculated sector rankings for 4 sectors
2025-09-04 10:26:12,699 - INFO - Completed risk-return analysis
2025-09-04 10:26:12,708 - INFO - Generated portfolio allocation for 1 stocks
2025-09-04 10:26:13,328 - INFO - Enhanced Excel report generated: reports/Enhanced_Stock_Report_20250904_102612.xlsx, Size: 21567 bytes
