2025-09-03 13:45:44,667 - INFO - Top 200 NSE Stock Analysis Initialized
2025-09-03 13:45:44,680 - INFO - Using default stock list from stock_list_template.csv
2025-09-03 13:45:44,683 - INFO - Loading stocks from CSV: stock_list_template.csv
2025-09-03 13:45:44,708 - INFO - Loaded 200 stocks with company names
2025-09-03 13:45:44,708 - INFO - Sample stocks: ABB, ACC, APLAPOLLO, AUBANK, ADANIENSOL
2025-09-03 13:45:44,714 - INFO - Starting batch analysis of 200 stocks
2025-09-03 13:45:46,286 - INFO - Comprehensive data extracted for APLAPOLLO
2025-09-03 13:45:46,286 - INFO - Fundamental analysis completed for APLAPOLLO: 58 fields
2025-09-03 13:45:46,461 - INFO - Enhanced technical analysis completed for APLAPOLLO: 52 fields
2025-09-03 13:45:46,510 - INFO - Completed analysis for APLAPOLLO: Score=30.2, Recommendation=SELL
2025-09-03 13:45:46,645 - INFO - Comprehensive data extracted for ACC
2025-09-03 13:45:46,645 - INFO - Fundamental analysis completed for ACC: 58 fields
2025-09-03 13:45:46,771 - INFO - Comprehensive data extracted for ABB
2025-09-03 13:45:46,771 - INFO - Fundamental analysis completed for ABB: 58 fields
2025-09-03 13:45:46,892 - INFO - Enhanced technical analysis completed for ACC: 52 fields
2025-09-03 13:45:46,926 - INFO - Completed analysis for ACC: Score=68.1, Recommendation=BUY (VALUE)
2025-09-03 13:45:46,957 - INFO - Comprehensive data extracted for AUBANK
2025-09-03 13:45:46,957 - INFO - Fundamental analysis completed for AUBANK: 58 fields
2025-09-03 13:45:47,037 - INFO - Enhanced technical analysis completed for ABB: 52 fields
2025-09-03 13:45:47,085 - INFO - Completed analysis for ABB: Score=56.6, Recommendation=HOLD
2025-09-03 13:45:47,192 - INFO - Enhanced technical analysis completed for AUBANK: 52 fields
2025-09-03 13:45:47,235 - INFO - Completed analysis for AUBANK: Score=64.6, Recommendation=BUY
2025-09-03 13:45:47,493 - INFO - Comprehensive data extracted for ADANIENSOL
2025-09-03 13:45:47,493 - INFO - Fundamental analysis completed for ADANIENSOL: 58 fields
2025-09-03 13:45:47,631 - INFO - Enhanced technical analysis completed for ADANIENSOL: 52 fields
2025-09-03 13:45:47,703 - INFO - Completed analysis for ADANIENSOL: Score=28.4, Recommendation=SELL
2025-09-03 13:45:53,431 - INFO - Comprehensive data extracted for ADANIPORTS
2025-09-03 13:45:53,433 - INFO - Fundamental analysis completed for ADANIPORTS: 58 fields
2025-09-03 13:45:53,508 - INFO - Comprehensive data extracted for ADANIENT
2025-09-03 13:45:53,508 - INFO - Fundamental analysis completed for ADANIENT: 58 fields
2025-09-03 13:45:53,573 - INFO - Comprehensive data extracted for ADANIGREEN
2025-09-03 13:45:53,573 - INFO - Fundamental analysis completed for ADANIGREEN: 58 fields
2025-09-03 13:45:53,694 - INFO - Enhanced technical analysis completed for ADANIPORTS: 52 fields
2025-09-03 13:45:53,863 - INFO - Enhanced technical analysis completed for ADANIENT: 52 fields
2025-09-03 13:45:53,885 - INFO - Completed analysis for ADANIPORTS: Score=49.1, Recommendation=WEAK SELL
2025-09-03 13:45:53,892 - INFO - Enhanced technical analysis completed for ADANIGREEN: 52 fields
2025-09-03 13:45:53,953 - INFO - Completed analysis for ADANIGREEN: Score=43.3, Recommendation=WEAK SELL
2025-09-03 13:45:53,996 - INFO - Completed analysis for ADANIENT: Score=29.6, Recommendation=SELL
2025-09-03 13:45:54,536 - INFO - Comprehensive data extracted for ATGL
2025-09-03 13:45:54,561 - INFO - Comprehensive data extracted for ADANIPOWER
2025-09-03 13:45:54,561 - INFO - Fundamental analysis completed for ATGL: 58 fields
2025-09-03 13:45:54,561 - INFO - Fundamental analysis completed for ADANIPOWER: 58 fields
2025-09-03 13:45:54,717 - INFO - Enhanced technical analysis completed for ADANIPOWER: 52 fields
2025-09-03 13:45:54,865 - INFO - Enhanced technical analysis completed for ATGL: 52 fields
2025-09-03 13:45:54,867 - INFO - Completed analysis for ADANIPOWER: Score=40.7, Recommendation=WEAK SELL
2025-09-03 13:45:54,933 - INFO - Completed analysis for ATGL: Score=33.6, Recommendation=SELL
2025-09-03 13:46:00,726 - INFO - Comprehensive data extracted for ALKEM
2025-09-03 13:46:00,726 - INFO - Fundamental analysis completed for ALKEM: 58 fields
2025-09-03 13:46:00,971 - INFO - Enhanced technical analysis completed for ALKEM: 52 fields
2025-09-03 13:46:01,054 - INFO - Completed analysis for ALKEM: Score=43.5, Recommendation=WEAK SELL
2025-09-03 13:46:01,521 - INFO - Comprehensive data extracted for AMBUJACEM
2025-09-03 13:46:01,523 - INFO - Fundamental analysis completed for AMBUJACEM: 58 fields
2025-09-03 13:46:01,952 - INFO - Enhanced technical analysis completed for AMBUJACEM: 52 fields
2025-09-03 13:46:02,027 - INFO - Completed analysis for AMBUJACEM: Score=50.8, Recommendation=HOLD
2025-09-03 13:46:02,674 - INFO - Comprehensive data extracted for ABFRL
2025-09-03 13:46:02,674 - INFO - Comprehensive data extracted for APOLLOHOSP
2025-09-03 13:46:02,674 - INFO - Fundamental analysis completed for ABFRL: 58 fields
2025-09-03 13:46:02,677 - INFO - Fundamental analysis completed for APOLLOHOSP: 58 fields
2025-09-03 13:46:02,991 - INFO - Enhanced technical analysis completed for APOLLOHOSP: 52 fields
2025-09-03 13:46:03,055 - INFO - Comprehensive data extracted for ABCAPITAL
2025-09-03 13:46:03,055 - INFO - Enhanced technical analysis completed for ABFRL: 52 fields
2025-09-03 13:46:03,058 - INFO - Fundamental analysis completed for ABCAPITAL: 58 fields
2025-09-03 13:46:03,123 - INFO - Completed analysis for APOLLOHOSP: Score=36.1, Recommendation=SELL
2025-09-03 13:46:03,172 - INFO - Completed analysis for ABFRL: Score=29.4, Recommendation=SELL
2025-09-03 13:46:03,320 - INFO - Enhanced technical analysis completed for ABCAPITAL: 52 fields
2025-09-03 13:46:03,388 - INFO - Completed analysis for ABCAPITAL: Score=41.3, Recommendation=WEAK SELL
2025-09-03 13:46:08,805 - INFO - Comprehensive data extracted for ASHOKLEY
2025-09-03 13:46:08,806 - INFO - Fundamental analysis completed for ASHOKLEY: 58 fields
2025-09-03 13:46:08,889 - INFO - Comprehensive data extracted for APOLLOTYRE
2025-09-03 13:46:08,890 - INFO - Fundamental analysis completed for APOLLOTYRE: 58 fields
2025-09-03 13:46:08,973 - INFO - Enhanced technical analysis completed for ASHOKLEY: 52 fields
2025-09-03 13:46:09,013 - INFO - Comprehensive data extracted for ASIANPAINT
2025-09-03 13:46:09,050 - INFO - Fundamental analysis completed for ASIANPAINT: 58 fields
2025-09-03 13:46:09,088 - INFO - Enhanced technical analysis completed for APOLLOTYRE: 52 fields
2025-09-03 13:46:09,135 - INFO - Completed analysis for ASHOKLEY: Score=41.4, Recommendation=WEAK SELL
2025-09-03 13:46:09,165 - INFO - Completed analysis for APOLLOTYRE: Score=31.6, Recommendation=SELL
2025-09-03 13:46:09,223 - INFO - Enhanced technical analysis completed for ASIANPAINT: 52 fields
2025-09-03 13:46:09,273 - INFO - Completed analysis for ASIANPAINT: Score=31.3, Recommendation=SELL
2025-09-03 13:46:09,738 - INFO - Comprehensive data extracted for ASTRAL
2025-09-03 13:46:09,746 - INFO - Fundamental analysis completed for ASTRAL: 58 fields
2025-09-03 13:46:10,138 - INFO - Enhanced technical analysis completed for ASTRAL: 52 fields
2025-09-03 13:46:10,184 - INFO - Completed analysis for ASTRAL: Score=23.6, Recommendation=SELL
2025-09-03 13:46:10,275 - INFO - Comprehensive data extracted for AUROPHARMA
2025-09-03 13:46:10,275 - INFO - Fundamental analysis completed for AUROPHARMA: 58 fields
2025-09-03 13:46:10,538 - INFO - Enhanced technical analysis completed for AUROPHARMA: 52 fields
2025-09-03 13:46:10,605 - INFO - Completed analysis for AUROPHARMA: Score=45.2, Recommendation=WEAK SELL
2025-09-03 13:46:16,091 - INFO - Comprehensive data extracted for AXISBANK
2025-09-03 13:46:16,091 - INFO - Fundamental analysis completed for AXISBANK: 58 fields
2025-09-03 13:46:16,252 - INFO - Comprehensive data extracted for DMART
2025-09-03 13:46:16,252 - INFO - Fundamental analysis completed for DMART: 58 fields
2025-09-03 13:46:16,401 - INFO - Comprehensive data extracted for BSE
2025-09-03 13:46:16,401 - INFO - Enhanced technical analysis completed for AXISBANK: 52 fields
2025-09-03 13:46:16,401 - INFO - Fundamental analysis completed for BSE: 58 fields
2025-09-03 13:46:16,494 - INFO - Enhanced technical analysis completed for DMART: 52 fields
2025-09-03 13:46:16,499 - INFO - Completed analysis for AXISBANK: Score=68.5, Recommendation=BUY (VALUE)
2025-09-03 13:46:16,546 - INFO - Completed analysis for DMART: Score=22.9, Recommendation=SELL
2025-09-03 13:46:16,687 - INFO - Enhanced technical analysis completed for BSE: 52 fields
2025-09-03 13:46:16,734 - INFO - Completed analysis for BSE: Score=61.7, Recommendation=BUY
2025-09-03 13:46:17,079 - INFO - Comprehensive data extracted for BAJFINANCE
2025-09-03 13:46:17,079 - INFO - Fundamental analysis completed for BAJFINANCE: 58 fields
2025-09-03 13:46:17,136 - INFO - Comprehensive data extracted for BAJAJ-AUTO
2025-09-03 13:46:17,136 - INFO - Fundamental analysis completed for BAJAJ-AUTO: 58 fields
2025-09-03 13:46:17,253 - INFO - Enhanced technical analysis completed for BAJAJ-AUTO: 52 fields
2025-09-03 13:46:17,339 - INFO - Completed analysis for BAJAJ-AUTO: Score=38.8, Recommendation=SELL
2025-09-03 13:46:17,367 - INFO - Enhanced technical analysis completed for BAJFINANCE: 52 fields
2025-09-03 13:46:17,407 - INFO - Completed analysis for BAJFINANCE: Score=55.7, Recommendation=HOLD
2025-09-03 13:46:23,027 - INFO - Comprehensive data extracted for BAJAJFINSV
2025-09-03 13:46:23,029 - INFO - Fundamental analysis completed for BAJAJFINSV: 58 fields
2025-09-03 13:46:23,139 - INFO - Comprehensive data extracted for BAJAJHLDNG
2025-09-03 13:46:23,153 - INFO - Fundamental analysis completed for BAJAJHLDNG: 58 fields
2025-09-03 13:46:23,190 - INFO - Enhanced technical analysis completed for BAJAJFINSV: 52 fields
2025-09-03 13:46:23,222 - INFO - Completed analysis for BAJAJFINSV: Score=51.1, Recommendation=HOLD
2025-09-03 13:46:23,290 - INFO - Enhanced technical analysis completed for BAJAJHLDNG: 52 fields
2025-09-03 13:46:23,335 - INFO - Completed analysis for BAJAJHLDNG: Score=72.4, Recommendation=STRONG BUY (UNDERVALUED)
2025-09-03 13:46:23,642 - INFO - Comprehensive data extracted for BANKBARODA
2025-09-03 13:46:23,642 - INFO - Fundamental analysis completed for BANKBARODA: 58 fields
2025-09-03 13:46:23,903 - INFO - Enhanced technical analysis completed for BANKBARODA: 52 fields
2025-09-03 13:46:23,935 - INFO - Completed analysis for BANKBARODA: Score=79.0, Recommendation=STRONG BUY (UNDERVALUED)
2025-09-03 13:46:24,008 - INFO - Comprehensive data extracted for BANDHANBNK
2025-09-03 13:46:24,008 - INFO - Fundamental analysis completed for BANDHANBNK: 58 fields
2025-09-03 13:46:24,051 - INFO - Comprehensive data extracted for BAJAJHFL
2025-09-03 13:46:24,051 - INFO - Fundamental analysis completed for BAJAJHFL: 58 fields
2025-09-03 13:46:24,191 - INFO - Enhanced technical analysis completed for BANDHANBNK: 52 fields
2025-09-03 13:46:24,274 - INFO - Enhanced technical analysis completed for BAJAJHFL: 52 fields
2025-09-03 13:46:24,289 - INFO - Completed analysis for BANDHANBNK: Score=64.7, Recommendation=BUY (VALUE)
2025-09-03 13:46:24,321 - INFO - Completed analysis for BAJAJHFL: Score=39.7, Recommendation=SELL
2025-09-03 13:46:29,993 - INFO - Comprehensive data extracted for BDL
2025-09-03 13:46:29,993 - INFO - Fundamental analysis completed for BDL: 58 fields
2025-09-03 13:46:30,121 - INFO - Enhanced technical analysis completed for BDL: 52 fields
2025-09-03 13:46:30,157 - INFO - Completed analysis for BDL: Score=60.3, Recommendation=BUY
2025-09-03 13:46:30,174 - INFO - Comprehensive data extracted for BANKINDIA
2025-09-03 13:46:30,174 - INFO - Fundamental analysis completed for BANKINDIA: 58 fields
2025-09-03 13:46:30,396 - INFO - Enhanced technical analysis completed for BANKINDIA: 52 fields
2025-09-03 13:46:30,435 - INFO - Completed analysis for BANKINDIA: Score=80.3, Recommendation=STRONG BUY (UNDERVALUED)
2025-09-03 13:46:30,582 - INFO - Comprehensive data extracted for BEL
2025-09-03 13:46:30,582 - INFO - Fundamental analysis completed for BEL: 58 fields
2025-09-03 13:46:30,822 - INFO - Enhanced technical analysis completed for BEL: 52 fields
2025-09-03 13:46:30,857 - INFO - Completed analysis for BEL: Score=53.7, Recommendation=HOLD
2025-09-03 13:46:31,116 - INFO - Comprehensive data extracted for BHARATFORG
2025-09-03 13:46:31,118 - INFO - Fundamental analysis completed for BHARATFORG: 58 fields
2025-09-03 13:46:31,270 - INFO - Enhanced technical analysis completed for BHARATFORG: 52 fields
2025-09-03 13:46:31,309 - INFO - Completed analysis for BHARATFORG: Score=31.3, Recommendation=SELL
2025-09-03 13:46:39,793 - ERROR - $MAHABANK.NS: possibly delisted; no price data found  (period=1y)
2025-09-03 13:46:39,793 - INFO - Comprehensive data extracted for MAHABANK
2025-09-03 13:46:39,793 - INFO - Fundamental analysis completed for MAHABANK: 53 fields
2025-09-03 13:46:49,816 - ERROR - $MAHABANK.NS: possibly delisted; no price data found  (period=6mo)
2025-09-03 13:46:49,818 - WARNING - Enhanced technical analysis failed for MAHABANK
2025-09-03 13:46:59,449 - INFO - Completed analysis for MAHABANK: Score=83.6, Recommendation=STRONG BUY (UNDERVALUED)
2025-09-03 13:47:05,062 - INFO - Comprehensive data extracted for BHEL
2025-09-03 13:47:05,062 - INFO - Fundamental analysis completed for BHEL: 58 fields
2025-09-03 13:47:05,085 - INFO - Comprehensive data extracted for BPCL
2025-09-03 13:47:05,085 - INFO - Fundamental analysis completed for BPCL: 58 fields
2025-09-03 13:47:05,116 - INFO - Comprehensive data extracted for BHARTIARTL
2025-09-03 13:47:05,116 - INFO - Fundamental analysis completed for BHARTIARTL: 58 fields
2025-09-03 13:47:05,250 - INFO - Enhanced technical analysis completed for BHEL: 52 fields
2025-09-03 13:47:05,284 - INFO - Completed analysis for BHEL: Score=30.7, Recommendation=SELL
2025-09-03 13:47:05,372 - INFO - Enhanced technical analysis completed for BPCL: 52 fields
2025-09-03 13:47:05,404 - INFO - Enhanced technical analysis completed for BHARTIARTL: 52 fields
2025-09-03 13:47:05,438 - INFO - Completed analysis for BPCL: Score=58.2, Recommendation=HOLD
2025-09-03 13:47:05,472 - INFO - Completed analysis for BHARTIARTL: Score=50.9, Recommendation=HOLD
2025-09-03 13:47:05,835 - INFO - Comprehensive data extracted for BHARTIHEXA
2025-09-03 13:47:05,835 - INFO - Fundamental analysis completed for BHARTIHEXA: 58 fields
2025-09-03 13:47:05,920 - INFO - Comprehensive data extracted for BIOCON
2025-09-03 13:47:05,921 - INFO - Fundamental analysis completed for BIOCON: 58 fields
2025-09-03 13:47:06,075 - INFO - Enhanced technical analysis completed for BHARTIHEXA: 52 fields
2025-09-03 13:47:06,100 - INFO - Enhanced technical analysis completed for BIOCON: 52 fields
2025-09-03 13:47:06,157 - INFO - Completed analysis for BHARTIHEXA: Score=44.6, Recommendation=WEAK SELL
2025-09-03 13:47:06,157 - INFO - Completed analysis for BIOCON: Score=38.7, Recommendation=SELL
2025-09-03 13:47:12,123 - INFO - Comprehensive data extracted for CGPOWER
2025-09-03 13:47:12,123 - INFO - Fundamental analysis completed for CGPOWER: 58 fields
2025-09-03 13:47:12,492 - INFO - Comprehensive data extracted for BOSCHLTD
2025-09-03 13:47:12,515 - INFO - Fundamental analysis completed for BOSCHLTD: 58 fields
2025-09-03 13:47:12,516 - INFO - Enhanced technical analysis completed for CGPOWER: 52 fields
2025-09-03 13:47:12,538 - INFO - Comprehensive data extracted for BRITANNIA
2025-09-03 13:47:12,540 - INFO - Fundamental analysis completed for BRITANNIA: 58 fields
2025-09-03 13:47:12,625 - INFO - Completed analysis for CGPOWER: Score=39.4, Recommendation=SELL
2025-09-03 13:47:12,766 - INFO - Enhanced technical analysis completed for BOSCHLTD: 52 fields
2025-09-03 13:47:12,800 - INFO - Completed analysis for BOSCHLTD: Score=44.7, Recommendation=WEAK SELL
2025-09-03 13:47:12,904 - INFO - Enhanced technical analysis completed for BRITANNIA: 52 fields
2025-09-03 13:47:12,936 - INFO - Completed analysis for BRITANNIA: Score=36.5, Recommendation=SELL
2025-09-03 13:47:13,276 - INFO - Comprehensive data extracted for CANBK
2025-09-03 13:47:13,278 - INFO - Fundamental analysis completed for CANBK: 58 fields
2025-09-03 13:47:13,508 - INFO - Comprehensive data extracted for CHOLAFIN
2025-09-03 13:47:13,508 - INFO - Fundamental analysis completed for CHOLAFIN: 58 fields
2025-09-03 13:47:13,766 - INFO - Enhanced technical analysis completed for CANBK: 52 fields
2025-09-03 13:47:13,817 - INFO - Completed analysis for CANBK: Score=87.8, Recommendation=STRONG BUY (UNDERVALUED)
2025-09-03 13:47:13,906 - INFO - Enhanced technical analysis completed for CHOLAFIN: 52 fields
2025-09-03 13:47:13,951 - INFO - Completed analysis for CHOLAFIN: Score=38.9, Recommendation=SELL
2025-09-03 13:47:19,661 - INFO - Comprehensive data extracted for COALINDIA
2025-09-03 13:47:19,661 - INFO - Fundamental analysis completed for COALINDIA: 58 fields
2025-09-03 13:47:19,705 - INFO - Comprehensive data extracted for COCHINSHIP
2025-09-03 13:47:19,705 - INFO - Fundamental analysis completed for COCHINSHIP: 58 fields
2025-09-03 13:47:19,803 - INFO - Comprehensive data extracted for CIPLA
2025-09-03 13:47:19,804 - INFO - Fundamental analysis completed for CIPLA: 58 fields
2025-09-03 13:47:19,869 - INFO - Enhanced technical analysis completed for COALINDIA: 52 fields
2025-09-03 13:47:19,935 - INFO - Completed analysis for COALINDIA: Score=56.4, Recommendation=HOLD
2025-09-03 13:47:20,031 - INFO - Enhanced technical analysis completed for COCHINSHIP: 52 fields
2025-09-03 13:47:20,054 - INFO - Enhanced technical analysis completed for CIPLA: 52 fields
2025-09-03 13:47:20,146 - INFO - Completed analysis for COCHINSHIP: Score=42.6, Recommendation=WEAK SELL
2025-09-03 13:47:20,157 - INFO - Completed analysis for CIPLA: Score=44.6, Recommendation=WEAK SELL
2025-09-03 13:47:20,456 - INFO - Comprehensive data extracted for COFORGE
2025-09-03 13:47:20,456 - INFO - Fundamental analysis completed for COFORGE: 58 fields
2025-09-03 13:47:20,671 - INFO - Enhanced technical analysis completed for COFORGE: 52 fields
2025-09-03 13:47:20,683 - INFO - Comprehensive data extracted for COLPAL
2025-09-03 13:47:20,683 - INFO - Fundamental analysis completed for COLPAL: 58 fields
2025-09-03 13:47:20,798 - INFO - Completed analysis for COFORGE: Score=38.9, Recommendation=SELL
2025-09-03 13:47:20,868 - INFO - Enhanced technical analysis completed for COLPAL: 52 fields
2025-09-03 13:47:20,933 - INFO - Completed analysis for COLPAL: Score=28.3, Recommendation=SELL
2025-09-03 13:47:26,648 - INFO - Comprehensive data extracted for DLF
2025-09-03 13:47:26,697 - INFO - Fundamental analysis completed for DLF: 58 fields
2025-09-03 13:47:26,710 - INFO - Comprehensive data extracted for CONCOR
2025-09-03 13:47:26,712 - INFO - Fundamental analysis completed for CONCOR: 58 fields
2025-09-03 13:47:26,746 - INFO - Comprehensive data extracted for CUMMINSIND
2025-09-03 13:47:26,748 - INFO - Fundamental analysis completed for CUMMINSIND: 58 fields
2025-09-03 13:47:27,023 - INFO - Enhanced technical analysis completed for DLF: 52 fields
2025-09-03 13:47:27,118 - INFO - Enhanced technical analysis completed for CONCOR: 52 fields
2025-09-03 13:47:27,195 - INFO - Enhanced technical analysis completed for CUMMINSIND: 52 fields
2025-09-03 13:47:27,266 - INFO - Completed analysis for DLF: Score=44.4, Recommendation=WEAK SELL
2025-09-03 13:47:27,409 - INFO - Completed analysis for CUMMINSIND: Score=54.0, Recommendation=HOLD
2025-09-03 13:47:27,415 - INFO - Completed analysis for CONCOR: Score=36.8, Recommendation=SELL
2025-09-03 13:47:27,997 - INFO - Comprehensive data extracted for DABUR
2025-09-03 13:47:27,997 - INFO - Fundamental analysis completed for DABUR: 58 fields
2025-09-03 13:47:28,208 - INFO - Comprehensive data extracted for DIVISLAB
2025-09-03 13:47:28,209 - INFO - Fundamental analysis completed for DIVISLAB: 58 fields
2025-09-03 13:47:28,401 - INFO - Enhanced technical analysis completed for DABUR: 52 fields
2025-09-03 13:47:28,535 - INFO - Enhanced technical analysis completed for DIVISLAB: 52 fields
2025-09-03 13:47:28,605 - INFO - Completed analysis for DABUR: Score=36.5, Recommendation=SELL
2025-09-03 13:47:28,690 - INFO - Completed analysis for DIVISLAB: Score=56.9, Recommendation=HOLD
2025-09-03 13:47:34,437 - INFO - Comprehensive data extracted for EICHERMOT
2025-09-03 13:47:34,439 - INFO - Fundamental analysis completed for EICHERMOT: 58 fields
2025-09-03 13:47:34,507 - INFO - Comprehensive data extracted for DRREDDY
2025-09-03 13:47:34,508 - INFO - Fundamental analysis completed for DRREDDY: 58 fields
2025-09-03 13:47:34,560 - INFO - Comprehensive data extracted for DIXON
2025-09-03 13:47:34,561 - INFO - Fundamental analysis completed for DIXON: 58 fields
2025-09-03 13:47:34,706 - INFO - Enhanced technical analysis completed for EICHERMOT: 52 fields
2025-09-03 13:47:34,865 - INFO - Enhanced technical analysis completed for DIXON: 52 fields
2025-09-03 13:47:35,005 - INFO - Completed analysis for EICHERMOT: Score=36.6, Recommendation=SELL
2025-09-03 13:47:35,096 - INFO - Enhanced technical analysis completed for DRREDDY: 52 fields
2025-09-03 13:47:35,104 - INFO - Completed analysis for DIXON: Score=41.8, Recommendation=WEAK SELL
2025-09-03 13:47:35,240 - INFO - Completed analysis for DRREDDY: Score=66.5, Recommendation=BUY
2025-09-03 13:47:35,591 - INFO - Comprehensive data extracted for ETERNAL
2025-09-03 13:47:35,591 - INFO - Fundamental analysis completed for ETERNAL: 58 fields
2025-09-03 13:47:35,659 - INFO - Comprehensive data extracted for ESCORTS
2025-09-03 13:47:35,660 - INFO - Fundamental analysis completed for ESCORTS: 58 fields
2025-09-03 13:47:35,904 - INFO - Enhanced technical analysis completed for ETERNAL: 52 fields
2025-09-03 13:47:36,005 - INFO - Completed analysis for ETERNAL: Score=29.6, Recommendation=SELL
2025-09-03 13:47:36,652 - INFO - Enhanced technical analysis completed for ESCORTS: 52 fields
2025-09-03 13:47:36,941 - INFO - Completed analysis for ESCORTS: Score=45.3, Recommendation=WEAK SELL
2025-09-03 13:47:42,603 - INFO - Comprehensive data extracted for FEDERALBNK
2025-09-03 13:47:42,603 - INFO - Fundamental analysis completed for FEDERALBNK: 58 fields
2025-09-03 13:47:42,718 - INFO - Comprehensive data extracted for EXIDEIND
2025-09-03 13:47:42,718 - INFO - Fundamental analysis completed for EXIDEIND: 58 fields
2025-09-03 13:47:42,790 - INFO - Enhanced technical analysis completed for FEDERALBNK: 52 fields
2025-09-03 13:47:42,800 - INFO - Comprehensive data extracted for NYKAA
2025-09-03 13:47:42,800 - INFO - Fundamental analysis completed for NYKAA: 58 fields
2025-09-03 13:47:42,854 - INFO - Completed analysis for FEDERALBNK: Score=71.9, Recommendation=STRONG BUY (UNDERVALUED)
2025-09-03 13:47:42,909 - INFO - Enhanced technical analysis completed for EXIDEIND: 52 fields
2025-09-03 13:47:42,954 - INFO - Enhanced technical analysis completed for NYKAA: 52 fields
2025-09-03 13:47:42,983 - INFO - Completed analysis for EXIDEIND: Score=42.8, Recommendation=WEAK SELL
2025-09-03 13:47:43,026 - INFO - Completed analysis for NYKAA: Score=32.8, Recommendation=SELL
2025-09-03 13:47:43,422 - INFO - Comprehensive data extracted for GMRAIRPORT
2025-09-03 13:47:43,422 - INFO - Fundamental analysis completed for GMRAIRPORT: 58 fields
2025-09-03 13:47:43,487 - INFO - Comprehensive data extracted for GAIL
2025-09-03 13:47:43,488 - INFO - Fundamental analysis completed for GAIL: 58 fields
2025-09-03 13:47:43,554 - INFO - Enhanced technical analysis completed for GMRAIRPORT: 52 fields
2025-09-03 13:47:43,601 - INFO - Completed analysis for GMRAIRPORT: Score=47.7, Recommendation=WEAK SELL
2025-09-03 13:47:43,674 - INFO - Enhanced technical analysis completed for GAIL: 52 fields
2025-09-03 13:47:43,730 - INFO - Completed analysis for GAIL: Score=57.0, Recommendation=HOLD
2025-09-03 13:47:49,326 - INFO - Comprehensive data extracted for GODREJCP
2025-09-03 13:47:49,326 - INFO - Fundamental analysis completed for GODREJCP: 58 fields
2025-09-03 13:47:49,527 - INFO - Enhanced technical analysis completed for GODREJCP: 52 fields
2025-09-03 13:47:49,591 - INFO - Completed analysis for GODREJCP: Score=34.6, Recommendation=SELL
2025-09-03 13:47:49,625 - INFO - Comprehensive data extracted for GLENMARK
2025-09-03 13:47:49,625 - INFO - Fundamental analysis completed for GLENMARK: 58 fields
2025-09-03 13:47:49,825 - INFO - Enhanced technical analysis completed for GLENMARK: 52 fields
2025-09-03 13:47:49,854 - INFO - Comprehensive data extracted for GODREJPROP
2025-09-03 13:47:49,854 - INFO - Fundamental analysis completed for GODREJPROP: 58 fields
2025-09-03 13:47:49,891 - INFO - Completed analysis for GLENMARK: Score=26.8, Recommendation=SELL
2025-09-03 13:47:50,099 - INFO - Comprehensive data extracted for GRASIM
2025-09-03 13:47:50,099 - INFO - Fundamental analysis completed for GRASIM: 58 fields
2025-09-03 13:47:50,296 - INFO - Enhanced technical analysis completed for GRASIM: 52 fields
2025-09-03 13:47:50,355 - INFO - Completed analysis for GRASIM: Score=43.3, Recommendation=WEAK SELL
2025-09-03 13:47:50,441 - INFO - Comprehensive data extracted for HCLTECH
2025-09-03 13:47:50,442 - INFO - Fundamental analysis completed for HCLTECH: 58 fields
2025-09-03 13:47:50,592 - INFO - Enhanced technical analysis completed for GODREJPROP: 52 fields
2025-09-03 13:47:50,639 - INFO - Enhanced technical analysis completed for HCLTECH: 52 fields
2025-09-03 13:47:50,671 - INFO - Completed analysis for GODREJPROP: Score=26.9, Recommendation=SELL
2025-09-03 13:47:50,711 - INFO - Completed analysis for HCLTECH: Score=57.1, Recommendation=HOLD
2025-09-03 13:47:56,351 - INFO - Comprehensive data extracted for HDFCBANK
2025-09-03 13:47:56,351 - INFO - Fundamental analysis completed for HDFCBANK: 58 fields
2025-09-03 13:47:56,377 - INFO - Comprehensive data extracted for HDFCLIFE
2025-09-03 13:47:56,379 - INFO - Fundamental analysis completed for HDFCLIFE: 58 fields
2025-09-03 13:47:56,519 - INFO - Comprehensive data extracted for HDFCAMC
2025-09-03 13:47:56,519 - INFO - Fundamental analysis completed for HDFCAMC: 58 fields
2025-09-03 13:47:56,613 - INFO - Enhanced technical analysis completed for HDFCLIFE: 52 fields
2025-09-03 13:47:56,673 - INFO - Enhanced technical analysis completed for HDFCBANK: 52 fields
2025-09-03 13:47:56,720 - INFO - Completed analysis for HDFCLIFE: Score=43.4, Recommendation=WEAK SELL
2025-09-03 13:47:56,810 - INFO - Completed analysis for HDFCBANK: Score=65.5, Recommendation=BUY
2025-09-03 13:47:56,837 - INFO - Enhanced technical analysis completed for HDFCAMC: 52 fields
2025-09-03 13:47:56,905 - INFO - Completed analysis for HDFCAMC: Score=42.0, Recommendation=WEAK SELL
2025-09-03 13:47:57,253 - INFO - Comprehensive data extracted for HAVELLS
2025-09-03 13:47:57,253 - INFO - Fundamental analysis completed for HAVELLS: 58 fields
2025-09-03 13:47:57,421 - INFO - Comprehensive data extracted for HEROMOTOCO
2025-09-03 13:47:57,421 - INFO - Fundamental analysis completed for HEROMOTOCO: 58 fields
2025-09-03 13:47:57,470 - INFO - Enhanced technical analysis completed for HAVELLS: 52 fields
2025-09-03 13:47:57,537 - INFO - Completed analysis for HAVELLS: Score=33.7, Recommendation=SELL
2025-09-03 13:47:57,658 - INFO - Enhanced technical analysis completed for HEROMOTOCO: 52 fields
2025-09-03 13:47:57,726 - INFO - Completed analysis for HEROMOTOCO: Score=43.2, Recommendation=WEAK SELL
2025-09-03 13:48:03,382 - INFO - Comprehensive data extracted for HINDPETRO
2025-09-03 13:48:03,384 - INFO - Fundamental analysis completed for HINDPETRO: 58 fields
2025-09-03 13:48:03,474 - INFO - Comprehensive data extracted for HAL
2025-09-03 13:48:03,475 - INFO - Fundamental analysis completed for HAL: 58 fields
2025-09-03 13:48:03,529 - INFO - Comprehensive data extracted for HINDALCO
2025-09-03 13:48:03,529 - INFO - Fundamental analysis completed for HINDALCO: 58 fields
2025-09-03 13:48:03,603 - INFO - Enhanced technical analysis completed for HINDPETRO: 52 fields
2025-09-03 13:48:03,655 - INFO - Enhanced technical analysis completed for HAL: 52 fields
2025-09-03 13:48:03,720 - INFO - Completed analysis for HINDPETRO: Score=58.7, Recommendation=HOLD
2025-09-03 13:48:03,739 - INFO - Enhanced technical analysis completed for HINDALCO: 52 fields
2025-09-03 13:48:03,778 - INFO - Completed analysis for HAL: Score=48.8, Recommendation=WEAK SELL
2025-09-03 13:48:03,851 - INFO - Completed analysis for HINDALCO: Score=78.2, Recommendation=STRONG BUY (UNDERVALUED)
2025-09-03 13:48:04,242 - INFO - Comprehensive data extracted for HINDUNILVR
2025-09-03 13:48:04,242 - INFO - Fundamental analysis completed for HINDUNILVR: 58 fields
2025-09-03 13:48:04,393 - INFO - Comprehensive data extracted for HINDZINC
2025-09-03 13:48:04,394 - INFO - Fundamental analysis completed for HINDZINC: 58 fields
2025-09-03 13:48:04,446 - INFO - Enhanced technical analysis completed for HINDUNILVR: 52 fields
2025-09-03 13:48:04,504 - INFO - Completed analysis for HINDUNILVR: Score=35.6, Recommendation=SELL
2025-09-03 13:48:04,604 - INFO - Enhanced technical analysis completed for HINDZINC: 52 fields
2025-09-03 13:48:04,672 - INFO - Completed analysis for HINDZINC: Score=54.6, Recommendation=HOLD
2025-09-03 13:48:10,254 - INFO - Comprehensive data extracted for HYUNDAI
2025-09-03 13:48:10,256 - INFO - Fundamental analysis completed for HYUNDAI: 58 fields
2025-09-03 13:48:10,304 - INFO - Comprehensive data extracted for ICICIBANK
2025-09-03 13:48:10,304 - INFO - Fundamental analysis completed for ICICIBANK: 58 fields
2025-09-03 13:48:10,328 - INFO - Comprehensive data extracted for HUDCO
2025-09-03 13:48:10,328 - INFO - Fundamental analysis completed for HUDCO: 58 fields
2025-09-03 13:48:10,410 - INFO - Enhanced technical analysis completed for HYUNDAI: 52 fields
2025-09-03 13:48:10,535 - INFO - Completed analysis for HYUNDAI: Score=36.3, Recommendation=SELL
2025-09-03 13:48:10,550 - INFO - Enhanced technical analysis completed for ICICIBANK: 52 fields
2025-09-03 13:48:10,577 - INFO - Enhanced technical analysis completed for HUDCO: 52 fields
2025-09-03 13:48:10,628 - INFO - Completed analysis for ICICIBANK: Score=70.9, Recommendation=STRONG BUY
2025-09-03 13:48:10,654 - INFO - Completed analysis for HUDCO: Score=61.6, Recommendation=BUY
2025-09-03 13:48:11,119 - INFO - Comprehensive data extracted for ICICIGI
2025-09-03 13:48:11,120 - INFO - Fundamental analysis completed for ICICIGI: 58 fields
2025-09-03 13:48:11,144 - INFO - Comprehensive data extracted for ICICIPRULI
2025-09-03 13:48:11,144 - INFO - Fundamental analysis completed for ICICIPRULI: 58 fields
2025-09-03 13:48:11,338 - INFO - Enhanced technical analysis completed for ICICIGI: 52 fields
2025-09-03 13:48:11,361 - INFO - Enhanced technical analysis completed for ICICIPRULI: 52 fields
2025-09-03 13:48:11,432 - INFO - Completed analysis for ICICIGI: Score=55.5, Recommendation=HOLD
2025-09-03 13:48:11,444 - INFO - Completed analysis for ICICIPRULI: Score=44.9, Recommendation=WEAK SELL
2025-09-03 13:48:17,005 - INFO - Comprehensive data extracted for IRB
2025-09-03 13:48:17,007 - INFO - Fundamental analysis completed for IRB: 58 fields
2025-09-03 13:48:17,026 - INFO - Comprehensive data extracted for IDFCFIRSTB
2025-09-03 13:48:17,026 - INFO - Fundamental analysis completed for IDFCFIRSTB: 58 fields
2025-09-03 13:48:17,105 - INFO - Comprehensive data extracted for ITC
2025-09-03 13:48:17,106 - INFO - Fundamental analysis completed for ITC: 58 fields
2025-09-03 13:48:17,345 - INFO - Enhanced technical analysis completed for ITC: 52 fields
2025-09-03 13:48:17,439 - INFO - Completed analysis for ITC: Score=53.6, Recommendation=HOLD
2025-09-03 13:48:17,440 - INFO - Enhanced technical analysis completed for IDFCFIRSTB: 52 fields
2025-09-03 13:48:17,496 - INFO - Enhanced technical analysis completed for IRB: 52 fields
2025-09-03 13:48:17,528 - INFO - Completed analysis for IDFCFIRSTB: Score=49.3, Recommendation=WEAK SELL
2025-09-03 13:48:17,555 - INFO - Completed analysis for IRB: Score=63.6, Recommendation=BUY (VALUE)
2025-09-03 13:48:18,068 - INFO - Comprehensive data extracted for INDIANB
2025-09-03 13:48:18,068 - INFO - Fundamental analysis completed for INDIANB: 58 fields
2025-09-03 13:48:18,321 - INFO - Comprehensive data extracted for INDHOTEL
2025-09-03 13:48:18,326 - INFO - Enhanced technical analysis completed for INDIANB: 52 fields
2025-09-03 13:48:18,327 - INFO - Fundamental analysis completed for INDHOTEL: 58 fields
2025-09-03 13:48:18,364 - INFO - Completed analysis for INDIANB: Score=85.9, Recommendation=STRONG BUY (UNDERVALUED)
2025-09-03 13:48:18,559 - INFO - Enhanced technical analysis completed for INDHOTEL: 52 fields
2025-09-03 13:48:18,606 - INFO - Completed analysis for INDHOTEL: Score=51.3, Recommendation=HOLD
2025-09-03 13:48:24,138 - INFO - Comprehensive data extracted for IRFC
2025-09-03 13:48:24,139 - INFO - Fundamental analysis completed for IRFC: 58 fields
2025-09-03 13:48:24,257 - INFO - Enhanced technical analysis completed for IRFC: 52 fields
2025-09-03 13:48:24,295 - INFO - Completed analysis for IRFC: Score=72.7, Recommendation=STRONG BUY
2025-09-03 13:48:24,321 - INFO - Comprehensive data extracted for IOC
2025-09-03 13:48:24,321 - INFO - Fundamental analysis completed for IOC: 58 fields
2025-09-03 13:48:24,406 - INFO - Comprehensive data extracted for IRCTC
2025-09-03 13:48:24,407 - INFO - Fundamental analysis completed for IRCTC: 58 fields
2025-09-03 13:48:24,561 - INFO - Enhanced technical analysis completed for IOC: 52 fields
2025-09-03 13:48:24,641 - INFO - Completed analysis for IOC: Score=59.8, Recommendation=HOLD
2025-09-03 13:48:24,660 - INFO - Enhanced technical analysis completed for IRCTC: 52 fields
2025-09-03 13:48:24,705 - INFO - Completed analysis for IRCTC: Score=37.1, Recommendation=SELL
2025-09-03 13:48:25,070 - INFO - Comprehensive data extracted for IREDA
2025-09-03 13:48:25,086 - INFO - Fundamental analysis completed for IREDA: 58 fields
2025-09-03 13:48:25,167 - INFO - Comprehensive data extracted for IGL
2025-09-03 13:48:25,167 - INFO - Fundamental analysis completed for IGL: 58 fields
2025-09-03 13:48:25,343 - INFO - Enhanced technical analysis completed for IREDA: 52 fields
2025-09-03 13:48:25,355 - INFO - Enhanced technical analysis completed for IGL: 52 fields
2025-09-03 13:48:25,392 - INFO - Completed analysis for IREDA: Score=48.8, Recommendation=WEAK SELL
2025-09-03 13:48:25,425 - INFO - Completed analysis for IGL: Score=57.4, Recommendation=HOLD
2025-09-03 13:48:30,987 - INFO - Comprehensive data extracted for INDUSTOWER
2025-09-03 13:48:30,987 - INFO - Fundamental analysis completed for INDUSTOWER: 58 fields
2025-09-03 13:48:31,026 - INFO - Comprehensive data extracted for NAUKRI
2025-09-03 13:48:31,027 - INFO - Fundamental analysis completed for NAUKRI: 58 fields
2025-09-03 13:48:31,125 - INFO - Enhanced technical analysis completed for INDUSTOWER: 52 fields
2025-09-03 13:48:31,162 - INFO - Completed analysis for INDUSTOWER: Score=65.8, Recommendation=BUY (VALUE)
2025-09-03 13:48:31,266 - INFO - Enhanced technical analysis completed for NAUKRI: 52 fields
2025-09-03 13:48:31,310 - INFO - Completed analysis for NAUKRI: Score=49.4, Recommendation=WEAK SELL
2025-09-03 13:48:31,490 - INFO - Comprehensive data extracted for INDUSINDBK
2025-09-03 13:48:31,490 - INFO - Fundamental analysis completed for INDUSINDBK: 58 fields
2025-09-03 13:48:31,653 - INFO - Enhanced technical analysis completed for INDUSINDBK: 52 fields
2025-09-03 13:48:31,742 - INFO - Completed analysis for INDUSINDBK: Score=53.0, Recommendation=HOLD
2025-09-03 13:48:31,788 - INFO - Comprehensive data extracted for INFY
2025-09-03 13:48:31,788 - INFO - Fundamental analysis completed for INFY: 58 fields
2025-09-03 13:48:31,825 - INFO - Comprehensive data extracted for INDIGO
2025-09-03 13:48:31,825 - INFO - Fundamental analysis completed for INDIGO: 58 fields
2025-09-03 13:48:32,041 - INFO - Enhanced technical analysis completed for INFY: 52 fields
2025-09-03 13:48:32,116 - INFO - Enhanced technical analysis completed for INDIGO: 52 fields
2025-09-03 13:48:32,125 - INFO - Completed analysis for INFY: Score=59.0, Recommendation=HOLD
2025-09-03 13:48:32,161 - INFO - Completed analysis for INDIGO: Score=26.6, Recommendation=SELL
2025-09-03 13:48:37,798 - INFO - Comprehensive data extracted for JINDALSTEL
2025-09-03 13:48:37,798 - INFO - Fundamental analysis completed for JINDALSTEL: 58 fields
2025-09-03 13:48:37,901 - INFO - Comprehensive data extracted for JSWENERGY
2025-09-03 13:48:37,902 - INFO - Fundamental analysis completed for JSWENERGY: 58 fields
2025-09-03 13:48:38,042 - INFO - Enhanced technical analysis completed for JINDALSTEL: 52 fields
2025-09-03 13:48:38,078 - INFO - Completed analysis for JINDALSTEL: Score=35.1, Recommendation=SELL
2025-09-03 13:48:38,128 - INFO - Enhanced technical analysis completed for JSWENERGY: 52 fields
2025-09-03 13:48:38,175 - INFO - Completed analysis for JSWENERGY: Score=46.2, Recommendation=WEAK SELL
2025-09-03 13:48:38,649 - INFO - Comprehensive data extracted for JIOFIN
2025-09-03 13:48:38,651 - INFO - Fundamental analysis completed for JIOFIN: 58 fields
2025-09-03 13:48:38,669 - INFO - Comprehensive data extracted for JSWSTEEL
2025-09-03 13:48:38,669 - INFO - Fundamental analysis completed for JSWSTEEL: 58 fields
2025-09-03 13:48:38,825 - INFO - Comprehensive data extracted for JUBLFOOD
2025-09-03 13:48:38,835 - INFO - Fundamental analysis completed for JUBLFOOD: 58 fields
2025-09-03 13:48:38,876 - INFO - Enhanced technical analysis completed for JIOFIN: 52 fields
2025-09-03 13:48:38,922 - INFO - Enhanced technical analysis completed for JSWSTEEL: 52 fields
2025-09-03 13:48:38,959 - INFO - Completed analysis for JIOFIN: Score=42.2, Recommendation=WEAK SELL
2025-09-03 13:48:38,976 - INFO - Completed analysis for JSWSTEEL: Score=36.9, Recommendation=SELL
2025-09-03 13:48:39,098 - INFO - Enhanced technical analysis completed for JUBLFOOD: 52 fields
2025-09-03 13:48:39,136 - INFO - Completed analysis for JUBLFOOD: Score=38.6, Recommendation=SELL
2025-09-03 13:48:44,792 - INFO - Comprehensive data extracted for KALYANKJIL
2025-09-03 13:48:44,792 - INFO - Fundamental analysis completed for KALYANKJIL: 58 fields
2025-09-03 13:48:44,866 - INFO - Comprehensive data extracted for KPITTECH
2025-09-03 13:48:44,867 - INFO - Fundamental analysis completed for KPITTECH: 58 fields
2025-09-03 13:48:44,896 - INFO - Comprehensive data extracted for KOTAKBANK
2025-09-03 13:48:44,897 - INFO - Fundamental analysis completed for KOTAKBANK: 58 fields
2025-09-03 13:48:45,007 - INFO - Enhanced technical analysis completed for KALYANKJIL: 52 fields
2025-09-03 13:48:45,058 - INFO - Completed analysis for KALYANKJIL: Score=43.3, Recommendation=WEAK SELL
2025-09-03 13:48:45,144 - INFO - Enhanced technical analysis completed for KPITTECH: 52 fields
2025-09-03 13:48:45,174 - INFO - Enhanced technical analysis completed for KOTAKBANK: 52 fields
2025-09-03 13:48:45,206 - INFO - Completed analysis for KPITTECH: Score=34.2, Recommendation=SELL
2025-09-03 13:48:45,238 - INFO - Completed analysis for KOTAKBANK: Score=63.0, Recommendation=BUY
2025-09-03 13:48:45,715 - INFO - Comprehensive data extracted for LICHSGFIN
2025-09-03 13:48:45,715 - INFO - Fundamental analysis completed for LICHSGFIN: 58 fields
2025-09-03 13:48:45,896 - INFO - Comprehensive data extracted for LTF
2025-09-03 13:48:45,896 - INFO - Fundamental analysis completed for LTF: 58 fields
2025-09-03 13:48:45,961 - INFO - Enhanced technical analysis completed for LICHSGFIN: 52 fields
2025-09-03 13:48:45,992 - INFO - Completed analysis for LICHSGFIN: Score=66.8, Recommendation=BUY (VALUE)
2025-09-03 13:48:46,127 - INFO - Enhanced technical analysis completed for LTF: 52 fields
2025-09-03 13:48:46,157 - INFO - Completed analysis for LTF: Score=55.4, Recommendation=HOLD
2025-09-03 13:48:51,863 - INFO - Comprehensive data extracted for LTIM
2025-09-03 13:48:51,863 - INFO - Fundamental analysis completed for LTIM: 58 fields
2025-09-03 13:48:52,017 - INFO - Enhanced technical analysis completed for LTIM: 52 fields
2025-09-03 13:48:52,051 - INFO - Comprehensive data extracted for LT
2025-09-03 13:48:52,051 - INFO - Fundamental analysis completed for LT: 58 fields
2025-09-03 13:48:52,074 - INFO - Completed analysis for LTIM: Score=55.0, Recommendation=HOLD
2025-09-03 13:48:52,323 - INFO - Enhanced technical analysis completed for LT: 52 fields
2025-09-03 13:48:52,372 - INFO - Completed analysis for LT: Score=42.6, Recommendation=WEAK SELL
2025-09-03 13:48:52,696 - INFO - Comprehensive data extracted for LODHA
2025-09-03 13:48:52,696 - INFO - Fundamental analysis completed for LODHA: 58 fields
2025-09-03 13:48:52,934 - INFO - Enhanced technical analysis completed for LODHA: 52 fields
2025-09-03 13:48:52,982 - INFO - Completed analysis for LODHA: Score=48.7, Recommendation=WEAK SELL
2025-09-03 13:48:53,133 - INFO - Comprehensive data extracted for LUPIN
2025-09-03 13:48:53,133 - INFO - Fundamental analysis completed for LUPIN: 58 fields
2025-09-03 13:48:53,374 - INFO - Enhanced technical analysis completed for LUPIN: 52 fields
2025-09-03 13:48:53,421 - INFO - Completed analysis for LUPIN: Score=51.7, Recommendation=HOLD
2025-09-03 13:48:55,786 - INFO - Comprehensive data extracted for LICI
2025-09-03 13:48:55,786 - INFO - Fundamental analysis completed for LICI: 58 fields
2025-09-03 13:48:55,908 - INFO - Enhanced technical analysis completed for LICI: 52 fields
2025-09-03 13:48:55,949 - INFO - Completed analysis for LICI: Score=62.3, Recommendation=BUY (VALUE)
2025-09-03 13:49:01,534 - INFO - Comprehensive data extracted for M&MFIN
2025-09-03 13:49:01,534 - INFO - Fundamental analysis completed for M&MFIN: 58 fields
2025-09-03 13:49:01,574 - INFO - Comprehensive data extracted for MRF
2025-09-03 13:49:01,574 - INFO - Fundamental analysis completed for MRF: 58 fields
2025-09-03 13:49:01,639 - INFO - Comprehensive data extracted for M&M
2025-09-03 13:49:01,639 - INFO - Fundamental analysis completed for M&M: 58 fields
2025-09-03 13:49:01,712 - INFO - Enhanced technical analysis completed for M&MFIN: 52 fields
2025-09-03 13:49:01,809 - INFO - Completed analysis for M&MFIN: Score=68.5, Recommendation=BUY (VALUE)
2025-09-03 13:49:01,873 - INFO - Enhanced technical analysis completed for M&M: 52 fields
2025-09-03 13:49:01,920 - INFO - Enhanced technical analysis completed for MRF: 52 fields
2025-09-03 13:49:01,954 - INFO - Completed analysis for M&M: Score=43.7, Recommendation=WEAK SELL
2025-09-03 13:49:01,993 - INFO - Completed analysis for MRF: Score=32.8, Recommendation=SELL
2025-09-03 13:49:02,499 - INFO - Comprehensive data extracted for MARICO
2025-09-03 13:49:02,499 - INFO - Fundamental analysis completed for MARICO: 58 fields
2025-09-03 13:49:02,590 - INFO - Comprehensive data extracted for MANKIND
2025-09-03 13:49:02,591 - INFO - Fundamental analysis completed for MANKIND: 58 fields
2025-09-03 13:49:02,745 - INFO - Enhanced technical analysis completed for MANKIND: 52 fields
2025-09-03 13:49:02,777 - INFO - Enhanced technical analysis completed for MARICO: 52 fields
2025-09-03 13:49:02,810 - INFO - Completed analysis for MANKIND: Score=38.7, Recommendation=SELL
2025-09-03 13:49:02,840 - INFO - Completed analysis for MARICO: Score=42.1, Recommendation=WEAK SELL
2025-09-03 13:49:08,532 - INFO - Comprehensive data extracted for MAXHEALTH
2025-09-03 13:49:08,532 - INFO - Fundamental analysis completed for MAXHEALTH: 58 fields
2025-09-03 13:49:08,660 - INFO - Enhanced technical analysis completed for MAXHEALTH: 52 fields
2025-09-03 13:49:08,674 - INFO - Comprehensive data extracted for MFSL
2025-09-03 13:49:08,687 - INFO - Fundamental analysis completed for MFSL: 58 fields
2025-09-03 13:49:08,719 - INFO - Completed analysis for MAXHEALTH: Score=43.2, Recommendation=WEAK SELL
2025-09-03 13:49:08,812 - INFO - Comprehensive data extracted for MARUTI
2025-09-03 13:49:08,813 - INFO - Fundamental analysis completed for MARUTI: 58 fields
2025-09-03 13:49:08,924 - INFO - Enhanced technical analysis completed for MFSL: 52 fields
2025-09-03 13:49:08,975 - INFO - Completed analysis for MFSL: Score=17.6, Recommendation=SELL
2025-09-03 13:49:09,027 - INFO - Enhanced technical analysis completed for MARUTI: 52 fields
2025-09-03 13:49:09,072 - INFO - Completed analysis for MARUTI: Score=48.4, Recommendation=WEAK SELL
2025-09-03 13:49:09,357 - INFO - Comprehensive data extracted for MAZDOCK
2025-09-03 13:49:09,358 - INFO - Fundamental analysis completed for MAZDOCK: 58 fields
2025-09-03 13:49:09,469 - INFO - Comprehensive data extracted for MOTILALOFS
2025-09-03 13:49:09,469 - INFO - Fundamental analysis completed for MOTILALOFS: 58 fields
2025-09-03 13:49:09,624 - INFO - Enhanced technical analysis completed for MAZDOCK: 52 fields
2025-09-03 13:49:09,655 - INFO - Enhanced technical analysis completed for MOTILALOFS: 52 fields
2025-09-03 13:49:09,733 - INFO - Completed analysis for MOTILALOFS: Score=52.2, Recommendation=HOLD
2025-09-03 13:49:09,743 - INFO - Completed analysis for MAZDOCK: Score=47.7, Recommendation=WEAK SELL
2025-09-03 13:49:15,274 - INFO - Comprehensive data extracted for NHPC
2025-09-03 13:49:15,275 - INFO - Fundamental analysis completed for NHPC: 58 fields
2025-09-03 13:49:15,337 - INFO - Comprehensive data extracted for MPHASIS
2025-09-03 13:49:15,337 - INFO - Fundamental analysis completed for MPHASIS: 58 fields
2025-09-03 13:49:15,460 - INFO - Enhanced technical analysis completed for NHPC: 52 fields
2025-09-03 13:49:15,521 - INFO - Comprehensive data extracted for MUTHOOTFIN
2025-09-03 13:49:15,521 - INFO - Fundamental analysis completed for MUTHOOTFIN: 58 fields
2025-09-03 13:49:15,627 - INFO - Enhanced technical analysis completed for MPHASIS: 52 fields
2025-09-03 13:49:15,628 - INFO - Completed analysis for NHPC: Score=48.8, Recommendation=WEAK SELL
2025-09-03 13:49:15,756 - INFO - Completed analysis for MPHASIS: Score=46.9, Recommendation=WEAK SELL
2025-09-03 13:49:15,756 - INFO - Enhanced technical analysis completed for MUTHOOTFIN: 52 fields
2025-09-03 13:49:15,838 - INFO - Completed analysis for MUTHOOTFIN: Score=77.9, Recommendation=STRONG BUY
2025-09-03 13:49:16,076 - INFO - Comprehensive data extracted for NMDC
2025-09-03 13:49:16,078 - INFO - Fundamental analysis completed for NMDC: 58 fields
2025-09-03 13:49:16,138 - INFO - Comprehensive data extracted for NTPCGREEN
2025-09-03 13:49:16,138 - INFO - Fundamental analysis completed for NTPCGREEN: 58 fields
2025-09-03 13:49:16,277 - INFO - Enhanced technical analysis completed for NMDC: 52 fields
2025-09-03 13:49:16,339 - INFO - Enhanced technical analysis completed for NTPCGREEN: 52 fields
2025-09-03 13:49:16,373 - INFO - Completed analysis for NMDC: Score=73.0, Recommendation=STRONG BUY (UNDERVALUED)
2025-09-03 13:49:16,394 - INFO - Completed analysis for NTPCGREEN: Score=39.6, Recommendation=SELL
2025-09-03 13:49:22,116 - INFO - Comprehensive data extracted for NESTLEIND
2025-09-03 13:49:22,116 - INFO - Fundamental analysis completed for NESTLEIND: 58 fields
2025-09-03 13:49:22,138 - INFO - Comprehensive data extracted for NATIONALUM
2025-09-03 13:49:22,138 - INFO - Fundamental analysis completed for NATIONALUM: 58 fields
2025-09-03 13:49:22,204 - INFO - Comprehensive data extracted for NTPC
2025-09-03 13:49:22,204 - INFO - Fundamental analysis completed for NTPC: 58 fields
2025-09-03 13:49:22,309 - INFO - Enhanced technical analysis completed for NESTLEIND: 52 fields
2025-09-03 13:49:22,361 - INFO - Enhanced technical analysis completed for NATIONALUM: 52 fields
2025-09-03 13:49:22,443 - INFO - Completed analysis for NESTLEIND: Score=32.8, Recommendation=SELL
2025-09-03 13:49:22,443 - INFO - Enhanced technical analysis completed for NTPC: 52 fields
2025-09-03 13:49:22,477 - INFO - Completed analysis for NATIONALUM: Score=74.8, Recommendation=STRONG BUY (UNDERVALUED)
2025-09-03 13:49:22,522 - INFO - Completed analysis for NTPC: Score=47.6, Recommendation=WEAK SELL
2025-09-03 13:49:22,924 - INFO - Comprehensive data extracted for OBEROIRLTY
2025-09-03 13:49:22,924 - INFO - Fundamental analysis completed for OBEROIRLTY: 58 fields
2025-09-03 13:49:23,093 - INFO - Enhanced technical analysis completed for OBEROIRLTY: 52 fields
2025-09-03 13:49:23,105 - INFO - Comprehensive data extracted for ONGC
2025-09-03 13:49:23,105 - INFO - Fundamental analysis completed for ONGC: 58 fields
2025-09-03 13:49:23,160 - INFO - Completed analysis for OBEROIRLTY: Score=32.0, Recommendation=SELL
2025-09-03 13:49:23,427 - INFO - Enhanced technical analysis completed for ONGC: 52 fields
2025-09-03 13:49:23,494 - INFO - Completed analysis for ONGC: Score=58.7, Recommendation=HOLD
2025-09-03 13:49:28,951 - INFO - Comprehensive data extracted for OIL
2025-09-03 13:49:28,953 - INFO - Fundamental analysis completed for OIL: 58 fields
2025-09-03 13:49:28,987 - INFO - Comprehensive data extracted for PAYTM
2025-09-03 13:49:28,987 - INFO - Fundamental analysis completed for PAYTM: 58 fields
2025-09-03 13:49:29,114 - INFO - Enhanced technical analysis completed for OIL: 52 fields
2025-09-03 13:49:29,161 - INFO - Enhanced technical analysis completed for PAYTM: 52 fields
2025-09-03 13:49:29,187 - INFO - Comprehensive data extracted for OLAELEC
2025-09-03 13:49:29,192 - INFO - Fundamental analysis completed for OLAELEC: 58 fields
2025-09-03 13:49:29,222 - INFO - Completed analysis for OIL: Score=63.5, Recommendation=BUY (VALUE)
2025-09-03 13:49:29,244 - INFO - Completed analysis for PAYTM: Score=28.8, Recommendation=SELL
2025-09-03 13:49:29,360 - INFO - Enhanced technical analysis completed for OLAELEC: 52 fields
2025-09-03 13:49:29,430 - INFO - Completed analysis for OLAELEC: Score=28.2, Recommendation=SELL
2025-09-03 13:49:29,934 - INFO - Comprehensive data extracted for POLICYBZR
2025-09-03 13:49:29,937 - INFO - Comprehensive data extracted for OFSS
2025-09-03 13:49:29,937 - INFO - Fundamental analysis completed for POLICYBZR: 58 fields
2025-09-03 13:49:29,948 - INFO - Fundamental analysis completed for OFSS: 58 fields
2025-09-03 13:49:30,091 - INFO - Enhanced technical analysis completed for POLICYBZR: 52 fields
2025-09-03 13:49:30,143 - INFO - Enhanced technical analysis completed for OFSS: 52 fields
2025-09-03 13:49:30,175 - INFO - Completed analysis for POLICYBZR: Score=37.5, Recommendation=SELL
2025-09-03 13:49:30,202 - INFO - Completed analysis for OFSS: Score=64.0, Recommendation=BUY
2025-09-03 13:49:35,673 - INFO - Comprehensive data extracted for PAGEIND
2025-09-03 13:49:35,673 - INFO - Fundamental analysis completed for PAGEIND: 58 fields
2025-09-03 13:49:35,705 - INFO - Comprehensive data extracted for PATANJALI
2025-09-03 13:49:35,705 - INFO - Fundamental analysis completed for PATANJALI: 58 fields
2025-09-03 13:49:35,741 - INFO - Comprehensive data extracted for PIIND
2025-09-03 13:49:35,741 - INFO - Fundamental analysis completed for PIIND: 58 fields
2025-09-03 13:49:35,930 - INFO - Enhanced technical analysis completed for PAGEIND: 52 fields
2025-09-03 13:49:35,954 - INFO - Enhanced technical analysis completed for PATANJALI: 52 fields
2025-09-03 13:49:36,002 - INFO - Enhanced technical analysis completed for PIIND: 52 fields
2025-09-03 13:49:36,036 - INFO - Completed analysis for PAGEIND: Score=41.2, Recommendation=WEAK SELL
2025-09-03 13:49:36,057 - INFO - Completed analysis for PATANJALI: Score=34.7, Recommendation=SELL
2025-09-03 13:49:36,098 - INFO - Completed analysis for PIIND: Score=21.6, Recommendation=SELL
2025-09-03 13:49:36,471 - INFO - Comprehensive data extracted for PERSISTENT
2025-09-03 13:49:36,471 - INFO - Fundamental analysis completed for PERSISTENT: 58 fields
2025-09-03 13:49:36,644 - INFO - Enhanced technical analysis completed for PERSISTENT: 52 fields
2025-09-03 13:49:36,700 - INFO - Completed analysis for PERSISTENT: Score=61.5, Recommendation=BUY
2025-09-03 13:49:36,720 - INFO - Comprehensive data extracted for PETRONET
2025-09-03 13:49:36,721 - INFO - Fundamental analysis completed for PETRONET: 58 fields
2025-09-03 13:49:36,887 - INFO - Enhanced technical analysis completed for PETRONET: 52 fields
2025-09-03 13:49:36,954 - INFO - Completed analysis for PETRONET: Score=48.2, Recommendation=WEAK SELL
2025-09-03 13:49:42,614 - INFO - Comprehensive data extracted for PHOENIXLTD
2025-09-03 13:49:42,614 - INFO - Fundamental analysis completed for PHOENIXLTD: 58 fields
2025-09-03 13:49:42,646 - INFO - Comprehensive data extracted for PIDILITIND
2025-09-03 13:49:42,647 - INFO - Fundamental analysis completed for PIDILITIND: 58 fields
2025-09-03 13:49:42,791 - INFO - Comprehensive data extracted for POLYCAB
2025-09-03 13:49:42,791 - INFO - Fundamental analysis completed for POLYCAB: 58 fields
2025-09-03 13:49:42,825 - INFO - Enhanced technical analysis completed for PHOENIXLTD: 52 fields
2025-09-03 13:49:42,876 - INFO - Enhanced technical analysis completed for PIDILITIND: 52 fields
2025-09-03 13:49:42,909 - INFO - Completed analysis for PHOENIXLTD: Score=34.9, Recommendation=SELL
2025-09-03 13:49:42,942 - INFO - Completed analysis for PIDILITIND: Score=47.2, Recommendation=WEAK SELL
2025-09-03 13:49:42,992 - INFO - Enhanced technical analysis completed for POLYCAB: 52 fields
2025-09-03 13:49:43,038 - INFO - Completed analysis for POLYCAB: Score=61.1, Recommendation=BUY
2025-09-03 13:49:43,426 - INFO - Comprehensive data extracted for PFC
2025-09-03 13:49:43,426 - INFO - Fundamental analysis completed for PFC: 58 fields
2025-09-03 13:49:43,541 - INFO - Comprehensive data extracted for POWERGRID
2025-09-03 13:49:43,542 - INFO - Fundamental analysis completed for POWERGRID: 58 fields
2025-09-03 13:49:43,620 - INFO - Enhanced technical analysis completed for PFC: 52 fields
2025-09-03 13:49:43,677 - INFO - Completed analysis for PFC: Score=72.5, Recommendation=STRONG BUY (UNDERVALUED)
2025-09-03 13:49:43,727 - INFO - Enhanced technical analysis completed for POWERGRID: 52 fields
2025-09-03 13:49:43,787 - INFO - Completed analysis for POWERGRID: Score=48.2, Recommendation=WEAK SELL
2025-09-03 13:49:49,416 - INFO - Comprehensive data extracted for PREMIERENE
2025-09-03 13:49:49,416 - INFO - Fundamental analysis completed for PREMIERENE: 58 fields
2025-09-03 13:49:49,452 - INFO - Comprehensive data extracted for PNB
2025-09-03 13:49:49,454 - INFO - Fundamental analysis completed for PNB: 58 fields
2025-09-03 13:49:49,650 - INFO - Comprehensive data extracted for PRESTIGE
2025-09-03 13:49:49,691 - INFO - Fundamental analysis completed for PRESTIGE: 58 fields
2025-09-03 13:49:49,707 - INFO - Enhanced technical analysis completed for PREMIERENE: 52 fields
2025-09-03 13:49:49,728 - INFO - Enhanced technical analysis completed for PNB: 52 fields
2025-09-03 13:49:49,815 - INFO - Completed analysis for PREMIERENE: Score=47.3, Recommendation=WEAK SELL
2025-09-03 13:49:49,819 - INFO - Completed analysis for PNB: Score=87.8, Recommendation=STRONG BUY (UNDERVALUED)
2025-09-03 13:49:49,893 - INFO - Enhanced technical analysis completed for PRESTIGE: 52 fields
2025-09-03 13:49:49,953 - INFO - Completed analysis for PRESTIGE: Score=37.6, Recommendation=SELL
2025-09-03 13:49:50,278 - INFO - Comprehensive data extracted for RVNL
2025-09-03 13:49:50,278 - INFO - Fundamental analysis completed for RVNL: 58 fields
2025-09-03 13:49:50,420 - INFO - Enhanced technical analysis completed for RVNL: 52 fields
2025-09-03 13:49:50,471 - INFO - Completed analysis for RVNL: Score=28.2, Recommendation=SELL
2025-09-03 13:49:50,585 - INFO - Comprehensive data extracted for RECLTD
2025-09-03 13:49:50,587 - INFO - Fundamental analysis completed for RECLTD: 58 fields
2025-09-03 13:49:50,868 - INFO - Enhanced technical analysis completed for RECLTD: 52 fields
2025-09-03 13:49:50,920 - INFO - Completed analysis for RECLTD: Score=74.9, Recommendation=STRONG BUY (UNDERVALUED)
2025-09-03 13:49:56,371 - INFO - Comprehensive data extracted for SBICARD
2025-09-03 13:49:56,371 - INFO - Fundamental analysis completed for SBICARD: 58 fields
2025-09-03 13:49:56,475 - INFO - Comprehensive data extracted for RELIANCE
2025-09-03 13:49:56,476 - INFO - Fundamental analysis completed for RELIANCE: 58 fields
2025-09-03 13:49:56,540 - INFO - Enhanced technical analysis completed for SBICARD: 52 fields
2025-09-03 13:49:56,651 - INFO - Completed analysis for SBICARD: Score=30.6, Recommendation=SELL
2025-09-03 13:49:56,692 - INFO - Enhanced technical analysis completed for RELIANCE: 52 fields
2025-09-03 13:49:56,737 - INFO - Completed analysis for RELIANCE: Score=50.4, Recommendation=HOLD
2025-09-03 13:49:56,831 - INFO - Comprehensive data extracted for SBILIFE
2025-09-03 13:49:56,832 - INFO - Fundamental analysis completed for SBILIFE: 58 fields
2025-09-03 13:49:56,995 - INFO - Enhanced technical analysis completed for SBILIFE: 52 fields
2025-09-03 13:49:57,064 - INFO - Completed analysis for SBILIFE: Score=55.1, Recommendation=HOLD
2025-09-03 13:49:57,247 - INFO - Comprehensive data extracted for SJVN
2025-09-03 13:49:57,247 - INFO - Fundamental analysis completed for SJVN: 58 fields
2025-09-03 13:49:57,270 - INFO - Comprehensive data extracted for SRF
2025-09-03 13:49:57,271 - INFO - Fundamental analysis completed for SRF: 58 fields
2025-09-03 13:49:57,486 - INFO - Enhanced technical analysis completed for SJVN: 52 fields
2025-09-03 13:49:57,487 - INFO - Enhanced technical analysis completed for SRF: 52 fields
2025-09-03 13:49:57,573 - INFO - Completed analysis for SJVN: Score=36.0, Recommendation=SELL
2025-09-03 13:49:57,574 - INFO - Completed analysis for SRF: Score=40.0, Recommendation=SELL
2025-09-03 13:50:03,048 - INFO - Comprehensive data extracted for SHREECEM
2025-09-03 13:50:03,048 - INFO - Fundamental analysis completed for SHREECEM: 58 fields
2025-09-03 13:50:03,218 - INFO - Comprehensive data extracted for SHRIRAMFIN
2025-09-03 13:50:03,251 - INFO - Fundamental analysis completed for SHRIRAMFIN: 58 fields
2025-09-03 13:50:03,258 - INFO - Enhanced technical analysis completed for SHREECEM: 52 fields
2025-09-03 13:50:03,310 - INFO - Completed analysis for SHREECEM: Score=34.5, Recommendation=SELL
2025-09-03 13:50:03,455 - INFO - Enhanced technical analysis completed for SHRIRAMFIN: 52 fields
2025-09-03 13:50:03,455 - INFO - Comprehensive data extracted for MOTHERSON
2025-09-03 13:50:03,455 - INFO - Fundamental analysis completed for MOTHERSON: 58 fields
2025-09-03 13:50:03,519 - INFO - Completed analysis for SHRIRAMFIN: Score=68.1, Recommendation=BUY (VALUE)
2025-09-03 13:50:03,782 - INFO - Enhanced technical analysis completed for MOTHERSON: 52 fields
2025-09-03 13:50:03,837 - INFO - Completed analysis for MOTHERSON: Score=36.9, Recommendation=SELL
2025-09-03 13:50:03,952 - INFO - Comprehensive data extracted for SOLARINDS
2025-09-03 13:50:03,952 - INFO - Fundamental analysis completed for SOLARINDS: 58 fields
2025-09-03 13:50:04,085 - INFO - Comprehensive data extracted for SIEMENS
2025-09-03 13:50:04,099 - INFO - Fundamental analysis completed for SIEMENS: 58 fields
2025-09-03 13:50:04,143 - INFO - Enhanced technical analysis completed for SOLARINDS: 52 fields
2025-09-03 13:50:04,224 - INFO - Completed analysis for SOLARINDS: Score=42.3, Recommendation=WEAK SELL
2025-09-03 13:50:04,303 - INFO - Enhanced technical analysis completed for SIEMENS: 52 fields
2025-09-03 13:50:04,353 - INFO - Completed analysis for SIEMENS: Score=33.5, Recommendation=SELL
2025-09-03 13:50:09,979 - INFO - Comprehensive data extracted for SBIN
2025-09-03 13:50:09,979 - INFO - Fundamental analysis completed for SBIN: 58 fields
2025-09-03 13:50:10,057 - INFO - Comprehensive data extracted for SAIL
2025-09-03 13:50:10,058 - INFO - Fundamental analysis completed for SAIL: 58 fields
2025-09-03 13:50:10,259 - INFO - Enhanced technical analysis completed for SAIL: 52 fields
2025-09-03 13:50:10,259 - INFO - Comprehensive data extracted for SONACOMS
2025-09-03 13:50:10,266 - INFO - Fundamental analysis completed for SONACOMS: 58 fields
2025-09-03 13:50:10,343 - INFO - Enhanced technical analysis completed for SBIN: 52 fields
2025-09-03 13:50:10,359 - INFO - Completed analysis for SAIL: Score=60.8, Recommendation=BUY (VALUE)
2025-09-03 13:50:10,407 - INFO - Completed analysis for SBIN: Score=86.2, Recommendation=STRONG BUY (UNDERVALUED)
2025-09-03 13:50:10,461 - INFO - Enhanced technical analysis completed for SONACOMS: 52 fields
2025-09-03 13:50:10,525 - INFO - Completed analysis for SONACOMS: Score=27.4, Recommendation=SELL
2025-09-03 13:50:10,815 - INFO - Comprehensive data extracted for SUPREMEIND
2025-09-03 13:50:10,815 - INFO - Fundamental analysis completed for SUPREMEIND: 58 fields
2025-09-03 13:50:10,855 - INFO - Comprehensive data extracted for SUNPHARMA
2025-09-03 13:50:10,855 - INFO - Fundamental analysis completed for SUNPHARMA: 58 fields
2025-09-03 13:50:11,042 - INFO - Enhanced technical analysis completed for SUNPHARMA: 52 fields
2025-09-03 13:50:11,111 - INFO - Enhanced technical analysis completed for SUPREMEIND: 52 fields
2025-09-03 13:50:11,136 - INFO - Completed analysis for SUNPHARMA: Score=29.1, Recommendation=SELL
2025-09-03 13:50:11,187 - INFO - Completed analysis for SUPREMEIND: Score=24.9, Recommendation=SELL
2025-09-03 13:50:16,761 - INFO - Comprehensive data extracted for SUZLON
2025-09-03 13:50:16,762 - INFO - Fundamental analysis completed for SUZLON: 58 fields
2025-09-03 13:50:16,819 - INFO - Comprehensive data extracted for SWIGGY
2025-09-03 13:50:16,820 - INFO - Fundamental analysis completed for SWIGGY: 58 fields
2025-09-03 13:50:16,873 - INFO - Comprehensive data extracted for TVSMOTOR
2025-09-03 13:50:16,873 - INFO - Fundamental analysis completed for TVSMOTOR: 58 fields
2025-09-03 13:50:17,020 - INFO - Enhanced technical analysis completed for SUZLON: 52 fields
2025-09-03 13:50:17,028 - INFO - Enhanced technical analysis completed for SWIGGY: 52 fields
2025-09-03 13:50:17,094 - INFO - Enhanced technical analysis completed for TVSMOTOR: 52 fields
2025-09-03 13:50:17,126 - INFO - Completed analysis for SUZLON: Score=40.1, Recommendation=WEAK SELL
2025-09-03 13:50:17,138 - INFO - Completed analysis for SWIGGY: Score=31.5, Recommendation=SELL
2025-09-03 13:50:17,176 - INFO - Completed analysis for TVSMOTOR: Score=39.5, Recommendation=SELL
2025-09-03 13:50:17,732 - INFO - Comprehensive data extracted for TCS
2025-09-03 13:50:17,734 - INFO - Fundamental analysis completed for TCS: 58 fields
2025-09-03 13:50:17,787 - INFO - Comprehensive data extracted for TATACOMM
2025-09-03 13:50:17,787 - INFO - Fundamental analysis completed for TATACOMM: 58 fields
2025-09-03 13:50:17,955 - INFO - Enhanced technical analysis completed for TCS: 52 fields
2025-09-03 13:50:17,989 - INFO - Enhanced technical analysis completed for TATACOMM: 52 fields
2025-09-03 13:50:18,026 - INFO - Completed analysis for TCS: Score=59.9, Recommendation=HOLD
2025-09-03 13:50:18,055 - INFO - Completed analysis for TATACOMM: Score=31.0, Recommendation=SELL
2025-09-03 13:50:23,613 - INFO - Comprehensive data extracted for TATAELXSI
2025-09-03 13:50:23,614 - INFO - Fundamental analysis completed for TATAELXSI: 58 fields
2025-09-03 13:50:23,632 - INFO - Comprehensive data extracted for TATACONSUM
2025-09-03 13:50:23,634 - INFO - Fundamental analysis completed for TATACONSUM: 58 fields
2025-09-03 13:50:23,668 - INFO - Comprehensive data extracted for TATAMOTORS
2025-09-03 13:50:23,669 - INFO - Fundamental analysis completed for TATAMOTORS: 58 fields
2025-09-03 13:50:23,854 - INFO - Enhanced technical analysis completed for TATACONSUM: 52 fields
2025-09-03 13:50:23,854 - INFO - Enhanced technical analysis completed for TATAELXSI: 52 fields
2025-09-03 13:50:23,920 - INFO - Enhanced technical analysis completed for TATAMOTORS: 52 fields
2025-09-03 13:50:23,975 - INFO - Completed analysis for TATACONSUM: Score=36.0, Recommendation=SELL
2025-09-03 13:50:23,975 - INFO - Completed analysis for TATAELXSI: Score=24.7, Recommendation=SELL
2025-09-03 13:50:24,010 - INFO - Completed analysis for TATAMOTORS: Score=47.5, Recommendation=WEAK SELL
2025-09-03 13:50:24,487 - INFO - Comprehensive data extracted for TATAPOWER
2025-09-03 13:50:24,487 - INFO - Fundamental analysis completed for TATAPOWER: 58 fields
2025-09-03 13:50:24,726 - INFO - Enhanced technical analysis completed for TATAPOWER: 52 fields
2025-09-03 13:50:24,753 - INFO - Comprehensive data extracted for TATASTEEL
2025-09-03 13:50:24,754 - INFO - Fundamental analysis completed for TATASTEEL: 58 fields
2025-09-03 13:50:24,775 - INFO - Completed analysis for TATAPOWER: Score=35.4, Recommendation=SELL
2025-09-03 13:50:24,942 - INFO - Enhanced technical analysis completed for TATASTEEL: 52 fields
2025-09-03 13:50:24,994 - INFO - Completed analysis for TATASTEEL: Score=43.2, Recommendation=WEAK SELL
2025-09-03 13:50:30,622 - INFO - Comprehensive data extracted for TECHM
2025-09-03 13:50:30,622 - INFO - Fundamental analysis completed for TECHM: 58 fields
2025-09-03 13:50:30,710 - INFO - Comprehensive data extracted for TITAN
2025-09-03 13:50:30,710 - INFO - Fundamental analysis completed for TITAN: 58 fields
2025-09-03 13:50:30,803 - INFO - Enhanced technical analysis completed for TECHM: 52 fields
2025-09-03 13:50:30,838 - INFO - Comprehensive data extracted for TATATECH
2025-09-03 13:50:30,839 - INFO - Fundamental analysis completed for TATATECH: 58 fields
2025-09-03 13:50:30,919 - INFO - Enhanced technical analysis completed for TITAN: 52 fields
2025-09-03 13:50:30,922 - INFO - Completed analysis for TECHM: Score=40.7, Recommendation=WEAK SELL
2025-09-03 13:50:30,975 - INFO - Completed analysis for TITAN: Score=41.9, Recommendation=WEAK SELL
2025-09-03 13:50:31,020 - INFO - Enhanced technical analysis completed for TATATECH: 52 fields
2025-09-03 13:50:31,115 - INFO - Completed analysis for TATATECH: Score=28.4, Recommendation=SELL
2025-09-03 13:50:31,521 - INFO - Comprehensive data extracted for TORNTPOWER
2025-09-03 13:50:31,521 - INFO - Fundamental analysis completed for TORNTPOWER: 58 fields
2025-09-03 13:50:31,621 - INFO - Comprehensive data extracted for TORNTPHARM
2025-09-03 13:50:31,622 - INFO - Fundamental analysis completed for TORNTPHARM: 58 fields
2025-09-03 13:50:31,707 - INFO - Enhanced technical analysis completed for TORNTPOWER: 52 fields
2025-09-03 13:50:31,762 - INFO - Completed analysis for TORNTPOWER: Score=34.4, Recommendation=SELL
2025-09-03 13:50:31,943 - INFO - Enhanced technical analysis completed for TORNTPHARM: 52 fields
2025-09-03 13:50:32,002 - INFO - Completed analysis for TORNTPHARM: Score=39.5, Recommendation=SELL
2025-09-03 13:50:37,568 - INFO - Comprehensive data extracted for TIINDIA
2025-09-03 13:50:37,568 - INFO - Fundamental analysis completed for TIINDIA: 58 fields
2025-09-03 13:50:37,604 - INFO - Comprehensive data extracted for TRENT
2025-09-03 13:50:37,607 - INFO - Fundamental analysis completed for TRENT: 58 fields
2025-09-03 13:50:37,609 - INFO - Comprehensive data extracted for UPL
2025-09-03 13:50:37,609 - INFO - Fundamental analysis completed for UPL: 58 fields
2025-09-03 13:50:37,808 - INFO - Enhanced technical analysis completed for TRENT: 52 fields
2025-09-03 13:50:37,889 - INFO - Enhanced technical analysis completed for TIINDIA: 52 fields
2025-09-03 13:50:37,919 - INFO - Enhanced technical analysis completed for UPL: 52 fields
2025-09-03 13:50:37,930 - INFO - Completed analysis for TRENT: Score=36.0, Recommendation=SELL
2025-09-03 13:50:37,975 - INFO - Completed analysis for TIINDIA: Score=25.3, Recommendation=SELL
2025-09-03 13:50:38,003 - INFO - Completed analysis for UPL: Score=31.9, Recommendation=SELL
2025-09-03 13:50:38,347 - INFO - Comprehensive data extracted for ULTRACEMCO
2025-09-03 13:50:38,349 - INFO - Fundamental analysis completed for ULTRACEMCO: 58 fields
2025-09-03 13:50:38,540 - INFO - Enhanced technical analysis completed for ULTRACEMCO: 52 fields
2025-09-03 13:50:38,552 - INFO - Comprehensive data extracted for UNIONBANK
2025-09-03 13:50:38,552 - INFO - Fundamental analysis completed for UNIONBANK: 58 fields
2025-09-03 13:50:38,603 - INFO - Completed analysis for ULTRACEMCO: Score=44.0, Recommendation=WEAK SELL
2025-09-03 13:50:38,741 - INFO - Enhanced technical analysis completed for UNIONBANK: 52 fields
2025-09-03 13:50:38,795 - INFO - Completed analysis for UNIONBANK: Score=86.6, Recommendation=STRONG BUY (UNDERVALUED)
2025-09-03 13:50:44,255 - INFO - Comprehensive data extracted for VEDL
2025-09-03 13:50:44,257 - INFO - Fundamental analysis completed for VEDL: 58 fields
2025-09-03 13:50:44,368 - INFO - Comprehensive data extracted for VBL
2025-09-03 13:50:44,368 - INFO - Fundamental analysis completed for VBL: 58 fields
2025-09-03 13:50:44,441 - INFO - Enhanced technical analysis completed for VEDL: 52 fields
2025-09-03 13:50:44,469 - INFO - Comprehensive data extracted for UNITDSPR
2025-09-03 13:50:44,470 - INFO - Fundamental analysis completed for UNITDSPR: 58 fields
2025-09-03 13:50:44,516 - INFO - Completed analysis for VEDL: Score=49.1, Recommendation=WEAK SELL
2025-09-03 13:50:44,658 - INFO - Enhanced technical analysis completed for UNITDSPR: 52 fields
2025-09-03 13:50:44,692 - INFO - Enhanced technical analysis completed for VBL: 52 fields
2025-09-03 13:50:44,723 - INFO - Completed analysis for UNITDSPR: Score=31.5, Recommendation=SELL
2025-09-03 13:50:44,754 - INFO - Completed analysis for VBL: Score=43.8, Recommendation=WEAK SELL
2025-09-03 13:50:45,019 - INFO - Comprehensive data extracted for VMM
2025-09-03 13:50:45,019 - INFO - Fundamental analysis completed for VMM: 58 fields
2025-09-03 13:50:45,171 - INFO - Enhanced technical analysis completed for VMM: 52 fields
2025-09-03 13:50:45,227 - INFO - Completed analysis for VMM: Score=34.2, Recommendation=SELL
2025-09-03 13:50:45,309 - INFO - Comprehensive data extracted for IDEA
2025-09-03 13:50:45,309 - INFO - Fundamental analysis completed for IDEA: 58 fields
2025-09-03 13:50:45,452 - INFO - Enhanced technical analysis completed for IDEA: 52 fields
2025-09-03 13:50:45,493 - INFO - Completed analysis for IDEA: Score=55.2, Recommendation=HOLD
2025-09-03 13:50:51,074 - INFO - Comprehensive data extracted for VOLTAS
2025-09-03 13:50:51,074 - INFO - Fundamental analysis completed for VOLTAS: 58 fields
2025-09-03 13:50:51,107 - INFO - Comprehensive data extracted for WIPRO
2025-09-03 13:50:51,108 - INFO - Fundamental analysis completed for WIPRO: 58 fields
2025-09-03 13:50:51,265 - INFO - Comprehensive data extracted for WAAREEENER
2025-09-03 13:50:51,265 - INFO - Fundamental analysis completed for WAAREEENER: 58 fields
2025-09-03 13:50:51,287 - INFO - Enhanced technical analysis completed for VOLTAS: 52 fields
2025-09-03 13:50:51,321 - INFO - Enhanced technical analysis completed for WIPRO: 52 fields
2025-09-03 13:50:51,385 - INFO - Completed analysis for VOLTAS: Score=28.5, Recommendation=SELL
2025-09-03 13:50:51,408 - INFO - Completed analysis for WIPRO: Score=66.7, Recommendation=BUY
2025-09-03 13:50:51,459 - INFO - Enhanced technical analysis completed for WAAREEENER: 52 fields
2025-09-03 13:50:51,503 - INFO - Completed analysis for WAAREEENER: Score=35.1, Recommendation=SELL
2025-09-03 13:50:51,732 - INFO - Comprehensive data extracted for YESBANK
2025-09-03 13:50:51,732 - INFO - Fundamental analysis completed for YESBANK: 58 fields
2025-09-03 13:50:51,768 - INFO - Comprehensive data extracted for ZYDUSLIFE
2025-09-03 13:50:51,768 - INFO - Fundamental analysis completed for ZYDUSLIFE: 58 fields
2025-09-03 13:50:51,962 - INFO - Enhanced technical analysis completed for YESBANK: 52 fields
2025-09-03 13:50:51,998 - INFO - Enhanced technical analysis completed for ZYDUSLIFE: 52 fields
2025-09-03 13:50:52,020 - INFO - Completed analysis for YESBANK: Score=79.8, Recommendation=STRONG BUY
2025-09-03 13:50:52,059 - INFO - Completed analysis for ZYDUSLIFE: Score=50.5, Recommendation=HOLD
2025-09-03 13:50:52,061 - INFO - Batch analysis completed: 200 results, 0 failures
2025-09-03 13:50:52,265 - INFO - Calculated sector rankings for 11 sectors
2025-09-03 13:50:52,433 - ERROR - APLAPOLLO.NS: Period '6m' is invalid, must be one of: 1d, 5d, 1mo, 3mo, 6mo, 1y, 2y, 5y, 10y, ytd, max
2025-09-03 13:50:52,601 - ERROR - ACC.NS: Period '6m' is invalid, must be one of: 1d, 5d, 1mo, 3mo, 6mo, 1y, 2y, 5y, 10y, ytd, max
2025-09-03 13:50:52,735 - ERROR - ABB.NS: Period '6m' is invalid, must be one of: 1d, 5d, 1mo, 3mo, 6mo, 1y, 2y, 5y, 10y, ytd, max
2025-09-03 13:50:52,851 - ERROR - AUBANK.NS: Period '6m' is invalid, must be one of: 1d, 5d, 1mo, 3mo, 6mo, 1y, 2y, 5y, 10y, ytd, max
2025-09-03 13:50:52,950 - ERROR - ADANIENSOL.NS: Period '6m' is invalid, must be one of: 1d, 5d, 1mo, 3mo, 6mo, 1y, 2y, 5y, ytd, max
2025-09-03 13:50:53,099 - ERROR - ADANIPORTS.NS: Period '6m' is invalid, must be one of: 1d, 5d, 1mo, 3mo, 6mo, 1y, 2y, 5y, 10y, ytd, max
2025-09-03 13:50:53,332 - ERROR - ADANIGREEN.NS: Period '6m' is invalid, must be one of: 1d, 5d, 1mo, 3mo, 6mo, 1y, 2y, 5y, 10y, ytd, max
2025-09-03 13:50:53,451 - ERROR - ADANIENT.NS: Period '6m' is invalid, must be one of: 1d, 5d, 1mo, 3mo, 6mo, 1y, 2y, 5y, 10y, ytd, max
2025-09-03 13:50:53,567 - ERROR - ADANIPOWER.NS: Period '6m' is invalid, must be one of: 1d, 5d, 1mo, 3mo, 6mo, 1y, 2y, 5y, 10y, ytd, max
2025-09-03 13:50:53,668 - ERROR - ATGL.NS: Period '6m' is invalid, must be one of: 1d, 5d, 1mo, 3mo, 6mo, 1y, 2y, 5y, 10y, ytd, max
2025-09-03 13:50:53,821 - ERROR - ALKEM.NS: Period '6m' is invalid, must be one of: 1d, 5d, 1mo, 3mo, 6mo, 1y, 2y, 5y, 10y, ytd, max
2025-09-03 13:50:53,971 - ERROR - AMBUJACEM.NS: Period '6m' is invalid, must be one of: 1d, 5d, 1mo, 3mo, 6mo, 1y, 2y, 5y, 10y, ytd, max
2025-09-03 13:50:54,101 - ERROR - APOLLOHOSP.NS: Period '6m' is invalid, must be one of: 1d, 5d, 1mo, 3mo, 6mo, 1y, 2y, 5y, 10y, ytd, max
2025-09-03 13:50:54,200 - ERROR - ABFRL.NS: Period '6m' is invalid, must be one of: 1d, 5d, 1mo, 3mo, 6mo, 1y, 2y, 5y, 10y, ytd, max
2025-09-03 13:50:54,318 - ERROR - ABCAPITAL.NS: Period '6m' is invalid, must be one of: 1d, 5d, 1mo, 3mo, 6mo, 1y, 2y, 5y, 10y, ytd, max
2025-09-03 13:50:54,468 - ERROR - ASHOKLEY.NS: Period '6m' is invalid, must be one of: 1d, 5d, 1mo, 3mo, 6mo, 1y, 2y, 5y, 10y, ytd, max
2025-09-03 13:50:54,608 - ERROR - APOLLOTYRE.NS: Period '6m' is invalid, must be one of: 1d, 5d, 1mo, 3mo, 6mo, 1y, 2y, 5y, 10y, ytd, max
2025-09-03 13:50:54,752 - ERROR - ASIANPAINT.NS: Period '6m' is invalid, must be one of: 1d, 5d, 1mo, 3mo, 6mo, 1y, 2y, 5y, 10y, ytd, max
2025-09-03 13:50:54,869 - ERROR - ASTRAL.NS: Period '6m' is invalid, must be one of: 1d, 5d, 1mo, 3mo, 6mo, 1y, 2y, 5y, 10y, ytd, max
2025-09-03 13:50:55,000 - ERROR - AUROPHARMA.NS: Period '6m' is invalid, must be one of: 1d, 5d, 1mo, 3mo, 6mo, 1y, 2y, 5y, 10y, ytd, max
2025-09-03 13:50:55,138 - ERROR - AXISBANK.NS: Period '6m' is invalid, must be one of: 1d, 5d, 1mo, 3mo, 6mo, 1y, 2y, 5y, 10y, ytd, max
2025-09-03 13:50:55,238 - ERROR - DMART.NS: Period '6m' is invalid, must be one of: 1d, 5d, 1mo, 3mo, 6mo, 1y, 2y, 5y, 10y, ytd, max
2025-09-03 13:50:55,353 - ERROR - BSE.NS: Period '6m' is invalid, must be one of: 1d, 5d, 1mo, 3mo, 6mo, 1y, 2y, 5y, 10y, ytd, max
2025-09-03 13:50:55,470 - ERROR - BAJAJ-AUTO.NS: Period '6m' is invalid, must be one of: 1d, 5d, 1mo, 3mo, 6mo, 1y, 2y, 5y, 10y, ytd, max
2025-09-03 13:50:55,584 - ERROR - BAJFINANCE.NS: Period '6m' is invalid, must be one of: 1d, 5d, 1mo, 3mo, 6mo, 1y, 2y, 5y, 10y, ytd, max
2025-09-03 13:50:55,704 - ERROR - BAJAJFINSV.NS: Period '6m' is invalid, must be one of: 1d, 5d, 1mo, 3mo, 6mo, 1y, 2y, 5y, 10y, ytd, max
2025-09-03 13:50:55,835 - ERROR - BAJAJHLDNG.NS: Period '6m' is invalid, must be one of: 1d, 5d, 1mo, 3mo, 6mo, 1y, 2y, 5y, 10y, ytd, max
2025-09-03 13:50:55,986 - ERROR - BANKBARODA.NS: Period '6m' is invalid, must be one of: 1d, 5d, 1mo, 3mo, 6mo, 1y, 2y, 5y, 10y, ytd, max
2025-09-03 13:50:56,085 - ERROR - BANDHANBNK.NS: Period '6m' is invalid, must be one of: 1d, 5d, 1mo, 3mo, 6mo, 1y, 2y, 5y, 10y, ytd, max
2025-09-03 13:50:56,193 - ERROR - BAJAJHFL.NS: Period '6m' is invalid, must be one of: 1d, 5d, 1mo, 3mo, 6mo, 1y, ytd, max
2025-09-03 13:50:56,314 - ERROR - BDL.NS: Period '6m' is invalid, must be one of: 1d, 5d, 1mo, 3mo, 6mo, 1y, 2y, 5y, 10y, ytd, max
2025-09-03 13:50:56,562 - ERROR - BANKINDIA.NS: Period '6m' is invalid, must be one of: 1d, 5d, 1mo, 3mo, 6mo, 1y, 2y, 5y, 10y, ytd, max
2025-09-03 13:50:56,684 - ERROR - BEL.NS: Period '6m' is invalid, must be one of: 1d, 5d, 1mo, 3mo, 6mo, 1y, 2y, 5y, 10y, ytd, max
2025-09-03 13:50:56,929 - ERROR - BHARATFORG.NS: Period '6m' is invalid, must be one of: 1d, 5d, 1mo, 3mo, 6mo, 1y, 2y, 5y, 10y, ytd, max
2025-09-03 13:50:57,051 - ERROR - MAHABANK.NS: Period '6m' is invalid, must be one of: 1d, 5d, 1mo, 3mo, 6mo, 1y, 2y, 5y, 10y, ytd, max
2025-09-03 13:50:57,193 - ERROR - BHEL.NS: Period '6m' is invalid, must be one of: 1d, 5d, 1mo, 3mo, 6mo, 1y, 2y, 5y, 10y, ytd, max
2025-09-03 13:50:57,350 - ERROR - BPCL.NS: Period '6m' is invalid, must be one of: 1d, 5d, 1mo, 3mo, 6mo, 1y, 2y, 5y, 10y, ytd, max
2025-09-03 13:50:57,500 - ERROR - BHARTIARTL.NS: Period '6m' is invalid, must be one of: 1d, 5d, 1mo, 3mo, 6mo, 1y, 2y, 5y, 10y, ytd, max
2025-09-03 13:50:59,994 - ERROR - BHARTIHEXA.NS: Period '6m' is invalid, must be one of: 1d, 5d, 1mo, 3mo, 6mo, 1y, 2y, ytd, max
2025-09-03 13:51:00,423 - ERROR - BIOCON.NS: Period '6m' is invalid, must be one of: 1d, 5d, 1mo, 3mo, 6mo, 1y, 2y, 5y, 10y, ytd, max
2025-09-03 13:51:00,587 - ERROR - CGPOWER.NS: Period '6m' is invalid, must be one of: 1d, 5d, 1mo, 3mo, 6mo, 1y, 2y, 5y, 10y, ytd, max
2025-09-03 13:51:00,740 - ERROR - BOSCHLTD.NS: Period '6m' is invalid, must be one of: 1d, 5d, 1mo, 3mo, 6mo, 1y, 2y, 5y, 10y, ytd, max
2025-09-03 13:51:00,890 - ERROR - BRITANNIA.NS: Period '6m' is invalid, must be one of: 1d, 5d, 1mo, 3mo, 6mo, 1y, 2y, 5y, 10y, ytd, max
2025-09-03 13:51:01,065 - ERROR - CANBK.NS: Period '6m' is invalid, must be one of: 1d, 5d, 1mo, 3mo, 6mo, 1y, 2y, 5y, 10y, ytd, max
2025-09-03 13:51:01,214 - ERROR - CHOLAFIN.NS: Period '6m' is invalid, must be one of: 1d, 5d, 1mo, 3mo, 6mo, 1y, 2y, 5y, 10y, ytd, max
2025-09-03 13:51:01,446 - ERROR - COALINDIA.NS: Period '6m' is invalid, must be one of: 1d, 5d, 1mo, 3mo, 6mo, 1y, 2y, 5y, 10y, ytd, max
2025-09-03 13:51:01,573 - ERROR - COCHINSHIP.NS: Period '6m' is invalid, must be one of: 1d, 5d, 1mo, 3mo, 6mo, 1y, 2y, 5y, 10y, ytd, max
2025-09-03 13:51:01,735 - ERROR - CIPLA.NS: Period '6m' is invalid, must be one of: 1d, 5d, 1mo, 3mo, 6mo, 1y, 2y, 5y, 10y, ytd, max
2025-09-03 13:51:01,850 - ERROR - COFORGE.NS: Period '6m' is invalid, must be one of: 1d, 5d, 1mo, 3mo, 6mo, 1y, 2y, 5y, 10y, ytd, max
2025-09-03 13:51:01,984 - ERROR - COLPAL.NS: Period '6m' is invalid, must be one of: 1d, 5d, 1mo, 3mo, 6mo, 1y, 2y, 5y, 10y, ytd, max
2025-09-03 13:51:02,115 - ERROR - DLF.NS: Period '6m' is invalid, must be one of: 1d, 5d, 1mo, 3mo, 6mo, 1y, 2y, 5y, 10y, ytd, max
2025-09-03 13:51:02,256 - ERROR - CUMMINSIND.NS: Period '6m' is invalid, must be one of: 1d, 5d, 1mo, 3mo, 6mo, 1y, 2y, 5y, 10y, ytd, max
2025-09-03 13:51:02,421 - ERROR - CONCOR.NS: Period '6m' is invalid, must be one of: 1d, 5d, 1mo, 3mo, 6mo, 1y, 2y, 5y, 10y, ytd, max
2025-09-03 13:51:02,572 - ERROR - DABUR.NS: Period '6m' is invalid, must be one of: 1d, 5d, 1mo, 3mo, 6mo, 1y, 2y, 5y, 10y, ytd, max
2025-09-03 13:51:02,701 - ERROR - DIVISLAB.NS: Period '6m' is invalid, must be one of: 1d, 5d, 1mo, 3mo, 6mo, 1y, 2y, 5y, 10y, ytd, max
2025-09-03 13:51:02,833 - ERROR - EICHERMOT.NS: Period '6m' is invalid, must be one of: 1d, 5d, 1mo, 3mo, 6mo, 1y, 2y, 5y, 10y, ytd, max
2025-09-03 13:51:03,059 - ERROR - DIXON.NS: Period '6m' is invalid, must be one of: 1d, 5d, 1mo, 3mo, 6mo, 1y, 2y, 5y, 10y, ytd, max
2025-09-03 13:51:03,199 - ERROR - DRREDDY.NS: Period '6m' is invalid, must be one of: 1d, 5d, 1mo, 3mo, 6mo, 1y, 2y, 5y, 10y, ytd, max
2025-09-03 13:51:03,430 - ERROR - ETERNAL.NS: Period '6m' is invalid, must be one of: 1d, 5d, 1mo, 3mo, 6mo, ytd, max
2025-09-03 13:51:03,583 - ERROR - ESCORTS.NS: Period '6m' is invalid, must be one of: 1d, 5d, 1mo, 3mo, 6mo, 1y, 2y, 5y, 10y, ytd, max
2025-09-03 13:51:03,735 - ERROR - FEDERALBNK.NS: Period '6m' is invalid, must be one of: 1d, 5d, 1mo, 3mo, 6mo, 1y, 2y, 5y, 10y, ytd, max
2025-09-03 13:51:03,886 - ERROR - EXIDEIND.NS: Period '6m' is invalid, must be one of: 1d, 5d, 1mo, 3mo, 6mo, 1y, 2y, 5y, 10y, ytd, max
2025-09-03 13:51:04,127 - ERROR - NYKAA.NS: Period '6m' is invalid, must be one of: 1d, 5d, 1mo, 3mo, 6mo, 1y, 2y, 5y, ytd, max
2025-09-03 13:51:04,364 - ERROR - GMRAIRPORT.NS: Period '6m' is invalid, must be one of: 1d, 5d, 1mo, 3mo, 6mo, 1y, 2y, 5y, 10y, ytd, max
2025-09-03 13:51:04,563 - ERROR - GAIL.NS: Period '6m' is invalid, must be one of: 1d, 5d, 1mo, 3mo, 6mo, 1y, 2y, 5y, 10y, ytd, max
2025-09-03 13:51:04,701 - ERROR - GODREJCP.NS: Period '6m' is invalid, must be one of: 1d, 5d, 1mo, 3mo, 6mo, 1y, 2y, 5y, 10y, ytd, max
2025-09-03 13:51:04,836 - ERROR - GLENMARK.NS: Period '6m' is invalid, must be one of: 1d, 5d, 1mo, 3mo, 6mo, 1y, 2y, 5y, 10y, ytd, max
2025-09-03 13:51:04,967 - ERROR - GRASIM.NS: Period '6m' is invalid, must be one of: 1d, 5d, 1mo, 3mo, 6mo, 1y, 2y, 5y, 10y, ytd, max
2025-09-03 13:51:05,068 - ERROR - GODREJPROP.NS: Period '6m' is invalid, must be one of: 1d, 5d, 1mo, 3mo, 6mo, 1y, 2y, 5y, 10y, ytd, max
2025-09-03 13:51:05,214 - ERROR - HCLTECH.NS: Period '6m' is invalid, must be one of: 1d, 5d, 1mo, 3mo, 6mo, 1y, 2y, 5y, 10y, ytd, max
2025-09-03 13:51:05,336 - ERROR - HDFCLIFE.NS: Period '6m' is invalid, must be one of: 1d, 5d, 1mo, 3mo, 6mo, 1y, 2y, 5y, 10y, ytd, max
2025-09-03 13:51:05,485 - ERROR - HDFCBANK.NS: Period '6m' is invalid, must be one of: 1d, 5d, 1mo, 3mo, 6mo, 1y, 2y, 5y, 10y, ytd, max
2025-09-03 13:51:05,585 - ERROR - HDFCAMC.NS: Period '6m' is invalid, must be one of: 1d, 5d, 1mo, 3mo, 6mo, 1y, 2y, 5y, 10y, ytd, max
2025-09-03 13:51:05,749 - ERROR - HAVELLS.NS: Period '6m' is invalid, must be one of: 1d, 5d, 1mo, 3mo, 6mo, 1y, 2y, 5y, 10y, ytd, max
2025-09-03 13:51:05,898 - ERROR - HEROMOTOCO.NS: Period '6m' is invalid, must be one of: 1d, 5d, 1mo, 3mo, 6mo, 1y, 2y, 5y, 10y, ytd, max
2025-09-03 13:51:06,066 - ERROR - HINDPETRO.NS: Period '6m' is invalid, must be one of: 1d, 5d, 1mo, 3mo, 6mo, 1y, 2y, 5y, 10y, ytd, max
2025-09-03 13:51:06,231 - ERROR - HAL.NS: Period '6m' is invalid, must be one of: 1d, 5d, 1mo, 3mo, 6mo, 1y, 2y, 5y, 10y, ytd, max
2025-09-03 13:51:06,367 - ERROR - HINDALCO.NS: Period '6m' is invalid, must be one of: 1d, 5d, 1mo, 3mo, 6mo, 1y, 2y, 5y, 10y, ytd, max
2025-09-03 13:51:06,683 - ERROR - HINDUNILVR.NS: Period '6m' is invalid, must be one of: 1d, 5d, 1mo, 3mo, 6mo, 1y, 2y, 5y, 10y, ytd, max
2025-09-03 13:51:06,823 - ERROR - HINDZINC.NS: Period '6m' is invalid, must be one of: 1d, 5d, 1mo, 3mo, 6mo, 1y, 2y, 5y, 10y, ytd, max
2025-09-03 13:51:06,936 - ERROR - HYUNDAI.NS: Period '6m' is invalid, must be one of: 1d, 5d, 1mo, 3mo, 6mo, 1y, ytd, max
2025-09-03 13:51:07,070 - ERROR - ICICIBANK.NS: Period '6m' is invalid, must be one of: 1d, 5d, 1mo, 3mo, 6mo, 1y, 2y, 5y, 10y, ytd, max
2025-09-03 13:51:07,185 - ERROR - HUDCO.NS: Period '6m' is invalid, must be one of: 1d, 5d, 1mo, 3mo, 6mo, 1y, 2y, 5y, 10y, ytd, max
2025-09-03 13:51:07,299 - ERROR - ICICIGI.NS: Period '6m' is invalid, must be one of: 1d, 5d, 1mo, 3mo, 6mo, 1y, 2y, 5y, 10y, ytd, max
2025-09-03 13:51:07,428 - ERROR - ICICIPRULI.NS: Period '6m' is invalid, must be one of: 1d, 5d, 1mo, 3mo, 6mo, 1y, 2y, 5y, 10y, ytd, max
2025-09-03 13:51:07,572 - ERROR - ITC.NS: Period '6m' is invalid, must be one of: 1d, 5d, 1mo, 3mo, 6mo, 1y, 2y, 5y, 10y, ytd, max
2025-09-03 13:51:07,682 - ERROR - IDFCFIRSTB.NS: Period '6m' is invalid, must be one of: 1d, 5d, 1mo, 3mo, 6mo, 1y, 2y, 5y, 10y, ytd, max
2025-09-03 13:51:07,785 - ERROR - IRB.NS: Period '6m' is invalid, must be one of: 1d, 5d, 1mo, 3mo, 6mo, 1y, 2y, 5y, 10y, ytd, max
2025-09-03 13:51:07,900 - ERROR - INDIANB.NS: Period '6m' is invalid, must be one of: 1d, 5d, 1mo, 3mo, 6mo, 1y, 2y, 5y, 10y, ytd, max
2025-09-03 13:51:08,033 - ERROR - INDHOTEL.NS: Period '6m' is invalid, must be one of: 1d, 5d, 1mo, 3mo, 6mo, 1y, 2y, 5y, 10y, ytd, max
2025-09-03 13:51:08,267 - ERROR - IRFC.NS: Period '6m' is invalid, must be one of: 1d, 5d, 1mo, 3mo, 6mo, 1y, 2y, 5y, ytd, max
2025-09-03 13:51:08,405 - ERROR - IOC.NS: Period '6m' is invalid, must be one of: 1d, 5d, 1mo, 3mo, 6mo, 1y, 2y, 5y, 10y, ytd, max
2025-09-03 13:51:08,519 - ERROR - IRCTC.NS: Period '6m' is invalid, must be one of: 1d, 5d, 1mo, 3mo, 6mo, 1y, 2y, 5y, 10y, ytd, max
2025-09-03 13:51:08,630 - ERROR - IREDA.NS: Period '6m' is invalid, must be one of: 1d, 5d, 1mo, 3mo, 6mo, 1y, 2y, ytd, max
2025-09-03 13:51:08,750 - ERROR - IGL.NS: Period '6m' is invalid, must be one of: 1d, 5d, 1mo, 3mo, 6mo, 1y, 2y, 5y, 10y, ytd, max
2025-09-03 13:51:08,883 - ERROR - INDUSTOWER.NS: Period '6m' is invalid, must be one of: 1d, 5d, 1mo, 3mo, 6mo, 1y, 2y, 5y, 10y, ytd, max
2025-09-03 13:51:09,024 - ERROR - NAUKRI.NS: Period '6m' is invalid, must be one of: 1d, 5d, 1mo, 3mo, 6mo, 1y, 2y, 5y, 10y, ytd, max
2025-09-03 13:51:09,268 - ERROR - INDUSINDBK.NS: Period '6m' is invalid, must be one of: 1d, 5d, 1mo, 3mo, 6mo, 1y, 2y, 5y, 10y, ytd, max
2025-09-03 13:51:09,417 - ERROR - INFY.NS: Period '6m' is invalid, must be one of: 1d, 5d, 1mo, 3mo, 6mo, 1y, 2y, 5y, 10y, ytd, max
2025-09-03 13:51:09,533 - ERROR - INDIGO.NS: Period '6m' is invalid, must be one of: 1d, 5d, 1mo, 3mo, 6mo, 1y, 2y, 5y, 10y, ytd, max
2025-09-03 13:51:09,690 - ERROR - JINDALSTEL.NS: Period '6m' is invalid, must be one of: 1d, 5d, 1mo, 3mo, 6mo, 1y, 2y, 5y, 10y, ytd, max
2025-09-03 13:51:09,800 - ERROR - JSWENERGY.NS: Period '6m' is invalid, must be one of: 1d, 5d, 1mo, 3mo, 6mo, 1y, 2y, 5y, 10y, ytd, max
2025-09-03 13:51:09,918 - ERROR - JIOFIN.NS: Period '6m' is invalid, must be one of: 1d, 5d, 1mo, 3mo, 6mo, 1y, 2y, 5y, ytd, max
2025-09-03 13:51:10,086 - ERROR - JSWSTEEL.NS: Period '6m' is invalid, must be one of: 1d, 5d, 1mo, 3mo, 6mo, 1y, 2y, 5y, 10y, ytd, max
2025-09-03 13:51:10,202 - ERROR - JUBLFOOD.NS: Period '6m' is invalid, must be one of: 1d, 5d, 1mo, 3mo, 6mo, 1y, 2y, 5y, 10y, ytd, max
2025-09-03 13:51:10,302 - ERROR - KALYANKJIL.NS: Period '6m' is invalid, must be one of: 1d, 5d, 1mo, 3mo, 6mo, 1y, 2y, 5y, ytd, max
2025-09-03 13:51:10,411 - ERROR - KPITTECH.NS: Period '6m' is invalid, must be one of: 1d, 5d, 1mo, 3mo, 6mo, 1y, 2y, 5y, 10y, ytd, max
2025-09-03 13:51:10,534 - ERROR - KOTAKBANK.NS: Period '6m' is invalid, must be one of: 1d, 5d, 1mo, 3mo, 6mo, 1y, 2y, 5y, 10y, ytd, max
2025-09-03 13:51:10,719 - ERROR - LICHSGFIN.NS: Period '6m' is invalid, must be one of: 1d, 5d, 1mo, 3mo, 6mo, 1y, 2y, 5y, 10y, ytd, max
2025-09-03 13:51:10,819 - ERROR - LTF.NS: Period '6m' is invalid, must be one of: 1d, 5d, 1mo, 3mo, 6mo, 1y, 2y, 5y, 10y, ytd, max
2025-09-03 13:51:10,973 - ERROR - LTIM.NS: Period '6m' is invalid, must be one of: 1d, 5d, 1mo, 3mo, 6mo, 1y, 2y, 5y, 10y, ytd, max
2025-09-03 13:51:11,124 - ERROR - LT.NS: Period '6m' is invalid, must be one of: 1d, 5d, 1mo, 3mo, 6mo, 1y, 2y, 5y, 10y, ytd, max
2025-09-03 13:51:11,223 - ERROR - LODHA.NS: Period '6m' is invalid, must be one of: 1d, 5d, 1mo, 3mo, 6mo, 1y, 2y, 5y, ytd, max
2025-09-03 13:51:11,334 - ERROR - LUPIN.NS: Period '6m' is invalid, must be one of: 1d, 5d, 1mo, 3mo, 6mo, 1y, 2y, 5y, 10y, ytd, max
2025-09-03 13:51:11,452 - ERROR - LICI.NS: Period '6m' is invalid, must be one of: 1d, 5d, 1mo, 3mo, 6mo, 1y, 2y, 5y, ytd, max
2025-09-03 13:51:11,569 - ERROR - M&MFIN.NS: Period '6m' is invalid, must be one of: 1d, 5d, 1mo, 3mo, 6mo, 1y, 2y, 5y, 10y, ytd, max
2025-09-03 13:51:11,732 - ERROR - M&M.NS: Period '6m' is invalid, must be one of: 1d, 5d, 1mo, 3mo, 6mo, 1y, 2y, 5y, 10y, ytd, max
2025-09-03 13:51:11,897 - ERROR - MRF.NS: Period '6m' is invalid, must be one of: 1d, 5d, 1mo, 3mo, 6mo, 1y, 2y, 5y, 10y, ytd, max
2025-09-03 13:51:12,129 - ERROR - MANKIND.NS: Period '6m' is invalid, must be one of: 1d, 5d, 1mo, 3mo, 6mo, 1y, 2y, 5y, ytd, max
2025-09-03 13:51:12,285 - ERROR - MARICO.NS: Period '6m' is invalid, must be one of: 1d, 5d, 1mo, 3mo, 6mo, 1y, 2y, 5y, 10y, ytd, max
2025-09-03 13:51:12,400 - ERROR - MAXHEALTH.NS: Period '6m' is invalid, must be one of: 1d, 5d, 1mo, 3mo, 6mo, 1y, 2y, 5y, 10y, ytd, max
2025-09-03 13:51:12,524 - ERROR - MFSL.NS: Period '6m' is invalid, must be one of: 1d, 5d, 1mo, 3mo, 6mo, 1y, 2y, 5y, 10y, ytd, max
2025-09-03 13:51:12,656 - ERROR - MARUTI.NS: Period '6m' is invalid, must be one of: 1d, 5d, 1mo, 3mo, 6mo, 1y, 2y, 5y, 10y, ytd, max
2025-09-03 13:51:12,803 - ERROR - MOTILALOFS.NS: Period '6m' is invalid, must be one of: 1d, 5d, 1mo, 3mo, 6mo, 1y, 2y, 5y, 10y, ytd, max
2025-09-03 13:51:13,028 - ERROR - MAZDOCK.NS: Period '6m' is invalid, must be one of: 1d, 5d, 1mo, 3mo, 6mo, 1y, 2y, 5y, ytd, max
2025-09-03 13:51:13,175 - ERROR - NHPC.NS: Period '6m' is invalid, must be one of: 1d, 5d, 1mo, 3mo, 6mo, 1y, 2y, 5y, 10y, ytd, max
2025-09-03 13:51:13,298 - ERROR - MPHASIS.NS: Period '6m' is invalid, must be one of: 1d, 5d, 1mo, 3mo, 6mo, 1y, 2y, 5y, 10y, ytd, max
2025-09-03 13:51:13,418 - ERROR - MUTHOOTFIN.NS: Period '6m' is invalid, must be one of: 1d, 5d, 1mo, 3mo, 6mo, 1y, 2y, 5y, 10y, ytd, max
2025-09-03 13:51:13,532 - ERROR - NMDC.NS: Period '6m' is invalid, must be one of: 1d, 5d, 1mo, 3mo, 6mo, 1y, 2y, 5y, 10y, ytd, max
2025-09-03 13:51:13,650 - ERROR - NTPCGREEN.NS: Period '6m' is invalid, must be one of: 1d, 5d, 1mo, 3mo, 6mo, 1y, ytd, max
2025-09-03 13:51:13,766 - ERROR - NESTLEIND.NS: Period '6m' is invalid, must be one of: 1d, 5d, 1mo, 3mo, 6mo, 1y, 2y, 5y, 10y, ytd, max
2025-09-03 13:51:13,901 - ERROR - NATIONALUM.NS: Period '6m' is invalid, must be one of: 1d, 5d, 1mo, 3mo, 6mo, 1y, 2y, 5y, 10y, ytd, max
2025-09-03 13:51:14,034 - ERROR - NTPC.NS: Period '6m' is invalid, must be one of: 1d, 5d, 1mo, 3mo, 6mo, 1y, 2y, 5y, 10y, ytd, max
2025-09-03 13:51:14,151 - ERROR - OBEROIRLTY.NS: Period '6m' is invalid, must be one of: 1d, 5d, 1mo, 3mo, 6mo, 1y, 2y, 5y, 10y, ytd, max
2025-09-03 13:51:14,283 - ERROR - ONGC.NS: Period '6m' is invalid, must be one of: 1d, 5d, 1mo, 3mo, 6mo, 1y, 2y, 5y, 10y, ytd, max
2025-09-03 13:51:14,515 - ERROR - OIL.NS: Period '6m' is invalid, must be one of: 1d, 5d, 1mo, 3mo, 6mo, 1y, 2y, 5y, 10y, ytd, max
2025-09-03 13:51:14,633 - ERROR - PAYTM.NS: Period '6m' is invalid, must be one of: 1d, 5d, 1mo, 3mo, 6mo, 1y, 2y, 5y, ytd, max
2025-09-03 13:51:14,783 - ERROR - OLAELEC.NS: Period '6m' is invalid, must be one of: 1d, 5d, 1mo, 3mo, 6mo, 1y, 2y, ytd, max
2025-09-03 13:51:14,907 - ERROR - POLICYBZR.NS: Period '6m' is invalid, must be one of: 1d, 5d, 1mo, 3mo, 6mo, 1y, 2y, 5y, ytd, max
2025-09-03 13:51:15,157 - ERROR - OFSS.NS: Period '6m' is invalid, must be one of: 1d, 5d, 1mo, 3mo, 6mo, 1y, 2y, 5y, 10y, ytd, max
2025-09-03 13:51:15,267 - ERROR - PAGEIND.NS: Period '6m' is invalid, must be one of: 1d, 5d, 1mo, 3mo, 6mo, 1y, 2y, 5y, 10y, ytd, max
2025-09-03 13:51:15,430 - ERROR - PATANJALI.NS: Period '6m' is invalid, must be one of: 1d, 5d, 1mo, 3mo, 6mo, 1y, 2y, 5y, 10y, ytd, max
2025-09-03 13:51:15,582 - ERROR - PIIND.NS: Period '6m' is invalid, must be one of: 1d, 5d, 1mo, 3mo, 6mo, 1y, 2y, 5y, 10y, ytd, max
2025-09-03 13:51:15,743 - ERROR - PERSISTENT.NS: Period '6m' is invalid, must be one of: 1d, 5d, 1mo, 3mo, 6mo, 1y, 2y, 5y, 10y, ytd, max
2025-09-03 13:51:15,866 - ERROR - PETRONET.NS: Period '6m' is invalid, must be one of: 1d, 5d, 1mo, 3mo, 6mo, 1y, 2y, 5y, 10y, ytd, max
2025-09-03 13:51:16,000 - ERROR - PHOENIXLTD.NS: Period '6m' is invalid, must be one of: 1d, 5d, 1mo, 3mo, 6mo, 1y, 2y, 5y, 10y, ytd, max
2025-09-03 13:51:16,135 - ERROR - PIDILITIND.NS: Period '6m' is invalid, must be one of: 1d, 5d, 1mo, 3mo, 6mo, 1y, 2y, 5y, 10y, ytd, max
2025-09-03 13:51:16,248 - ERROR - POLYCAB.NS: Period '6m' is invalid, must be one of: 1d, 5d, 1mo, 3mo, 6mo, 1y, 2y, 5y, 10y, ytd, max
2025-09-03 13:51:16,367 - ERROR - PFC.NS: Period '6m' is invalid, must be one of: 1d, 5d, 1mo, 3mo, 6mo, 1y, 2y, 5y, 10y, ytd, max
2025-09-03 13:51:16,496 - ERROR - POWERGRID.NS: Period '6m' is invalid, must be one of: 1d, 5d, 1mo, 3mo, 6mo, 1y, 2y, 5y, 10y, ytd, max
2025-09-03 13:51:16,593 - ERROR - PREMIERENE.NS: Period '6m' is invalid, must be one of: 1d, 5d, 1mo, 3mo, 6mo, 1y, 2y, ytd, max
2025-09-03 13:51:16,812 - ERROR - PNB.NS: Period '6m' is invalid, must be one of: 1d, 5d, 1mo, 3mo, 6mo, 1y, 2y, 5y, 10y, ytd, max
2025-09-03 13:51:17,046 - ERROR - PRESTIGE.NS: Period '6m' is invalid, must be one of: 1d, 5d, 1mo, 3mo, 6mo, 1y, 2y, 5y, 10y, ytd, max
2025-09-03 13:51:17,268 - ERROR - RVNL.NS: Period '6m' is invalid, must be one of: 1d, 5d, 1mo, 3mo, 6mo, 1y, 2y, 5y, 10y, ytd, max
2025-09-03 13:51:17,393 - ERROR - RECLTD.NS: Period '6m' is invalid, must be one of: 1d, 5d, 1mo, 3mo, 6mo, 1y, 2y, 5y, 10y, ytd, max
2025-09-03 13:51:17,485 - ERROR - SBICARD.NS: Period '6m' is invalid, must be one of: 1d, 5d, 1mo, 3mo, 6mo, 1y, 2y, 5y, 10y, ytd, max
2025-09-03 13:51:17,662 - ERROR - RELIANCE.NS: Period '6m' is invalid, must be one of: 1d, 5d, 1mo, 3mo, 6mo, 1y, 2y, 5y, 10y, ytd, max
2025-09-03 13:51:17,752 - ERROR - SBILIFE.NS: Period '6m' is invalid, must be one of: 1d, 5d, 1mo, 3mo, 6mo, 1y, 2y, 5y, 10y, ytd, max
2025-09-03 13:51:17,901 - ERROR - SJVN.NS: Period '6m' is invalid, must be one of: 1d, 5d, 1mo, 3mo, 6mo, 1y, 2y, 5y, 10y, ytd, max
2025-09-03 13:51:18,032 - ERROR - SRF.NS: Period '6m' is invalid, must be one of: 1d, 5d, 1mo, 3mo, 6mo, 1y, 2y, 5y, 10y, ytd, max
2025-09-03 13:51:18,185 - ERROR - SHREECEM.NS: Period '6m' is invalid, must be one of: 1d, 5d, 1mo, 3mo, 6mo, 1y, 2y, 5y, 10y, ytd, max
2025-09-03 13:51:18,314 - ERROR - SHRIRAMFIN.NS: Period '6m' is invalid, must be one of: 1d, 5d, 1mo, 3mo, 6mo, 1y, 2y, 5y, 10y, ytd, max
2025-09-03 13:51:18,529 - ERROR - MOTHERSON.NS: Period '6m' is invalid, must be one of: 1d, 5d, 1mo, 3mo, 6mo, 1y, 2y, 5y, 10y, ytd, max
2025-09-03 13:51:18,664 - ERROR - SOLARINDS.NS: Period '6m' is invalid, must be one of: 1d, 5d, 1mo, 3mo, 6mo, 1y, 2y, 5y, 10y, ytd, max
2025-09-03 13:51:18,789 - ERROR - SIEMENS.NS: Period '6m' is invalid, must be one of: 1d, 5d, 1mo, 3mo, 6mo, 1y, 2y, 5y, 10y, ytd, max
2025-09-03 13:51:19,055 - ERROR - SAIL.NS: Period '6m' is invalid, must be one of: 1d, 5d, 1mo, 3mo, 6mo, 1y, 2y, 5y, 10y, ytd, max
2025-09-03 13:51:19,215 - ERROR - SBIN.NS: Period '6m' is invalid, must be one of: 1d, 5d, 1mo, 3mo, 6mo, 1y, 2y, 5y, 10y, ytd, max
2025-09-03 13:51:19,434 - ERROR - SONACOMS.NS: Period '6m' is invalid, must be one of: 1d, 5d, 1mo, 3mo, 6mo, 1y, 2y, 5y, ytd, max
2025-09-03 13:51:19,590 - ERROR - SUNPHARMA.NS: Period '6m' is invalid, must be one of: 1d, 5d, 1mo, 3mo, 6mo, 1y, 2y, 5y, 10y, ytd, max
2025-09-03 13:51:19,719 - ERROR - SUPREMEIND.NS: Period '6m' is invalid, must be one of: 1d, 5d, 1mo, 3mo, 6mo, 1y, 2y, 5y, 10y, ytd, max
2025-09-03 13:51:19,823 - ERROR - SUZLON.NS: Period '6m' is invalid, must be one of: 1d, 5d, 1mo, 3mo, 6mo, 1y, 2y, 5y, 10y, ytd, max
2025-09-03 13:51:19,933 - ERROR - SWIGGY.NS: Period '6m' is invalid, must be one of: 1d, 5d, 1mo, 3mo, 6mo, 1y, ytd, max
2025-09-03 13:51:20,051 - ERROR - TVSMOTOR.NS: Period '6m' is invalid, must be one of: 1d, 5d, 1mo, 3mo, 6mo, 1y, 2y, 5y, 10y, ytd, max
2025-09-03 13:51:20,171 - ERROR - TCS.NS: Period '6m' is invalid, must be one of: 1d, 5d, 1mo, 3mo, 6mo, 1y, 2y, 5y, 10y, ytd, max
2025-09-03 13:51:20,316 - ERROR - TATACOMM.NS: Period '6m' is invalid, must be one of: 1d, 5d, 1mo, 3mo, 6mo, 1y, 2y, 5y, 10y, ytd, max
2025-09-03 13:51:20,584 - ERROR - TATACONSUM.NS: Period '6m' is invalid, must be one of: 1d, 5d, 1mo, 3mo, 6mo, 1y, 2y, 5y, 10y, ytd, max
2025-09-03 13:51:20,716 - ERROR - TATAELXSI.NS: Period '6m' is invalid, must be one of: 1d, 5d, 1mo, 3mo, 6mo, 1y, 2y, 5y, 10y, ytd, max
2025-09-03 13:51:20,888 - ERROR - TATAMOTORS.NS: Period '6m' is invalid, must be one of: 1d, 5d, 1mo, 3mo, 6mo, 1y, 2y, 5y, 10y, ytd, max
2025-09-03 13:51:21,079 - ERROR - TATAPOWER.NS: Period '6m' is invalid, must be one of: 1d, 5d, 1mo, 3mo, 6mo, 1y, 2y, 5y, 10y, ytd, max
2025-09-03 13:51:21,219 - ERROR - TATASTEEL.NS: Period '6m' is invalid, must be one of: 1d, 5d, 1mo, 3mo, 6mo, 1y, 2y, 5y, 10y, ytd, max
2025-09-03 13:51:21,351 - ERROR - TECHM.NS: Period '6m' is invalid, must be one of: 1d, 5d, 1mo, 3mo, 6mo, 1y, 2y, 5y, 10y, ytd, max
2025-09-03 13:51:21,582 - ERROR - TITAN.NS: Period '6m' is invalid, must be one of: 1d, 5d, 1mo, 3mo, 6mo, 1y, 2y, 5y, 10y, ytd, max
2025-09-03 13:51:21,700 - ERROR - TATATECH.NS: Period '6m' is invalid, must be one of: 1d, 5d, 1mo, 3mo, 6mo, 1y, 2y, ytd, max
2025-09-03 13:51:21,834 - ERROR - TORNTPOWER.NS: Period '6m' is invalid, must be one of: 1d, 5d, 1mo, 3mo, 6mo, 1y, 2y, 5y, 10y, ytd, max
2025-09-03 13:51:21,966 - ERROR - TORNTPHARM.NS: Period '6m' is invalid, must be one of: 1d, 5d, 1mo, 3mo, 6mo, 1y, 2y, 5y, 10y, ytd, max
2025-09-03 13:51:22,085 - ERROR - TRENT.NS: Period '6m' is invalid, must be one of: 1d, 5d, 1mo, 3mo, 6mo, 1y, 2y, 5y, 10y, ytd, max
2025-09-03 13:51:22,184 - ERROR - TIINDIA.NS: Period '6m' is invalid, must be one of: 1d, 5d, 1mo, 3mo, 6mo, 1y, 2y, 5y, 10y, ytd, max
2025-09-03 13:51:22,346 - ERROR - UPL.NS: Period '6m' is invalid, must be one of: 1d, 5d, 1mo, 3mo, 6mo, 1y, 2y, 5y, 10y, ytd, max
2025-09-03 13:51:22,566 - ERROR - ULTRACEMCO.NS: Period '6m' is invalid, must be one of: 1d, 5d, 1mo, 3mo, 6mo, 1y, 2y, 5y, 10y, ytd, max
2025-09-03 13:51:22,685 - ERROR - UNIONBANK.NS: Period '6m' is invalid, must be one of: 1d, 5d, 1mo, 3mo, 6mo, 1y, 2y, 5y, 10y, ytd, max
2025-09-03 13:51:22,865 - ERROR - VEDL.NS: Period '6m' is invalid, must be one of: 1d, 5d, 1mo, 3mo, 6mo, 1y, 2y, 5y, 10y, ytd, max
2025-09-03 13:51:22,966 - ERROR - UNITDSPR.NS: Period '6m' is invalid, must be one of: 1d, 5d, 1mo, 3mo, 6mo, 1y, 2y, ytd, max
2025-09-03 13:51:23,110 - ERROR - VBL.NS: Period '6m' is invalid, must be one of: 1d, 5d, 1mo, 3mo, 6mo, 1y, 2y, 5y, 10y, ytd, max
2025-09-03 13:51:23,204 - ERROR - VMM.NS: Period '6m' is invalid, must be one of: 1d, 5d, 1mo, 3mo, 6mo, 1y, ytd, max
2025-09-03 13:51:23,333 - ERROR - IDEA.NS: Period '6m' is invalid, must be one of: 1d, 5d, 1mo, 3mo, 6mo, 1y, 2y, 5y, 10y, ytd, max
2025-09-03 13:51:23,487 - ERROR - VOLTAS.NS: Period '6m' is invalid, must be one of: 1d, 5d, 1mo, 3mo, 6mo, 1y, 2y, 5y, 10y, ytd, max
2025-09-03 13:51:23,684 - ERROR - WIPRO.NS: Period '6m' is invalid, must be one of: 1d, 5d, 1mo, 3mo, 6mo, 1y, 2y, 5y, 10y, ytd, max
2025-09-03 13:51:23,790 - ERROR - WAAREEENER.NS: Period '6m' is invalid, must be one of: 1d, 5d, 1mo, 3mo, 6mo, 1y, ytd, max
2025-09-03 13:51:23,916 - ERROR - YESBANK.NS: Period '6m' is invalid, must be one of: 1d, 5d, 1mo, 3mo, 6mo, 1y, 2y, 5y, 10y, ytd, max
2025-09-03 13:51:24,046 - ERROR - ZYDUSLIFE.NS: Period '6m' is invalid, must be one of: 1d, 5d, 1mo, 3mo, 6mo, 1y, 2y, 5y, 10y, ytd, max
2025-09-03 13:51:24,048 - INFO - Completed risk-return analysis
2025-09-03 13:51:24,052 - WARNING - No suitable investment candidates found
2025-09-03 13:51:24,823 - INFO - Enhanced Excel report generated: reports/Enhanced_Stock_Report_20250903_135124.xlsx, Size: 268261 bytes
