2025-09-03 17:12:56,360 - INFO - Top 200 NSE Stock Analysis Initialized
2025-09-03 17:12:56,368 - INFO - Using default stock list from stock_list_template.csv
2025-09-03 17:12:56,371 - INFO - Loading stocks from CSV: stock_list_template.csv
2025-09-03 17:12:56,383 - INFO - Loaded 200 stocks with company names
2025-09-03 17:12:56,385 - INFO - Sample stocks: ABB, ACC, APLAPOLLO, AUBANK, ADANIENSOL
2025-09-03 17:12:56,393 - INFO - Starting batch analysis of 5 stocks
2025-09-03 17:12:57,667 - INFO - Comprehensive data extracted for ABB
2025-09-03 17:12:57,667 - INFO - Fundamental analysis completed for ABB: 58 fields
2025-09-03 17:12:57,912 - INFO - Enhanced technical analysis completed for ABB: 52 fields
2025-09-03 17:12:57,981 - INFO - Completed analysis for ABB: Score=56.6, Recommendation=HOLD
2025-09-03 17:12:58,908 - INFO - Comprehensive data extracted for ACC
2025-09-03 17:12:58,910 - INFO - Fundamental analysis completed for ACC: 58 fields
2025-09-03 17:12:59,223 - INFO - Enhanced technical analysis completed for ACC: 52 fields
2025-09-03 17:12:59,286 - INFO - Completed analysis for ACC: Score=68.3, Recommendation=BUY (VALUE)
2025-09-03 17:13:04,764 - INFO - Comprehensive data extracted for APLAPOLLO
2025-09-03 17:13:04,768 - INFO - Fundamental analysis completed for APLAPOLLO: 58 fields
2025-09-03 17:13:04,934 - INFO - Enhanced technical analysis completed for APLAPOLLO: 52 fields
2025-09-03 17:13:04,994 - INFO - Completed analysis for APLAPOLLO: Score=30.5, Recommendation=SELL
2025-09-03 17:13:05,640 - INFO - Comprehensive data extracted for AUBANK
2025-09-03 17:13:05,640 - INFO - Fundamental analysis completed for AUBANK: 58 fields
2025-09-03 17:13:05,898 - INFO - Enhanced technical analysis completed for AUBANK: 52 fields
2025-09-03 17:13:05,970 - INFO - Completed analysis for AUBANK: Score=64.7, Recommendation=BUY
2025-09-03 17:13:11,691 - INFO - Comprehensive data extracted for ADANIENSOL
2025-09-03 17:13:11,691 - INFO - Fundamental analysis completed for ADANIENSOL: 58 fields
2025-09-03 17:13:11,861 - INFO - Enhanced technical analysis completed for ADANIENSOL: 52 fields
2025-09-03 17:13:11,922 - INFO - Completed analysis for ADANIENSOL: Score=28.4, Recommendation=SELL
2025-09-03 17:13:11,928 - INFO - Batch analysis completed: 5 results, 0 failures
2025-09-03 17:13:11,964 - INFO - Calculated sector rankings for 4 sectors
2025-09-03 17:13:13,341 - INFO - Completed risk-return analysis
2025-09-03 17:13:13,349 - INFO - Generated portfolio allocation for 1 stocks
2025-09-03 17:13:14,098 - INFO - Enhanced Excel report generated: reports/Enhanced_Stock_Report_20250903_171313.xlsx, Size: 21496 bytes
