2025-09-03 14:03:04,444 - INFO - Top 200 NSE Stock Analysis Initialized
2025-09-03 14:03:04,445 - INFO - Using default stock list from stock_list_template.csv
2025-09-03 14:03:04,445 - INFO - Loading stocks from CSV: stock_list_template.csv
2025-09-03 14:03:04,458 - INFO - Loaded 200 stocks with company names
2025-09-03 14:03:04,458 - INFO - Sample stocks: ABB, ACC, APLAPOLLO, AUBANK, ADANIENSOL
2025-09-03 14:03:04,463 - INFO - Starting batch analysis of 200 stocks
2025-09-03 14:03:05,701 - INFO - Comprehensive data extracted for APLAPOLLO
2025-09-03 14:03:05,701 - INFO - Fundamental analysis completed for APLAPOLLO: 58 fields
2025-09-03 14:03:05,727 - INFO - Comprehensive data extracted for ACC
2025-09-03 14:03:05,730 - INFO - Fundamental analysis completed for ACC: 58 fields
2025-09-03 14:03:05,925 - INFO - Enhanced technical analysis completed for APLAPOLLO: 52 fields
2025-09-03 14:03:06,002 - INFO - Completed analysis for APLAPOLLO: Score=30.3, Recommendation=SELL
2025-09-03 14:03:06,086 - INFO - Enhanced technical analysis completed for ACC: 52 fields
2025-09-03 14:03:06,162 - INFO - Completed analysis for ACC: Score=68.2, Recommendation=BUY (VALUE)
2025-09-03 14:03:06,412 - INFO - Comprehensive data extracted for ABB
2025-09-03 14:03:06,412 - INFO - Fundamental analysis completed for ABB: 58 fields
2025-09-03 14:03:06,759 - INFO - Enhanced technical analysis completed for ABB: 52 fields
2025-09-03 14:03:06,844 - INFO - Completed analysis for ABB: Score=56.6, Recommendation=HOLD
2025-09-03 14:03:07,022 - INFO - Comprehensive data extracted for ADANIENSOL
2025-09-03 14:03:07,022 - INFO - Fundamental analysis completed for ADANIENSOL: 58 fields
2025-09-03 14:03:07,114 - INFO - Comprehensive data extracted for AUBANK
2025-09-03 14:03:07,115 - INFO - Fundamental analysis completed for AUBANK: 58 fields
2025-09-03 14:03:07,194 - INFO - Enhanced technical analysis completed for ADANIENSOL: 52 fields
2025-09-03 14:03:07,244 - INFO - Completed analysis for ADANIENSOL: Score=28.4, Recommendation=SELL
2025-09-03 14:03:07,294 - INFO - Enhanced technical analysis completed for AUBANK: 52 fields
2025-09-03 14:03:07,366 - INFO - Completed analysis for AUBANK: Score=64.6, Recommendation=BUY
2025-09-03 14:03:13,005 - INFO - Comprehensive data extracted for ADANIPORTS
2025-09-03 14:03:13,006 - INFO - Fundamental analysis completed for ADANIPORTS: 58 fields
2025-09-03 14:03:13,051 - INFO - Comprehensive data extracted for ADANIENT
2025-09-03 14:03:13,051 - INFO - Fundamental analysis completed for ADANIENT: 58 fields
2025-09-03 14:03:13,183 - INFO - Comprehensive data extracted for ADANIGREEN
2025-09-03 14:03:13,201 - INFO - Enhanced technical analysis completed for ADANIPORTS: 52 fields
2025-09-03 14:03:13,201 - INFO - Fundamental analysis completed for ADANIGREEN: 58 fields
2025-09-03 14:03:13,261 - INFO - Enhanced technical analysis completed for ADANIENT: 52 fields
2025-09-03 14:03:13,283 - INFO - Completed analysis for ADANIPORTS: Score=49.1, Recommendation=WEAK SELL
2025-09-03 14:03:13,333 - INFO - Completed analysis for ADANIENT: Score=29.6, Recommendation=SELL
2025-09-03 14:03:13,391 - INFO - Enhanced technical analysis completed for ADANIGREEN: 52 fields
2025-09-03 14:03:13,444 - INFO - Completed analysis for ADANIGREEN: Score=43.3, Recommendation=WEAK SELL
2025-09-03 14:03:13,734 - INFO - Comprehensive data extracted for ADANIPOWER
2025-09-03 14:03:13,734 - INFO - Fundamental analysis completed for ADANIPOWER: 58 fields
2025-09-03 14:03:13,929 - INFO - Comprehensive data extracted for ATGL
2025-09-03 14:03:13,932 - INFO - Enhanced technical analysis completed for ADANIPOWER: 52 fields
2025-09-03 14:03:13,932 - INFO - Fundamental analysis completed for ATGL: 58 fields
2025-09-03 14:03:13,987 - INFO - Completed analysis for ADANIPOWER: Score=41.9, Recommendation=WEAK SELL
2025-09-03 14:03:14,132 - INFO - Enhanced technical analysis completed for ATGL: 52 fields
2025-09-03 14:03:14,196 - INFO - Completed analysis for ATGL: Score=33.6, Recommendation=SELL
2025-09-03 14:03:19,914 - INFO - Comprehensive data extracted for ABCAPITAL
2025-09-03 14:03:19,915 - INFO - Fundamental analysis completed for ABCAPITAL: 58 fields
2025-09-03 14:03:19,963 - INFO - Comprehensive data extracted for ALKEM
2025-09-03 14:03:19,964 - INFO - Fundamental analysis completed for ALKEM: 58 fields
2025-09-03 14:03:20,049 - INFO - Comprehensive data extracted for ABFRL
2025-09-03 14:03:20,049 - INFO - Fundamental analysis completed for ABFRL: 58 fields
2025-09-03 14:03:20,113 - INFO - Enhanced technical analysis completed for ABCAPITAL: 52 fields
2025-09-03 14:03:20,175 - INFO - Enhanced technical analysis completed for ALKEM: 52 fields
2025-09-03 14:03:20,203 - INFO - Completed analysis for ABCAPITAL: Score=42.9, Recommendation=WEAK SELL
2025-09-03 14:03:20,282 - INFO - Enhanced technical analysis completed for ABFRL: 52 fields
2025-09-03 14:03:20,296 - INFO - Completed analysis for ALKEM: Score=43.5, Recommendation=WEAK SELL
2025-09-03 14:03:20,346 - INFO - Completed analysis for ABFRL: Score=29.4, Recommendation=SELL
2025-09-03 14:03:20,745 - INFO - Comprehensive data extracted for AMBUJACEM
2025-09-03 14:03:20,745 - INFO - Fundamental analysis completed for AMBUJACEM: 58 fields
2025-09-03 14:03:20,778 - INFO - Comprehensive data extracted for APOLLOHOSP
2025-09-03 14:03:20,778 - INFO - Fundamental analysis completed for APOLLOHOSP: 58 fields
2025-09-03 14:03:20,940 - INFO - Enhanced technical analysis completed for AMBUJACEM: 52 fields
2025-09-03 14:03:20,994 - INFO - Enhanced technical analysis completed for APOLLOHOSP: 52 fields
2025-09-03 14:03:21,025 - INFO - Completed analysis for AMBUJACEM: Score=50.8, Recommendation=HOLD
2025-09-03 14:03:21,067 - INFO - Completed analysis for APOLLOHOSP: Score=37.1, Recommendation=SELL
