2025-09-19 13:17:23,333 - INFO - Dynamic NSE Stock Analysis Initialized
2025-09-19 13:17:23,333 - INFO - Risk profile set to: moderate
2025-09-19 13:17:23,337 - INFO - Using default stock list from stock_list_template.csv
2025-09-19 13:17:23,337 - INFO - Loading stocks from CSV: stock_list_template.csv
2025-09-19 13:17:23,348 - INFO - Loaded 200 stocks with company names
2025-09-19 13:17:23,348 - INFO - Sample stocks: ABB, ACC, APLAPOLLO, AUBANK, ADANIENSOL
2025-09-19 13:17:23,356 - INFO - Found 34 current holdings to include in analysis
2025-09-19 13:17:23,356 - INFO - Starting batch analysis of 28 stocks
2025-09-19 13:17:24,634 - INFO - Comprehensive data extracted for AXISBANK
2025-09-19 13:17:24,640 - INFO - Fundamental analysis completed for AXISBANK: 58 fields
2025-09-19 13:17:24,843 - INFO - Enhanced technical analysis completed for AXISBANK: 52 fields
2025-09-19 13:17:24,887 - INFO - Completed analysis for AXISBANK: Score=73.9, Recommendation=STRONG BUY (UNDERVALUED)
2025-09-19 13:17:25,518 - INFO - Comprehensive data extracted for BANKBARODA
2025-09-19 13:17:25,521 - INFO - Fundamental analysis completed for BANKBARODA: 58 fields
2025-09-19 13:17:25,662 - INFO - Enhanced technical analysis completed for BANKBARODA: 52 fields
2025-09-19 13:17:25,694 - INFO - Completed analysis for BANKBARODA: Score=79.1, Recommendation=STRONG BUY (UNDERVALUED)
2025-09-19 13:17:27,471 - INFO - Comprehensive data extracted for BAJAJ-AUTO
2025-09-19 13:17:27,472 - INFO - Fundamental analysis completed for BAJAJ-AUTO: 58 fields
2025-09-19 13:17:27,808 - INFO - Enhanced technical analysis completed for BAJAJ-AUTO: 52 fields
2025-09-19 13:17:27,841 - INFO - Completed analysis for BAJAJ-AUTO: Score=39.6, Recommendation=SELL
2025-09-19 13:17:33,383 - INFO - Comprehensive data extracted for CANBK
2025-09-19 13:17:33,385 - INFO - Fundamental analysis completed for CANBK: 58 fields
2025-09-19 13:17:33,544 - INFO - Enhanced technical analysis completed for CANBK: 52 fields
2025-09-19 13:17:33,584 - INFO - Completed analysis for CANBK: Score=85.3, Recommendation=STRONG BUY (UNDERVALUED)
2025-09-19 13:17:34,151 - INFO - Comprehensive data extracted for BANKINDIA
2025-09-19 13:17:34,151 - INFO - Fundamental analysis completed for BANKINDIA: 58 fields
2025-09-19 13:17:34,191 - INFO - Comprehensive data extracted for DMART
2025-09-19 13:17:34,192 - INFO - Fundamental analysis completed for DMART: 58 fields
2025-09-19 13:17:34,348 - INFO - Enhanced technical analysis completed for DMART: 52 fields
2025-09-19 13:17:34,389 - INFO - Enhanced technical analysis completed for BANKINDIA: 52 fields
2025-09-19 13:17:34,455 - INFO - Completed analysis for BANKINDIA: Score=78.9, Recommendation=STRONG BUY (UNDERVALUED)
2025-09-19 13:17:34,463 - INFO - Completed analysis for DMART: Score=26.5, Recommendation=SELL
2025-09-19 13:17:40,239 - INFO - Comprehensive data extracted for ETERNAL
2025-09-19 13:17:40,239 - INFO - Fundamental analysis completed for ETERNAL: 58 fields
2025-09-19 13:17:40,510 - INFO - Enhanced technical analysis completed for ETERNAL: 52 fields
2025-09-19 13:17:40,556 - INFO - Completed analysis for ETERNAL: Score=31.2, Recommendation=SELL
2025-09-19 13:17:41,422 - INFO - Comprehensive data extracted for DRREDDY
2025-09-19 13:17:41,422 - INFO - Fundamental analysis completed for DRREDDY: 58 fields
2025-09-19 13:17:41,809 - INFO - Enhanced technical analysis completed for DRREDDY: 52 fields
2025-09-19 13:17:41,874 - INFO - Completed analysis for DRREDDY: Score=69.8, Recommendation=BUY
2025-09-19 13:17:42,357 - INFO - Comprehensive data extracted for HAL
2025-09-19 13:17:42,357 - INFO - Fundamental analysis completed for HAL: 58 fields
2025-09-19 13:17:42,493 - INFO - Enhanced technical analysis completed for HAL: 52 fields
2025-09-19 13:17:42,553 - INFO - Completed analysis for HAL: Score=49.0, Recommendation=WEAK SELL
2025-09-19 13:17:48,271 - INFO - Comprehensive data extracted for HDFCLIFE
2025-09-19 13:17:48,271 - INFO - Fundamental analysis completed for HDFCLIFE: 58 fields
2025-09-19 13:17:48,500 - INFO - Enhanced technical analysis completed for HDFCLIFE: 52 fields
2025-09-19 13:17:48,540 - INFO - Comprehensive data extracted for HDFCBANK
2025-09-19 13:17:48,540 - INFO - Fundamental analysis completed for HDFCBANK: 58 fields
2025-09-19 13:17:48,629 - INFO - Completed analysis for HDFCLIFE: Score=44.7, Recommendation=WEAK SELL
2025-09-19 13:17:48,963 - INFO - Enhanced technical analysis completed for HDFCBANK: 52 fields
2025-09-19 13:17:49,049 - INFO - Completed analysis for HDFCBANK: Score=65.1, Recommendation=BUY
2025-09-19 13:17:49,511 - INFO - Comprehensive data extracted for HEROMOTOCO
2025-09-19 13:17:49,511 - INFO - Fundamental analysis completed for HEROMOTOCO: 58 fields
2025-09-19 13:17:49,778 - INFO - Enhanced technical analysis completed for HEROMOTOCO: 52 fields
2025-09-19 13:17:49,881 - INFO - Completed analysis for HEROMOTOCO: Score=45.9, Recommendation=WEAK SELL
2025-09-19 13:17:56,122 - INFO - Comprehensive data extracted for ICICIBANK
2025-09-19 13:17:56,133 - INFO - Comprehensive data extracted for HINDUNILVR
2025-09-19 13:17:56,133 - INFO - Fundamental analysis completed for ICICIBANK: 58 fields
2025-09-19 13:17:56,133 - INFO - Fundamental analysis completed for HINDUNILVR: 58 fields
2025-09-19 13:17:56,420 - INFO - Enhanced technical analysis completed for HINDUNILVR: 52 fields
2025-09-19 13:17:56,519 - INFO - Completed analysis for HINDUNILVR: Score=32.5, Recommendation=SELL
2025-09-19 13:17:56,651 - INFO - Enhanced technical analysis completed for ICICIBANK: 52 fields
2025-09-19 13:17:56,964 - INFO - Completed analysis for ICICIBANK: Score=74.3, Recommendation=STRONG BUY
2025-09-19 13:17:57,696 - INFO - Comprehensive data extracted for IDFCFIRSTB
2025-09-19 13:17:57,696 - INFO - Fundamental analysis completed for IDFCFIRSTB: 58 fields
2025-09-19 13:17:58,711 - INFO - Enhanced technical analysis completed for IDFCFIRSTB: 52 fields
2025-09-19 13:17:58,790 - INFO - Completed analysis for IDFCFIRSTB: Score=49.1, Recommendation=WEAK SELL
2025-09-19 13:18:04,513 - INFO - Comprehensive data extracted for KOTAKBANK
2025-09-19 13:18:04,515 - INFO - Fundamental analysis completed for KOTAKBANK: 58 fields
2025-09-19 13:18:04,688 - INFO - Enhanced technical analysis completed for KOTAKBANK: 52 fields
2025-09-19 13:18:04,764 - INFO - Completed analysis for KOTAKBANK: Score=67.8, Recommendation=BUY
2025-09-19 13:18:05,206 - INFO - Comprehensive data extracted for LICHSGFIN
2025-09-19 13:18:05,207 - INFO - Fundamental analysis completed for LICHSGFIN: 58 fields
2025-09-19 13:18:05,841 - INFO - Comprehensive data extracted for INDIANB
2025-09-19 13:18:05,843 - INFO - Fundamental analysis completed for INDIANB: 58 fields
2025-09-19 13:18:06,114 - INFO - Enhanced technical analysis completed for LICHSGFIN: 52 fields
2025-09-19 13:18:06,184 - INFO - Enhanced technical analysis completed for INDIANB: 52 fields
2025-09-19 13:18:06,227 - INFO - Completed analysis for LICHSGFIN: Score=69.0, Recommendation=BUY (VALUE)
2025-09-19 13:18:06,279 - INFO - Completed analysis for INDIANB: Score=83.4, Recommendation=STRONG BUY (UNDERVALUED)
2025-09-19 13:18:12,044 - INFO - Comprehensive data extracted for MOTILALOFS
2025-09-19 13:18:12,049 - INFO - Fundamental analysis completed for MOTILALOFS: 58 fields
2025-09-19 13:18:12,812 - INFO - Enhanced technical analysis completed for MOTILALOFS: 52 fields
2025-09-19 13:18:12,880 - INFO - Completed analysis for MOTILALOFS: Score=55.9, Recommendation=HOLD
2025-09-19 13:18:13,251 - INFO - Comprehensive data extracted for MAHABANK
2025-09-19 13:18:13,251 - INFO - Fundamental analysis completed for MAHABANK: 58 fields
2025-09-19 13:18:13,525 - INFO - Enhanced technical analysis completed for MAHABANK: 52 fields
2025-09-19 13:18:13,577 - INFO - Completed analysis for MAHABANK: Score=87.1, Recommendation=STRONG BUY (UNDERVALUED)
2025-09-19 13:18:14,390 - INFO - Comprehensive data extracted for MUTHOOTFIN
2025-09-19 13:18:14,391 - INFO - Fundamental analysis completed for MUTHOOTFIN: 58 fields
2025-09-19 13:18:14,864 - INFO - Enhanced technical analysis completed for MUTHOOTFIN: 52 fields
2025-09-19 13:18:14,922 - INFO - Completed analysis for MUTHOOTFIN: Score=72.6, Recommendation=STRONG BUY
2025-09-19 13:18:20,506 - INFO - Comprehensive data extracted for PFC
2025-09-19 13:18:20,507 - INFO - Fundamental analysis completed for PFC: 58 fields
2025-09-19 13:18:20,896 - INFO - Enhanced technical analysis completed for PFC: 52 fields
2025-09-19 13:18:20,958 - INFO - Completed analysis for PFC: Score=74.3, Recommendation=STRONG BUY (UNDERVALUED)
2025-09-19 13:18:21,100 - INFO - Comprehensive data extracted for NESTLEIND
2025-09-19 13:18:21,100 - INFO - Fundamental analysis completed for NESTLEIND: 58 fields
2025-09-19 13:18:21,518 - INFO - Enhanced technical analysis completed for NESTLEIND: 52 fields
2025-09-19 13:18:21,579 - INFO - Completed analysis for NESTLEIND: Score=28.2, Recommendation=SELL
2025-09-19 13:18:22,497 - INFO - Comprehensive data extracted for PNB
2025-09-19 13:18:22,497 - INFO - Fundamental analysis completed for PNB: 58 fields
2025-09-19 13:18:22,770 - INFO - Enhanced technical analysis completed for PNB: 52 fields
2025-09-19 13:18:22,834 - INFO - Completed analysis for PNB: Score=85.8, Recommendation=STRONG BUY (UNDERVALUED)
2025-09-19 13:18:29,896 - INFO - Comprehensive data extracted for RECLTD
2025-09-19 13:18:29,896 - INFO - Fundamental analysis completed for RECLTD: 58 fields
2025-09-19 13:18:30,147 - INFO - Enhanced technical analysis completed for RECLTD: 52 fields
2025-09-19 13:18:30,231 - INFO - Completed analysis for RECLTD: Score=76.6, Recommendation=STRONG BUY (UNDERVALUED)
2025-09-19 13:18:30,807 - INFO - Comprehensive data extracted for UNIONBANK
2025-09-19 13:18:30,807 - INFO - Fundamental analysis completed for UNIONBANK: 58 fields
2025-09-19 13:18:31,085 - INFO - Comprehensive data extracted for SBIN
2025-09-19 13:18:31,091 - INFO - Fundamental analysis completed for SBIN: 58 fields
2025-09-19 13:18:31,212 - INFO - Enhanced technical analysis completed for UNIONBANK: 52 fields
2025-09-19 13:18:31,259 - INFO - Completed analysis for UNIONBANK: Score=86.0, Recommendation=STRONG BUY (UNDERVALUED)
2025-09-19 13:18:31,510 - INFO - Enhanced technical analysis completed for SBIN: 52 fields
2025-09-19 13:18:31,560 - INFO - Completed analysis for SBIN: Score=87.4, Recommendation=STRONG BUY (UNDERVALUED)
2025-09-19 13:18:37,573 - INFO - Comprehensive data extracted for YESBANK
2025-09-19 13:18:37,573 - INFO - Fundamental analysis completed for YESBANK: 58 fields
2025-09-19 13:18:38,750 - INFO - Enhanced technical analysis completed for YESBANK: 52 fields
2025-09-19 13:18:38,796 - INFO - Completed analysis for YESBANK: Score=75.9, Recommendation=STRONG BUY
2025-09-19 13:18:38,802 - INFO - Batch analysis completed: 28 results, 0 failures
2025-09-19 13:18:38,905 - INFO - Calculated sector rankings for 5 sectors
2025-09-19 13:18:49,961 - INFO - Completed risk-return analysis
2025-09-19 13:18:50,057 - INFO - Generated complete portfolio allocation: 34 total stocks (Current: 34, New: 0)
2025-09-19 13:18:52,018 - INFO - Enhanced Excel report generated: reports/Enhanced_Stock_Report_20250919_131850.xlsx, Size: 60390 bytes
2025-09-19 13:18:52,227 - INFO - Loaded report: Enhanced_Stock_Report_20250919_131057.xlsx
2025-09-19 13:18:52,228 - INFO - Available sheets: ['Top Picks', 'Trading Plans', 'Undervalued', 'Sector Analysis', 'Risk Analysis', 'Portfolio Allocation', 'Portfolio Summary', 'Complete Data']
2025-09-19 13:18:52,378 - INFO - Loaded report: Enhanced_Stock_Report_20250919_131850.xlsx
2025-09-19 13:18:52,378 - INFO - Available sheets: ['Top Picks', 'Trading Plans', 'Undervalued', 'Sector Analysis', 'Risk Analysis', 'Portfolio Allocation', 'Portfolio Summary', 'Complete Data']
