2025-09-19 12:07:52,911 - INFO - Dynamic NSE Stock Analysis Initialized
2025-09-19 12:07:52,913 - INFO - Risk profile set to: moderate
2025-09-19 12:07:52,914 - INFO - Using default stock list from stock_list_template.csv
2025-09-19 12:07:52,915 - INFO - Loading stocks from CSV: stock_list_template.csv
2025-09-19 12:07:52,927 - INFO - Loaded 200 stocks with company names
2025-09-19 12:07:52,927 - INFO - Sample stocks: ABB, ACC, APLAPOLLO, AUBANK, ADANIENSOL
2025-09-19 12:07:52,933 - INFO - Starting batch analysis of 25 stocks
2025-09-19 12:07:56,552 - INFO - Comprehensive data extracted for APLAPOLLO
2025-09-19 12:07:56,564 - INFO - Fundamental analysis completed for APLAPOLLO: 58 fields
2025-09-19 12:07:56,740 - INFO - Enhanced technical analysis completed for APLAPOLLO: 52 fields
2025-09-19 12:07:56,796 - INFO - Completed analysis for APLAPOLLO: Score=31.9, Recommendation=SELL
2025-09-19 12:07:57,109 - INFO - Comprehensive data extracted for ABB
2025-09-19 12:07:57,109 - INFO - Fundamental analysis completed for ABB: 58 fields
2025-09-19 12:07:57,189 - INFO - Comprehensive data extracted for ACC
2025-09-19 12:07:57,189 - INFO - Fundamental analysis completed for ACC: 58 fields
2025-09-19 12:07:57,759 - INFO - Enhanced technical analysis completed for ABB: 52 fields
2025-09-19 12:07:57,886 - INFO - Completed analysis for ABB: Score=53.0, Recommendation=HOLD
2025-09-19 12:07:58,461 - INFO - Comprehensive data extracted for AUBANK
2025-09-19 12:07:58,461 - INFO - Fundamental analysis completed for AUBANK: 58 fields
2025-09-19 12:07:58,586 - INFO - Enhanced technical analysis completed for ACC: 52 fields
2025-09-19 12:07:58,639 - INFO - Completed analysis for ACC: Score=60.8, Recommendation=BUY (VALUE)
2025-09-19 12:07:58,720 - INFO - Enhanced technical analysis completed for AUBANK: 52 fields
2025-09-19 12:07:58,789 - INFO - Completed analysis for AUBANK: Score=70.2, Recommendation=STRONG BUY
2025-09-19 12:07:58,886 - INFO - Comprehensive data extracted for ADANIENSOL
2025-09-19 12:07:58,886 - INFO - Fundamental analysis completed for ADANIENSOL: 58 fields
2025-09-19 12:07:59,203 - INFO - Enhanced technical analysis completed for ADANIENSOL: 52 fields
2025-09-19 12:07:59,280 - INFO - Completed analysis for ADANIENSOL: Score=30.1, Recommendation=SELL
2025-09-19 12:08:05,386 - INFO - Comprehensive data extracted for ADANIENT
2025-09-19 12:08:05,388 - INFO - Fundamental analysis completed for ADANIENT: 58 fields
2025-09-19 12:08:05,573 - INFO - Enhanced technical analysis completed for ADANIENT: 52 fields
2025-09-19 12:08:05,631 - INFO - Completed analysis for ADANIENT: Score=28.6, Recommendation=SELL
2025-09-19 12:08:07,160 - INFO - Comprehensive data extracted for ADANIPORTS
2025-09-19 12:08:07,160 - INFO - Fundamental analysis completed for ADANIPORTS: 58 fields
2025-09-19 12:08:07,273 - INFO - Comprehensive data extracted for ADANIGREEN
2025-09-19 12:08:07,273 - INFO - Fundamental analysis completed for ADANIGREEN: 58 fields
2025-09-19 12:08:07,417 - INFO - Enhanced technical analysis completed for ADANIPORTS: 52 fields
2025-09-19 12:08:07,489 - INFO - Completed analysis for ADANIPORTS: Score=45.5, Recommendation=WEAK SELL
2025-09-19 12:08:07,525 - INFO - Comprehensive data extracted for ADANIPOWER
2025-09-19 12:08:07,538 - INFO - Enhanced technical analysis completed for ADANIGREEN: 52 fields
2025-09-19 12:08:07,538 - INFO - Fundamental analysis completed for ADANIPOWER: 58 fields
2025-09-19 12:08:07,587 - INFO - Completed analysis for ADANIGREEN: Score=37.0, Recommendation=SELL
2025-09-19 12:08:07,674 - INFO - Enhanced technical analysis completed for ADANIPOWER: 52 fields
2025-09-19 12:08:07,716 - INFO - Completed analysis for ADANIPOWER: Score=31.3, Recommendation=SELL
2025-09-19 12:08:11,104 - INFO - Comprehensive data extracted for ATGL
2025-09-19 12:08:11,104 - INFO - Fundamental analysis completed for ATGL: 58 fields
2025-09-19 12:08:11,293 - INFO - Enhanced technical analysis completed for ATGL: 52 fields
2025-09-19 12:08:11,363 - INFO - Completed analysis for ATGL: Score=36.0, Recommendation=SELL
2025-09-19 12:08:17,138 - INFO - Comprehensive data extracted for ABCAPITAL
2025-09-19 12:08:17,152 - INFO - Fundamental analysis completed for ABCAPITAL: 58 fields
2025-09-19 12:08:17,867 - INFO - Enhanced technical analysis completed for ABCAPITAL: 52 fields
2025-09-19 12:08:17,923 - INFO - Completed analysis for ABCAPITAL: Score=40.6, Recommendation=WEAK SELL
2025-09-19 12:08:18,799 - INFO - Comprehensive data extracted for ABFRL
2025-09-19 12:08:18,801 - INFO - Fundamental analysis completed for ABFRL: 58 fields
2025-09-19 12:08:19,238 - INFO - Enhanced technical analysis completed for ABFRL: 52 fields
2025-09-19 12:08:19,277 - INFO - Completed analysis for ABFRL: Score=28.4, Recommendation=SELL
2025-09-19 12:08:19,389 - INFO - Comprehensive data extracted for ALKEM
2025-09-19 12:08:19,403 - INFO - Fundamental analysis completed for ALKEM: 58 fields
2025-09-19 12:08:19,906 - INFO - Enhanced technical analysis completed for ALKEM: 52 fields
2025-09-19 12:08:19,956 - INFO - Completed analysis for ALKEM: Score=45.7, Recommendation=WEAK SELL
2025-09-19 12:08:20,263 - INFO - Comprehensive data extracted for APOLLOHOSP
2025-09-19 12:08:20,264 - INFO - Fundamental analysis completed for APOLLOHOSP: 58 fields
2025-09-19 12:08:20,446 - INFO - Enhanced technical analysis completed for APOLLOHOSP: 52 fields
2025-09-19 12:08:20,483 - INFO - Completed analysis for APOLLOHOSP: Score=37.6, Recommendation=SELL
2025-09-19 12:08:22,159 - INFO - Comprehensive data extracted for AMBUJACEM
2025-09-19 12:08:22,159 - INFO - Fundamental analysis completed for AMBUJACEM: 58 fields
2025-09-19 12:08:22,323 - INFO - Enhanced technical analysis completed for AMBUJACEM: 52 fields
2025-09-19 12:08:22,373 - INFO - Completed analysis for AMBUJACEM: Score=50.9, Recommendation=HOLD
2025-09-19 12:08:27,959 - INFO - Comprehensive data extracted for ASHOKLEY
2025-09-19 12:08:27,959 - INFO - Fundamental analysis completed for ASHOKLEY: 58 fields
2025-09-19 12:08:28,140 - INFO - Enhanced technical analysis completed for ASHOKLEY: 52 fields
2025-09-19 12:08:28,209 - INFO - Completed analysis for ASHOKLEY: Score=42.3, Recommendation=WEAK SELL
2025-09-19 12:08:28,626 - INFO - Comprehensive data extracted for ASTRAL
2025-09-19 12:08:28,626 - INFO - Fundamental analysis completed for ASTRAL: 58 fields
2025-09-19 12:08:29,161 - INFO - Enhanced technical analysis completed for ASTRAL: 52 fields
2025-09-19 12:08:29,203 - INFO - Completed analysis for ASTRAL: Score=28.0, Recommendation=SELL
2025-09-19 12:08:29,678 - INFO - Comprehensive data extracted for AUROPHARMA
2025-09-19 12:08:29,680 - INFO - Fundamental analysis completed for AUROPHARMA: 58 fields
2025-09-19 12:08:29,895 - INFO - Enhanced technical analysis completed for AUROPHARMA: 52 fields
2025-09-19 12:08:29,951 - INFO - Completed analysis for AUROPHARMA: Score=48.2, Recommendation=WEAK SELL
2025-09-19 12:08:30,821 - INFO - Comprehensive data extracted for ASIANPAINT
2025-09-19 12:08:30,821 - INFO - Fundamental analysis completed for ASIANPAINT: 58 fields
2025-09-19 12:08:30,991 - INFO - Enhanced technical analysis completed for ASIANPAINT: 52 fields
2025-09-19 12:08:31,039 - INFO - Completed analysis for ASIANPAINT: Score=27.3, Recommendation=SELL
2025-09-19 12:08:34,343 - INFO - Comprehensive data extracted for APOLLOTYRE
2025-09-19 12:08:34,343 - INFO - Fundamental analysis completed for APOLLOTYRE: 58 fields
2025-09-19 12:08:35,422 - INFO - Enhanced technical analysis completed for APOLLOTYRE: 52 fields
2025-09-19 12:08:35,730 - INFO - Completed analysis for APOLLOTYRE: Score=27.7, Recommendation=SELL
2025-09-19 12:08:41,655 - INFO - Comprehensive data extracted for DMART
2025-09-19 12:08:41,655 - INFO - Fundamental analysis completed for DMART: 58 fields
2025-09-19 12:08:41,791 - INFO - Enhanced technical analysis completed for DMART: 52 fields
2025-09-19 12:08:41,823 - INFO - Completed analysis for DMART: Score=26.6, Recommendation=SELL
2025-09-19 12:08:42,140 - INFO - Comprehensive data extracted for BSE
2025-09-19 12:08:42,143 - INFO - Fundamental analysis completed for BSE: 58 fields
2025-09-19 12:08:42,431 - INFO - Comprehensive data extracted for AXISBANK
2025-09-19 12:08:42,433 - INFO - Fundamental analysis completed for AXISBANK: 58 fields
2025-09-19 12:08:42,873 - INFO - Comprehensive data extracted for BAJAJ-AUTO
2025-09-19 12:08:42,875 - INFO - Fundamental analysis completed for BAJAJ-AUTO: 58 fields
2025-09-19 12:08:43,042 - INFO - Enhanced technical analysis completed for BAJAJ-AUTO: 52 fields
2025-09-19 12:08:43,093 - INFO - Completed analysis for BAJAJ-AUTO: Score=39.7, Recommendation=SELL
2025-09-19 12:08:43,756 - INFO - Enhanced technical analysis completed for BSE: 52 fields
2025-09-19 12:08:43,824 - INFO - Completed analysis for BSE: Score=58.2, Recommendation=HOLD
2025-09-19 12:08:44,216 - INFO - Enhanced technical analysis completed for AXISBANK: 52 fields
2025-09-19 12:08:44,274 - INFO - Completed analysis for AXISBANK: Score=74.2, Recommendation=STRONG BUY (UNDERVALUED)
2025-09-19 12:08:45,476 - INFO - Comprehensive data extracted for BAJFINANCE
2025-09-19 12:08:45,478 - INFO - Fundamental analysis completed for BAJFINANCE: 58 fields
2025-09-19 12:08:45,922 - INFO - Enhanced technical analysis completed for BAJFINANCE: 52 fields
2025-09-19 12:08:45,995 - INFO - Completed analysis for BAJFINANCE: Score=50.0, Recommendation=HOLD
2025-09-19 12:08:45,997 - INFO - Batch analysis completed: 25 results, 0 failures
2025-09-19 12:08:46,073 - INFO - Calculated sector rankings for 8 sectors
2025-09-19 12:08:58,627 - INFO - Completed risk-return analysis
2025-09-19 12:08:58,651 - INFO - Generated portfolio allocation for 3 stocks
2025-09-19 12:09:08,453 - INFO - Enhanced Excel report generated: reports/Enhanced_Stock_Report_20250919_120858.xlsx, Size: 53865 bytes
2025-09-19 12:09:08,700 - INFO - Loaded report: Enhanced_Stock_Report_20250919_120536.xlsx
2025-09-19 12:09:08,702 - INFO - Available sheets: ['Top Picks', 'Trading Plans', 'Undervalued', 'Sector Analysis', 'Risk Analysis', 'Portfolio Allocation', 'Portfolio Summary', 'Complete Data']
2025-09-19 12:09:08,875 - INFO - Loaded report: Enhanced_Stock_Report_20250919_120858.xlsx
2025-09-19 12:09:08,875 - INFO - Available sheets: ['Top Picks', 'Trading Plans', 'Undervalued', 'Sector Analysis', 'Risk Analysis', 'Portfolio Allocation', 'Portfolio Summary', 'Complete Data']
