2025-09-17 18:04:54,549 - INFO - Dynamic NSE Stock Analysis Initialized
2025-09-17 18:04:54,553 - INFO - Risk profile set to: aggressive
2025-09-17 18:04:54,555 - INFO - HIGH-RISK MODE: Profile=aggressive, Growth=True, Momentum=True, MinVol=0.0
2025-09-17 18:04:54,557 - INFO - Using default stock list from stock_list_template.csv
2025-09-17 18:04:54,563 - INFO - Loading stocks from CSV: stock_list_template.csv
2025-09-17 18:04:54,588 - INFO - Loaded 200 stocks with company names
2025-09-17 18:04:54,594 - INFO - Sample stocks: ABB, ACC, APLAPOLLO, AUBANK, ADANIENSOL
2025-09-17 18:04:54,614 - INFO - Starting batch analysis of 200 stocks
2025-09-17 18:04:55,871 - INFO - Comprehensive data extracted for APLAPOLLO
2025-09-17 18:04:55,873 - INFO - Fundamental analysis completed for APLAPOLLO: 58 fields
2025-09-17 18:04:55,948 - INFO - Comprehensive data extracted for ACC
2025-09-17 18:04:55,952 - INFO - Fundamental analysis completed for ACC: 58 fields
2025-09-17 18:04:55,976 - INFO - Comprehensive data extracted for ABB
2025-09-17 18:04:55,985 - INFO - Fundamental analysis completed for ABB: 58 fields
2025-09-17 18:04:56,054 - INFO - Enhanced technical analysis completed for APLAPOLLO: 52 fields
2025-09-17 18:04:56,103 - INFO - Completed analysis for APLAPOLLO: Score=32.8, Recommendation=SELL
2025-09-17 18:04:56,214 - INFO - Enhanced technical analysis completed for ACC: 52 fields
2025-09-17 18:04:56,277 - INFO - Enhanced technical analysis completed for ABB: 52 fields
2025-09-17 18:04:56,329 - INFO - Completed analysis for ACC: Score=59.2, Recommendation=HOLD
2025-09-17 18:04:56,374 - INFO - Completed analysis for ABB: Score=53.1, Recommendation=HOLD
2025-09-17 18:04:56,678 - INFO - Comprehensive data extracted for AUBANK
2025-09-17 18:04:56,678 - INFO - Fundamental analysis completed for AUBANK: 58 fields
2025-09-17 18:04:56,856 - INFO - Enhanced technical analysis completed for AUBANK: 52 fields
2025-09-17 18:04:56,907 - INFO - Completed analysis for AUBANK: Score=68.5, Recommendation=BUY
2025-09-17 18:04:56,990 - INFO - Comprehensive data extracted for ADANIENSOL
2025-09-17 18:04:56,990 - INFO - Fundamental analysis completed for ADANIENSOL: 58 fields
2025-09-17 18:04:57,349 - INFO - Enhanced technical analysis completed for ADANIENSOL: 52 fields
2025-09-17 18:04:57,407 - INFO - Completed analysis for ADANIENSOL: Score=38.3, Recommendation=SELL
2025-09-17 18:05:03,010 - INFO - Comprehensive data extracted for ADANIGREEN
2025-09-17 18:05:03,010 - INFO - Fundamental analysis completed for ADANIGREEN: 58 fields
2025-09-17 18:05:03,038 - INFO - Comprehensive data extracted for ADANIPORTS
2025-09-17 18:05:03,038 - INFO - Fundamental analysis completed for ADANIPORTS: 58 fields
2025-09-17 18:05:03,144 - INFO - Enhanced technical analysis completed for ADANIGREEN: 52 fields
2025-09-17 18:05:03,172 - INFO - Comprehensive data extracted for ADANIENT
2025-09-17 18:05:03,172 - INFO - Fundamental analysis completed for ADANIENT: 58 fields
2025-09-17 18:05:03,217 - INFO - Completed analysis for ADANIGREEN: Score=39.2, Recommendation=SELL
2025-09-17 18:05:03,292 - INFO - Enhanced technical analysis completed for ADANIPORTS: 52 fields
2025-09-17 18:05:03,323 - INFO - Completed analysis for ADANIPORTS: Score=45.9, Recommendation=WEAK SELL
2025-09-17 18:05:03,417 - INFO - Enhanced technical analysis completed for ADANIENT: 52 fields
2025-09-17 18:05:03,451 - INFO - Completed analysis for ADANIENT: Score=25.9, Recommendation=SELL
2025-09-17 18:05:03,749 - INFO - Comprehensive data extracted for ADANIPOWER
2025-09-17 18:05:03,750 - INFO - Fundamental analysis completed for ADANIPOWER: 58 fields
2025-09-17 18:05:03,881 - INFO - Enhanced technical analysis completed for ADANIPOWER: 52 fields
2025-09-17 18:05:03,934 - INFO - Comprehensive data extracted for ATGL
2025-09-17 18:05:03,934 - INFO - Fundamental analysis completed for ATGL: 58 fields
2025-09-17 18:05:03,955 - INFO - Completed analysis for ADANIPOWER: Score=32.4, Recommendation=SELL
2025-09-17 18:05:04,283 - INFO - Enhanced technical analysis completed for ATGL: 52 fields
2025-09-17 18:05:04,324 - INFO - Completed analysis for ATGL: Score=38.4, Recommendation=SELL
2025-09-17 18:05:10,040 - INFO - Comprehensive data extracted for ABFRL
2025-09-17 18:05:10,042 - INFO - Fundamental analysis completed for ABFRL: 58 fields
2025-09-17 18:05:10,073 - INFO - Comprehensive data extracted for ALKEM
2025-09-17 18:05:10,091 - INFO - Fundamental analysis completed for ALKEM: 58 fields
2025-09-17 18:05:10,108 - INFO - Comprehensive data extracted for ABCAPITAL
2025-09-17 18:05:10,108 - INFO - Fundamental analysis completed for ABCAPITAL: 58 fields
2025-09-17 18:05:10,251 - INFO - Enhanced technical analysis completed for ALKEM: 52 fields
2025-09-17 18:05:10,436 - INFO - Completed analysis for ALKEM: Score=50.1, Recommendation=HOLD
2025-09-17 18:05:10,440 - INFO - Enhanced technical analysis completed for ABFRL: 52 fields
2025-09-17 18:05:10,498 - INFO - Enhanced technical analysis completed for ABCAPITAL: 52 fields
2025-09-17 18:05:10,566 - INFO - Completed analysis for ABCAPITAL: Score=47.2, Recommendation=WEAK SELL
2025-09-17 18:05:10,574 - INFO - Completed analysis for ABFRL: Score=33.3, Recommendation=SELL
2025-09-17 18:05:11,480 - INFO - Comprehensive data extracted for AMBUJACEM
2025-09-17 18:05:11,481 - INFO - Fundamental analysis completed for AMBUJACEM: 58 fields
2025-09-17 18:05:11,766 - INFO - Comprehensive data extracted for APOLLOHOSP
2025-09-17 18:05:11,773 - INFO - Fundamental analysis completed for APOLLOHOSP: 58 fields
2025-09-17 18:05:11,807 - INFO - Enhanced technical analysis completed for AMBUJACEM: 52 fields
2025-09-17 18:05:11,864 - INFO - Completed analysis for AMBUJACEM: Score=47.3, Recommendation=WEAK SELL
2025-09-17 18:05:11,983 - INFO - Enhanced technical analysis completed for APOLLOHOSP: 52 fields
2025-09-17 18:05:12,034 - INFO - Completed analysis for APOLLOHOSP: Score=44.9, Recommendation=WEAK SELL
2025-09-17 18:05:17,652 - INFO - Comprehensive data extracted for ASHOKLEY
2025-09-17 18:05:17,654 - INFO - Fundamental analysis completed for ASHOKLEY: 58 fields
2025-09-17 18:05:17,681 - INFO - Comprehensive data extracted for APOLLOTYRE
2025-09-17 18:05:17,691 - INFO - Fundamental analysis completed for APOLLOTYRE: 58 fields
2025-09-17 18:05:17,767 - INFO - Comprehensive data extracted for ASIANPAINT
2025-09-17 18:05:17,767 - INFO - Fundamental analysis completed for ASIANPAINT: 58 fields
2025-09-17 18:05:17,835 - INFO - Enhanced technical analysis completed for ASHOKLEY: 52 fields
2025-09-17 18:05:17,912 - INFO - Enhanced technical analysis completed for APOLLOTYRE: 52 fields
2025-09-17 18:05:17,969 - INFO - Enhanced technical analysis completed for ASIANPAINT: 52 fields
2025-09-17 18:05:18,015 - INFO - Completed analysis for APOLLOTYRE: Score=29.1, Recommendation=SELL
2025-09-17 18:05:18,056 - INFO - Completed analysis for ASIANPAINT: Score=25.5, Recommendation=SELL
2025-09-17 18:05:18,177 - INFO - Completed analysis for ASHOKLEY: Score=44.3, Recommendation=WEAK SELL
2025-09-17 18:05:18,565 - INFO - Comprehensive data extracted for AUROPHARMA
2025-09-17 18:05:18,569 - INFO - Fundamental analysis completed for AUROPHARMA: 58 fields
2025-09-17 18:05:18,771 - INFO - Enhanced technical analysis completed for AUROPHARMA: 52 fields
2025-09-17 18:05:18,799 - INFO - Comprehensive data extracted for ASTRAL
2025-09-17 18:05:18,801 - INFO - Fundamental analysis completed for ASTRAL: 58 fields
2025-09-17 18:05:18,846 - INFO - Completed analysis for AUROPHARMA: Score=50.8, Recommendation=HOLD
2025-09-17 18:05:19,125 - INFO - Enhanced technical analysis completed for ASTRAL: 52 fields
2025-09-17 18:05:19,192 - INFO - Completed analysis for ASTRAL: Score=30.6, Recommendation=SELL
2025-09-17 18:05:24,793 - INFO - Comprehensive data extracted for DMART
2025-09-17 18:05:24,793 - INFO - Fundamental analysis completed for DMART: 58 fields
2025-09-17 18:05:24,823 - INFO - Comprehensive data extracted for AXISBANK
2025-09-17 18:05:24,824 - INFO - Fundamental analysis completed for AXISBANK: 58 fields
2025-09-17 18:05:24,856 - INFO - Comprehensive data extracted for BSE
2025-09-17 18:05:24,859 - INFO - Fundamental analysis completed for BSE: 58 fields
2025-09-17 18:05:25,103 - INFO - Enhanced technical analysis completed for DMART: 52 fields
2025-09-17 18:05:25,119 - INFO - Enhanced technical analysis completed for BSE: 52 fields
2025-09-17 18:05:25,202 - INFO - Enhanced technical analysis completed for AXISBANK: 52 fields
2025-09-17 18:05:25,239 - INFO - Completed analysis for DMART: Score=22.4, Recommendation=SELL
2025-09-17 18:05:25,253 - INFO - Completed analysis for BSE: Score=53.4, Recommendation=HOLD
2025-09-17 18:05:25,304 - INFO - Completed analysis for AXISBANK: Score=74.0, Recommendation=STRONG BUY (UNDERVALUED)
2025-09-17 18:05:25,760 - INFO - Comprehensive data extracted for BAJFINANCE
2025-09-17 18:05:25,760 - INFO - Fundamental analysis completed for BAJFINANCE: 58 fields
2025-09-17 18:05:25,898 - INFO - Comprehensive data extracted for BAJAJ-AUTO
2025-09-17 18:05:25,898 - INFO - Fundamental analysis completed for BAJAJ-AUTO: 58 fields
2025-09-17 18:05:25,959 - INFO - Enhanced technical analysis completed for BAJFINANCE: 52 fields
2025-09-17 18:05:26,032 - INFO - Completed analysis for BAJFINANCE: Score=55.1, Recommendation=HOLD
2025-09-17 18:05:26,120 - INFO - Enhanced technical analysis completed for BAJAJ-AUTO: 52 fields
2025-09-17 18:05:26,169 - INFO - Completed analysis for BAJAJ-AUTO: Score=38.2, Recommendation=SELL
2025-09-17 18:05:31,774 - INFO - Comprehensive data extracted for BAJAJFINSV
2025-09-17 18:05:31,774 - INFO - Fundamental analysis completed for BAJAJFINSV: 58 fields
2025-09-17 18:05:31,872 - INFO - Comprehensive data extracted for BAJAJHFL
2025-09-17 18:05:31,872 - INFO - Fundamental analysis completed for BAJAJHFL: 58 fields
2025-09-17 18:05:31,899 - INFO - Comprehensive data extracted for BAJAJHLDNG
2025-09-17 18:05:31,899 - INFO - Fundamental analysis completed for BAJAJHLDNG: 58 fields
2025-09-17 18:05:31,958 - INFO - Enhanced technical analysis completed for BAJAJFINSV: 52 fields
2025-09-17 18:05:32,021 - INFO - Completed analysis for BAJAJFINSV: Score=47.1, Recommendation=WEAK SELL
2025-09-17 18:05:32,105 - INFO - Enhanced technical analysis completed for BAJAJHLDNG: 52 fields
2025-09-17 18:05:32,169 - INFO - Completed analysis for BAJAJHLDNG: Score=76.5, Recommendation=STRONG BUY (UNDERVALUED)
2025-09-17 18:05:32,231 - INFO - Enhanced technical analysis completed for BAJAJHFL: 52 fields
2025-09-17 18:05:32,297 - INFO - Completed analysis for BAJAJHFL: Score=39.8, Recommendation=SELL
2025-09-17 18:05:32,531 - INFO - Comprehensive data extracted for BANDHANBNK
2025-09-17 18:05:32,546 - INFO - Fundamental analysis completed for BANDHANBNK: 58 fields
2025-09-17 18:05:32,856 - INFO - Enhanced technical analysis completed for BANDHANBNK: 52 fields
2025-09-17 18:05:32,915 - INFO - Comprehensive data extracted for BANKBARODA
2025-09-17 18:05:32,916 - INFO - Fundamental analysis completed for BANKBARODA: 58 fields
2025-09-17 18:05:32,958 - INFO - Completed analysis for BANDHANBNK: Score=64.5, Recommendation=BUY (VALUE)
2025-09-17 18:05:33,275 - INFO - Enhanced technical analysis completed for BANKBARODA: 52 fields
2025-09-17 18:05:33,352 - INFO - Completed analysis for BANKBARODA: Score=75.2, Recommendation=STRONG BUY (UNDERVALUED)
2025-09-17 18:05:38,928 - INFO - Comprehensive data extracted for BDL
2025-09-17 18:05:38,928 - INFO - Fundamental analysis completed for BDL: 58 fields
2025-09-17 18:05:38,989 - INFO - Comprehensive data extracted for BANKINDIA
2025-09-17 18:05:38,989 - INFO - Fundamental analysis completed for BANKINDIA: 58 fields
2025-09-17 18:05:39,089 - INFO - Enhanced technical analysis completed for BDL: 52 fields
2025-09-17 18:05:39,169 - INFO - Completed analysis for BDL: Score=65.7, Recommendation=BUY
2025-09-17 18:05:39,255 - INFO - Comprehensive data extracted for MAHABANK
2025-09-17 18:05:39,255 - INFO - Fundamental analysis completed for MAHABANK: 58 fields
2025-09-17 18:05:39,339 - INFO - Enhanced technical analysis completed for BANKINDIA: 52 fields
2025-09-17 18:05:39,404 - INFO - Completed analysis for BANKINDIA: Score=80.4, Recommendation=STRONG BUY (UNDERVALUED)
2025-09-17 18:05:39,505 - INFO - Enhanced technical analysis completed for MAHABANK: 52 fields
2025-09-17 18:05:39,574 - INFO - Completed analysis for MAHABANK: Score=94.0, Recommendation=STRONG BUY (UNDERVALUED)
2025-09-17 18:05:39,685 - INFO - Comprehensive data extracted for BEL
2025-09-17 18:05:39,685 - INFO - Fundamental analysis completed for BEL: 58 fields
2025-09-17 18:05:39,906 - INFO - Enhanced technical analysis completed for BEL: 52 fields
2025-09-17 18:05:39,967 - INFO - Completed analysis for BEL: Score=51.2, Recommendation=HOLD
2025-09-17 18:05:40,053 - INFO - Comprehensive data extracted for BHARATFORG
2025-09-17 18:05:40,053 - INFO - Fundamental analysis completed for BHARATFORG: 58 fields
2025-09-17 18:05:40,453 - INFO - Enhanced technical analysis completed for BHARATFORG: 52 fields
2025-09-17 18:05:40,526 - INFO - Completed analysis for BHARATFORG: Score=31.8, Recommendation=SELL
2025-09-17 18:05:46,139 - INFO - Comprehensive data extracted for BHARTIARTL
2025-09-17 18:05:46,143 - INFO - Fundamental analysis completed for BHARTIARTL: 58 fields
2025-09-17 18:05:46,170 - INFO - Comprehensive data extracted for BPCL
2025-09-17 18:05:46,180 - INFO - Fundamental analysis completed for BPCL: 58 fields
2025-09-17 18:05:46,360 - INFO - Enhanced technical analysis completed for BHARTIARTL: 52 fields
2025-09-17 18:05:46,417 - INFO - Comprehensive data extracted for BHEL
2025-09-17 18:05:46,426 - INFO - Fundamental analysis completed for BHEL: 58 fields
2025-09-17 18:05:46,456 - INFO - Enhanced technical analysis completed for BPCL: 52 fields
2025-09-17 18:05:46,501 - INFO - Completed analysis for BHARTIARTL: Score=57.3, Recommendation=HOLD
2025-09-17 18:05:46,562 - INFO - Completed analysis for BPCL: Score=59.3, Recommendation=HOLD
2025-09-17 18:05:46,635 - INFO - Enhanced technical analysis completed for BHEL: 52 fields
2025-09-17 18:05:46,704 - INFO - Completed analysis for BHEL: Score=35.4, Recommendation=SELL
2025-09-17 18:05:46,981 - INFO - Comprehensive data extracted for BHARTIHEXA
2025-09-17 18:05:46,986 - INFO - Fundamental analysis completed for BHARTIHEXA: 58 fields
2025-09-17 18:05:47,072 - INFO - Comprehensive data extracted for BIOCON
2025-09-17 18:05:47,072 - INFO - Fundamental analysis completed for BIOCON: 58 fields
2025-09-17 18:05:47,179 - INFO - Enhanced technical analysis completed for BHARTIHEXA: 52 fields
2025-09-17 18:05:47,260 - INFO - Completed analysis for BHARTIHEXA: Score=45.4, Recommendation=WEAK SELL
2025-09-17 18:05:47,490 - INFO - Enhanced technical analysis completed for BIOCON: 52 fields
2025-09-17 18:05:47,557 - INFO - Completed analysis for BIOCON: Score=33.0, Recommendation=SELL
2025-09-17 18:05:53,209 - INFO - Comprehensive data extracted for BRITANNIA
2025-09-17 18:05:53,220 - INFO - Comprehensive data extracted for BOSCHLTD
2025-09-17 18:05:53,230 - INFO - Fundamental analysis completed for BRITANNIA: 58 fields
2025-09-17 18:05:53,230 - INFO - Fundamental analysis completed for BOSCHLTD: 58 fields
2025-09-17 18:05:53,344 - INFO - Comprehensive data extracted for CGPOWER
2025-09-17 18:05:53,344 - INFO - Fundamental analysis completed for CGPOWER: 58 fields
2025-09-17 18:05:53,459 - INFO - Enhanced technical analysis completed for BRITANNIA: 52 fields
2025-09-17 18:05:53,491 - INFO - Enhanced technical analysis completed for BOSCHLTD: 52 fields
2025-09-17 18:05:53,523 - INFO - Completed analysis for BRITANNIA: Score=36.2, Recommendation=SELL
2025-09-17 18:05:53,557 - INFO - Completed analysis for BOSCHLTD: Score=40.3, Recommendation=WEAK SELL
2025-09-17 18:05:53,669 - INFO - Enhanced technical analysis completed for CGPOWER: 52 fields
2025-09-17 18:05:53,735 - INFO - Completed analysis for CGPOWER: Score=44.5, Recommendation=WEAK SELL
2025-09-17 18:05:54,078 - INFO - Comprehensive data extracted for CANBK
2025-09-17 18:05:54,080 - INFO - Fundamental analysis completed for CANBK: 58 fields
2025-09-17 18:05:54,183 - INFO - Comprehensive data extracted for CHOLAFIN
2025-09-17 18:05:54,183 - INFO - Fundamental analysis completed for CHOLAFIN: 58 fields
2025-09-17 18:05:54,338 - INFO - Enhanced technical analysis completed for CANBK: 52 fields
2025-09-17 18:05:54,389 - INFO - Completed analysis for CANBK: Score=84.2, Recommendation=STRONG BUY (UNDERVALUED)
2025-09-17 18:05:54,475 - INFO - Enhanced technical analysis completed for CHOLAFIN: 52 fields
2025-09-17 18:05:54,536 - INFO - Completed analysis for CHOLAFIN: Score=49.8, Recommendation=WEAK SELL
2025-09-17 18:06:00,286 - INFO - Comprehensive data extracted for CIPLA
2025-09-17 18:06:00,286 - INFO - Fundamental analysis completed for CIPLA: 58 fields
2025-09-17 18:06:00,336 - INFO - Comprehensive data extracted for COCHINSHIP
2025-09-17 18:06:00,340 - INFO - Fundamental analysis completed for COCHINSHIP: 58 fields
2025-09-17 18:06:00,366 - INFO - Comprehensive data extracted for COALINDIA
2025-09-17 18:06:00,366 - INFO - Fundamental analysis completed for COALINDIA: 58 fields
2025-09-17 18:06:00,494 - INFO - Enhanced technical analysis completed for CIPLA: 52 fields
2025-09-17 18:06:00,633 - INFO - Enhanced technical analysis completed for COCHINSHIP: 52 fields
2025-09-17 18:06:00,701 - INFO - Enhanced technical analysis completed for COALINDIA: 52 fields
2025-09-17 18:06:00,718 - INFO - Completed analysis for CIPLA: Score=48.0, Recommendation=WEAK SELL
2025-09-17 18:06:00,814 - INFO - Completed analysis for COCHINSHIP: Score=46.2, Recommendation=WEAK SELL
2025-09-17 18:06:00,828 - INFO - Completed analysis for COALINDIA: Score=54.2, Recommendation=HOLD
2025-09-17 18:06:01,352 - INFO - Comprehensive data extracted for COFORGE
2025-09-17 18:06:01,352 - INFO - Fundamental analysis completed for COFORGE: 58 fields
2025-09-17 18:06:01,435 - INFO - Comprehensive data extracted for COLPAL
2025-09-17 18:06:01,447 - INFO - Fundamental analysis completed for COLPAL: 58 fields
2025-09-17 18:06:01,569 - INFO - Enhanced technical analysis completed for COFORGE: 52 fields
2025-09-17 18:06:01,676 - INFO - Enhanced technical analysis completed for COLPAL: 52 fields
2025-09-17 18:06:01,685 - INFO - Completed analysis for COFORGE: Score=45.8, Recommendation=WEAK SELL
2025-09-17 18:06:01,752 - INFO - Completed analysis for COLPAL: Score=22.1, Recommendation=SELL
2025-09-17 18:06:07,339 - INFO - Comprehensive data extracted for DLF
2025-09-17 18:06:07,342 - INFO - Fundamental analysis completed for DLF: 58 fields
2025-09-17 18:06:07,505 - INFO - Comprehensive data extracted for CONCOR
2025-09-17 18:06:07,505 - INFO - Fundamental analysis completed for CONCOR: 58 fields
2025-09-17 18:06:07,557 - INFO - Comprehensive data extracted for CUMMINSIND
2025-09-17 18:06:07,565 - INFO - Fundamental analysis completed for CUMMINSIND: 58 fields
2025-09-17 18:06:07,609 - INFO - Enhanced technical analysis completed for DLF: 52 fields
2025-09-17 18:06:07,669 - INFO - Completed analysis for DLF: Score=52.3, Recommendation=HOLD
2025-09-17 18:06:07,738 - INFO - Enhanced technical analysis completed for CONCOR: 52 fields
2025-09-17 18:06:07,806 - INFO - Enhanced technical analysis completed for CUMMINSIND: 52 fields
2025-09-17 18:06:07,840 - INFO - Completed analysis for CONCOR: Score=35.2, Recommendation=SELL
2025-09-17 18:06:07,894 - INFO - Completed analysis for CUMMINSIND: Score=54.1, Recommendation=HOLD
2025-09-17 18:06:08,338 - INFO - Comprehensive data extracted for DIVISLAB
2025-09-17 18:06:08,338 - INFO - Fundamental analysis completed for DIVISLAB: 58 fields
2025-09-17 18:06:08,369 - INFO - Comprehensive data extracted for DABUR
2025-09-17 18:06:08,373 - INFO - Fundamental analysis completed for DABUR: 58 fields
2025-09-17 18:06:08,581 - INFO - Enhanced technical analysis completed for DIVISLAB: 52 fields
2025-09-17 18:06:08,627 - INFO - Enhanced technical analysis completed for DABUR: 52 fields
2025-09-17 18:06:08,670 - INFO - Completed analysis for DIVISLAB: Score=59.0, Recommendation=HOLD
2025-09-17 18:06:08,704 - INFO - Completed analysis for DABUR: Score=28.8, Recommendation=SELL
2025-09-17 18:06:14,445 - INFO - Comprehensive data extracted for DRREDDY
2025-09-17 18:06:14,447 - INFO - Fundamental analysis completed for DRREDDY: 58 fields
2025-09-17 18:06:14,589 - INFO - Comprehensive data extracted for DIXON
2025-09-17 18:06:14,590 - INFO - Fundamental analysis completed for DIXON: 58 fields
2025-09-17 18:06:14,657 - INFO - Enhanced technical analysis completed for DRREDDY: 52 fields
2025-09-17 18:06:14,688 - INFO - Comprehensive data extracted for EICHERMOT
2025-09-17 18:06:14,688 - INFO - Fundamental analysis completed for EICHERMOT: 58 fields
2025-09-17 18:06:14,724 - INFO - Completed analysis for DRREDDY: Score=72.3, Recommendation=STRONG BUY
2025-09-17 18:06:14,791 - INFO - Enhanced technical analysis completed for DIXON: 52 fields
2025-09-17 18:06:14,860 - INFO - Completed analysis for DIXON: Score=36.0, Recommendation=SELL
2025-09-17 18:06:14,923 - INFO - Enhanced technical analysis completed for EICHERMOT: 52 fields
2025-09-17 18:06:14,986 - INFO - Completed analysis for EICHERMOT: Score=37.3, Recommendation=SELL
2025-09-17 18:06:15,333 - INFO - Comprehensive data extracted for ESCORTS
2025-09-17 18:06:15,355 - INFO - Comprehensive data extracted for ETERNAL
2025-09-17 18:06:15,358 - INFO - Fundamental analysis completed for ESCORTS: 58 fields
2025-09-17 18:06:15,359 - INFO - Fundamental analysis completed for ETERNAL: 58 fields
2025-09-17 18:06:15,573 - INFO - Enhanced technical analysis completed for ESCORTS: 52 fields
2025-09-17 18:06:15,595 - INFO - Enhanced technical analysis completed for ETERNAL: 52 fields
2025-09-17 18:06:15,676 - INFO - Completed analysis for ESCORTS: Score=39.7, Recommendation=SELL
2025-09-17 18:06:15,683 - INFO - Completed analysis for ETERNAL: Score=25.2, Recommendation=SELL
2025-09-17 18:06:21,323 - INFO - Comprehensive data extracted for EXIDEIND
2025-09-17 18:06:21,325 - INFO - Fundamental analysis completed for EXIDEIND: 58 fields
2025-09-17 18:06:21,348 - INFO - Comprehensive data extracted for NYKAA
2025-09-17 18:06:21,385 - INFO - Fundamental analysis completed for NYKAA: 58 fields
2025-09-17 18:06:21,431 - INFO - Comprehensive data extracted for FEDERALBNK
2025-09-17 18:06:21,433 - INFO - Fundamental analysis completed for FEDERALBNK: 58 fields
2025-09-17 18:06:21,577 - INFO - Enhanced technical analysis completed for EXIDEIND: 52 fields
2025-09-17 18:06:21,609 - INFO - Enhanced technical analysis completed for NYKAA: 52 fields
2025-09-17 18:06:21,677 - INFO - Enhanced technical analysis completed for FEDERALBNK: 52 fields
2025-09-17 18:06:21,744 - INFO - Completed analysis for NYKAA: Score=34.0, Recommendation=SELL
2025-09-17 18:06:21,759 - INFO - Completed analysis for EXIDEIND: Score=41.6, Recommendation=WEAK SELL
2025-09-17 18:06:21,795 - INFO - Completed analysis for FEDERALBNK: Score=72.6, Recommendation=STRONG BUY (UNDERVALUED)
2025-09-17 18:06:22,234 - INFO - Comprehensive data extracted for GMRAIRPORT
2025-09-17 18:06:22,238 - INFO - Fundamental analysis completed for GMRAIRPORT: 58 fields
2025-09-17 18:06:22,264 - INFO - Comprehensive data extracted for GAIL
2025-09-17 18:06:22,282 - INFO - Fundamental analysis completed for GAIL: 58 fields
2025-09-17 18:06:22,402 - INFO - Enhanced technical analysis completed for GMRAIRPORT: 52 fields
2025-09-17 18:06:22,460 - INFO - Completed analysis for GMRAIRPORT: Score=52.4, Recommendation=HOLD
2025-09-17 18:06:22,738 - INFO - Enhanced technical analysis completed for GAIL: 52 fields
2025-09-17 18:06:22,803 - INFO - Completed analysis for GAIL: Score=55.5, Recommendation=HOLD
2025-09-17 18:06:28,425 - INFO - Comprehensive data extracted for GODREJPROP
2025-09-17 18:06:28,425 - INFO - Fundamental analysis completed for GODREJPROP: 58 fields
2025-09-17 18:06:28,478 - INFO - Comprehensive data extracted for GODREJCP
2025-09-17 18:06:28,480 - INFO - Fundamental analysis completed for GODREJCP: 58 fields
2025-09-17 18:06:28,589 - INFO - Enhanced technical analysis completed for GODREJPROP: 52 fields
2025-09-17 18:06:28,662 - INFO - Comprehensive data extracted for GLENMARK
2025-09-17 18:06:28,664 - INFO - Fundamental analysis completed for GLENMARK: 58 fields
2025-09-17 18:06:28,747 - INFO - Completed analysis for GODREJPROP: Score=31.8, Recommendation=SELL
2025-09-17 18:06:28,756 - INFO - Enhanced technical analysis completed for GODREJCP: 52 fields
2025-09-17 18:06:28,826 - INFO - Completed analysis for GODREJCP: Score=35.5, Recommendation=SELL
2025-09-17 18:06:28,930 - INFO - Enhanced technical analysis completed for GLENMARK: 52 fields
2025-09-17 18:06:28,987 - INFO - Completed analysis for GLENMARK: Score=26.9, Recommendation=SELL
2025-09-17 18:06:29,439 - INFO - Comprehensive data extracted for GRASIM
2025-09-17 18:06:29,471 - INFO - Comprehensive data extracted for HCLTECH
2025-09-17 18:06:29,473 - INFO - Fundamental analysis completed for GRASIM: 58 fields
2025-09-17 18:06:29,475 - INFO - Fundamental analysis completed for HCLTECH: 58 fields
2025-09-17 18:06:29,720 - INFO - Enhanced technical analysis completed for HCLTECH: 52 fields
2025-09-17 18:06:29,763 - INFO - Enhanced technical analysis completed for GRASIM: 52 fields
2025-09-17 18:06:29,861 - INFO - Completed analysis for GRASIM: Score=48.4, Recommendation=WEAK SELL
2025-09-17 18:06:29,864 - INFO - Completed analysis for HCLTECH: Score=61.9, Recommendation=BUY
2025-09-17 18:06:35,494 - INFO - Comprehensive data extracted for HDFCAMC
2025-09-17 18:06:35,494 - INFO - Fundamental analysis completed for HDFCAMC: 58 fields
2025-09-17 18:06:35,534 - INFO - Comprehensive data extracted for HDFCLIFE
2025-09-17 18:06:35,571 - INFO - Comprehensive data extracted for HDFCBANK
2025-09-17 18:06:35,573 - INFO - Fundamental analysis completed for HDFCLIFE: 58 fields
2025-09-17 18:06:35,575 - INFO - Fundamental analysis completed for HDFCBANK: 58 fields
2025-09-17 18:06:35,674 - INFO - Enhanced technical analysis completed for HDFCAMC: 52 fields
2025-09-17 18:06:35,795 - INFO - Enhanced technical analysis completed for HDFCLIFE: 52 fields
2025-09-17 18:06:35,853 - INFO - Completed analysis for HDFCAMC: Score=50.2, Recommendation=HOLD
2025-09-17 18:06:35,871 - INFO - Enhanced technical analysis completed for HDFCBANK: 52 fields
2025-09-17 18:06:35,922 - INFO - Completed analysis for HDFCLIFE: Score=40.1, Recommendation=WEAK SELL
2025-09-17 18:06:35,969 - INFO - Completed analysis for HDFCBANK: Score=65.9, Recommendation=BUY
2025-09-17 18:06:36,389 - INFO - Comprehensive data extracted for HAVELLS
2025-09-17 18:06:36,389 - INFO - Fundamental analysis completed for HAVELLS: 58 fields
2025-09-17 18:06:36,582 - INFO - Comprehensive data extracted for HEROMOTOCO
2025-09-17 18:06:36,620 - INFO - Fundamental analysis completed for HEROMOTOCO: 58 fields
2025-09-17 18:06:36,612 - INFO - Enhanced technical analysis completed for HAVELLS: 52 fields
2025-09-17 18:06:36,685 - INFO - Completed analysis for HAVELLS: Score=25.4, Recommendation=SELL
2025-09-17 18:06:36,803 - INFO - Enhanced technical analysis completed for HEROMOTOCO: 52 fields
2025-09-17 18:06:36,861 - INFO - Completed analysis for HEROMOTOCO: Score=38.2, Recommendation=SELL
2025-09-17 18:06:42,466 - INFO - Comprehensive data extracted for HAL
2025-09-17 18:06:42,466 - INFO - Fundamental analysis completed for HAL: 58 fields
2025-09-17 18:06:42,587 - INFO - Comprehensive data extracted for HINDALCO
2025-09-17 18:06:42,595 - INFO - Fundamental analysis completed for HINDALCO: 58 fields
2025-09-17 18:06:42,656 - INFO - Enhanced technical analysis completed for HAL: 52 fields
2025-09-17 18:06:42,721 - INFO - Completed analysis for HAL: Score=52.7, Recommendation=HOLD
2025-09-17 18:06:42,753 - INFO - Comprehensive data extracted for HINDPETRO
2025-09-17 18:06:42,753 - INFO - Fundamental analysis completed for HINDPETRO: 58 fields
2025-09-17 18:06:42,855 - INFO - Enhanced technical analysis completed for HINDALCO: 52 fields
2025-09-17 18:06:42,924 - INFO - Completed analysis for HINDALCO: Score=72.7, Recommendation=STRONG BUY (UNDERVALUED)
2025-09-17 18:06:43,004 - INFO - Enhanced technical analysis completed for HINDPETRO: 52 fields
2025-09-17 18:06:43,069 - INFO - Completed analysis for HINDPETRO: Score=55.8, Recommendation=HOLD
2025-09-17 18:06:43,290 - INFO - Comprehensive data extracted for HINDUNILVR
2025-09-17 18:06:43,290 - INFO - Fundamental analysis completed for HINDUNILVR: 58 fields
2025-09-17 18:06:43,487 - INFO - Comprehensive data extracted for HINDZINC
2025-09-17 18:06:43,526 - INFO - Fundamental analysis completed for HINDZINC: 58 fields
2025-09-17 18:06:43,530 - INFO - Enhanced technical analysis completed for HINDUNILVR: 52 fields
2025-09-17 18:06:43,587 - INFO - Completed analysis for HINDUNILVR: Score=36.4, Recommendation=SELL
2025-09-17 18:06:43,717 - INFO - Enhanced technical analysis completed for HINDZINC: 52 fields
2025-09-17 18:06:43,778 - INFO - Completed analysis for HINDZINC: Score=57.1, Recommendation=HOLD
2025-09-17 18:06:49,502 - INFO - Comprehensive data extracted for HUDCO
2025-09-17 18:06:49,502 - INFO - Fundamental analysis completed for HUDCO: 58 fields
2025-09-17 18:06:49,540 - INFO - Comprehensive data extracted for ICICIBANK
2025-09-17 18:06:49,545 - INFO - Fundamental analysis completed for ICICIBANK: 58 fields
2025-09-17 18:06:49,717 - INFO - Enhanced technical analysis completed for HUDCO: 52 fields
2025-09-17 18:06:49,747 - INFO - Comprehensive data extracted for HYUNDAI
2025-09-17 18:06:49,747 - INFO - Fundamental analysis completed for HYUNDAI: 58 fields
2025-09-17 18:06:49,804 - INFO - Completed analysis for HUDCO: Score=61.3, Recommendation=BUY
2025-09-17 18:06:49,887 - INFO - Enhanced technical analysis completed for ICICIBANK: 52 fields
2025-09-17 18:06:49,974 - INFO - Enhanced technical analysis completed for HYUNDAI: 52 fields
2025-09-17 18:06:49,992 - INFO - Completed analysis for ICICIBANK: Score=77.2, Recommendation=STRONG BUY
2025-09-17 18:06:50,043 - INFO - Completed analysis for HYUNDAI: Score=31.7, Recommendation=SELL
2025-09-17 18:06:50,339 - INFO - Comprehensive data extracted for ICICIGI
2025-09-17 18:06:50,339 - INFO - Fundamental analysis completed for ICICIGI: 58 fields
2025-09-17 18:06:50,550 - INFO - Comprehensive data extracted for ICICIPRULI
2025-09-17 18:06:50,552 - INFO - Fundamental analysis completed for ICICIPRULI: 58 fields
2025-09-17 18:06:50,641 - INFO - Enhanced technical analysis completed for ICICIGI: 52 fields
2025-09-17 18:06:50,725 - INFO - Enhanced technical analysis completed for ICICIPRULI: 52 fields
2025-09-17 18:06:50,789 - INFO - Completed analysis for ICICIPRULI: Score=43.4, Recommendation=WEAK SELL
2025-09-17 18:06:50,832 - INFO - Completed analysis for ICICIGI: Score=60.6, Recommendation=BUY
2025-09-17 18:06:56,421 - INFO - Comprehensive data extracted for IDFCFIRSTB
2025-09-17 18:06:56,442 - INFO - Comprehensive data extracted for IRB
2025-09-17 18:06:56,442 - INFO - Fundamental analysis completed for IDFCFIRSTB: 58 fields
2025-09-17 18:06:56,442 - INFO - Fundamental analysis completed for IRB: 58 fields
2025-09-17 18:06:56,612 - INFO - Enhanced technical analysis completed for IRB: 52 fields
2025-09-17 18:06:56,661 - INFO - Enhanced technical analysis completed for IDFCFIRSTB: 52 fields
2025-09-17 18:06:56,698 - INFO - Comprehensive data extracted for ITC
2025-09-17 18:06:56,708 - INFO - Fundamental analysis completed for ITC: 58 fields
2025-09-17 18:06:56,718 - INFO - Completed analysis for IRB: Score=71.3, Recommendation=STRONG BUY (UNDERVALUED)
2025-09-17 18:06:56,749 - INFO - Completed analysis for IDFCFIRSTB: Score=44.9, Recommendation=WEAK SELL
2025-09-17 18:06:56,912 - INFO - Enhanced technical analysis completed for ITC: 52 fields
2025-09-17 18:06:56,973 - INFO - Completed analysis for ITC: Score=50.5, Recommendation=HOLD
2025-09-17 18:06:57,212 - INFO - Comprehensive data extracted for INDHOTEL
2025-09-17 18:06:57,212 - INFO - Fundamental analysis completed for INDHOTEL: 58 fields
2025-09-17 18:06:57,305 - INFO - Comprehensive data extracted for INDIANB
2025-09-17 18:06:57,307 - INFO - Fundamental analysis completed for INDIANB: 58 fields
2025-09-17 18:06:57,401 - INFO - Enhanced technical analysis completed for INDHOTEL: 52 fields
2025-09-17 18:06:57,488 - INFO - Enhanced technical analysis completed for INDIANB: 52 fields
2025-09-17 18:06:57,515 - INFO - Completed analysis for INDHOTEL: Score=56.0, Recommendation=HOLD
2025-09-17 18:06:57,571 - INFO - Completed analysis for INDIANB: Score=86.2, Recommendation=STRONG BUY (UNDERVALUED)
2025-09-17 18:07:03,488 - INFO - Comprehensive data extracted for IRCTC
2025-09-17 18:07:03,507 - INFO - Comprehensive data extracted for IOC
2025-09-17 18:07:03,527 - INFO - Fundamental analysis completed for IRCTC: 58 fields
2025-09-17 18:07:03,538 - INFO - Comprehensive data extracted for IRFC
2025-09-17 18:07:03,540 - INFO - Fundamental analysis completed for IOC: 58 fields
2025-09-17 18:07:03,540 - INFO - Fundamental analysis completed for IRFC: 58 fields
2025-09-17 18:07:03,805 - INFO - Enhanced technical analysis completed for IRFC: 52 fields
2025-09-17 18:07:03,814 - INFO - Enhanced technical analysis completed for IOC: 52 fields
2025-09-17 18:07:03,840 - INFO - Enhanced technical analysis completed for IRCTC: 52 fields
2025-09-17 18:07:04,009 - INFO - Completed analysis for IRCTC: Score=40.6, Recommendation=WEAK SELL
2025-09-17 18:07:04,016 - INFO - Completed analysis for IOC: Score=51.7, Recommendation=HOLD
2025-09-17 18:07:04,026 - INFO - Completed analysis for IRFC: Score=62.3, Recommendation=BUY
2025-09-17 18:07:04,571 - INFO - Comprehensive data extracted for IREDA
2025-09-17 18:07:04,571 - INFO - Fundamental analysis completed for IREDA: 58 fields
2025-09-17 18:07:04,709 - INFO - Comprehensive data extracted for IGL
2025-09-17 18:07:04,709 - INFO - Fundamental analysis completed for IGL: 58 fields
2025-09-17 18:07:04,941 - INFO - Enhanced technical analysis completed for IREDA: 52 fields
2025-09-17 18:07:05,024 - INFO - Enhanced technical analysis completed for IGL: 52 fields
2025-09-17 18:07:05,061 - INFO - Completed analysis for IREDA: Score=50.8, Recommendation=HOLD
2025-09-17 18:07:05,144 - INFO - Completed analysis for IGL: Score=59.4, Recommendation=HOLD
2025-09-17 18:07:10,811 - INFO - Comprehensive data extracted for NAUKRI
2025-09-17 18:07:10,821 - INFO - Fundamental analysis completed for NAUKRI: 58 fields
2025-09-17 18:07:10,836 - INFO - Comprehensive data extracted for INDUSTOWER
2025-09-17 18:07:10,839 - INFO - Fundamental analysis completed for INDUSTOWER: 58 fields
2025-09-17 18:07:11,057 - INFO - Enhanced technical analysis completed for INDUSTOWER: 52 fields
2025-09-17 18:07:11,107 - INFO - Comprehensive data extracted for INDUSINDBK
2025-09-17 18:07:11,111 - INFO - Fundamental analysis completed for INDUSINDBK: 58 fields
2025-09-17 18:07:11,116 - INFO - Enhanced technical analysis completed for NAUKRI: 52 fields
2025-09-17 18:07:11,181 - INFO - Completed analysis for INDUSTOWER: Score=69.4, Recommendation=BUY (VALUE)
2025-09-17 18:07:11,229 - INFO - Completed analysis for NAUKRI: Score=56.0, Recommendation=HOLD
2025-09-17 18:07:11,324 - INFO - Enhanced technical analysis completed for INDUSINDBK: 52 fields
2025-09-17 18:07:11,381 - INFO - Completed analysis for INDUSINDBK: Score=42.6, Recommendation=WEAK SELL
2025-09-17 18:07:11,777 - INFO - Comprehensive data extracted for INDIGO
2025-09-17 18:07:11,780 - INFO - Fundamental analysis completed for INDIGO: 58 fields
2025-09-17 18:07:11,908 - INFO - Comprehensive data extracted for INFY
2025-09-17 18:07:11,908 - INFO - Fundamental analysis completed for INFY: 58 fields
2025-09-17 18:07:12,099 - INFO - Enhanced technical analysis completed for INDIGO: 52 fields
2025-09-17 18:07:12,155 - INFO - Completed analysis for INDIGO: Score=31.7, Recommendation=SELL
2025-09-17 18:07:12,231 - INFO - Enhanced technical analysis completed for INFY: 52 fields
2025-09-17 18:07:12,300 - INFO - Completed analysis for INFY: Score=64.7, Recommendation=BUY
2025-09-17 18:07:17,793 - INFO - Comprehensive data extracted for JINDALSTEL
2025-09-17 18:07:17,793 - INFO - Fundamental analysis completed for JINDALSTEL: 58 fields
2025-09-17 18:07:18,017 - INFO - Comprehensive data extracted for JSWENERGY
2025-09-17 18:07:18,039 - INFO - Comprehensive data extracted for JSWSTEEL
2025-09-17 18:07:18,064 - INFO - Fundamental analysis completed for JSWENERGY: 58 fields
2025-09-17 18:07:18,074 - INFO - Fundamental analysis completed for JSWSTEEL: 58 fields
2025-09-17 18:07:18,110 - INFO - Enhanced technical analysis completed for JINDALSTEL: 52 fields
2025-09-17 18:07:18,190 - INFO - Completed analysis for JINDALSTEL: Score=33.5, Recommendation=SELL
2025-09-17 18:07:18,347 - INFO - Enhanced technical analysis completed for JSWSTEEL: 52 fields
2025-09-17 18:07:18,376 - INFO - Enhanced technical analysis completed for JSWENERGY: 52 fields
2025-09-17 18:07:18,489 - INFO - Completed analysis for JSWSTEEL: Score=35.8, Recommendation=SELL
2025-09-17 18:07:18,493 - INFO - Completed analysis for JSWENERGY: Score=52.0, Recommendation=HOLD
2025-09-17 18:07:19,330 - INFO - Comprehensive data extracted for JIOFIN
2025-09-17 18:07:19,342 - INFO - Fundamental analysis completed for JIOFIN: 58 fields
2025-09-17 18:07:19,530 - INFO - Enhanced technical analysis completed for JIOFIN: 52 fields
2025-09-17 18:07:19,604 - INFO - Completed analysis for JIOFIN: Score=54.8, Recommendation=HOLD
2025-09-17 18:07:21,601 - INFO - Comprehensive data extracted for JUBLFOOD
2025-09-17 18:07:21,601 - INFO - Fundamental analysis completed for JUBLFOOD: 58 fields
2025-09-17 18:07:21,808 - INFO - Enhanced technical analysis completed for JUBLFOOD: 52 fields
2025-09-17 18:07:21,885 - INFO - Completed analysis for JUBLFOOD: Score=27.6, Recommendation=SELL
2025-09-17 18:07:27,367 - INFO - Comprehensive data extracted for KALYANKJIL
2025-09-17 18:07:27,367 - INFO - Fundamental analysis completed for KALYANKJIL: 58 fields
2025-09-17 18:07:27,519 - INFO - Enhanced technical analysis completed for KALYANKJIL: 52 fields
2025-09-17 18:07:27,586 - INFO - Completed analysis for KALYANKJIL: Score=42.5, Recommendation=WEAK SELL
2025-09-17 18:07:27,750 - INFO - Comprehensive data extracted for KPITTECH
2025-09-17 18:07:27,752 - INFO - Fundamental analysis completed for KPITTECH: 58 fields
2025-09-17 18:07:27,795 - INFO - Comprehensive data extracted for KOTAKBANK
2025-09-17 18:07:27,799 - INFO - Fundamental analysis completed for KOTAKBANK: 58 fields
2025-09-17 18:07:27,955 - INFO - Enhanced technical analysis completed for KPITTECH: 52 fields
2025-09-17 18:07:28,024 - INFO - Enhanced technical analysis completed for KOTAKBANK: 52 fields
2025-09-17 18:07:28,110 - INFO - Completed analysis for KPITTECH: Score=37.9, Recommendation=SELL
2025-09-17 18:07:28,110 - INFO - Completed analysis for KOTAKBANK: Score=67.7, Recommendation=BUY
2025-09-17 18:07:28,264 - INFO - Comprehensive data extracted for LTF
2025-09-17 18:07:28,264 - INFO - Fundamental analysis completed for LTF: 58 fields
2025-09-17 18:07:28,444 - INFO - Enhanced technical analysis completed for LTF: 52 fields
2025-09-17 18:07:28,520 - INFO - Completed analysis for LTF: Score=55.9, Recommendation=HOLD
2025-09-17 18:07:29,155 - INFO - Comprehensive data extracted for LICHSGFIN
2025-09-17 18:07:29,157 - INFO - Fundamental analysis completed for LICHSGFIN: 58 fields
2025-09-17 18:07:29,391 - INFO - Enhanced technical analysis completed for LICHSGFIN: 52 fields
2025-09-17 18:07:29,456 - INFO - Completed analysis for LICHSGFIN: Score=73.3, Recommendation=STRONG BUY (UNDERVALUED)
2025-09-17 18:07:35,101 - INFO - Comprehensive data extracted for LICI
2025-09-17 18:07:35,101 - INFO - Fundamental analysis completed for LICI: 58 fields
2025-09-17 18:07:35,217 - INFO - Comprehensive data extracted for LT
2025-09-17 18:07:35,224 - INFO - Fundamental analysis completed for LT: 58 fields
2025-09-17 18:07:35,284 - INFO - Enhanced technical analysis completed for LICI: 52 fields
2025-09-17 18:07:35,345 - INFO - Completed analysis for LICI: Score=67.2, Recommendation=BUY (VALUE)
2025-09-17 18:07:35,490 - INFO - Comprehensive data extracted for LTIM
2025-09-17 18:07:35,490 - INFO - Fundamental analysis completed for LTIM: 58 fields
2025-09-17 18:07:35,589 - INFO - Enhanced technical analysis completed for LT: 52 fields
2025-09-17 18:07:35,694 - INFO - Enhanced technical analysis completed for LTIM: 52 fields
2025-09-17 18:07:35,722 - INFO - Completed analysis for LT: Score=43.9, Recommendation=WEAK SELL
2025-09-17 18:07:35,775 - INFO - Completed analysis for LTIM: Score=60.9, Recommendation=BUY
2025-09-17 18:07:35,880 - INFO - Comprehensive data extracted for LODHA
2025-09-17 18:07:35,880 - INFO - Fundamental analysis completed for LODHA: 58 fields
2025-09-17 18:07:36,056 - INFO - Enhanced technical analysis completed for LODHA: 52 fields
2025-09-17 18:07:36,118 - INFO - Completed analysis for LODHA: Score=53.0, Recommendation=HOLD
2025-09-17 18:07:36,149 - INFO - Comprehensive data extracted for LUPIN
2025-09-17 18:07:36,151 - INFO - Fundamental analysis completed for LUPIN: 58 fields
2025-09-17 18:07:36,473 - INFO - Enhanced technical analysis completed for LUPIN: 52 fields
2025-09-17 18:07:36,544 - INFO - Completed analysis for LUPIN: Score=48.1, Recommendation=WEAK SELL
2025-09-17 18:07:42,289 - INFO - Comprehensive data extracted for M&M
2025-09-17 18:07:42,289 - INFO - Fundamental analysis completed for M&M: 58 fields
2025-09-17 18:07:42,318 - INFO - Comprehensive data extracted for M&MFIN
2025-09-17 18:07:42,333 - INFO - Fundamental analysis completed for M&MFIN: 58 fields
2025-09-17 18:07:42,550 - INFO - Enhanced technical analysis completed for M&MFIN: 52 fields
2025-09-17 18:07:42,550 - INFO - Comprehensive data extracted for MRF
2025-09-17 18:07:42,555 - INFO - Fundamental analysis completed for MRF: 58 fields
2025-09-17 18:07:42,671 - INFO - Enhanced technical analysis completed for M&M: 52 fields
2025-09-17 18:07:42,677 - INFO - Completed analysis for M&MFIN: Score=62.1, Recommendation=BUY
2025-09-17 18:07:42,804 - INFO - Enhanced technical analysis completed for MRF: 52 fields
2025-09-17 18:07:42,806 - INFO - Completed analysis for M&M: Score=46.5, Recommendation=WEAK SELL
2025-09-17 18:07:42,861 - INFO - Completed analysis for MRF: Score=36.8, Recommendation=SELL
2025-09-17 18:07:43,083 - INFO - Comprehensive data extracted for MANKIND
2025-09-17 18:07:43,087 - INFO - Fundamental analysis completed for MANKIND: 58 fields
2025-09-17 18:07:43,275 - INFO - Enhanced technical analysis completed for MANKIND: 52 fields
2025-09-17 18:07:43,346 - INFO - Completed analysis for MANKIND: Score=35.5, Recommendation=SELL
2025-09-17 18:07:43,499 - INFO - Comprehensive data extracted for MARICO
2025-09-17 18:07:43,502 - INFO - Fundamental analysis completed for MARICO: 58 fields
2025-09-17 18:07:43,732 - INFO - Enhanced technical analysis completed for MARICO: 52 fields
2025-09-17 18:07:43,806 - INFO - Completed analysis for MARICO: Score=36.5, Recommendation=SELL
2025-09-17 18:07:49,306 - INFO - Comprehensive data extracted for MARUTI
2025-09-17 18:07:49,306 - INFO - Fundamental analysis completed for MARUTI: 58 fields
2025-09-17 18:07:49,511 - INFO - Comprehensive data extracted for MFSL
2025-09-17 18:07:49,528 - INFO - Fundamental analysis completed for MFSL: 58 fields
2025-09-17 18:07:49,528 - INFO - Enhanced technical analysis completed for MARUTI: 52 fields
2025-09-17 18:07:49,579 - INFO - Comprehensive data extracted for MAXHEALTH
2025-09-17 18:07:49,605 - INFO - Fundamental analysis completed for MAXHEALTH: 58 fields
2025-09-17 18:07:49,613 - INFO - Completed analysis for MARUTI: Score=49.8, Recommendation=WEAK SELL
2025-09-17 18:07:49,709 - INFO - Enhanced technical analysis completed for MFSL: 52 fields
2025-09-17 18:07:49,806 - INFO - Enhanced technical analysis completed for MAXHEALTH: 52 fields
2025-09-17 18:07:49,812 - INFO - Completed analysis for MFSL: Score=17.1, Recommendation=SELL
2025-09-17 18:07:49,874 - INFO - Completed analysis for MAXHEALTH: Score=46.9, Recommendation=WEAK SELL
2025-09-17 18:07:50,149 - INFO - Comprehensive data extracted for MAZDOCK
2025-09-17 18:07:50,149 - INFO - Fundamental analysis completed for MAZDOCK: 58 fields
2025-09-17 18:07:50,320 - INFO - Enhanced technical analysis completed for MAZDOCK: 52 fields
2025-09-17 18:07:50,351 - INFO - Comprehensive data extracted for MOTILALOFS
2025-09-17 18:07:50,354 - INFO - Fundamental analysis completed for MOTILALOFS: 58 fields
2025-09-17 18:07:50,380 - INFO - Completed analysis for MAZDOCK: Score=54.7, Recommendation=HOLD
2025-09-17 18:07:50,578 - INFO - Enhanced technical analysis completed for MOTILALOFS: 52 fields
2025-09-17 18:07:50,652 - INFO - Completed analysis for MOTILALOFS: Score=56.1, Recommendation=HOLD
2025-09-17 18:07:56,264 - INFO - Comprehensive data extracted for NHPC
2025-09-17 18:07:56,276 - INFO - Fundamental analysis completed for NHPC: 58 fields
2025-09-17 18:07:56,304 - INFO - Comprehensive data extracted for MUTHOOTFIN
2025-09-17 18:07:56,306 - INFO - Fundamental analysis completed for MUTHOOTFIN: 58 fields
2025-09-17 18:07:56,370 - INFO - Comprehensive data extracted for MPHASIS
2025-09-17 18:07:56,370 - INFO - Fundamental analysis completed for MPHASIS: 58 fields
2025-09-17 18:07:56,500 - INFO - Enhanced technical analysis completed for NHPC: 52 fields
2025-09-17 18:07:56,629 - INFO - Enhanced technical analysis completed for MPHASIS: 52 fields
2025-09-17 18:07:56,629 - INFO - Enhanced technical analysis completed for MUTHOOTFIN: 52 fields
2025-09-17 18:07:56,746 - INFO - Completed analysis for MPHASIS: Score=51.9, Recommendation=HOLD
2025-09-17 18:07:56,756 - INFO - Completed analysis for NHPC: Score=50.3, Recommendation=HOLD
2025-09-17 18:07:56,763 - INFO - Completed analysis for MUTHOOTFIN: Score=74.2, Recommendation=STRONG BUY
2025-09-17 18:07:57,240 - INFO - Comprehensive data extracted for NTPCGREEN
2025-09-17 18:07:57,275 - INFO - Fundamental analysis completed for NTPCGREEN: 58 fields
2025-09-17 18:07:57,282 - INFO - Comprehensive data extracted for NMDC
2025-09-17 18:07:57,285 - INFO - Fundamental analysis completed for NMDC: 58 fields
2025-09-17 18:07:57,436 - INFO - Enhanced technical analysis completed for NTPCGREEN: 52 fields
2025-09-17 18:07:57,505 - INFO - Enhanced technical analysis completed for NMDC: 52 fields
2025-09-17 18:07:57,535 - INFO - Completed analysis for NTPCGREEN: Score=35.9, Recommendation=SELL
2025-09-17 18:07:57,597 - INFO - Completed analysis for NMDC: Score=71.6, Recommendation=STRONG BUY (UNDERVALUED)
2025-09-17 18:08:03,320 - INFO - Comprehensive data extracted for NTPC
2025-09-17 18:08:03,357 - INFO - Fundamental analysis completed for NTPC: 58 fields
2025-09-17 18:08:03,361 - INFO - Comprehensive data extracted for NESTLEIND
2025-09-17 18:08:03,367 - INFO - Fundamental analysis completed for NESTLEIND: 58 fields
2025-09-17 18:08:03,457 - INFO - Comprehensive data extracted for NATIONALUM
2025-09-17 18:08:03,457 - INFO - Fundamental analysis completed for NATIONALUM: 58 fields
2025-09-17 18:08:03,612 - INFO - Enhanced technical analysis completed for NTPC: 52 fields
2025-09-17 18:08:03,618 - INFO - Enhanced technical analysis completed for NESTLEIND: 52 fields
2025-09-17 18:08:03,711 - INFO - Enhanced technical analysis completed for NATIONALUM: 52 fields
2025-09-17 18:08:03,759 - INFO - Completed analysis for NTPC: Score=52.5, Recommendation=HOLD
2025-09-17 18:08:03,772 - INFO - Completed analysis for NESTLEIND: Score=34.0, Recommendation=SELL
2025-09-17 18:08:03,813 - INFO - Completed analysis for NATIONALUM: Score=65.0, Recommendation=BUY (VALUE)
2025-09-17 18:08:04,501 - INFO - Comprehensive data extracted for OBEROIRLTY
2025-09-17 18:08:04,503 - INFO - Fundamental analysis completed for OBEROIRLTY: 58 fields
2025-09-17 18:08:04,678 - INFO - Enhanced technical analysis completed for OBEROIRLTY: 52 fields
2025-09-17 18:08:04,761 - INFO - Completed analysis for OBEROIRLTY: Score=32.1, Recommendation=SELL
2025-09-17 18:08:04,803 - INFO - Comprehensive data extracted for ONGC
2025-09-17 18:08:04,805 - INFO - Fundamental analysis completed for ONGC: 58 fields
2025-09-17 18:08:05,034 - INFO - Enhanced technical analysis completed for ONGC: 52 fields
2025-09-17 18:08:05,090 - INFO - Completed analysis for ONGC: Score=56.5, Recommendation=HOLD
2025-09-17 18:08:10,574 - INFO - Comprehensive data extracted for PAYTM
2025-09-17 18:08:10,574 - INFO - Fundamental analysis completed for PAYTM: 58 fields
2025-09-17 18:08:10,758 - INFO - Enhanced technical analysis completed for PAYTM: 52 fields
2025-09-17 18:08:10,791 - INFO - Comprehensive data extracted for OIL
2025-09-17 18:08:10,791 - INFO - Fundamental analysis completed for OIL: 58 fields
2025-09-17 18:08:10,828 - INFO - Completed analysis for PAYTM: Score=27.5, Recommendation=SELL
2025-09-17 18:08:10,891 - INFO - Comprehensive data extracted for OLAELEC
2025-09-17 18:08:10,893 - INFO - Fundamental analysis completed for OLAELEC: 58 fields
2025-09-17 18:08:11,049 - INFO - Enhanced technical analysis completed for OLAELEC: 52 fields
2025-09-17 18:08:11,150 - INFO - Enhanced technical analysis completed for OIL: 52 fields
2025-09-17 18:08:11,157 - INFO - Completed analysis for OLAELEC: Score=22.5, Recommendation=SELL
2025-09-17 18:08:11,220 - INFO - Completed analysis for OIL: Score=57.4, Recommendation=HOLD
2025-09-17 18:08:11,249 - INFO - Comprehensive data extracted for OFSS
2025-09-17 18:08:11,249 - INFO - Fundamental analysis completed for OFSS: 58 fields
2025-09-17 18:08:11,471 - INFO - Enhanced technical analysis completed for OFSS: 52 fields
2025-09-17 18:08:11,526 - INFO - Completed analysis for OFSS: Score=71.3, Recommendation=STRONG BUY
2025-09-17 18:08:11,578 - INFO - Comprehensive data extracted for POLICYBZR
2025-09-17 18:08:11,586 - INFO - Fundamental analysis completed for POLICYBZR: 58 fields
2025-09-17 18:08:11,749 - INFO - Enhanced technical analysis completed for POLICYBZR: 52 fields
2025-09-17 18:08:11,812 - INFO - Completed analysis for POLICYBZR: Score=31.6, Recommendation=SELL
2025-09-17 18:08:17,534 - INFO - Comprehensive data extracted for PAGEIND
2025-09-17 18:08:17,536 - INFO - Fundamental analysis completed for PAGEIND: 58 fields
2025-09-17 18:08:17,565 - INFO - Comprehensive data extracted for PATANJALI
2025-09-17 18:08:17,577 - INFO - Fundamental analysis completed for PATANJALI: 58 fields
2025-09-17 18:08:17,610 - INFO - Comprehensive data extracted for PIIND
2025-09-17 18:08:17,610 - INFO - Fundamental analysis completed for PIIND: 58 fields
2025-09-17 18:08:17,751 - INFO - Enhanced technical analysis completed for PAGEIND: 52 fields
2025-09-17 18:08:17,898 - INFO - Completed analysis for PAGEIND: Score=44.5, Recommendation=WEAK SELL
2025-09-17 18:08:17,898 - INFO - Enhanced technical analysis completed for PIIND: 52 fields
2025-09-17 18:08:17,934 - INFO - Enhanced technical analysis completed for PATANJALI: 52 fields
2025-09-17 18:08:17,997 - INFO - Completed analysis for PIIND: Score=29.7, Recommendation=SELL
2025-09-17 18:08:18,036 - INFO - Completed analysis for PATANJALI: Score=31.2, Recommendation=SELL
2025-09-17 18:08:18,334 - INFO - Comprehensive data extracted for PERSISTENT
2025-09-17 18:08:18,337 - INFO - Fundamental analysis completed for PERSISTENT: 58 fields
2025-09-17 18:08:18,535 - INFO - Enhanced technical analysis completed for PERSISTENT: 52 fields
2025-09-17 18:08:18,605 - INFO - Completed analysis for PERSISTENT: Score=67.5, Recommendation=BUY
2025-09-17 18:08:18,651 - INFO - Comprehensive data extracted for PETRONET
2025-09-17 18:08:18,652 - INFO - Fundamental analysis completed for PETRONET: 58 fields
2025-09-17 18:08:18,845 - INFO - Enhanced technical analysis completed for PETRONET: 52 fields
2025-09-17 18:08:18,912 - INFO - Completed analysis for PETRONET: Score=46.0, Recommendation=WEAK SELL
2025-09-17 18:08:24,508 - INFO - Comprehensive data extracted for POLYCAB
2025-09-17 18:08:24,541 - INFO - Comprehensive data extracted for PHOENIXLTD
2025-09-17 18:08:24,543 - INFO - Fundamental analysis completed for POLYCAB: 58 fields
2025-09-17 18:08:24,551 - INFO - Fundamental analysis completed for PHOENIXLTD: 58 fields
2025-09-17 18:08:24,631 - INFO - Comprehensive data extracted for PIDILITIND
2025-09-17 18:08:24,633 - INFO - Fundamental analysis completed for PIDILITIND: 58 fields
2025-09-17 18:08:24,733 - INFO - Enhanced technical analysis completed for POLYCAB: 52 fields
2025-09-17 18:08:24,861 - INFO - Enhanced technical analysis completed for PHOENIXLTD: 52 fields
2025-09-17 18:08:24,875 - INFO - Enhanced technical analysis completed for PIDILITIND: 52 fields
2025-09-17 18:08:24,906 - INFO - Completed analysis for POLYCAB: Score=65.5, Recommendation=BUY
2025-09-17 18:08:24,958 - INFO - Completed analysis for PHOENIXLTD: Score=41.7, Recommendation=WEAK SELL
2025-09-17 18:08:24,994 - INFO - Completed analysis for PIDILITIND: Score=35.3, Recommendation=SELL
2025-09-17 18:08:25,299 - INFO - Comprehensive data extracted for PFC
2025-09-17 18:08:25,301 - INFO - Fundamental analysis completed for PFC: 58 fields
2025-09-17 18:08:25,499 - INFO - Enhanced technical analysis completed for PFC: 52 fields
2025-09-17 18:08:25,572 - INFO - Completed analysis for PFC: Score=76.0, Recommendation=STRONG BUY (UNDERVALUED)
2025-09-17 18:08:25,654 - INFO - Comprehensive data extracted for POWERGRID
2025-09-17 18:08:25,654 - INFO - Fundamental analysis completed for POWERGRID: 58 fields
2025-09-17 18:08:26,021 - INFO - Enhanced technical analysis completed for POWERGRID: 52 fields
2025-09-17 18:08:26,100 - INFO - Completed analysis for POWERGRID: Score=50.0, Recommendation=HOLD
2025-09-17 18:08:31,607 - INFO - Comprehensive data extracted for PRESTIGE
2025-09-17 18:08:31,614 - INFO - Fundamental analysis completed for PRESTIGE: 58 fields
2025-09-17 18:08:31,860 - INFO - Comprehensive data extracted for PNB
2025-09-17 18:08:31,863 - INFO - Fundamental analysis completed for PNB: 58 fields
2025-09-17 18:08:31,940 - INFO - Comprehensive data extracted for PREMIERENE
2025-09-17 18:08:31,945 - INFO - Fundamental analysis completed for PREMIERENE: 58 fields
2025-09-17 18:08:31,988 - INFO - Enhanced technical analysis completed for PRESTIGE: 52 fields
2025-09-17 18:08:32,108 - INFO - Enhanced technical analysis completed for PNB: 52 fields
2025-09-17 18:08:32,138 - INFO - Completed analysis for PRESTIGE: Score=46.6, Recommendation=WEAK SELL
2025-09-17 18:08:32,196 - INFO - Enhanced technical analysis completed for PREMIERENE: 52 fields
2025-09-17 18:08:32,227 - INFO - Completed analysis for PNB: Score=86.5, Recommendation=STRONG BUY (UNDERVALUED)
2025-09-17 18:08:32,267 - INFO - Completed analysis for PREMIERENE: Score=47.4, Recommendation=WEAK SELL
2025-09-17 18:08:32,744 - INFO - Comprehensive data extracted for RVNL
2025-09-17 18:08:32,763 - INFO - Fundamental analysis completed for RVNL: 58 fields
2025-09-17 18:08:32,942 - INFO - Enhanced technical analysis completed for RVNL: 52 fields
2025-09-17 18:08:33,007 - INFO - Completed analysis for RVNL: Score=32.5, Recommendation=SELL
2025-09-17 18:08:33,094 - INFO - Comprehensive data extracted for RECLTD
2025-09-17 18:08:33,094 - INFO - Fundamental analysis completed for RECLTD: 58 fields
2025-09-17 18:08:33,282 - INFO - Enhanced technical analysis completed for RECLTD: 52 fields
2025-09-17 18:08:33,361 - INFO - Completed analysis for RECLTD: Score=80.1, Recommendation=STRONG BUY (UNDERVALUED)
2025-09-17 18:08:39,074 - INFO - Comprehensive data extracted for RELIANCE
2025-09-17 18:08:39,076 - INFO - Fundamental analysis completed for RELIANCE: 58 fields
2025-09-17 18:08:39,167 - INFO - Comprehensive data extracted for SBICARD
2025-09-17 18:08:39,167 - INFO - Fundamental analysis completed for SBICARD: 58 fields
2025-09-17 18:08:39,191 - INFO - Comprehensive data extracted for SBILIFE
2025-09-17 18:08:39,192 - INFO - Fundamental analysis completed for SBILIFE: 58 fields
2025-09-17 18:08:39,277 - INFO - Enhanced technical analysis completed for RELIANCE: 52 fields
2025-09-17 18:08:39,402 - INFO - Enhanced technical analysis completed for SBILIFE: 52 fields
2025-09-17 18:08:39,433 - INFO - Completed analysis for RELIANCE: Score=56.0, Recommendation=HOLD
2025-09-17 18:08:39,484 - INFO - Enhanced technical analysis completed for SBICARD: 52 fields
2025-09-17 18:08:39,514 - INFO - Completed analysis for SBILIFE: Score=56.6, Recommendation=HOLD
2025-09-17 18:08:39,577 - INFO - Completed analysis for SBICARD: Score=37.6, Recommendation=SELL
2025-09-17 18:08:40,152 - INFO - Comprehensive data extracted for SRF
2025-09-17 18:08:40,181 - INFO - Comprehensive data extracted for SJVN
2025-09-17 18:08:40,181 - INFO - Fundamental analysis completed for SRF: 58 fields
2025-09-17 18:08:40,189 - INFO - Fundamental analysis completed for SJVN: 58 fields
2025-09-17 18:08:40,476 - INFO - Enhanced technical analysis completed for SRF: 52 fields
2025-09-17 18:08:40,527 - INFO - Enhanced technical analysis completed for SJVN: 52 fields
2025-09-17 18:08:40,620 - INFO - Completed analysis for SJVN: Score=47.2, Recommendation=WEAK SELL
2025-09-17 18:08:40,623 - INFO - Completed analysis for SRF: Score=38.9, Recommendation=SELL
2025-09-17 18:08:46,305 - INFO - Comprehensive data extracted for MOTHERSON
2025-09-17 18:08:46,307 - INFO - Fundamental analysis completed for MOTHERSON: 58 fields
2025-09-17 18:08:46,365 - INFO - Comprehensive data extracted for SHREECEM
2025-09-17 18:08:46,366 - INFO - Fundamental analysis completed for SHREECEM: 58 fields
2025-09-17 18:08:46,454 - INFO - Comprehensive data extracted for SHRIRAMFIN
2025-09-17 18:08:46,454 - INFO - Fundamental analysis completed for SHRIRAMFIN: 58 fields
2025-09-17 18:08:46,528 - INFO - Enhanced technical analysis completed for MOTHERSON: 52 fields
2025-09-17 18:08:46,595 - INFO - Enhanced technical analysis completed for SHREECEM: 52 fields
2025-09-17 18:08:46,639 - INFO - Completed analysis for MOTHERSON: Score=33.0, Recommendation=SELL
2025-09-17 18:08:46,749 - INFO - Enhanced technical analysis completed for SHRIRAMFIN: 52 fields
2025-09-17 18:08:46,761 - INFO - Completed analysis for SHREECEM: Score=34.9, Recommendation=SELL
2025-09-17 18:08:46,832 - INFO - Completed analysis for SHRIRAMFIN: Score=73.3, Recommendation=STRONG BUY (UNDERVALUED)
2025-09-17 18:08:47,134 - INFO - Comprehensive data extracted for SOLARINDS
2025-09-17 18:08:47,154 - INFO - Fundamental analysis completed for SOLARINDS: 58 fields
2025-09-17 18:08:47,354 - INFO - Enhanced technical analysis completed for SOLARINDS: 52 fields
2025-09-17 18:08:47,420 - INFO - Completed analysis for SOLARINDS: Score=45.2, Recommendation=WEAK SELL
2025-09-17 18:08:47,459 - INFO - Comprehensive data extracted for SIEMENS
2025-09-17 18:08:47,460 - INFO - Fundamental analysis completed for SIEMENS: 58 fields
2025-09-17 18:08:47,756 - INFO - Enhanced technical analysis completed for SIEMENS: 52 fields
2025-09-17 18:08:47,826 - INFO - Completed analysis for SIEMENS: Score=30.1, Recommendation=SELL
2025-09-17 18:08:53,403 - INFO - Comprehensive data extracted for SAIL
2025-09-17 18:08:53,403 - INFO - Fundamental analysis completed for SAIL: 58 fields
2025-09-17 18:08:53,462 - INFO - Comprehensive data extracted for SBIN
2025-09-17 18:08:53,466 - INFO - Fundamental analysis completed for SBIN: 58 fields
2025-09-17 18:08:53,570 - INFO - Comprehensive data extracted for SONACOMS
2025-09-17 18:08:53,570 - INFO - Fundamental analysis completed for SONACOMS: 58 fields
2025-09-17 18:08:53,634 - INFO - Enhanced technical analysis completed for SAIL: 52 fields
2025-09-17 18:08:53,708 - INFO - Enhanced technical analysis completed for SBIN: 52 fields
2025-09-17 18:08:53,763 - INFO - Completed analysis for SAIL: Score=57.8, Recommendation=HOLD
2025-09-17 18:08:53,793 - INFO - Enhanced technical analysis completed for SONACOMS: 52 fields
2025-09-17 18:08:53,883 - INFO - Completed analysis for SBIN: Score=87.1, Recommendation=STRONG BUY (UNDERVALUED)
2025-09-17 18:08:53,883 - INFO - Completed analysis for SONACOMS: Score=24.0, Recommendation=SELL
2025-09-17 18:08:54,381 - INFO - Comprehensive data extracted for SUNPHARMA
2025-09-17 18:08:54,381 - INFO - Fundamental analysis completed for SUNPHARMA: 58 fields
2025-09-17 18:08:54,405 - INFO - Comprehensive data extracted for SUPREMEIND
2025-09-17 18:08:54,416 - INFO - Fundamental analysis completed for SUPREMEIND: 58 fields
2025-09-17 18:08:54,711 - INFO - Enhanced technical analysis completed for SUPREMEIND: 52 fields
2025-09-17 18:08:54,770 - INFO - Enhanced technical analysis completed for SUNPHARMA: 52 fields
2025-09-17 18:08:54,870 - INFO - Completed analysis for SUNPHARMA: Score=35.4, Recommendation=SELL
2025-09-17 18:08:54,871 - INFO - Completed analysis for SUPREMEIND: Score=28.9, Recommendation=SELL
2025-09-17 18:09:00,460 - INFO - Comprehensive data extracted for SUZLON
2025-09-17 18:09:00,464 - INFO - Fundamental analysis completed for SUZLON: 58 fields
2025-09-17 18:09:00,480 - INFO - Comprehensive data extracted for SWIGGY
2025-09-17 18:09:00,482 - INFO - Fundamental analysis completed for SWIGGY: 58 fields
2025-09-17 18:09:00,590 - INFO - Comprehensive data extracted for TVSMOTOR
2025-09-17 18:09:00,609 - INFO - Fundamental analysis completed for TVSMOTOR: 58 fields
2025-09-17 18:09:00,661 - INFO - Enhanced technical analysis completed for SWIGGY: 52 fields
2025-09-17 18:09:00,718 - INFO - Enhanced technical analysis completed for SUZLON: 52 fields
2025-09-17 18:09:00,763 - INFO - Completed analysis for SWIGGY: Score=32.5, Recommendation=SELL
2025-09-17 18:09:00,845 - INFO - Enhanced technical analysis completed for TVSMOTOR: 52 fields
2025-09-17 18:09:00,859 - INFO - Completed analysis for SUZLON: Score=39.0, Recommendation=SELL
2025-09-17 18:09:00,915 - INFO - Completed analysis for TVSMOTOR: Score=36.4, Recommendation=SELL
2025-09-17 18:09:01,266 - INFO - Comprehensive data extracted for TCS
2025-09-17 18:09:01,268 - INFO - Fundamental analysis completed for TCS: 58 fields
2025-09-17 18:09:01,377 - INFO - Comprehensive data extracted for TATACOMM
2025-09-17 18:09:01,392 - INFO - Fundamental analysis completed for TATACOMM: 58 fields
2025-09-17 18:09:01,444 - INFO - Enhanced technical analysis completed for TCS: 52 fields
2025-09-17 18:09:01,501 - INFO - Completed analysis for TCS: Score=66.1, Recommendation=BUY
2025-09-17 18:09:01,569 - INFO - Enhanced technical analysis completed for TATACOMM: 52 fields
2025-09-17 18:09:01,634 - INFO - Completed analysis for TATACOMM: Score=29.8, Recommendation=SELL
2025-09-17 18:09:07,667 - INFO - Comprehensive data extracted for TATAELXSI
2025-09-17 18:09:07,669 - INFO - Fundamental analysis completed for TATAELXSI: 58 fields
2025-09-17 18:09:07,926 - INFO - Comprehensive data extracted for TATAMOTORS
2025-09-17 18:09:07,926 - INFO - Fundamental analysis completed for TATAMOTORS: 58 fields
2025-09-17 18:09:07,984 - INFO - Enhanced technical analysis completed for TATAELXSI: 52 fields
2025-09-17 18:09:08,026 - INFO - Completed analysis for TATAELXSI: Score=26.5, Recommendation=SELL
2025-09-17 18:09:08,296 - INFO - Enhanced technical analysis completed for TATAMOTORS: 52 fields
2025-09-17 18:09:08,336 - INFO - Completed analysis for TATAMOTORS: Score=49.1, Recommendation=WEAK SELL
2025-09-17 18:09:08,567 - INFO - Comprehensive data extracted for TATAPOWER
2025-09-17 18:09:08,567 - INFO - Fundamental analysis completed for TATAPOWER: 58 fields
2025-09-17 18:09:08,713 - INFO - Comprehensive data extracted for TATASTEEL
2025-09-17 18:09:08,713 - INFO - Fundamental analysis completed for TATASTEEL: 58 fields
2025-09-17 18:09:08,916 - INFO - Enhanced technical analysis completed for TATASTEEL: 52 fields
2025-09-17 18:09:08,943 - INFO - Enhanced technical analysis completed for TATAPOWER: 52 fields
2025-09-17 18:09:09,009 - INFO - Completed analysis for TATASTEEL: Score=36.0, Recommendation=SELL
2025-09-17 18:09:09,014 - INFO - Completed analysis for TATAPOWER: Score=37.2, Recommendation=SELL
2025-09-17 18:09:09,441 - INFO - Comprehensive data extracted for TATACONSUM
2025-09-17 18:09:09,442 - INFO - Fundamental analysis completed for TATACONSUM: 58 fields
2025-09-17 18:09:09,840 - INFO - Enhanced technical analysis completed for TATACONSUM: 52 fields
2025-09-17 18:09:09,882 - INFO - Completed analysis for TATACONSUM: Score=42.9, Recommendation=WEAK SELL
2025-09-17 18:09:15,629 - INFO - Comprehensive data extracted for TATATECH
2025-09-17 18:09:15,657 - INFO - Comprehensive data extracted for TITAN
2025-09-17 18:09:15,659 - INFO - Fundamental analysis completed for TATATECH: 58 fields
2025-09-17 18:09:15,660 - INFO - Fundamental analysis completed for TITAN: 58 fields
2025-09-17 18:09:15,757 - INFO - Comprehensive data extracted for TECHM
2025-09-17 18:09:15,757 - INFO - Fundamental analysis completed for TECHM: 58 fields
2025-09-17 18:09:15,991 - INFO - Enhanced technical analysis completed for TATATECH: 52 fields
2025-09-17 18:09:15,991 - INFO - Enhanced technical analysis completed for TECHM: 52 fields
2025-09-17 18:09:16,026 - INFO - Enhanced technical analysis completed for TITAN: 52 fields
2025-09-17 18:09:16,090 - INFO - Completed analysis for TECHM: Score=35.9, Recommendation=SELL
2025-09-17 18:09:16,094 - INFO - Completed analysis for TATATECH: Score=36.2, Recommendation=SELL
2025-09-17 18:09:16,115 - INFO - Completed analysis for TITAN: Score=35.3, Recommendation=SELL
2025-09-17 18:09:16,504 - INFO - Comprehensive data extracted for TORNTPHARM
2025-09-17 18:09:16,504 - INFO - Fundamental analysis completed for TORNTPHARM: 58 fields
2025-09-17 18:09:16,785 - INFO - Enhanced technical analysis completed for TORNTPHARM: 52 fields
2025-09-17 18:09:16,831 - INFO - Completed analysis for TORNTPHARM: Score=35.8, Recommendation=SELL
2025-09-17 18:09:17,314 - INFO - Comprehensive data extracted for TORNTPOWER
2025-09-17 18:09:17,316 - INFO - Fundamental analysis completed for TORNTPOWER: 58 fields
2025-09-17 18:09:17,848 - INFO - Enhanced technical analysis completed for TORNTPOWER: 52 fields
2025-09-17 18:09:17,903 - INFO - Completed analysis for TORNTPOWER: Score=33.7, Recommendation=SELL
2025-09-17 18:09:23,612 - INFO - Comprehensive data extracted for UPL
2025-09-17 18:09:23,612 - INFO - Fundamental analysis completed for UPL: 58 fields
2025-09-17 18:09:23,714 - INFO - Comprehensive data extracted for TRENT
2025-09-17 18:09:23,719 - INFO - Fundamental analysis completed for TRENT: 58 fields
2025-09-17 18:09:24,049 - INFO - Comprehensive data extracted for TIINDIA
2025-09-17 18:09:24,082 - INFO - Fundamental analysis completed for TIINDIA: 58 fields
2025-09-17 18:09:24,146 - INFO - Enhanced technical analysis completed for TRENT: 52 fields
2025-09-17 18:09:24,183 - INFO - Enhanced technical analysis completed for UPL: 52 fields
2025-09-17 18:09:24,263 - INFO - Enhanced technical analysis completed for TIINDIA: 52 fields
2025-09-17 18:09:24,316 - INFO - Completed analysis for UPL: Score=34.2, Recommendation=SELL
2025-09-17 18:09:24,316 - INFO - Completed analysis for TRENT: Score=35.1, Recommendation=SELL
2025-09-17 18:09:24,357 - INFO - Completed analysis for TIINDIA: Score=31.0, Recommendation=SELL
2025-09-17 18:09:24,994 - INFO - Comprehensive data extracted for UNIONBANK
2025-09-17 18:09:25,006 - INFO - Fundamental analysis completed for UNIONBANK: 58 fields
2025-09-17 18:09:25,019 - INFO - Comprehensive data extracted for ULTRACEMCO
2025-09-17 18:09:25,021 - INFO - Fundamental analysis completed for ULTRACEMCO: 58 fields
2025-09-17 18:09:25,154 - INFO - Enhanced technical analysis completed for ULTRACEMCO: 52 fields
2025-09-17 18:09:25,214 - INFO - Completed analysis for ULTRACEMCO: Score=37.6, Recommendation=SELL
2025-09-17 18:09:25,298 - INFO - Enhanced technical analysis completed for UNIONBANK: 52 fields
2025-09-17 18:09:25,343 - INFO - Completed analysis for UNIONBANK: Score=92.1, Recommendation=STRONG BUY (UNDERVALUED)
2025-09-17 18:09:30,964 - INFO - Comprehensive data extracted for VBL
2025-09-17 18:09:30,970 - INFO - Fundamental analysis completed for VBL: 58 fields
2025-09-17 18:09:31,117 - INFO - Enhanced technical analysis completed for VBL: 52 fields
2025-09-17 18:09:31,167 - INFO - Completed analysis for VBL: Score=45.4, Recommendation=WEAK SELL
2025-09-17 18:09:31,194 - INFO - Comprehensive data extracted for VEDL
2025-09-17 18:09:31,194 - INFO - Fundamental analysis completed for VEDL: 58 fields
2025-09-17 18:09:31,339 - INFO - Comprehensive data extracted for UNITDSPR
2025-09-17 18:09:31,339 - INFO - Fundamental analysis completed for UNITDSPR: 58 fields
2025-09-17 18:09:31,501 - INFO - Enhanced technical analysis completed for UNITDSPR: 52 fields
2025-09-17 18:09:31,543 - INFO - Enhanced technical analysis completed for VEDL: 52 fields
2025-09-17 18:09:31,583 - INFO - Completed analysis for UNITDSPR: Score=32.6, Recommendation=SELL
2025-09-17 18:09:31,613 - INFO - Comprehensive data extracted for VMM
2025-09-17 18:09:31,636 - INFO - Fundamental analysis completed for VMM: 58 fields
2025-09-17 18:09:31,650 - INFO - Completed analysis for VEDL: Score=53.2, Recommendation=HOLD
2025-09-17 18:09:31,765 - INFO - Enhanced technical analysis completed for VMM: 52 fields
2025-09-17 18:09:31,803 - INFO - Completed analysis for VMM: Score=32.4, Recommendation=SELL
2025-09-17 18:09:32,342 - INFO - Comprehensive data extracted for IDEA
2025-09-17 18:09:32,344 - INFO - Fundamental analysis completed for IDEA: 58 fields
2025-09-17 18:09:32,699 - INFO - Enhanced technical analysis completed for IDEA: 52 fields
2025-09-17 18:09:32,747 - INFO - Completed analysis for IDEA: Score=66.0, Recommendation=BUY (VALUE)
2025-09-17 18:09:38,374 - INFO - Comprehensive data extracted for WAAREEENER
2025-09-17 18:09:38,374 - INFO - Fundamental analysis completed for WAAREEENER: 58 fields
2025-09-17 18:09:38,466 - INFO - Comprehensive data extracted for WIPRO
2025-09-17 18:09:38,471 - INFO - Fundamental analysis completed for WIPRO: 58 fields
2025-09-17 18:09:38,623 - INFO - Enhanced technical analysis completed for WAAREEENER: 52 fields
2025-09-17 18:09:38,652 - INFO - Comprehensive data extracted for VOLTAS
2025-09-17 18:09:38,659 - INFO - Fundamental analysis completed for VOLTAS: 58 fields
2025-09-17 18:09:38,698 - INFO - Completed analysis for WAAREEENER: Score=42.7, Recommendation=WEAK SELL
2025-09-17 18:09:38,784 - INFO - Enhanced technical analysis completed for WIPRO: 52 fields
2025-09-17 18:09:38,849 - INFO - Completed analysis for WIPRO: Score=70.1, Recommendation=STRONG BUY
2025-09-17 18:09:38,967 - INFO - Enhanced technical analysis completed for VOLTAS: 52 fields
2025-09-17 18:09:39,018 - INFO - Completed analysis for VOLTAS: Score=26.6, Recommendation=SELL
2025-09-17 18:09:39,134 - INFO - Comprehensive data extracted for YESBANK
2025-09-17 18:09:39,134 - INFO - Fundamental analysis completed for YESBANK: 58 fields
2025-09-17 18:09:39,268 - INFO - Enhanced technical analysis completed for YESBANK: 52 fields
2025-09-17 18:09:39,319 - INFO - Completed analysis for YESBANK: Score=75.0, Recommendation=STRONG BUY
2025-09-17 18:09:39,457 - INFO - Comprehensive data extracted for ZYDUSLIFE
2025-09-17 18:09:39,457 - INFO - Fundamental analysis completed for ZYDUSLIFE: 58 fields
2025-09-17 18:09:39,857 - INFO - Enhanced technical analysis completed for ZYDUSLIFE: 52 fields
2025-09-17 18:09:39,914 - INFO - Completed analysis for ZYDUSLIFE: Score=43.2, Recommendation=WEAK SELL
2025-09-17 18:09:39,924 - INFO - Batch analysis completed: 200 results, 0 failures
2025-09-17 18:09:40,160 - INFO - Calculated sector rankings for 11 sectors
2025-09-17 18:10:26,618 - INFO - Completed risk-return analysis
2025-09-17 18:10:26,642 - INFO - Generated portfolio allocation for 15 stocks
2025-09-17 18:10:31,854 - INFO - Enhanced Excel report generated: reports/Enhanced_Stock_Report_20250917_181026.xlsx, Size: 292652 bytes
2025-09-17 18:10:32,390 - INFO - Loaded report: Enhanced_Stock_Report_20250915_162855.xlsx
2025-09-17 18:10:32,390 - INFO - Available sheets: ['Top Picks', 'Trading Plans', 'Undervalued', 'Sector Analysis', 'Risk Analysis', 'Portfolio Allocation', 'Portfolio Summary', 'Complete Data']
2025-09-17 18:10:32,874 - INFO - Loaded report: Enhanced_Stock_Report_20250917_181026.xlsx
2025-09-17 18:10:32,874 - INFO - Available sheets: ['Top Picks', 'Trading Plans', 'Undervalued', 'Sector Analysis', 'Risk Analysis', 'Portfolio Allocation', 'Portfolio Summary', 'Complete Data']
