2025-09-03 13:58:12,003 - INFO - Top 200 NSE Stock Analysis Initialized
2025-09-03 13:58:12,003 - INFO - Using default stock list from stock_list_template.csv
2025-09-03 13:58:12,003 - INFO - Loading stocks from CSV: stock_list_template.csv
2025-09-03 13:58:12,012 - INFO - Loaded 200 stocks with company names
2025-09-03 13:58:12,013 - INFO - Sample stocks: ABB, ACC, APLAPOLLO, AUBANK, ADANIENSOL
2025-09-03 13:58:12,018 - INFO - Starting batch analysis of 10 stocks
2025-09-03 13:58:13,080 - INFO - Comprehensive data extracted for ABB
2025-09-03 13:58:13,080 - INFO - Fundamental analysis completed for ABB: 58 fields
2025-09-03 13:58:13,180 - INFO - Comprehensive data extracted for APLAPOLLO
2025-09-03 13:58:13,180 - INFO - Fundamental analysis completed for APLAPOLLO: 58 fields
2025-09-03 13:58:13,270 - INFO - Enhanced technical analysis completed for ABB: 52 fields
2025-09-03 13:58:13,330 - INFO - Completed analysis for ABB: Score=56.6, Recommendation=HOLD
2025-09-03 13:58:13,380 - INFO - Enhanced technical analysis completed for APLAPOLLO: 52 fields
2025-09-03 13:58:13,434 - INFO - Completed analysis for APLAPOLLO: Score=30.3, Recommendation=SELL
2025-09-03 13:58:13,487 - INFO - Comprehensive data extracted for ACC
2025-09-03 13:58:13,487 - INFO - Fundamental analysis completed for ACC: 58 fields
2025-09-03 13:58:13,681 - INFO - Enhanced technical analysis completed for ACC: 52 fields
2025-09-03 13:58:13,704 - INFO - Comprehensive data extracted for AUBANK
2025-09-03 13:58:13,704 - INFO - Fundamental analysis completed for AUBANK: 58 fields
2025-09-03 13:58:13,750 - INFO - Completed analysis for ACC: Score=68.2, Recommendation=BUY (VALUE)
2025-09-03 13:58:13,888 - INFO - Enhanced technical analysis completed for AUBANK: 52 fields
2025-09-03 13:58:13,932 - INFO - Completed analysis for AUBANK: Score=64.6, Recommendation=BUY
2025-09-03 13:58:14,019 - INFO - Comprehensive data extracted for ADANIENSOL
2025-09-03 13:58:14,021 - INFO - Fundamental analysis completed for ADANIENSOL: 58 fields
2025-09-03 13:58:14,170 - INFO - Enhanced technical analysis completed for ADANIENSOL: 52 fields
2025-09-03 13:58:14,234 - INFO - Completed analysis for ADANIENSOL: Score=28.4, Recommendation=SELL
2025-09-03 13:58:19,765 - INFO - Comprehensive data extracted for ADANIPORTS
2025-09-03 13:58:19,765 - INFO - Fundamental analysis completed for ADANIPORTS: 58 fields
2025-09-03 13:58:19,833 - INFO - Comprehensive data extracted for ADANIGREEN
2025-09-03 13:58:19,833 - INFO - Fundamental analysis completed for ADANIGREEN: 58 fields
2025-09-03 13:58:19,946 - INFO - Enhanced technical analysis completed for ADANIPORTS: 52 fields
2025-09-03 13:58:19,997 - INFO - Comprehensive data extracted for ADANIENT
2025-09-03 13:58:20,016 - INFO - Fundamental analysis completed for ADANIENT: 58 fields
2025-09-03 13:58:20,021 - INFO - Enhanced technical analysis completed for ADANIGREEN: 52 fields
2025-09-03 13:58:20,055 - INFO - Completed analysis for ADANIPORTS: Score=49.1, Recommendation=WEAK SELL
2025-09-03 13:58:20,099 - INFO - Completed analysis for ADANIGREEN: Score=43.3, Recommendation=WEAK SELL
2025-09-03 13:58:20,216 - INFO - Enhanced technical analysis completed for ADANIENT: 52 fields
2025-09-03 13:58:20,286 - INFO - Completed analysis for ADANIENT: Score=29.6, Recommendation=SELL
2025-09-03 13:58:20,513 - INFO - Comprehensive data extracted for ATGL
2025-09-03 13:58:20,513 - INFO - Fundamental analysis completed for ATGL: 58 fields
2025-09-03 13:58:20,664 - INFO - Enhanced technical analysis completed for ATGL: 52 fields
2025-09-03 13:58:20,683 - INFO - Comprehensive data extracted for ADANIPOWER
2025-09-03 13:58:20,684 - INFO - Fundamental analysis completed for ADANIPOWER: 58 fields
2025-09-03 13:58:20,732 - INFO - Completed analysis for ATGL: Score=33.6, Recommendation=SELL
2025-09-03 13:58:20,838 - INFO - Enhanced technical analysis completed for ADANIPOWER: 52 fields
2025-09-03 13:58:20,882 - INFO - Completed analysis for ADANIPOWER: Score=40.7, Recommendation=WEAK SELL
2025-09-03 13:58:20,882 - INFO - Batch analysis completed: 10 results, 0 failures
2025-09-03 13:58:20,919 - INFO - Calculated sector rankings for 5 sectors
2025-09-03 13:58:20,926 - WARNING - No suitable investment candidates found
2025-09-03 13:58:21,098 - ERROR - Enhanced Excel generation error: "['volatility_6m', 'max_drawdown_6m'] not in index"
2025-09-03 13:58:21,614 - INFO - Comprehensive Excel report saved: reports\Stock_Report_2025-09-03.xlsx
2025-09-03 13:58:21,614 - INFO - Enhanced Excel report generated: reports\Stock_Report_2025-09-03.xlsx, Size: 33478 bytes
