2025-09-01 10:43:10,595 - INFO - Top 200 NSE Stock Analysis Initialized
2025-09-01 10:43:10,617 - INFO - Using default stock list from stock_list_template.csv
2025-09-01 10:43:10,617 - INFO - Loading stocks from CSV: stock_list_template.csv
2025-09-01 10:43:10,644 - INFO - Loaded 200 stocks with company names
2025-09-01 10:43:10,649 - INFO - Sample stocks: ABB, ACC, APLAPOLLO, AUBANK, ADANIENSOL
2025-09-01 10:43:10,652 - INFO - Starting batch analysis of 200 stocks
2025-09-01 10:43:11,868 - INFO - Comprehensive data extracted for APLAPOLLO
2025-09-01 10:43:11,892 - INFO - Comprehensive data extracted for ACC
2025-09-01 10:43:11,899 - INFO - Fundamental analysis completed for APLAPOLLO: 58 fields
2025-09-01 10:43:11,936 - INFO - Comprehensive data extracted for ABB
2025-09-01 10:43:11,936 - INFO - Fundamental analysis completed for ACC: 58 fields
2025-09-01 10:43:11,939 - INFO - Fundamental analysis completed for ABB: 58 fields
2025-09-01 10:43:12,313 - INFO - Enhanced technical analysis completed for ABB: 52 fields
2025-09-01 10:43:12,343 - INFO - Enhanced technical analysis completed for APLAPOLLO: 52 fields
2025-09-01 10:43:12,384 - INFO - Enhanced technical analysis completed for ACC: 52 fields
2025-09-01 10:43:12,472 - INFO - Completed analysis for ACC: Score=58.1, Recommendation=HOLD
2025-09-01 10:43:12,511 - INFO - Completed analysis for ABB: Score=56.0, Recommendation=HOLD
2025-09-01 10:43:12,526 - INFO - Completed analysis for APLAPOLLO: Score=35.2, Recommendation=SELL
2025-09-01 10:43:12,972 - INFO - Comprehensive data extracted for AUBANK
2025-09-01 10:43:12,972 - INFO - Fundamental analysis completed for AUBANK: 58 fields
2025-09-01 10:43:13,143 - INFO - Enhanced technical analysis completed for AUBANK: 52 fields
2025-09-01 10:43:13,196 - INFO - Completed analysis for AUBANK: Score=69.4, Recommendation=BUY
2025-09-01 10:43:13,241 - INFO - Comprehensive data extracted for ADANIENSOL
2025-09-01 10:43:13,241 - INFO - Fundamental analysis completed for ADANIENSOL: 58 fields
2025-09-01 10:43:13,462 - INFO - Enhanced technical analysis completed for ADANIENSOL: 52 fields
2025-09-01 10:43:13,525 - INFO - Completed analysis for ADANIENSOL: Score=37.8, Recommendation=SELL
2025-09-01 10:43:19,130 - INFO - Comprehensive data extracted for ADANIENT
2025-09-01 10:43:19,135 - INFO - Fundamental analysis completed for ADANIENT: 58 fields
2025-09-01 10:43:19,223 - INFO - Comprehensive data extracted for ADANIGREEN
2025-09-01 10:43:19,223 - INFO - Fundamental analysis completed for ADANIGREEN: 58 fields
2025-09-01 10:43:19,314 - INFO - Enhanced technical analysis completed for ADANIENT: 52 fields
2025-09-01 10:43:19,427 - INFO - Enhanced technical analysis completed for ADANIGREEN: 52 fields
2025-09-01 10:43:19,437 - INFO - Completed analysis for ADANIENT: Score=29.9, Recommendation=SELL
2025-09-01 10:43:19,493 - INFO - Comprehensive data extracted for ADANIPORTS
2025-09-01 10:43:19,510 - INFO - Fundamental analysis completed for ADANIPORTS: 58 fields
2025-09-01 10:43:19,530 - INFO - Completed analysis for ADANIGREEN: Score=42.1, Recommendation=WEAK SELL
2025-09-01 10:43:19,766 - INFO - Enhanced technical analysis completed for ADANIPORTS: 52 fields
2025-09-01 10:43:19,811 - INFO - Completed analysis for ADANIPORTS: Score=55.6, Recommendation=HOLD
2025-09-01 10:43:20,043 - INFO - Comprehensive data extracted for ADANIPOWER
2025-09-01 10:43:20,058 - INFO - Fundamental analysis completed for ADANIPOWER: 58 fields
2025-09-01 10:43:20,201 - INFO - Enhanced technical analysis completed for ADANIPOWER: 52 fields
2025-09-01 10:43:20,240 - INFO - Completed analysis for ADANIPOWER: Score=45.3, Recommendation=WEAK SELL
2025-09-01 10:43:20,546 - INFO - Comprehensive data extracted for ATGL
2025-09-01 10:43:20,546 - INFO - Fundamental analysis completed for ATGL: 58 fields
2025-09-01 10:43:20,829 - INFO - Enhanced technical analysis completed for ATGL: 52 fields
2025-09-01 10:43:20,880 - INFO - Completed analysis for ATGL: Score=30.7, Recommendation=SELL
2025-09-01 10:43:26,596 - INFO - Comprehensive data extracted for ABFRL
2025-09-01 10:43:26,596 - INFO - Fundamental analysis completed for ABFRL: 58 fields
2025-09-01 10:43:26,732 - INFO - Comprehensive data extracted for ABCAPITAL
2025-09-01 10:43:26,734 - INFO - Fundamental analysis completed for ABCAPITAL: 58 fields
2025-09-01 10:43:26,882 - INFO - Enhanced technical analysis completed for ABFRL: 52 fields
2025-09-01 10:43:26,934 - INFO - Comprehensive data extracted for ALKEM
2025-09-01 10:43:26,965 - INFO - Fundamental analysis completed for ALKEM: 58 fields
2025-09-01 10:43:27,050 - INFO - Enhanced technical analysis completed for ABCAPITAL: 52 fields
2025-09-01 10:43:27,088 - INFO - Completed analysis for ABFRL: Score=32.5, Recommendation=SELL
2025-09-01 10:43:27,162 - INFO - Enhanced technical analysis completed for ALKEM: 52 fields
2025-09-01 10:43:27,179 - INFO - Completed analysis for ABCAPITAL: Score=54.7, Recommendation=HOLD
2025-09-01 10:43:27,226 - INFO - Completed analysis for ALKEM: Score=46.0, Recommendation=WEAK SELL
2025-09-01 10:43:27,649 - INFO - Comprehensive data extracted for AMBUJACEM
2025-09-01 10:43:27,649 - INFO - Fundamental analysis completed for AMBUJACEM: 58 fields
2025-09-01 10:43:27,930 - INFO - Comprehensive data extracted for APOLLOHOSP
2025-09-01 10:43:27,949 - INFO - Fundamental analysis completed for APOLLOHOSP: 58 fields
2025-09-01 10:43:28,033 - INFO - Enhanced technical analysis completed for AMBUJACEM: 52 fields
2025-09-01 10:43:28,135 - INFO - Completed analysis for AMBUJACEM: Score=46.8, Recommendation=WEAK SELL
2025-09-01 10:43:28,340 - INFO - Enhanced technical analysis completed for APOLLOHOSP: 52 fields
2025-09-01 10:43:28,414 - INFO - Completed analysis for APOLLOHOSP: Score=35.3, Recommendation=SELL
2025-09-01 10:43:34,179 - INFO - Comprehensive data extracted for ASHOKLEY
2025-09-01 10:43:34,181 - INFO - Fundamental analysis completed for ASHOKLEY: 58 fields
2025-09-01 10:43:34,277 - INFO - Comprehensive data extracted for APOLLOTYRE
2025-09-01 10:43:34,279 - INFO - Fundamental analysis completed for APOLLOTYRE: 58 fields
2025-09-01 10:43:34,454 - INFO - Enhanced technical analysis completed for ASHOKLEY: 52 fields
2025-09-01 10:43:34,695 - INFO - Enhanced technical analysis completed for APOLLOTYRE: 52 fields
2025-09-01 10:43:34,729 - INFO - Completed analysis for ASHOKLEY: Score=46.8, Recommendation=WEAK SELL
2025-09-01 10:43:34,756 - INFO - Comprehensive data extracted for ASIANPAINT
2025-09-01 10:43:34,756 - INFO - Fundamental analysis completed for ASIANPAINT: 58 fields
2025-09-01 10:43:34,825 - INFO - Completed analysis for APOLLOTYRE: Score=34.6, Recommendation=SELL
2025-09-01 10:43:35,125 - INFO - Enhanced technical analysis completed for ASIANPAINT: 52 fields
2025-09-01 10:43:35,214 - INFO - Completed analysis for ASIANPAINT: Score=38.6, Recommendation=SELL
2025-09-01 10:43:35,421 - INFO - Comprehensive data extracted for ASTRAL
2025-09-01 10:43:35,433 - INFO - Fundamental analysis completed for ASTRAL: 58 fields
2025-09-01 10:43:35,494 - INFO - Comprehensive data extracted for AUROPHARMA
2025-09-01 10:43:35,500 - INFO - Fundamental analysis completed for AUROPHARMA: 58 fields
2025-09-01 10:43:35,980 - INFO - Enhanced technical analysis completed for AUROPHARMA: 52 fields
2025-09-01 10:43:35,980 - INFO - Enhanced technical analysis completed for ASTRAL: 52 fields
2025-09-01 10:43:36,139 - INFO - Completed analysis for ASTRAL: Score=27.7, Recommendation=SELL
2025-09-01 10:43:36,154 - INFO - Completed analysis for AUROPHARMA: Score=33.7, Recommendation=SELL
2025-09-01 10:43:41,750 - INFO - Comprehensive data extracted for BSE
2025-09-01 10:43:41,751 - INFO - Fundamental analysis completed for BSE: 58 fields
2025-09-01 10:43:41,821 - INFO - Comprehensive data extracted for AXISBANK
2025-09-01 10:43:41,823 - INFO - Fundamental analysis completed for AXISBANK: 58 fields
2025-09-01 10:43:41,871 - INFO - Comprehensive data extracted for DMART
2025-09-01 10:43:41,961 - INFO - Fundamental analysis completed for DMART: 58 fields
2025-09-01 10:43:42,084 - INFO - Enhanced technical analysis completed for BSE: 52 fields
2025-09-01 10:43:42,094 - INFO - Enhanced technical analysis completed for AXISBANK: 52 fields
2025-09-01 10:43:42,157 - INFO - Enhanced technical analysis completed for DMART: 52 fields
2025-09-01 10:43:42,224 - INFO - Completed analysis for AXISBANK: Score=65.9, Recommendation=BUY
2025-09-01 10:43:42,224 - INFO - Completed analysis for BSE: Score=57.7, Recommendation=HOLD
2025-09-01 10:43:42,260 - INFO - Completed analysis for DMART: Score=32.7, Recommendation=SELL
2025-09-01 10:43:42,633 - INFO - Comprehensive data extracted for BAJFINANCE
2025-09-01 10:43:42,633 - INFO - Fundamental analysis completed for BAJFINANCE: 58 fields
2025-09-01 10:43:42,730 - INFO - Comprehensive data extracted for BAJAJ-AUTO
2025-09-01 10:43:42,738 - INFO - Fundamental analysis completed for BAJAJ-AUTO: 58 fields
2025-09-01 10:43:42,966 - INFO - Enhanced technical analysis completed for BAJAJ-AUTO: 52 fields
2025-09-01 10:43:42,984 - INFO - Enhanced technical analysis completed for BAJFINANCE: 52 fields
2025-09-01 10:43:43,091 - INFO - Completed analysis for BAJFINANCE: Score=59.2, Recommendation=HOLD
2025-09-01 10:43:43,099 - INFO - Completed analysis for BAJAJ-AUTO: Score=42.2, Recommendation=WEAK SELL
2025-09-01 10:43:48,699 - INFO - Comprehensive data extracted for BAJAJHFL
2025-09-01 10:43:48,699 - INFO - Fundamental analysis completed for BAJAJHFL: 58 fields
2025-09-01 10:43:48,885 - INFO - Comprehensive data extracted for BAJAJHLDNG
2025-09-01 10:43:48,897 - INFO - Fundamental analysis completed for BAJAJHLDNG: 58 fields
2025-09-01 10:43:48,900 - INFO - Enhanced technical analysis completed for BAJAJHFL: 52 fields
2025-09-01 10:43:48,960 - INFO - Completed analysis for BAJAJHFL: Score=45.5, Recommendation=WEAK SELL
2025-09-01 10:43:49,090 - INFO - Enhanced technical analysis completed for BAJAJHLDNG: 52 fields
2025-09-01 10:43:49,141 - INFO - Completed analysis for BAJAJHLDNG: Score=50.6, Recommendation=HOLD
2025-09-01 10:43:49,311 - INFO - Comprehensive data extracted for BAJAJFINSV
2025-09-01 10:43:49,317 - INFO - Fundamental analysis completed for BAJAJFINSV: 58 fields
2025-09-01 10:43:49,375 - INFO - Comprehensive data extracted for BANDHANBNK
2025-09-01 10:43:49,379 - INFO - Fundamental analysis completed for BANDHANBNK: 58 fields
2025-09-01 10:43:49,547 - INFO - Enhanced technical analysis completed for BANDHANBNK: 52 fields
2025-09-01 10:43:49,580 - INFO - Enhanced technical analysis completed for BAJAJFINSV: 52 fields
2025-09-01 10:43:49,634 - INFO - Completed analysis for BANDHANBNK: Score=51.2, Recommendation=HOLD
2025-09-01 10:43:49,677 - INFO - Completed analysis for BAJAJFINSV: Score=52.3, Recommendation=HOLD
2025-09-01 10:43:49,781 - INFO - Comprehensive data extracted for BANKBARODA
2025-09-01 10:43:49,797 - INFO - Fundamental analysis completed for BANKBARODA: 58 fields
2025-09-01 10:43:50,130 - INFO - Enhanced technical analysis completed for BANKBARODA: 52 fields
2025-09-01 10:43:50,177 - INFO - Completed analysis for BANKBARODA: Score=65.3, Recommendation=BUY
2025-09-01 10:43:55,793 - INFO - Comprehensive data extracted for BDL
2025-09-01 10:43:55,793 - INFO - Fundamental analysis completed for BDL: 58 fields
2025-09-01 10:43:55,829 - INFO - Comprehensive data extracted for MAHABANK
2025-09-01 10:43:55,832 - INFO - Fundamental analysis completed for MAHABANK: 58 fields
2025-09-01 10:43:56,006 - INFO - Comprehensive data extracted for BANKINDIA
2025-09-01 10:43:56,017 - INFO - Fundamental analysis completed for BANKINDIA: 58 fields
2025-09-01 10:43:56,079 - INFO - Enhanced technical analysis completed for MAHABANK: 52 fields
2025-09-01 10:43:56,123 - INFO - Enhanced technical analysis completed for BDL: 52 fields
2025-09-01 10:43:56,162 - INFO - Completed analysis for MAHABANK: Score=79.9, Recommendation=STRONG BUY
2025-09-01 10:43:56,215 - INFO - Completed analysis for BDL: Score=54.8, Recommendation=HOLD
2025-09-01 10:43:56,365 - INFO - Enhanced technical analysis completed for BANKINDIA: 52 fields
2025-09-01 10:43:56,428 - INFO - Completed analysis for BANKINDIA: Score=65.5, Recommendation=BUY
2025-09-01 10:43:56,663 - INFO - Comprehensive data extracted for BEL
2025-09-01 10:43:56,663 - INFO - Fundamental analysis completed for BEL: 58 fields
2025-09-01 10:43:56,819 - INFO - Comprehensive data extracted for BHARATFORG
2025-09-01 10:43:56,824 - INFO - Fundamental analysis completed for BHARATFORG: 58 fields
2025-09-01 10:43:56,866 - INFO - Enhanced technical analysis completed for BEL: 52 fields
2025-09-01 10:43:56,927 - INFO - Completed analysis for BEL: Score=51.0, Recommendation=HOLD
2025-09-01 10:43:57,157 - INFO - Enhanced technical analysis completed for BHARATFORG: 52 fields
2025-09-01 10:43:57,201 - INFO - Completed analysis for BHARATFORG: Score=27.4, Recommendation=SELL
2025-09-01 10:44:02,901 - INFO - Comprehensive data extracted for BHEL
2025-09-01 10:44:02,907 - INFO - Fundamental analysis completed for BHEL: 58 fields
2025-09-01 10:44:02,968 - INFO - Comprehensive data extracted for BPCL
2025-09-01 10:44:02,975 - INFO - Fundamental analysis completed for BPCL: 58 fields
2025-09-01 10:44:03,018 - INFO - Comprehensive data extracted for BHARTIARTL
2025-09-01 10:44:03,018 - INFO - Fundamental analysis completed for BHARTIARTL: 58 fields
2025-09-01 10:44:03,163 - INFO - Enhanced technical analysis completed for BPCL: 52 fields
2025-09-01 10:44:03,212 - INFO - Enhanced technical analysis completed for BHEL: 52 fields
2025-09-01 10:44:03,280 - INFO - Completed analysis for BPCL: Score=40.3, Recommendation=WEAK SELL
2025-09-01 10:44:03,345 - INFO - Completed analysis for BHEL: Score=33.0, Recommendation=SELL
2025-09-01 10:44:03,362 - INFO - Enhanced technical analysis completed for BHARTIARTL: 52 fields
2025-09-01 10:44:03,427 - INFO - Completed analysis for BHARTIARTL: Score=66.9, Recommendation=BUY
2025-09-01 10:44:03,677 - INFO - Comprehensive data extracted for BHARTIHEXA
2025-09-01 10:44:03,677 - INFO - Fundamental analysis completed for BHARTIHEXA: 58 fields
2025-09-01 10:44:03,899 - INFO - Comprehensive data extracted for BIOCON
2025-09-01 10:44:03,941 - INFO - Fundamental analysis completed for BIOCON: 58 fields
2025-09-01 10:44:03,949 - INFO - Enhanced technical analysis completed for BHARTIHEXA: 52 fields
2025-09-01 10:44:04,033 - INFO - Completed analysis for BHARTIHEXA: Score=50.8, Recommendation=HOLD
2025-09-01 10:44:04,356 - INFO - Enhanced technical analysis completed for BIOCON: 52 fields
2025-09-01 10:44:04,421 - INFO - Completed analysis for BIOCON: Score=29.1, Recommendation=SELL
2025-09-01 10:44:09,978 - INFO - Comprehensive data extracted for CGPOWER
2025-09-01 10:44:09,978 - INFO - Fundamental analysis completed for CGPOWER: 58 fields
2025-09-01 10:44:10,094 - INFO - Comprehensive data extracted for BOSCHLTD
2025-09-01 10:44:10,094 - INFO - Fundamental analysis completed for BOSCHLTD: 58 fields
2025-09-01 10:44:10,138 - INFO - Comprehensive data extracted for BRITANNIA
2025-09-01 10:44:10,146 - INFO - Fundamental analysis completed for BRITANNIA: 58 fields
2025-09-01 10:44:10,235 - INFO - Enhanced technical analysis completed for CGPOWER: 52 fields
2025-09-01 10:44:10,302 - INFO - Completed analysis for CGPOWER: Score=48.3, Recommendation=WEAK SELL
2025-09-01 10:44:10,398 - INFO - Enhanced technical analysis completed for BOSCHLTD: 52 fields
2025-09-01 10:44:10,480 - INFO - Enhanced technical analysis completed for BRITANNIA: 52 fields
2025-09-01 10:44:10,517 - INFO - Completed analysis for BOSCHLTD: Score=58.1, Recommendation=HOLD
2025-09-01 10:44:10,549 - INFO - Completed analysis for BRITANNIA: Score=45.8, Recommendation=WEAK SELL
2025-09-01 10:44:10,783 - INFO - Comprehensive data extracted for CANBK
2025-09-01 10:44:10,783 - INFO - Fundamental analysis completed for CANBK: 58 fields
2025-09-01 10:44:10,987 - INFO - Enhanced technical analysis completed for CANBK: 52 fields
2025-09-01 10:44:11,053 - INFO - Completed analysis for CANBK: Score=72.4, Recommendation=STRONG BUY
2025-09-01 10:44:11,250 - INFO - Comprehensive data extracted for CHOLAFIN
2025-09-01 10:44:11,252 - INFO - Fundamental analysis completed for CHOLAFIN: 58 fields
2025-09-01 10:44:11,477 - INFO - Enhanced technical analysis completed for CHOLAFIN: 52 fields
2025-09-01 10:44:11,543 - INFO - Completed analysis for CHOLAFIN: Score=42.7, Recommendation=WEAK SELL
2025-09-01 10:44:17,236 - INFO - Comprehensive data extracted for CIPLA
2025-09-01 10:44:17,239 - INFO - Fundamental analysis completed for CIPLA: 58 fields
2025-09-01 10:44:17,268 - INFO - Comprehensive data extracted for COCHINSHIP
2025-09-01 10:44:17,268 - INFO - Fundamental analysis completed for COCHINSHIP: 58 fields
2025-09-01 10:44:17,294 - INFO - Comprehensive data extracted for COALINDIA
2025-09-01 10:44:17,294 - INFO - Fundamental analysis completed for COALINDIA: 58 fields
2025-09-01 10:44:17,550 - INFO - Enhanced technical analysis completed for COALINDIA: 52 fields
2025-09-01 10:44:17,554 - INFO - Enhanced technical analysis completed for CIPLA: 52 fields
2025-09-01 10:44:17,564 - INFO - Enhanced technical analysis completed for COCHINSHIP: 52 fields
2025-09-01 10:44:17,676 - INFO - Completed analysis for COALINDIA: Score=49.0, Recommendation=WEAK SELL
2025-09-01 10:44:17,688 - INFO - Completed analysis for COCHINSHIP: Score=42.2, Recommendation=WEAK SELL
2025-09-01 10:44:17,697 - INFO - Completed analysis for CIPLA: Score=52.5, Recommendation=HOLD
2025-09-01 10:44:18,125 - INFO - Comprehensive data extracted for COLPAL
2025-09-01 10:44:18,133 - INFO - Fundamental analysis completed for COLPAL: 58 fields
2025-09-01 10:44:18,230 - INFO - Comprehensive data extracted for COFORGE
2025-09-01 10:44:18,230 - INFO - Fundamental analysis completed for COFORGE: 58 fields
2025-09-01 10:44:18,642 - INFO - Enhanced technical analysis completed for COLPAL: 52 fields
2025-09-01 10:44:18,642 - INFO - Enhanced technical analysis completed for COFORGE: 52 fields
2025-09-01 10:44:18,743 - INFO - Completed analysis for COLPAL: Score=36.5, Recommendation=SELL
2025-09-01 10:44:18,743 - INFO - Completed analysis for COFORGE: Score=44.4, Recommendation=WEAK SELL
2025-09-01 10:44:24,476 - INFO - Comprehensive data extracted for CONCOR
2025-09-01 10:44:24,476 - INFO - Fundamental analysis completed for CONCOR: 58 fields
2025-09-01 10:44:24,700 - INFO - Enhanced technical analysis completed for CONCOR: 52 fields
2025-09-01 10:44:24,777 - INFO - Completed analysis for CONCOR: Score=38.6, Recommendation=SELL
2025-09-01 10:44:25,036 - INFO - Comprehensive data extracted for DLF
2025-09-01 10:44:25,036 - INFO - Fundamental analysis completed for DLF: 58 fields
2025-09-01 10:44:25,226 - INFO - Enhanced technical analysis completed for DLF: 52 fields
2025-09-01 10:44:25,293 - INFO - Completed analysis for DLF: Score=44.1, Recommendation=WEAK SELL
2025-09-01 10:44:25,505 - INFO - Comprehensive data extracted for DABUR
2025-09-01 10:44:25,505 - INFO - Fundamental analysis completed for DABUR: 58 fields
2025-09-01 10:44:25,836 - INFO - Enhanced technical analysis completed for DABUR: 52 fields
2025-09-01 10:44:25,897 - INFO - Completed analysis for DABUR: Score=37.5, Recommendation=SELL
2025-09-01 10:44:27,251 - INFO - Comprehensive data extracted for DIVISLAB
2025-09-01 10:44:27,251 - INFO - Fundamental analysis completed for DIVISLAB: 58 fields
2025-09-01 10:44:27,347 - INFO - Comprehensive data extracted for CUMMINSIND
2025-09-01 10:44:27,347 - INFO - Fundamental analysis completed for CUMMINSIND: 58 fields
2025-09-01 10:44:27,435 - INFO - Enhanced technical analysis completed for DIVISLAB: 52 fields
2025-09-01 10:44:27,496 - INFO - Completed analysis for DIVISLAB: Score=58.6, Recommendation=HOLD
2025-09-01 10:44:27,550 - INFO - Enhanced technical analysis completed for CUMMINSIND: 52 fields
2025-09-01 10:44:27,617 - INFO - Completed analysis for CUMMINSIND: Score=66.2, Recommendation=BUY
2025-09-01 10:44:33,234 - INFO - Comprehensive data extracted for DIXON
2025-09-01 10:44:33,234 - INFO - Fundamental analysis completed for DIXON: 58 fields
2025-09-01 10:44:33,315 - INFO - Comprehensive data extracted for EICHERMOT
2025-09-01 10:44:33,354 - INFO - Fundamental analysis completed for EICHERMOT: 58 fields
2025-09-01 10:44:33,357 - INFO - Comprehensive data extracted for DRREDDY
2025-09-01 10:44:33,394 - INFO - Fundamental analysis completed for DRREDDY: 58 fields
2025-09-01 10:44:33,438 - INFO - Enhanced technical analysis completed for DIXON: 52 fields
2025-09-01 10:44:33,523 - INFO - Completed analysis for DIXON: Score=53.1, Recommendation=HOLD
2025-09-01 10:44:33,596 - INFO - Enhanced technical analysis completed for EICHERMOT: 52 fields
2025-09-01 10:44:33,678 - INFO - Completed analysis for EICHERMOT: Score=45.2, Recommendation=WEAK SELL
2025-09-01 10:44:33,710 - INFO - Enhanced technical analysis completed for DRREDDY: 52 fields
2025-09-01 10:44:33,786 - INFO - Completed analysis for DRREDDY: Score=78.8, Recommendation=STRONG BUY
2025-09-01 10:44:34,597 - INFO - Comprehensive data extracted for ESCORTS
2025-09-01 10:44:34,602 - INFO - Fundamental analysis completed for ESCORTS: 58 fields
2025-09-01 10:44:34,743 - INFO - Comprehensive data extracted for ETERNAL
2025-09-01 10:44:34,743 - INFO - Fundamental analysis completed for ETERNAL: 58 fields
2025-09-01 10:44:34,828 - INFO - Enhanced technical analysis completed for ESCORTS: 52 fields
2025-09-01 10:44:34,914 - INFO - Enhanced technical analysis completed for ETERNAL: 52 fields
2025-09-01 10:44:34,944 - INFO - Completed analysis for ESCORTS: Score=50.0, Recommendation=WEAK SELL
2025-09-01 10:44:35,014 - INFO - Completed analysis for ETERNAL: Score=38.8, Recommendation=SELL
2025-09-01 10:44:40,540 - INFO - Comprehensive data extracted for NYKAA
2025-09-01 10:44:40,549 - INFO - Fundamental analysis completed for NYKAA: 58 fields
2025-09-01 10:44:40,723 - INFO - Comprehensive data extracted for EXIDEIND
2025-09-01 10:44:40,745 - INFO - Fundamental analysis completed for EXIDEIND: 58 fields
2025-09-01 10:44:40,763 - INFO - Enhanced technical analysis completed for NYKAA: 52 fields
2025-09-01 10:44:40,824 - INFO - Completed analysis for NYKAA: Score=43.6, Recommendation=WEAK SELL
2025-09-01 10:44:41,068 - INFO - Enhanced technical analysis completed for EXIDEIND: 52 fields
2025-09-01 10:44:41,131 - INFO - Completed analysis for EXIDEIND: Score=46.0, Recommendation=WEAK SELL
2025-09-01 10:44:41,450 - INFO - Comprehensive data extracted for GAIL
2025-09-01 10:44:41,450 - INFO - Fundamental analysis completed for GAIL: 58 fields
2025-09-01 10:44:41,668 - INFO - Enhanced technical analysis completed for GAIL: 52 fields
2025-09-01 10:44:41,701 - INFO - Comprehensive data extracted for GMRAIRPORT
2025-09-01 10:44:41,701 - INFO - Fundamental analysis completed for GMRAIRPORT: 58 fields
2025-09-01 10:44:41,744 - INFO - Completed analysis for GAIL: Score=46.0, Recommendation=WEAK SELL
2025-09-01 10:44:41,862 - INFO - Enhanced technical analysis completed for GMRAIRPORT: 52 fields
2025-09-01 10:44:41,912 - INFO - Completed analysis for GMRAIRPORT: Score=49.3, Recommendation=WEAK SELL
2025-09-01 10:44:43,751 - INFO - Comprehensive data extracted for FEDERALBNK
2025-09-01 10:44:43,753 - INFO - Fundamental analysis completed for FEDERALBNK: 58 fields
2025-09-01 10:44:44,054 - INFO - Enhanced technical analysis completed for FEDERALBNK: 52 fields
2025-09-01 10:44:44,142 - INFO - Completed analysis for FEDERALBNK: Score=62.4, Recommendation=BUY
2025-09-01 10:44:49,653 - INFO - Comprehensive data extracted for GODREJPROP
2025-09-01 10:44:49,658 - INFO - Fundamental analysis completed for GODREJPROP: 58 fields
2025-09-01 10:44:49,848 - INFO - Enhanced technical analysis completed for GODREJPROP: 52 fields
2025-09-01 10:44:49,907 - INFO - Comprehensive data extracted for GODREJCP
2025-09-01 10:44:49,925 - INFO - Fundamental analysis completed for GODREJCP: 58 fields
2025-09-01 10:44:49,942 - INFO - Completed analysis for GODREJPROP: Score=27.3, Recommendation=SELL
2025-09-01 10:44:49,971 - INFO - Comprehensive data extracted for GLENMARK
2025-09-01 10:44:49,973 - INFO - Fundamental analysis completed for GLENMARK: 58 fields
2025-09-01 10:44:50,113 - INFO - Enhanced technical analysis completed for GODREJCP: 52 fields
2025-09-01 10:44:50,213 - INFO - Enhanced technical analysis completed for GLENMARK: 52 fields
2025-09-01 10:44:50,229 - INFO - Completed analysis for GODREJCP: Score=38.0, Recommendation=SELL
2025-09-01 10:44:50,300 - INFO - Completed analysis for GLENMARK: Score=29.8, Recommendation=SELL
2025-09-01 10:44:50,685 - INFO - Comprehensive data extracted for GRASIM
2025-09-01 10:44:50,720 - INFO - Fundamental analysis completed for GRASIM: 58 fields
2025-09-01 10:44:50,780 - INFO - Comprehensive data extracted for HCLTECH
2025-09-01 10:44:50,780 - INFO - Fundamental analysis completed for HCLTECH: 58 fields
2025-09-01 10:44:50,916 - INFO - Enhanced technical analysis completed for GRASIM: 52 fields
2025-09-01 10:44:50,986 - INFO - Completed analysis for GRASIM: Score=46.8, Recommendation=WEAK SELL
2025-09-01 10:44:51,113 - INFO - Enhanced technical analysis completed for HCLTECH: 52 fields
2025-09-01 10:44:51,181 - INFO - Completed analysis for HCLTECH: Score=57.4, Recommendation=HOLD
2025-09-01 10:44:56,886 - INFO - Comprehensive data extracted for HDFCBANK
2025-09-01 10:44:56,893 - INFO - Fundamental analysis completed for HDFCBANK: 58 fields
2025-09-01 10:44:56,920 - INFO - Comprehensive data extracted for HDFCAMC
2025-09-01 10:44:56,920 - INFO - Fundamental analysis completed for HDFCAMC: 58 fields
2025-09-01 10:44:56,963 - INFO - Comprehensive data extracted for HDFCLIFE
2025-09-01 10:44:56,963 - INFO - Fundamental analysis completed for HDFCLIFE: 58 fields
2025-09-01 10:44:57,283 - INFO - Enhanced technical analysis completed for HDFCLIFE: 52 fields
2025-09-01 10:44:57,298 - INFO - Enhanced technical analysis completed for HDFCAMC: 52 fields
2025-09-01 10:44:57,315 - INFO - Enhanced technical analysis completed for HDFCBANK: 52 fields
2025-09-01 10:44:57,445 - INFO - Completed analysis for HDFCAMC: Score=48.6, Recommendation=WEAK SELL
2025-09-01 10:44:57,445 - INFO - Completed analysis for HDFCLIFE: Score=53.5, Recommendation=HOLD
2025-09-01 10:44:57,461 - INFO - Completed analysis for HDFCBANK: Score=62.7, Recommendation=BUY
2025-09-01 10:44:57,967 - INFO - Comprehensive data extracted for HEROMOTOCO
2025-09-01 10:44:57,980 - INFO - Fundamental analysis completed for HEROMOTOCO: 58 fields
2025-09-01 10:44:58,135 - INFO - Comprehensive data extracted for HAVELLS
2025-09-01 10:44:58,135 - INFO - Fundamental analysis completed for HAVELLS: 58 fields
2025-09-01 10:44:58,197 - INFO - Enhanced technical analysis completed for HEROMOTOCO: 52 fields
2025-09-01 10:44:58,271 - INFO - Completed analysis for HEROMOTOCO: Score=48.1, Recommendation=WEAK SELL
2025-09-01 10:44:58,375 - INFO - Enhanced technical analysis completed for HAVELLS: 52 fields
2025-09-01 10:44:58,440 - INFO - Completed analysis for HAVELLS: Score=32.6, Recommendation=SELL
2025-09-01 10:45:04,008 - INFO - Comprehensive data extracted for HAL
2025-09-01 10:45:04,034 - INFO - Fundamental analysis completed for HAL: 58 fields
2025-09-01 10:45:04,092 - INFO - Comprehensive data extracted for HINDALCO
2025-09-01 10:45:04,098 - INFO - Fundamental analysis completed for HINDALCO: 58 fields
2025-09-01 10:45:04,361 - INFO - Comprehensive data extracted for HINDPETRO
2025-09-01 10:45:04,369 - INFO - Fundamental analysis completed for HINDPETRO: 58 fields
2025-09-01 10:45:04,427 - INFO - Enhanced technical analysis completed for HAL: 52 fields
2025-09-01 10:45:04,457 - INFO - Enhanced technical analysis completed for HINDALCO: 52 fields
2025-09-01 10:45:04,531 - INFO - Completed analysis for HINDALCO: Score=78.5, Recommendation=STRONG BUY
2025-09-01 10:45:04,574 - INFO - Completed analysis for HAL: Score=45.4, Recommendation=WEAK SELL
2025-09-01 10:45:04,652 - INFO - Enhanced technical analysis completed for HINDPETRO: 52 fields
2025-09-01 10:45:04,714 - INFO - Completed analysis for HINDPETRO: Score=45.8, Recommendation=WEAK SELL
2025-09-01 10:45:05,114 - INFO - Comprehensive data extracted for HINDZINC
2025-09-01 10:45:05,114 - INFO - Fundamental analysis completed for HINDZINC: 58 fields
2025-09-01 10:45:05,300 - INFO - Comprehensive data extracted for HINDUNILVR
2025-09-01 10:45:05,329 - INFO - Fundamental analysis completed for HINDUNILVR: 58 fields
2025-09-01 10:45:05,329 - INFO - Enhanced technical analysis completed for HINDZINC: 52 fields
2025-09-01 10:45:05,395 - INFO - Completed analysis for HINDZINC: Score=47.6, Recommendation=WEAK SELL
2025-09-01 10:45:05,668 - INFO - Enhanced technical analysis completed for HINDUNILVR: 52 fields
2025-09-01 10:45:05,738 - INFO - Completed analysis for HINDUNILVR: Score=47.6, Recommendation=WEAK SELL
2025-09-01 10:45:11,615 - INFO - Comprehensive data extracted for HYUNDAI
2025-09-01 10:45:11,615 - INFO - Fundamental analysis completed for HYUNDAI: 58 fields
2025-09-01 10:45:11,780 - INFO - Enhanced technical analysis completed for HYUNDAI: 52 fields
2025-09-01 10:45:11,818 - INFO - Comprehensive data extracted for HUDCO
2025-09-01 10:45:11,818 - INFO - Fundamental analysis completed for HUDCO: 58 fields
2025-09-01 10:45:11,851 - INFO - Completed analysis for HYUNDAI: Score=34.6, Recommendation=SELL
2025-09-01 10:45:12,066 - INFO - Comprehensive data extracted for ICICIBANK
2025-09-01 10:45:12,066 - INFO - Fundamental analysis completed for ICICIBANK: 58 fields
2025-09-01 10:45:12,180 - INFO - Enhanced technical analysis completed for HUDCO: 52 fields
2025-09-01 10:45:12,313 - INFO - Enhanced technical analysis completed for ICICIBANK: 52 fields
2025-09-01 10:45:12,313 - INFO - Completed analysis for HUDCO: Score=65.1, Recommendation=BUY
2025-09-01 10:45:12,379 - INFO - Completed analysis for ICICIBANK: Score=72.5, Recommendation=STRONG BUY
2025-09-01 10:45:12,446 - INFO - Comprehensive data extracted for ICICIGI
2025-09-01 10:45:12,446 - INFO - Fundamental analysis completed for ICICIGI: 58 fields
2025-09-01 10:45:12,626 - INFO - Enhanced technical analysis completed for ICICIGI: 52 fields
2025-09-01 10:45:12,690 - INFO - Completed analysis for ICICIGI: Score=61.5, Recommendation=BUY
2025-09-01 10:45:12,958 - INFO - Comprehensive data extracted for ICICIPRULI
2025-09-01 10:45:12,960 - INFO - Fundamental analysis completed for ICICIPRULI: 58 fields
2025-09-01 10:45:13,145 - INFO - Enhanced technical analysis completed for ICICIPRULI: 52 fields
2025-09-01 10:45:13,212 - INFO - Completed analysis for ICICIPRULI: Score=47.1, Recommendation=WEAK SELL
2025-09-01 10:45:18,862 - INFO - Comprehensive data extracted for ITC
2025-09-01 10:45:18,865 - INFO - Fundamental analysis completed for ITC: 58 fields
2025-09-01 10:45:18,946 - INFO - Comprehensive data extracted for IDFCFIRSTB
2025-09-01 10:45:18,946 - INFO - Fundamental analysis completed for IDFCFIRSTB: 58 fields
2025-09-01 10:45:19,114 - INFO - Enhanced technical analysis completed for ITC: 52 fields
2025-09-01 10:45:19,166 - INFO - Enhanced technical analysis completed for IDFCFIRSTB: 52 fields
2025-09-01 10:45:19,213 - INFO - Completed analysis for ITC: Score=57.1, Recommendation=HOLD
2025-09-01 10:45:19,246 - INFO - Comprehensive data extracted for IRB
2025-09-01 10:45:19,246 - INFO - Fundamental analysis completed for IRB: 58 fields
2025-09-01 10:45:19,286 - INFO - Completed analysis for IDFCFIRSTB: Score=45.0, Recommendation=WEAK SELL
2025-09-01 10:45:19,449 - INFO - Enhanced technical analysis completed for IRB: 52 fields
2025-09-01 10:45:19,524 - INFO - Completed analysis for IRB: Score=51.7, Recommendation=HOLD
2025-09-01 10:45:20,014 - INFO - Comprehensive data extracted for INDHOTEL
2025-09-01 10:45:20,016 - INFO - Fundamental analysis completed for INDHOTEL: 58 fields
2025-09-01 10:45:20,112 - INFO - Comprehensive data extracted for INDIANB
2025-09-01 10:45:20,112 - INFO - Fundamental analysis completed for INDIANB: 58 fields
2025-09-01 10:45:20,232 - INFO - Enhanced technical analysis completed for INDHOTEL: 52 fields
2025-09-01 10:45:20,295 - INFO - Completed analysis for INDHOTEL: Score=56.6, Recommendation=HOLD
2025-09-01 10:45:20,411 - INFO - Enhanced technical analysis completed for INDIANB: 52 fields
2025-09-01 10:45:20,476 - INFO - Completed analysis for INDIANB: Score=81.6, Recommendation=STRONG BUY
2025-09-01 10:45:25,995 - INFO - Comprehensive data extracted for IRCTC
2025-09-01 10:45:26,030 - INFO - Comprehensive data extracted for IRFC
2025-09-01 10:45:26,031 - INFO - Fundamental analysis completed for IRCTC: 58 fields
2025-09-01 10:45:26,036 - INFO - Fundamental analysis completed for IRFC: 58 fields
2025-09-01 10:45:26,164 - INFO - Comprehensive data extracted for IOC
2025-09-01 10:45:26,168 - INFO - Fundamental analysis completed for IOC: 58 fields
2025-09-01 10:45:26,330 - INFO - Enhanced technical analysis completed for IRFC: 52 fields
2025-09-01 10:45:26,340 - INFO - Enhanced technical analysis completed for IRCTC: 52 fields
2025-09-01 10:45:26,501 - INFO - Enhanced technical analysis completed for IOC: 52 fields
2025-09-01 10:45:26,508 - INFO - Completed analysis for IRCTC: Score=31.1, Recommendation=SELL
2025-09-01 10:45:26,510 - INFO - Completed analysis for IRFC: Score=70.8, Recommendation=STRONG BUY
2025-09-01 10:45:26,563 - INFO - Completed analysis for IOC: Score=42.3, Recommendation=WEAK SELL
2025-09-01 10:45:27,100 - INFO - Comprehensive data extracted for IREDA
2025-09-01 10:45:27,103 - INFO - Fundamental analysis completed for IREDA: 58 fields
2025-09-01 10:45:27,229 - INFO - Comprehensive data extracted for IGL
2025-09-01 10:45:27,256 - INFO - Fundamental analysis completed for IGL: 58 fields
2025-09-01 10:45:27,309 - INFO - Enhanced technical analysis completed for IREDA: 52 fields
2025-09-01 10:45:27,364 - INFO - Completed analysis for IREDA: Score=49.6, Recommendation=WEAK SELL
2025-09-01 10:45:27,700 - INFO - Enhanced technical analysis completed for IGL: 52 fields
2025-09-01 10:45:27,765 - INFO - Completed analysis for IGL: Score=58.9, Recommendation=HOLD
2025-09-01 10:45:33,385 - INFO - Comprehensive data extracted for INDUSTOWER
2025-09-01 10:45:33,387 - INFO - Fundamental analysis completed for INDUSTOWER: 58 fields
2025-09-01 10:45:33,511 - INFO - Comprehensive data extracted for NAUKRI
2025-09-01 10:45:33,511 - INFO - Fundamental analysis completed for NAUKRI: 58 fields
2025-09-01 10:45:33,597 - INFO - Enhanced technical analysis completed for INDUSTOWER: 52 fields
2025-09-01 10:45:33,645 - INFO - Comprehensive data extracted for INDUSINDBK
2025-09-01 10:45:33,675 - INFO - Fundamental analysis completed for INDUSINDBK: 58 fields
2025-09-01 10:45:33,680 - INFO - Completed analysis for INDUSTOWER: Score=68.8, Recommendation=BUY
2025-09-01 10:45:33,792 - INFO - Enhanced technical analysis completed for NAUKRI: 52 fields
2025-09-01 10:45:33,886 - INFO - Enhanced technical analysis completed for INDUSINDBK: 52 fields
2025-09-01 10:45:33,900 - INFO - Completed analysis for NAUKRI: Score=53.6, Recommendation=HOLD
2025-09-01 10:45:33,954 - INFO - Completed analysis for INDUSINDBK: Score=35.3, Recommendation=SELL
2025-09-01 10:45:34,214 - INFO - Comprehensive data extracted for INFY
2025-09-01 10:45:34,239 - INFO - Fundamental analysis completed for INFY: 58 fields
2025-09-01 10:45:34,365 - INFO - Comprehensive data extracted for INDIGO
2025-09-01 10:45:34,370 - INFO - Fundamental analysis completed for INDIGO: 58 fields
2025-09-01 10:45:34,730 - INFO - Enhanced technical analysis completed for INDIGO: 52 fields
2025-09-01 10:45:34,742 - INFO - Enhanced technical analysis completed for INFY: 52 fields
2025-09-01 10:45:34,813 - INFO - Completed analysis for INFY: Score=67.1, Recommendation=BUY
2025-09-01 10:45:34,847 - INFO - Completed analysis for INDIGO: Score=25.6, Recommendation=SELL
2025-09-01 10:45:40,442 - INFO - Comprehensive data extracted for JSWENERGY
2025-09-01 10:45:40,456 - INFO - Fundamental analysis completed for JSWENERGY: 58 fields
2025-09-01 10:45:40,604 - INFO - Comprehensive data extracted for JSWSTEEL
2025-09-01 10:45:40,632 - INFO - Fundamental analysis completed for JSWSTEEL: 58 fields
2025-09-01 10:45:40,663 - INFO - Comprehensive data extracted for JINDALSTEL
2025-09-01 10:45:40,682 - INFO - Fundamental analysis completed for JINDALSTEL: 58 fields
2025-09-01 10:45:40,731 - INFO - Enhanced technical analysis completed for JSWENERGY: 52 fields
2025-09-01 10:45:40,795 - INFO - Completed analysis for JSWENERGY: Score=50.1, Recommendation=HOLD
2025-09-01 10:45:40,921 - INFO - Enhanced technical analysis completed for JSWSTEEL: 52 fields
2025-09-01 10:45:40,947 - INFO - Enhanced technical analysis completed for JINDALSTEL: 52 fields
2025-09-01 10:45:41,032 - INFO - Completed analysis for JINDALSTEL: Score=30.6, Recommendation=SELL
2025-09-01 10:45:41,043 - INFO - Completed analysis for JSWSTEEL: Score=35.4, Recommendation=SELL
2025-09-01 10:45:41,583 - INFO - Comprehensive data extracted for JIOFIN
2025-09-01 10:45:41,585 - INFO - Fundamental analysis completed for JIOFIN: 58 fields
2025-09-01 10:45:41,698 - INFO - Comprehensive data extracted for JUBLFOOD
2025-09-01 10:45:41,698 - INFO - Fundamental analysis completed for JUBLFOOD: 58 fields
2025-09-01 10:45:41,928 - INFO - Enhanced technical analysis completed for JIOFIN: 52 fields
2025-09-01 10:45:41,935 - INFO - Enhanced technical analysis completed for JUBLFOOD: 52 fields
2025-09-01 10:45:41,997 - INFO - Completed analysis for JIOFIN: Score=42.8, Recommendation=WEAK SELL
2025-09-01 10:45:42,029 - INFO - Completed analysis for JUBLFOOD: Score=40.6, Recommendation=WEAK SELL
2025-09-01 10:45:47,509 - INFO - Comprehensive data extracted for KOTAKBANK
2025-09-01 10:45:47,523 - INFO - Fundamental analysis completed for KOTAKBANK: 58 fields
2025-09-01 10:45:47,525 - INFO - Comprehensive data extracted for KALYANKJIL
2025-09-01 10:45:47,537 - INFO - Fundamental analysis completed for KALYANKJIL: 58 fields
2025-09-01 10:45:47,726 - INFO - Comprehensive data extracted for KPITTECH
2025-09-01 10:45:47,742 - INFO - Fundamental analysis completed for KPITTECH: 58 fields
2025-09-01 10:45:47,833 - INFO - Enhanced technical analysis completed for KOTAKBANK: 52 fields
2025-09-01 10:45:47,869 - INFO - Enhanced technical analysis completed for KALYANKJIL: 52 fields
2025-09-01 10:45:47,991 - INFO - Completed analysis for KALYANKJIL: Score=38.9, Recommendation=SELL
2025-09-01 10:45:48,023 - INFO - Completed analysis for KOTAKBANK: Score=66.1, Recommendation=BUY
2025-09-01 10:45:48,032 - INFO - Enhanced technical analysis completed for KPITTECH: 52 fields
2025-09-01 10:45:48,093 - INFO - Completed analysis for KPITTECH: Score=35.3, Recommendation=SELL
2025-09-01 10:45:48,634 - INFO - Comprehensive data extracted for LICHSGFIN
2025-09-01 10:45:48,635 - INFO - Fundamental analysis completed for LICHSGFIN: 58 fields
2025-09-01 10:45:48,834 - INFO - Comprehensive data extracted for LTF
2025-09-01 10:45:48,858 - INFO - Fundamental analysis completed for LTF: 58 fields
2025-09-01 10:45:48,915 - INFO - Enhanced technical analysis completed for LICHSGFIN: 52 fields
2025-09-01 10:45:48,977 - INFO - Completed analysis for LICHSGFIN: Score=53.9, Recommendation=HOLD
2025-09-01 10:45:49,082 - INFO - Enhanced technical analysis completed for LTF: 52 fields
2025-09-01 10:45:49,150 - INFO - Completed analysis for LTF: Score=61.0, Recommendation=BUY
2025-09-01 10:45:54,845 - INFO - Comprehensive data extracted for LICI
2025-09-01 10:45:54,848 - INFO - Fundamental analysis completed for LICI: 58 fields
2025-09-01 10:45:55,185 - INFO - Comprehensive data extracted for LT
2025-09-01 10:45:55,208 - INFO - Fundamental analysis completed for LT: 58 fields
2025-09-01 10:45:55,281 - INFO - Enhanced technical analysis completed for LICI: 52 fields
2025-09-01 10:45:55,300 - INFO - Comprehensive data extracted for LTIM
2025-09-01 10:45:55,301 - INFO - Fundamental analysis completed for LTIM: 58 fields
2025-09-01 10:45:55,368 - INFO - Completed analysis for LICI: Score=54.8, Recommendation=HOLD
2025-09-01 10:45:55,533 - INFO - Enhanced technical analysis completed for LT: 52 fields
2025-09-01 10:45:55,645 - INFO - Completed analysis for LT: Score=41.3, Recommendation=WEAK SELL
2025-09-01 10:45:55,673 - INFO - Enhanced technical analysis completed for LTIM: 52 fields
2025-09-01 10:45:55,741 - INFO - Completed analysis for LTIM: Score=66.2, Recommendation=BUY
2025-09-01 10:45:55,882 - INFO - Comprehensive data extracted for LODHA
2025-09-01 10:45:55,882 - INFO - Fundamental analysis completed for LODHA: 58 fields
2025-09-01 10:45:56,131 - INFO - Enhanced technical analysis completed for LODHA: 52 fields
2025-09-01 10:45:56,210 - INFO - Completed analysis for LODHA: Score=55.3, Recommendation=HOLD
2025-09-01 10:45:56,237 - INFO - Comprehensive data extracted for LUPIN
2025-09-01 10:45:56,237 - INFO - Fundamental analysis completed for LUPIN: 58 fields
2025-09-01 10:45:56,713 - INFO - Enhanced technical analysis completed for LUPIN: 52 fields
2025-09-01 10:45:56,779 - INFO - Completed analysis for LUPIN: Score=52.6, Recommendation=HOLD
2025-09-01 10:46:02,527 - INFO - Comprehensive data extracted for M&MFIN
2025-09-01 10:46:02,564 - INFO - Comprehensive data extracted for MRF
2025-09-01 10:46:02,566 - INFO - Fundamental analysis completed for M&MFIN: 58 fields
2025-09-01 10:46:02,566 - INFO - Fundamental analysis completed for MRF: 58 fields
2025-09-01 10:46:02,784 - INFO - Comprehensive data extracted for M&M
2025-09-01 10:46:02,784 - INFO - Enhanced technical analysis completed for MRF: 52 fields
2025-09-01 10:46:02,792 - INFO - Fundamental analysis completed for M&M: 58 fields
2025-09-01 10:46:02,884 - INFO - Enhanced technical analysis completed for M&MFIN: 52 fields
2025-09-01 10:46:02,947 - INFO - Completed analysis for MRF: Score=26.5, Recommendation=SELL
2025-09-01 10:46:02,980 - INFO - Completed analysis for M&MFIN: Score=61.7, Recommendation=BUY
2025-09-01 10:46:03,193 - INFO - Enhanced technical analysis completed for M&M: 52 fields
2025-09-01 10:46:03,276 - INFO - Completed analysis for M&M: Score=51.9, Recommendation=HOLD
2025-09-01 10:46:03,570 - INFO - Comprehensive data extracted for MANKIND
2025-09-01 10:46:03,570 - INFO - Fundamental analysis completed for MANKIND: 58 fields
2025-09-01 10:46:03,747 - INFO - Enhanced technical analysis completed for MANKIND: 52 fields
2025-09-01 10:46:03,816 - INFO - Completed analysis for MANKIND: Score=35.2, Recommendation=SELL
2025-09-01 10:46:03,929 - INFO - Comprehensive data extracted for MARICO
2025-09-01 10:46:03,929 - INFO - Fundamental analysis completed for MARICO: 58 fields
2025-09-01 10:46:05,071 - INFO - Enhanced technical analysis completed for MARICO: 52 fields
2025-09-01 10:46:05,139 - INFO - Completed analysis for MARICO: Score=53.0, Recommendation=HOLD
2025-09-01 10:46:10,708 - INFO - Comprehensive data extracted for MAXHEALTH
2025-09-01 10:46:10,708 - INFO - Fundamental analysis completed for MAXHEALTH: 58 fields
2025-09-01 10:46:10,752 - INFO - Comprehensive data extracted for MFSL
2025-09-01 10:46:10,754 - INFO - Fundamental analysis completed for MFSL: 58 fields
2025-09-01 10:46:10,910 - INFO - Enhanced technical analysis completed for MAXHEALTH: 52 fields
2025-09-01 10:46:10,944 - INFO - Comprehensive data extracted for MARUTI
2025-09-01 10:46:10,946 - INFO - Fundamental analysis completed for MARUTI: 58 fields
2025-09-01 10:46:10,988 - INFO - Completed analysis for MAXHEALTH: Score=47.8, Recommendation=WEAK SELL
2025-09-01 10:46:11,089 - INFO - Enhanced technical analysis completed for MFSL: 52 fields
2025-09-01 10:46:11,159 - INFO - Completed analysis for MFSL: Score=33.0, Recommendation=SELL
2025-09-01 10:46:11,262 - INFO - Enhanced technical analysis completed for MARUTI: 52 fields
2025-09-01 10:46:11,323 - INFO - Completed analysis for MARUTI: Score=51.2, Recommendation=HOLD
2025-09-01 10:46:11,475 - INFO - Comprehensive data extracted for MAZDOCK
2025-09-01 10:46:11,475 - INFO - Fundamental analysis completed for MAZDOCK: 58 fields
2025-09-01 10:46:11,775 - INFO - Enhanced technical analysis completed for MAZDOCK: 52 fields
2025-09-01 10:46:11,840 - INFO - Completed analysis for MAZDOCK: Score=44.5, Recommendation=WEAK SELL
2025-09-01 10:46:11,888 - INFO - Comprehensive data extracted for MOTILALOFS
2025-09-01 10:46:11,890 - INFO - Fundamental analysis completed for MOTILALOFS: 58 fields
2025-09-01 10:46:12,056 - INFO - Enhanced technical analysis completed for MOTILALOFS: 52 fields
2025-09-01 10:46:12,114 - INFO - Completed analysis for MOTILALOFS: Score=56.6, Recommendation=HOLD
2025-09-01 10:46:17,564 - INFO - Comprehensive data extracted for NHPC
2025-09-01 10:46:17,564 - INFO - Fundamental analysis completed for NHPC: 58 fields
2025-09-01 10:46:17,592 - INFO - Comprehensive data extracted for MUTHOOTFIN
2025-09-01 10:46:17,595 - INFO - Fundamental analysis completed for MUTHOOTFIN: 58 fields
2025-09-01 10:46:17,665 - INFO - Comprehensive data extracted for MPHASIS
2025-09-01 10:46:17,665 - INFO - Fundamental analysis completed for MPHASIS: 58 fields
2025-09-01 10:46:17,762 - INFO - Enhanced technical analysis completed for NHPC: 52 fields
2025-09-01 10:46:17,899 - INFO - Enhanced technical analysis completed for MUTHOOTFIN: 52 fields
2025-09-01 10:46:17,927 - INFO - Enhanced technical analysis completed for MPHASIS: 52 fields
2025-09-01 10:46:17,939 - INFO - Completed analysis for NHPC: Score=45.5, Recommendation=WEAK SELL
2025-09-01 10:46:17,994 - INFO - Completed analysis for MUTHOOTFIN: Score=84.1, Recommendation=STRONG BUY
2025-09-01 10:46:18,038 - INFO - Completed analysis for MPHASIS: Score=58.4, Recommendation=HOLD
2025-09-01 10:46:18,490 - INFO - Comprehensive data extracted for NTPCGREEN
2025-09-01 10:46:18,490 - INFO - Fundamental analysis completed for NTPCGREEN: 58 fields
2025-09-01 10:46:18,667 - INFO - Enhanced technical analysis completed for NTPCGREEN: 52 fields
2025-09-01 10:46:18,711 - INFO - Completed analysis for NTPCGREEN: Score=47.4, Recommendation=WEAK SELL
2025-09-01 10:46:18,864 - INFO - Comprehensive data extracted for NMDC
2025-09-01 10:46:18,864 - INFO - Fundamental analysis completed for NMDC: 58 fields
2025-09-01 10:46:19,058 - INFO - Enhanced technical analysis completed for NMDC: 52 fields
2025-09-01 10:46:19,111 - INFO - Completed analysis for NMDC: Score=59.6, Recommendation=HOLD
2025-09-01 10:46:24,808 - INFO - Comprehensive data extracted for NATIONALUM
2025-09-01 10:46:24,808 - INFO - Fundamental analysis completed for NATIONALUM: 58 fields
2025-09-01 10:46:24,932 - INFO - Comprehensive data extracted for NTPC
2025-09-01 10:46:24,948 - INFO - Fundamental analysis completed for NTPC: 58 fields
2025-09-01 10:46:24,983 - INFO - Comprehensive data extracted for NESTLEIND
2025-09-01 10:46:24,983 - INFO - Fundamental analysis completed for NESTLEIND: 58 fields
2025-09-01 10:46:25,113 - INFO - Enhanced technical analysis completed for NATIONALUM: 52 fields
2025-09-01 10:46:25,294 - INFO - Enhanced technical analysis completed for NTPC: 52 fields
2025-09-01 10:46:25,308 - INFO - Enhanced technical analysis completed for NESTLEIND: 52 fields
2025-09-01 10:46:25,325 - INFO - Completed analysis for NATIONALUM: Score=66.5, Recommendation=BUY
2025-09-01 10:46:25,404 - INFO - Completed analysis for NESTLEIND: Score=40.9, Recommendation=WEAK SELL
2025-09-01 10:46:25,409 - INFO - Completed analysis for NTPC: Score=36.5, Recommendation=SELL
2025-09-01 10:46:25,868 - INFO - Comprehensive data extracted for OBEROIRLTY
2025-09-01 10:46:25,868 - INFO - Fundamental analysis completed for OBEROIRLTY: 58 fields
2025-09-01 10:46:26,142 - INFO - Enhanced technical analysis completed for OBEROIRLTY: 52 fields
2025-09-01 10:46:26,196 - INFO - Completed analysis for OBEROIRLTY: Score=31.6, Recommendation=SELL
2025-09-01 10:46:26,615 - INFO - Comprehensive data extracted for ONGC
2025-09-01 10:46:26,615 - INFO - Fundamental analysis completed for ONGC: 58 fields
2025-09-01 10:46:26,864 - INFO - Enhanced technical analysis completed for ONGC: 52 fields
2025-09-01 10:46:26,927 - INFO - Completed analysis for ONGC: Score=43.3, Recommendation=WEAK SELL
2025-09-01 10:46:32,662 - INFO - Comprehensive data extracted for PAYTM
2025-09-01 10:46:32,666 - INFO - Fundamental analysis completed for PAYTM: 58 fields
2025-09-01 10:46:32,699 - INFO - Comprehensive data extracted for OLAELEC
2025-09-01 10:46:32,705 - INFO - Fundamental analysis completed for OLAELEC: 58 fields
2025-09-01 10:46:32,898 - INFO - Comprehensive data extracted for OIL
2025-09-01 10:46:32,900 - INFO - Fundamental analysis completed for OIL: 58 fields
2025-09-01 10:46:32,949 - INFO - Enhanced technical analysis completed for OLAELEC: 52 fields
2025-09-01 10:46:32,957 - INFO - Enhanced technical analysis completed for PAYTM: 52 fields
2025-09-01 10:46:33,044 - INFO - Completed analysis for OLAELEC: Score=35.4, Recommendation=SELL
2025-09-01 10:46:33,059 - INFO - Completed analysis for PAYTM: Score=39.7, Recommendation=SELL
2025-09-01 10:46:33,169 - INFO - Enhanced technical analysis completed for OIL: 52 fields
2025-09-01 10:46:33,235 - INFO - Completed analysis for OIL: Score=47.6, Recommendation=WEAK SELL
2025-09-01 10:46:33,470 - INFO - Comprehensive data extracted for POLICYBZR
2025-09-01 10:46:33,495 - INFO - Comprehensive data extracted for OFSS
2025-09-01 10:46:33,497 - INFO - Fundamental analysis completed for POLICYBZR: 58 fields
2025-09-01 10:46:33,504 - INFO - Fundamental analysis completed for OFSS: 58 fields
2025-09-01 10:46:33,666 - INFO - Enhanced technical analysis completed for POLICYBZR: 52 fields
2025-09-01 10:46:33,756 - INFO - Enhanced technical analysis completed for OFSS: 52 fields
2025-09-01 10:46:33,782 - INFO - Completed analysis for POLICYBZR: Score=45.6, Recommendation=WEAK SELL
2025-09-01 10:46:33,849 - INFO - Completed analysis for OFSS: Score=68.8, Recommendation=BUY
2025-09-01 10:46:39,483 - INFO - Comprehensive data extracted for PIIND
2025-09-01 10:46:39,483 - INFO - Fundamental analysis completed for PIIND: 58 fields
2025-09-01 10:46:39,517 - INFO - Comprehensive data extracted for PAGEIND
2025-09-01 10:46:39,517 - INFO - Fundamental analysis completed for PAGEIND: 58 fields
2025-09-01 10:46:39,600 - INFO - Comprehensive data extracted for PATANJALI
2025-09-01 10:46:39,609 - INFO - Fundamental analysis completed for PATANJALI: 58 fields
2025-09-01 10:46:39,679 - INFO - Enhanced technical analysis completed for PIIND: 52 fields
2025-09-01 10:46:39,762 - INFO - Enhanced technical analysis completed for PAGEIND: 52 fields
2025-09-01 10:46:39,818 - INFO - Completed analysis for PIIND: Score=21.3, Recommendation=SELL
2025-09-01 10:46:39,859 - INFO - Completed analysis for PAGEIND: Score=42.1, Recommendation=WEAK SELL
2025-09-01 10:46:39,917 - INFO - Enhanced technical analysis completed for PATANJALI: 52 fields
2025-09-01 10:46:39,978 - INFO - Completed analysis for PATANJALI: Score=26.5, Recommendation=SELL
2025-09-01 10:46:40,294 - INFO - Comprehensive data extracted for PETRONET
2025-09-01 10:46:40,294 - INFO - Fundamental analysis completed for PETRONET: 58 fields
2025-09-01 10:46:40,368 - INFO - Comprehensive data extracted for PERSISTENT
2025-09-01 10:46:40,370 - INFO - Fundamental analysis completed for PERSISTENT: 58 fields
2025-09-01 10:46:40,502 - INFO - Enhanced technical analysis completed for PETRONET: 52 fields
2025-09-01 10:46:40,562 - INFO - Completed analysis for PETRONET: Score=38.6, Recommendation=SELL
2025-09-01 10:46:40,677 - INFO - Enhanced technical analysis completed for PERSISTENT: 52 fields
2025-09-01 10:46:40,729 - INFO - Completed analysis for PERSISTENT: Score=73.9, Recommendation=STRONG BUY
2025-09-01 10:46:46,522 - INFO - Comprehensive data extracted for POLYCAB
2025-09-01 10:46:46,529 - INFO - Fundamental analysis completed for POLYCAB: 58 fields
2025-09-01 10:46:46,622 - INFO - Comprehensive data extracted for PIDILITIND
2025-09-01 10:46:46,622 - INFO - Fundamental analysis completed for PIDILITIND: 58 fields
2025-09-01 10:46:46,766 - INFO - Comprehensive data extracted for PHOENIXLTD
2025-09-01 10:46:46,766 - INFO - Enhanced technical analysis completed for POLYCAB: 52 fields
2025-09-01 10:46:46,766 - INFO - Fundamental analysis completed for PHOENIXLTD: 58 fields
2025-09-01 10:46:46,894 - INFO - Enhanced technical analysis completed for PIDILITIND: 52 fields
2025-09-01 10:46:46,899 - INFO - Completed analysis for POLYCAB: Score=67.6, Recommendation=BUY
2025-09-01 10:46:46,996 - INFO - Enhanced technical analysis completed for PHOENIXLTD: 52 fields
2025-09-01 10:46:47,013 - INFO - Completed analysis for PIDILITIND: Score=53.8, Recommendation=HOLD
2025-09-01 10:46:47,079 - INFO - Completed analysis for PHOENIXLTD: Score=41.2, Recommendation=WEAK SELL
2025-09-01 10:46:47,549 - INFO - Comprehensive data extracted for PFC
2025-09-01 10:46:47,551 - INFO - Fundamental analysis completed for PFC: 58 fields
2025-09-01 10:46:47,765 - INFO - Enhanced technical analysis completed for PFC: 52 fields
2025-09-01 10:46:47,819 - INFO - Comprehensive data extracted for POWERGRID
2025-09-01 10:46:47,819 - INFO - Fundamental analysis completed for POWERGRID: 58 fields
2025-09-01 10:46:47,863 - INFO - Completed analysis for PFC: Score=64.0, Recommendation=BUY
2025-09-01 10:46:48,064 - INFO - Enhanced technical analysis completed for POWERGRID: 52 fields
2025-09-01 10:46:48,134 - INFO - Completed analysis for POWERGRID: Score=42.9, Recommendation=WEAK SELL
2025-09-01 10:46:53,727 - INFO - Comprehensive data extracted for PREMIERENE
2025-09-01 10:46:53,729 - INFO - Fundamental analysis completed for PREMIERENE: 58 fields
2025-09-01 11:04:32,053 - ERROR - Error getting comprehensive data for PNB: Failed to perform, curl: (28) Operation timed out after 1058157 milliseconds with 0 bytes received. See https://curl.se/libcurl/c/libcurl-errors.html first for more details.
2025-09-01 11:04:32,061 - ERROR - $PRESTIGE.NS: possibly delisted; no price data found  (period=1y)
2025-09-01 11:04:32,061 - INFO - Enhanced technical analysis completed for PREMIERENE: 52 fields
2025-09-01 11:04:32,210 - INFO - Fundamental analysis completed for PNB: 16 fields
2025-09-01 11:04:32,223 - INFO - Comprehensive data extracted for PRESTIGE
2025-09-01 11:04:32,282 - INFO - Fundamental analysis completed for PRESTIGE: 53 fields
2025-09-01 11:04:32,889 - INFO - Enhanced technical analysis completed for PNB: 52 fields
2025-09-01 11:04:32,981 - INFO - Enhanced technical analysis completed for PRESTIGE: 52 fields
2025-09-01 11:04:33,096 - INFO - Completed analysis for PREMIERENE: Score=47.5, Recommendation=WEAK SELL
2025-09-01 11:04:33,104 - INFO - Completed analysis for PNB: Score=55.4, Recommendation=HOLD
2025-09-01 11:04:33,221 - INFO - Completed analysis for PRESTIGE: Score=38.0, Recommendation=SELL
2025-09-01 11:04:33,904 - INFO - Comprehensive data extracted for RECLTD
2025-09-01 11:04:33,904 - INFO - Fundamental analysis completed for RECLTD: 58 fields
2025-09-01 11:04:34,158 - INFO - Comprehensive data extracted for RVNL
2025-09-01 11:04:34,162 - INFO - Fundamental analysis completed for RVNL: 58 fields
2025-09-01 11:04:34,180 - INFO - Enhanced technical analysis completed for RECLTD: 52 fields
2025-09-01 11:04:34,242 - INFO - Completed analysis for RECLTD: Score=67.0, Recommendation=BUY
2025-09-01 11:04:34,523 - INFO - Enhanced technical analysis completed for RVNL: 52 fields
2025-09-01 11:04:34,598 - INFO - Completed analysis for RVNL: Score=23.7, Recommendation=SELL
2025-09-01 11:04:40,281 - INFO - Comprehensive data extracted for SBICARD
2025-09-01 11:04:40,281 - INFO - Fundamental analysis completed for SBICARD: 58 fields
2025-09-01 11:04:40,382 - INFO - Comprehensive data extracted for SBILIFE
2025-09-01 11:04:40,382 - INFO - Fundamental analysis completed for SBILIFE: 58 fields
2025-09-01 11:04:40,495 - INFO - Enhanced technical analysis completed for SBICARD: 52 fields
2025-09-01 11:04:40,547 - INFO - Completed analysis for SBICARD: Score=31.7, Recommendation=SELL
2025-09-01 11:04:40,747 - INFO - Enhanced technical analysis completed for SBILIFE: 52 fields
2025-09-01 11:04:40,824 - INFO - Completed analysis for SBILIFE: Score=61.0, Recommendation=BUY
2025-09-01 11:04:41,010 - INFO - Comprehensive data extracted for SJVN
2025-09-01 11:04:41,012 - INFO - Fundamental analysis completed for SJVN: 58 fields
2025-09-01 11:04:41,306 - INFO - Enhanced technical analysis completed for SJVN: 52 fields
2025-09-01 11:04:41,375 - INFO - Comprehensive data extracted for SRF
2025-09-01 11:04:41,383 - INFO - Fundamental analysis completed for SRF: 58 fields
2025-09-01 11:04:41,392 - INFO - Completed analysis for SJVN: Score=36.9, Recommendation=SELL
2025-09-01 11:04:41,568 - INFO - Enhanced technical analysis completed for SRF: 52 fields
2025-09-01 11:04:41,621 - INFO - Completed analysis for SRF: Score=43.4, Recommendation=WEAK SELL
2025-09-01 11:04:44,157 - INFO - Comprehensive data extracted for RELIANCE
2025-09-01 11:04:44,157 - INFO - Fundamental analysis completed for RELIANCE: 58 fields
2025-09-01 11:04:44,406 - INFO - Enhanced technical analysis completed for RELIANCE: 52 fields
2025-09-01 11:04:44,447 - INFO - Completed analysis for RELIANCE: Score=46.5, Recommendation=WEAK SELL
2025-09-01 11:04:50,183 - INFO - Comprehensive data extracted for SHRIRAMFIN
2025-09-01 11:04:50,183 - INFO - Fundamental analysis completed for SHRIRAMFIN: 58 fields
2025-09-01 11:04:50,515 - INFO - Enhanced technical analysis completed for SHRIRAMFIN: 52 fields
2025-09-01 11:04:50,572 - INFO - Completed analysis for SHRIRAMFIN: Score=61.3, Recommendation=BUY
2025-09-01 11:04:50,675 - INFO - Comprehensive data extracted for SHREECEM
2025-09-01 11:04:50,675 - INFO - Fundamental analysis completed for SHREECEM: 58 fields
2025-09-01 11:04:50,766 - INFO - Comprehensive data extracted for MOTHERSON
2025-09-01 11:04:50,774 - INFO - Fundamental analysis completed for MOTHERSON: 58 fields
2025-09-01 11:04:50,987 - INFO - Enhanced technical analysis completed for SHREECEM: 52 fields
2025-09-01 11:04:51,097 - INFO - Comprehensive data extracted for SIEMENS
2025-09-01 11:04:51,107 - INFO - Fundamental analysis completed for SIEMENS: 58 fields
2025-09-01 11:04:51,192 - INFO - Enhanced technical analysis completed for MOTHERSON: 52 fields
2025-09-01 11:04:51,200 - INFO - Completed analysis for SHREECEM: Score=33.6, Recommendation=SELL
2025-09-01 11:04:51,327 - INFO - Completed analysis for MOTHERSON: Score=38.4, Recommendation=SELL
2025-09-01 11:04:51,381 - INFO - Enhanced technical analysis completed for SIEMENS: 52 fields
2025-09-01 11:04:51,445 - INFO - Completed analysis for SIEMENS: Score=25.1, Recommendation=SELL
2025-09-01 11:04:52,146 - INFO - Comprehensive data extracted for SOLARINDS
2025-09-01 11:04:52,152 - INFO - Fundamental analysis completed for SOLARINDS: 58 fields
2025-09-01 11:04:52,484 - INFO - Enhanced technical analysis completed for SOLARINDS: 52 fields
2025-09-01 11:04:52,560 - INFO - Completed analysis for SOLARINDS: Score=42.0, Recommendation=WEAK SELL
2025-09-01 11:04:58,269 - INFO - Comprehensive data extracted for SBIN
2025-09-01 11:04:58,271 - INFO - Fundamental analysis completed for SBIN: 58 fields
2025-09-01 11:04:58,367 - INFO - Comprehensive data extracted for SONACOMS
2025-09-01 11:04:58,375 - INFO - Fundamental analysis completed for SONACOMS: 58 fields
2025-09-01 11:04:58,511 - INFO - Comprehensive data extracted for SAIL
2025-09-01 11:04:58,511 - INFO - Fundamental analysis completed for SAIL: 58 fields
2025-09-01 11:04:58,513 - INFO - Enhanced technical analysis completed for SBIN: 52 fields
2025-09-01 11:04:58,659 - INFO - Enhanced technical analysis completed for SONACOMS: 52 fields
2025-09-01 11:04:58,659 - INFO - Completed analysis for SBIN: Score=82.2, Recommendation=STRONG BUY
2025-09-01 11:04:58,793 - INFO - Enhanced technical analysis completed for SAIL: 52 fields
2025-09-01 11:04:58,797 - INFO - Completed analysis for SONACOMS: Score=27.4, Recommendation=SELL
2025-09-01 11:04:58,853 - INFO - Completed analysis for SAIL: Score=50.4, Recommendation=HOLD
2025-09-01 11:04:59,257 - INFO - Comprehensive data extracted for SUNPHARMA
2025-09-01 11:04:59,257 - INFO - Fundamental analysis completed for SUNPHARMA: 58 fields
2025-09-01 11:04:59,360 - INFO - Comprehensive data extracted for SUPREMEIND
2025-09-01 11:04:59,360 - INFO - Fundamental analysis completed for SUPREMEIND: 58 fields
2025-09-01 11:04:59,459 - INFO - Enhanced technical analysis completed for SUNPHARMA: 52 fields
2025-09-01 11:04:59,542 - INFO - Enhanced technical analysis completed for SUPREMEIND: 52 fields
2025-09-01 11:04:59,583 - INFO - Completed analysis for SUNPHARMA: Score=25.9, Recommendation=SELL
2025-09-01 11:04:59,667 - INFO - Completed analysis for SUPREMEIND: Score=33.4, Recommendation=SELL
2025-09-01 11:05:05,329 - INFO - Comprehensive data extracted for SUZLON
2025-09-01 11:05:05,329 - INFO - Fundamental analysis completed for SUZLON: 58 fields
2025-09-01 11:05:05,436 - INFO - Comprehensive data extracted for SWIGGY
2025-09-01 11:05:05,447 - INFO - Fundamental analysis completed for SWIGGY: 58 fields
2025-09-01 11:05:05,514 - INFO - Enhanced technical analysis completed for SUZLON: 52 fields
2025-09-01 11:05:05,574 - INFO - Completed analysis for SUZLON: Score=49.8, Recommendation=WEAK SELL
2025-09-01 11:05:05,651 - INFO - Enhanced technical analysis completed for SWIGGY: 52 fields
2025-09-01 11:05:05,732 - INFO - Completed analysis for SWIGGY: Score=39.5, Recommendation=SELL
2025-09-01 11:05:06,304 - INFO - Comprehensive data extracted for TATACOMM
2025-09-01 11:05:06,315 - INFO - Comprehensive data extracted for TCS
2025-09-01 11:05:06,315 - INFO - Fundamental analysis completed for TATACOMM: 58 fields
2025-09-01 11:05:06,315 - INFO - Fundamental analysis completed for TCS: 58 fields
2025-09-01 11:05:06,514 - INFO - Enhanced technical analysis completed for TATACOMM: 52 fields
2025-09-01 11:05:06,650 - INFO - Enhanced technical analysis completed for TCS: 52 fields
2025-09-01 11:05:06,666 - INFO - Completed analysis for TATACOMM: Score=26.9, Recommendation=SELL
2025-09-01 11:05:06,732 - INFO - Completed analysis for TCS: Score=67.3, Recommendation=BUY
2025-09-01 11:05:12,734 - INFO - Comprehensive data extracted for TVSMOTOR
2025-09-01 11:05:12,734 - INFO - Fundamental analysis completed for TVSMOTOR: 58 fields
2025-09-01 11:05:12,942 - INFO - Enhanced technical analysis completed for TVSMOTOR: 52 fields
2025-09-01 11:05:12,995 - INFO - Completed analysis for TVSMOTOR: Score=46.5, Recommendation=WEAK SELL
2025-09-01 11:05:18,585 - INFO - Comprehensive data extracted for TATAELXSI
2025-09-01 11:05:18,585 - INFO - Fundamental analysis completed for TATAELXSI: 58 fields
2025-09-01 11:05:18,652 - INFO - Comprehensive data extracted for TATAMOTORS
2025-09-01 11:05:18,652 - INFO - Fundamental analysis completed for TATAMOTORS: 58 fields
2025-09-01 11:05:18,712 - INFO - Comprehensive data extracted for TATACONSUM
2025-09-01 11:05:18,712 - INFO - Fundamental analysis completed for TATACONSUM: 58 fields
2025-09-01 11:05:18,859 - INFO - Enhanced technical analysis completed for TATAELXSI: 52 fields
2025-09-01 11:05:19,004 - INFO - Enhanced technical analysis completed for TATAMOTORS: 52 fields
2025-09-01 11:05:19,065 - INFO - Completed analysis for TATAELXSI: Score=25.6, Recommendation=SELL
2025-09-01 11:05:19,126 - INFO - Enhanced technical analysis completed for TATACONSUM: 52 fields
2025-09-01 11:05:19,182 - INFO - Completed analysis for TATAMOTORS: Score=43.5, Recommendation=WEAK SELL
2025-09-01 11:05:19,238 - INFO - Completed analysis for TATACONSUM: Score=30.2, Recommendation=SELL
2025-09-01 11:05:19,632 - INFO - Comprehensive data extracted for TATAPOWER
2025-09-01 11:05:19,632 - INFO - Fundamental analysis completed for TATAPOWER: 58 fields
2025-09-01 11:05:19,695 - INFO - Comprehensive data extracted for TATASTEEL
2025-09-01 11:05:19,695 - INFO - Fundamental analysis completed for TATASTEEL: 58 fields
2025-09-01 11:05:19,833 - INFO - Enhanced technical analysis completed for TATAPOWER: 52 fields
2025-09-01 11:05:19,892 - INFO - Completed analysis for TATAPOWER: Score=37.0, Recommendation=SELL
2025-09-01 11:05:19,967 - INFO - Enhanced technical analysis completed for TATASTEEL: 52 fields
2025-09-01 11:05:20,043 - INFO - Completed analysis for TATASTEEL: Score=33.1, Recommendation=SELL
2025-09-01 11:05:25,762 - INFO - Comprehensive data extracted for TITAN
2025-09-01 11:05:25,762 - INFO - Fundamental analysis completed for TITAN: 58 fields
2025-09-01 11:05:25,914 - INFO - Comprehensive data extracted for TECHM
2025-09-01 11:05:25,914 - INFO - Fundamental analysis completed for TECHM: 58 fields
2025-09-01 11:05:26,009 - INFO - Comprehensive data extracted for TATATECH
2025-09-01 11:05:26,009 - INFO - Fundamental analysis completed for TATATECH: 58 fields
2025-09-01 11:05:26,130 - INFO - Enhanced technical analysis completed for TECHM: 52 fields
2025-09-01 11:05:26,329 - INFO - Enhanced technical analysis completed for TITAN: 52 fields
2025-09-01 11:05:26,383 - INFO - Enhanced technical analysis completed for TATATECH: 52 fields
2025-09-01 11:05:26,383 - INFO - Completed analysis for TECHM: Score=44.4, Recommendation=WEAK SELL
2025-09-01 11:05:26,459 - INFO - Completed analysis for TITAN: Score=48.2, Recommendation=WEAK SELL
2025-09-01 11:05:26,508 - INFO - Completed analysis for TATATECH: Score=24.4, Recommendation=SELL
2025-09-01 11:05:26,963 - INFO - Comprehensive data extracted for TORNTPHARM
2025-09-01 11:05:26,963 - INFO - Fundamental analysis completed for TORNTPHARM: 58 fields
2025-09-01 11:05:27,026 - INFO - Comprehensive data extracted for TORNTPOWER
2025-09-01 11:05:27,026 - INFO - Fundamental analysis completed for TORNTPOWER: 58 fields
2025-09-01 11:05:27,403 - INFO - Enhanced technical analysis completed for TORNTPHARM: 52 fields
2025-09-01 11:05:27,406 - INFO - Enhanced technical analysis completed for TORNTPOWER: 52 fields
2025-09-01 11:05:27,503 - INFO - Completed analysis for TORNTPHARM: Score=45.9, Recommendation=WEAK SELL
2025-09-01 11:05:27,518 - INFO - Completed analysis for TORNTPOWER: Score=30.2, Recommendation=SELL
2025-09-01 11:05:33,176 - INFO - Comprehensive data extracted for UPL
2025-09-01 11:05:33,176 - INFO - Fundamental analysis completed for UPL: 58 fields
2025-09-01 11:05:33,222 - INFO - Comprehensive data extracted for TRENT
2025-09-01 11:05:33,224 - INFO - Fundamental analysis completed for TRENT: 58 fields
2025-09-01 11:05:33,291 - INFO - Comprehensive data extracted for TIINDIA
2025-09-01 11:05:33,293 - INFO - Fundamental analysis completed for TIINDIA: 58 fields
2025-09-01 11:05:33,436 - INFO - Enhanced technical analysis completed for UPL: 52 fields
2025-09-01 11:05:33,470 - INFO - Enhanced technical analysis completed for TRENT: 52 fields
2025-09-01 11:05:33,583 - INFO - Completed analysis for TRENT: Score=36.6, Recommendation=SELL
2025-09-01 11:05:33,680 - INFO - Enhanced technical analysis completed for TIINDIA: 52 fields
2025-09-01 11:05:33,680 - INFO - Completed analysis for UPL: Score=38.4, Recommendation=SELL
2025-09-01 11:05:33,745 - INFO - Completed analysis for TIINDIA: Score=33.8, Recommendation=SELL
2025-09-01 11:05:34,358 - INFO - Comprehensive data extracted for UNIONBANK
2025-09-01 11:05:34,364 - INFO - Fundamental analysis completed for UNIONBANK: 58 fields
2025-09-01 11:05:34,398 - INFO - Comprehensive data extracted for ULTRACEMCO
2025-09-01 11:05:34,401 - INFO - Fundamental analysis completed for ULTRACEMCO: 58 fields
2025-09-01 11:05:34,626 - INFO - Enhanced technical analysis completed for UNIONBANK: 52 fields
2025-09-01 11:05:34,680 - INFO - Enhanced technical analysis completed for ULTRACEMCO: 52 fields
2025-09-01 11:05:34,749 - INFO - Completed analysis for UNIONBANK: Score=72.3, Recommendation=STRONG BUY
2025-09-01 11:05:34,765 - INFO - Completed analysis for ULTRACEMCO: Score=47.6, Recommendation=WEAK SELL
2025-09-01 11:05:40,399 - INFO - Comprehensive data extracted for VBL
2025-09-01 11:05:40,399 - INFO - Fundamental analysis completed for VBL: 58 fields
2025-09-01 11:05:40,581 - INFO - Enhanced technical analysis completed for VBL: 52 fields
2025-09-01 11:05:40,617 - INFO - Comprehensive data extracted for VEDL
2025-09-01 11:05:40,663 - INFO - Fundamental analysis completed for VEDL: 58 fields
2025-09-01 11:05:40,692 - INFO - Completed analysis for VBL: Score=46.7, Recommendation=WEAK SELL
2025-09-01 11:05:40,778 - INFO - Comprehensive data extracted for UNITDSPR
2025-09-01 11:05:40,778 - INFO - Fundamental analysis completed for UNITDSPR: 58 fields
2025-09-01 11:05:41,048 - INFO - Enhanced technical analysis completed for VEDL: 52 fields
2025-09-01 11:05:41,105 - INFO - Enhanced technical analysis completed for UNITDSPR: 52 fields
2025-09-01 11:05:41,179 - INFO - Completed analysis for UNITDSPR: Score=30.3, Recommendation=SELL
2025-09-01 11:05:41,227 - INFO - Completed analysis for VEDL: Score=48.3, Recommendation=WEAK SELL
2025-09-01 11:05:41,343 - INFO - Comprehensive data extracted for VMM
2025-09-01 11:05:41,384 - INFO - Fundamental analysis completed for VMM: 58 fields
2025-09-01 11:05:42,189 - INFO - Comprehensive data extracted for IDEA
2025-09-01 11:05:42,203 - INFO - Fundamental analysis completed for IDEA: 58 fields
2025-09-01 11:05:42,451 - INFO - Enhanced technical analysis completed for IDEA: 52 fields
2025-09-01 11:05:42,512 - INFO - Completed analysis for IDEA: Score=40.8, Recommendation=WEAK SELL
2025-09-01 11:05:42,647 - INFO - Enhanced technical analysis completed for VMM: 52 fields
2025-09-01 11:05:43,516 - INFO - Completed analysis for VMM: Score=46.7, Recommendation=WEAK SELL
2025-09-01 11:05:49,264 - INFO - Comprehensive data extracted for WIPRO
2025-09-01 11:05:49,266 - INFO - Fundamental analysis completed for WIPRO: 58 fields
2025-09-01 11:05:49,438 - INFO - Comprehensive data extracted for WAAREEENER
2025-09-01 11:05:49,454 - INFO - Fundamental analysis completed for WAAREEENER: 58 fields
2025-09-01 11:05:49,480 - INFO - Enhanced technical analysis completed for WIPRO: 52 fields
2025-09-01 11:05:49,548 - INFO - Completed analysis for WIPRO: Score=77.5, Recommendation=STRONG BUY
2025-09-01 11:05:49,665 - INFO - Enhanced technical analysis completed for WAAREEENER: 52 fields
2025-09-01 11:05:49,715 - INFO - Completed analysis for WAAREEENER: Score=55.5, Recommendation=HOLD
2025-09-01 11:05:50,125 - INFO - Comprehensive data extracted for YESBANK
2025-09-01 11:05:50,127 - INFO - Fundamental analysis completed for YESBANK: 58 fields
2025-09-01 11:05:50,432 - INFO - Comprehensive data extracted for ZYDUSLIFE
2025-09-01 11:05:50,450 - INFO - Fundamental analysis completed for ZYDUSLIFE: 58 fields
2025-09-01 11:05:50,501 - INFO - Enhanced technical analysis completed for YESBANK: 52 fields
2025-09-01 11:05:50,551 - INFO - Completed analysis for YESBANK: Score=78.4, Recommendation=STRONG BUY
2025-09-01 11:05:51,017 - INFO - Enhanced technical analysis completed for ZYDUSLIFE: 52 fields
2025-09-01 11:05:51,089 - INFO - Completed analysis for ZYDUSLIFE: Score=56.5, Recommendation=HOLD
2025-09-01 11:05:54,706 - INFO - Comprehensive data extracted for VOLTAS
2025-09-01 11:05:54,708 - INFO - Fundamental analysis completed for VOLTAS: 58 fields
2025-09-01 11:05:55,030 - INFO - Enhanced technical analysis completed for VOLTAS: 52 fields
2025-09-01 11:05:55,125 - INFO - Completed analysis for VOLTAS: Score=37.0, Recommendation=SELL
2025-09-01 11:05:55,131 - INFO - Batch analysis completed: 200 results, 0 failures
2025-09-01 11:06:02,856 - INFO - Comprehensive Excel report saved: reports\Stock_Report_2025-09-01.xlsx
2025-09-01 11:06:02,885 - INFO - Excel report generated: reports\Stock_Report_2025-09-01.xlsx, Size: 390534 bytes
