2025-09-01 11:43:12,240 - INFO - Top 200 NSE Stock Analysis Initialized
2025-09-01 11:43:12,240 - INFO - Using default stock list from stock_list_template.csv
2025-09-01 11:43:12,243 - INFO - Loading stocks from CSV: stock_list_template.csv
2025-09-01 11:43:12,251 - INFO - Loaded 200 stocks with company names
2025-09-01 11:43:12,251 - INFO - Sample stocks: ABB, ACC, APLAPOLLO, AUBANK, ADANIENSOL
2025-09-01 11:43:12,256 - INFO - Starting batch analysis of 5 stocks
2025-09-01 11:43:13,801 - INFO - Comprehensive data extracted for ABB
2025-09-01 11:43:13,805 - INFO - Fundamental analysis completed for ABB: 58 fields
2025-09-01 11:43:14,115 - INFO - Comprehensive data extracted for ACC
2025-09-01 11:43:14,115 - INFO - Enhanced technical analysis completed for ABB: 52 fields
2025-09-01 11:43:14,115 - INFO - Fundamental analysis completed for ACC: 58 fields
2025-09-01 11:43:14,166 - INFO - Completed analysis for ABB: Score=57.5, Recommendation=HOLD
2025-09-01 11:43:14,400 - INFO - Enhanced technical analysis completed for ACC: 52 fields
2025-09-01 11:43:14,450 - INFO - Completed analysis for ACC: Score=58.1, Recommendation=HOLD
2025-09-01 11:43:14,709 - INFO - Comprehensive data extracted for AUBANK
2025-09-01 11:43:14,709 - INFO - Fundamental analysis completed for AUBANK: 58 fields
2025-09-01 11:43:14,798 - INFO - Comprehensive data extracted for ADANIENSOL
2025-09-01 11:43:14,798 - INFO - Fundamental analysis completed for ADANIENSOL: 58 fields
2025-09-01 11:43:15,139 - INFO - Enhanced technical analysis completed for AUBANK: 52 fields
2025-09-01 11:43:15,200 - INFO - Enhanced technical analysis completed for ADANIENSOL: 52 fields
2025-09-01 11:43:15,232 - INFO - Completed analysis for AUBANK: Score=68.1, Recommendation=BUY
2025-09-01 11:43:15,254 - INFO - Completed analysis for ADANIENSOL: Score=37.8, Recommendation=SELL
2025-09-01 11:43:15,830 - INFO - Comprehensive data extracted for APLAPOLLO
2025-09-01 11:43:15,830 - INFO - Fundamental analysis completed for APLAPOLLO: 58 fields
2025-09-01 11:43:16,170 - INFO - Enhanced technical analysis completed for APLAPOLLO: 52 fields
2025-09-01 11:43:16,199 - INFO - Completed analysis for APLAPOLLO: Score=35.3, Recommendation=SELL
2025-09-01 11:43:16,199 - INFO - Batch analysis completed: 5 results, 0 failures
2025-09-01 11:43:16,648 - INFO - Comprehensive Excel report saved: reports\Stock_Report_2025-09-01.xlsx
2025-09-01 11:43:16,648 - INFO - Excel report generated: reports\Stock_Report_2025-09-01.xlsx, Size: 21944 bytes
