2025-09-19 12:30:36,234 - INFO - Dynamic NSE Stock Analysis Initialized
2025-09-19 12:30:36,234 - INFO - Risk profile set to: moderate
2025-09-19 12:30:36,240 - INFO - Using default stock list from stock_list_template.csv
2025-09-19 12:30:36,241 - INFO - Loading stocks from CSV: stock_list_template.csv
2025-09-19 12:30:36,291 - INFO - Loaded 200 stocks with company names
2025-09-19 12:30:36,291 - INFO - Sample stocks: ABB, ACC, APLAPOLLO, AUBANK, ADANIENSOL
2025-09-19 12:30:36,291 - INFO - Starting batch analysis of 30 stocks
2025-09-19 12:30:46,843 - INFO - Comprehensive data extracted for ABB
2025-09-19 12:30:46,852 - INFO - Fundamental analysis completed for ABB: 58 fields
2025-09-19 12:30:46,951 - INFO - Comprehensive data extracted for APLAPOLLO
2025-09-19 12:30:46,951 - INFO - Fundamental analysis completed for APLAPOLLO: 58 fields
2025-09-19 12:30:47,042 - INFO - Comprehensive data extracted for ACC
2025-09-19 12:30:47,042 - INFO - Fundamental analysis completed for ACC: 58 fields
2025-09-19 12:30:47,188 - INFO - Enhanced technical analysis completed for ABB: 52 fields
2025-09-19 12:30:47,287 - INFO - Enhanced technical analysis completed for APLAPOLLO: 52 fields
2025-09-19 12:30:47,386 - INFO - Completed analysis for ABB: Score=53.0, Recommendation=HOLD
2025-09-19 12:30:47,386 - INFO - Enhanced technical analysis completed for ACC: 52 fields
2025-09-19 12:30:47,441 - INFO - Completed analysis for APLAPOLLO: Score=31.9, Recommendation=SELL
2025-09-19 12:30:47,489 - INFO - Completed analysis for ACC: Score=60.8, Recommendation=BUY (VALUE)
2025-09-19 12:30:48,550 - INFO - Comprehensive data extracted for AUBANK
2025-09-19 12:30:48,550 - INFO - Fundamental analysis completed for AUBANK: 58 fields
2025-09-19 12:30:48,830 - INFO - Enhanced technical analysis completed for AUBANK: 52 fields
2025-09-19 12:30:48,925 - INFO - Comprehensive data extracted for ADANIENSOL
2025-09-19 12:30:48,927 - INFO - Completed analysis for AUBANK: Score=70.1, Recommendation=STRONG BUY
2025-09-19 12:30:48,927 - INFO - Fundamental analysis completed for ADANIENSOL: 58 fields
2025-09-19 12:30:49,850 - INFO - Enhanced technical analysis completed for ADANIENSOL: 52 fields
2025-09-19 12:30:49,917 - INFO - Completed analysis for ADANIENSOL: Score=33.5, Recommendation=SELL
2025-09-19 12:30:55,926 - INFO - Comprehensive data extracted for ADANIENT
2025-09-19 12:30:55,926 - INFO - Fundamental analysis completed for ADANIENT: 58 fields
2025-09-19 12:30:56,093 - INFO - Comprehensive data extracted for ADANIGREEN
2025-09-19 12:30:56,093 - INFO - Fundamental analysis completed for ADANIGREEN: 58 fields
2025-09-19 12:30:56,328 - INFO - Enhanced technical analysis completed for ADANIGREEN: 52 fields
2025-09-19 12:30:56,356 - INFO - Enhanced technical analysis completed for ADANIENT: 52 fields
2025-09-19 12:30:56,426 - INFO - Completed analysis for ADANIGREEN: Score=37.3, Recommendation=SELL
2025-09-19 12:30:56,465 - INFO - Completed analysis for ADANIENT: Score=27.6, Recommendation=SELL
2025-09-19 12:30:56,711 - INFO - Comprehensive data extracted for ADANIPORTS
2025-09-19 12:30:56,711 - INFO - Fundamental analysis completed for ADANIPORTS: 58 fields
2025-09-19 12:30:57,096 - INFO - Enhanced technical analysis completed for ADANIPORTS: 52 fields
2025-09-19 12:30:57,129 - INFO - Comprehensive data extracted for ADANIPOWER
2025-09-19 12:30:57,129 - INFO - Fundamental analysis completed for ADANIPOWER: 58 fields
2025-09-19 12:30:57,178 - INFO - Completed analysis for ADANIPORTS: Score=46.4, Recommendation=WEAK SELL
2025-09-19 12:30:57,363 - INFO - Enhanced technical analysis completed for ADANIPOWER: 52 fields
2025-09-19 12:30:57,417 - INFO - Completed analysis for ADANIPOWER: Score=33.3, Recommendation=SELL
2025-09-19 12:30:57,709 - INFO - Comprehensive data extracted for ATGL
2025-09-19 12:30:57,709 - INFO - Fundamental analysis completed for ATGL: 58 fields
2025-09-19 12:30:58,194 - INFO - Enhanced technical analysis completed for ATGL: 52 fields
2025-09-19 12:30:58,261 - INFO - Completed analysis for ATGL: Score=35.2, Recommendation=SELL
2025-09-19 12:31:04,550 - INFO - Comprehensive data extracted for ALKEM
2025-09-19 12:31:04,550 - INFO - Fundamental analysis completed for ALKEM: 58 fields
2025-09-19 12:31:04,571 - INFO - Comprehensive data extracted for ABFRL
2025-09-19 12:31:04,571 - INFO - Fundamental analysis completed for ABFRL: 58 fields
2025-09-19 12:31:04,780 - INFO - Comprehensive data extracted for ABCAPITAL
2025-09-19 12:31:04,805 - INFO - Fundamental analysis completed for ABCAPITAL: 58 fields
2025-09-19 12:31:04,807 - INFO - Enhanced technical analysis completed for ALKEM: 52 fields
2025-09-19 12:31:04,913 - INFO - Enhanced technical analysis completed for ABFRL: 52 fields
2025-09-19 12:31:04,948 - INFO - Completed analysis for ALKEM: Score=45.7, Recommendation=WEAK SELL
2025-09-19 12:31:05,006 - INFO - Completed analysis for ABFRL: Score=30.5, Recommendation=SELL
2025-09-19 12:31:05,221 - INFO - Enhanced technical analysis completed for ABCAPITAL: 52 fields
2025-09-19 12:31:05,282 - INFO - Completed analysis for ABCAPITAL: Score=41.8, Recommendation=WEAK SELL
2025-09-19 12:31:05,908 - INFO - Comprehensive data extracted for AMBUJACEM
2025-09-19 12:31:05,908 - INFO - Fundamental analysis completed for AMBUJACEM: 58 fields
2025-09-19 12:31:06,281 - INFO - Enhanced technical analysis completed for AMBUJACEM: 52 fields
2025-09-19 12:31:06,343 - INFO - Completed analysis for AMBUJACEM: Score=50.9, Recommendation=HOLD
2025-09-19 12:31:06,571 - INFO - Comprehensive data extracted for APOLLOHOSP
2025-09-19 12:31:06,571 - INFO - Fundamental analysis completed for APOLLOHOSP: 58 fields
2025-09-19 12:31:06,864 - INFO - Enhanced technical analysis completed for APOLLOHOSP: 52 fields
2025-09-19 12:31:06,919 - INFO - Completed analysis for APOLLOHOSP: Score=37.6, Recommendation=SELL
2025-09-19 12:31:12,998 - INFO - Comprehensive data extracted for ASIANPAINT
2025-09-19 12:31:13,000 - INFO - Fundamental analysis completed for ASIANPAINT: 58 fields
2025-09-19 12:31:13,274 - INFO - Comprehensive data extracted for APOLLOTYRE
2025-09-19 12:31:13,275 - INFO - Fundamental analysis completed for APOLLOTYRE: 58 fields
2025-09-19 12:31:13,539 - INFO - Enhanced technical analysis completed for APOLLOTYRE: 52 fields
2025-09-19 12:31:13,583 - INFO - Enhanced technical analysis completed for ASIANPAINT: 52 fields
2025-09-19 12:31:13,642 - INFO - Completed analysis for APOLLOTYRE: Score=27.7, Recommendation=SELL
2025-09-19 12:31:13,680 - INFO - Completed analysis for ASIANPAINT: Score=28.2, Recommendation=SELL
2025-09-19 12:31:14,682 - INFO - Comprehensive data extracted for AUROPHARMA
2025-09-19 12:31:14,689 - INFO - Fundamental analysis completed for AUROPHARMA: 58 fields
2025-09-19 12:31:14,928 - INFO - Enhanced technical analysis completed for AUROPHARMA: 52 fields
2025-09-19 12:31:14,999 - INFO - Completed analysis for AUROPHARMA: Score=46.6, Recommendation=WEAK SELL
2025-09-19 12:31:15,138 - INFO - Comprehensive data extracted for ASHOKLEY
2025-09-19 12:31:15,138 - INFO - Fundamental analysis completed for ASHOKLEY: 58 fields
2025-09-19 12:31:15,378 - INFO - Enhanced technical analysis completed for ASHOKLEY: 52 fields
2025-09-19 12:31:15,413 - INFO - Comprehensive data extracted for ASTRAL
2025-09-19 12:31:15,417 - INFO - Fundamental analysis completed for ASTRAL: 58 fields
2025-09-19 12:31:15,500 - INFO - Completed analysis for ASHOKLEY: Score=42.4, Recommendation=WEAK SELL
2025-09-19 12:31:15,762 - INFO - Enhanced technical analysis completed for ASTRAL: 52 fields
2025-09-19 12:31:15,826 - INFO - Completed analysis for ASTRAL: Score=28.0, Recommendation=SELL
2025-09-19 12:31:21,846 - INFO - Comprehensive data extracted for BSE
2025-09-19 12:31:21,846 - INFO - Fundamental analysis completed for BSE: 58 fields
2025-09-19 12:31:22,036 - INFO - Enhanced technical analysis completed for BSE: 52 fields
2025-09-19 12:31:22,132 - INFO - Completed analysis for BSE: Score=58.1, Recommendation=HOLD
2025-09-19 12:31:22,197 - INFO - Comprehensive data extracted for AXISBANK
2025-09-19 12:31:22,204 - INFO - Fundamental analysis completed for AXISBANK: 58 fields
2025-09-19 12:31:22,267 - INFO - Comprehensive data extracted for DMART
2025-09-19 12:31:22,267 - INFO - Fundamental analysis completed for DMART: 58 fields
2025-09-19 12:31:22,598 - INFO - Enhanced technical analysis completed for DMART: 52 fields
2025-09-19 12:31:22,678 - INFO - Enhanced technical analysis completed for AXISBANK: 52 fields
2025-09-19 12:31:22,712 - INFO - Completed analysis for DMART: Score=26.6, Recommendation=SELL
2025-09-19 12:31:22,761 - INFO - Completed analysis for AXISBANK: Score=72.7, Recommendation=STRONG BUY (UNDERVALUED)
2025-09-19 12:31:23,413 - INFO - Comprehensive data extracted for BAJAJ-AUTO
2025-09-19 12:31:23,413 - INFO - Fundamental analysis completed for BAJAJ-AUTO: 58 fields
2025-09-19 12:31:24,368 - INFO - Enhanced technical analysis completed for BAJAJ-AUTO: 52 fields
2025-09-19 12:31:24,428 - INFO - Completed analysis for BAJAJ-AUTO: Score=39.7, Recommendation=SELL
2025-09-19 12:31:24,929 - INFO - Comprehensive data extracted for BAJFINANCE
2025-09-19 12:31:24,929 - INFO - Fundamental analysis completed for BAJFINANCE: 58 fields
2025-09-19 12:31:25,178 - INFO - Enhanced technical analysis completed for BAJFINANCE: 52 fields
2025-09-19 12:31:25,249 - INFO - Completed analysis for BAJFINANCE: Score=50.0, Recommendation=HOLD
2025-09-19 12:31:31,536 - INFO - Comprehensive data extracted for BAJAJHFL
2025-09-19 12:31:31,536 - INFO - Fundamental analysis completed for BAJAJHFL: 58 fields
2025-09-19 12:31:31,692 - INFO - Enhanced technical analysis completed for BAJAJHFL: 52 fields
2025-09-19 12:31:31,737 - INFO - Completed analysis for BAJAJHFL: Score=36.9, Recommendation=SELL
2025-09-19 12:31:32,124 - INFO - Comprehensive data extracted for BAJAJFINSV
2025-09-19 12:31:32,150 - INFO - Comprehensive data extracted for BAJAJHLDNG
2025-09-19 12:31:32,150 - INFO - Fundamental analysis completed for BAJAJFINSV: 58 fields
2025-09-19 12:31:32,150 - INFO - Fundamental analysis completed for BAJAJHLDNG: 58 fields
2025-09-19 12:31:32,460 - INFO - Comprehensive data extracted for BANDHANBNK
2025-09-19 12:31:32,460 - INFO - Fundamental analysis completed for BANDHANBNK: 58 fields
2025-09-19 12:31:32,830 - INFO - Enhanced technical analysis completed for BAJAJFINSV: 52 fields
2025-09-19 12:31:32,948 - INFO - Enhanced technical analysis completed for BANDHANBNK: 52 fields
2025-09-19 12:31:33,012 - INFO - Enhanced technical analysis completed for BAJAJHLDNG: 52 fields
2025-09-19 12:31:33,019 - INFO - Completed analysis for BAJAJFINSV: Score=42.8, Recommendation=WEAK SELL
2025-09-19 12:31:33,092 - INFO - Completed analysis for BANDHANBNK: Score=64.8, Recommendation=BUY (VALUE)
2025-09-19 12:31:33,092 - INFO - Completed analysis for BAJAJHLDNG: Score=73.3, Recommendation=STRONG BUY (UNDERVALUED)
2025-09-19 12:31:35,077 - INFO - Comprehensive data extracted for BANKBARODA
2025-09-19 12:31:35,077 - INFO - Fundamental analysis completed for BANKBARODA: 58 fields
2025-09-19 12:31:35,938 - INFO - Enhanced technical analysis completed for BANKBARODA: 52 fields
2025-09-19 12:31:36,005 - INFO - Completed analysis for BANKBARODA: Score=79.1, Recommendation=STRONG BUY (UNDERVALUED)
2025-09-19 12:31:36,011 - INFO - Batch analysis completed: 30 results, 0 failures
2025-09-19 12:31:36,079 - INFO - Calculated sector rankings for 8 sectors
2025-09-19 12:31:50,025 - INFO - Completed risk-return analysis
2025-09-19 12:31:50,130 - INFO - Generated complete portfolio allocation: 35 total stocks (Current: 34, New: 1)
2025-09-19 12:31:56,661 - INFO - Enhanced Excel report generated: reports/Enhanced_Stock_Report_20250919_123150.xlsx, Size: 63403 bytes
2025-09-19 12:31:56,683 - ERROR - Enhanced Excel generation failed: 'total_stocks_recommended'
