2025-09-03 10:49:35,888 - INFO - Top 200 NSE Stock Analysis Initialized
2025-09-03 10:49:35,890 - INFO - Using default stock list from stock_list_template.csv
2025-09-03 10:49:35,890 - INFO - Loading stocks from CSV: stock_list_template.csv
2025-09-03 10:49:35,932 - INFO - Loaded 200 stocks with company names
2025-09-03 10:49:35,932 - INFO - Sample stocks: ABB, ACC, APLAPOLLO, AUBANK, ADANIENSOL
2025-09-03 10:49:35,945 - INFO - Starting batch analysis of 200 stocks
2025-09-03 10:49:44,223 - INFO - Comprehensive data extracted for APLAPOLLO
2025-09-03 10:49:44,244 - INFO - Comprehensive data extracted for ACC
2025-09-03 10:49:44,247 - INFO - Comprehensive data extracted for ABB
2025-09-03 10:49:44,247 - INFO - Fundamental analysis completed for APLAPOLLO: 58 fields
2025-09-03 10:49:44,247 - INFO - Fundamental analysis completed for ACC: 58 fields
2025-09-03 10:49:44,247 - INFO - Fundamental analysis completed for ABB: 58 fields
2025-09-03 10:49:44,457 - INFO - Enhanced technical analysis completed for APLAPOLLO: 52 fields
2025-09-03 10:49:44,580 - INFO - Completed analysis for APLAPOLLO: Score=36.0, Recommendation=SELL
2025-09-03 10:49:44,669 - INFO - Enhanced technical analysis completed for ACC: 52 fields
2025-09-03 10:49:44,688 - INFO - Enhanced technical analysis completed for ABB: 52 fields
2025-09-03 10:49:44,748 - INFO - Completed analysis for ACC: Score=64.2, Recommendation=BUY
2025-09-03 10:49:44,783 - INFO - Completed analysis for ABB: Score=61.6, Recommendation=BUY
2025-09-03 10:49:45,008 - INFO - Comprehensive data extracted for AUBANK
2025-09-03 10:49:45,008 - INFO - Fundamental analysis completed for AUBANK: 58 fields
2025-09-03 10:49:45,212 - INFO - Enhanced technical analysis completed for AUBANK: 52 fields
2025-09-03 10:49:45,279 - INFO - Completed analysis for AUBANK: Score=69.1, Recommendation=BUY
2025-09-03 10:49:45,297 - INFO - Comprehensive data extracted for ADANIENSOL
2025-09-03 10:49:45,297 - INFO - Fundamental analysis completed for ADANIENSOL: 58 fields
2025-09-03 10:49:45,457 - INFO - Enhanced technical analysis completed for ADANIENSOL: 52 fields
2025-09-03 10:49:45,530 - INFO - Completed analysis for ADANIENSOL: Score=34.4, Recommendation=SELL
2025-09-03 10:49:51,125 - INFO - Comprehensive data extracted for ADANIGREEN
2025-09-03 10:49:51,131 - INFO - Fundamental analysis completed for ADANIGREEN: 58 fields
2025-09-03 10:49:51,244 - INFO - Comprehensive data extracted for ADANIPORTS
2025-09-03 10:49:51,266 - INFO - Fundamental analysis completed for ADANIPORTS: 58 fields
2025-09-03 10:49:51,342 - INFO - Enhanced technical analysis completed for ADANIGREEN: 52 fields
2025-09-03 10:49:51,374 - INFO - Comprehensive data extracted for ADANIENT
2025-09-03 10:49:51,376 - INFO - Fundamental analysis completed for ADANIENT: 58 fields
2025-09-03 10:49:51,432 - INFO - Completed analysis for ADANIGREEN: Score=51.2, Recommendation=HOLD
2025-09-03 10:49:51,518 - INFO - Enhanced technical analysis completed for ADANIPORTS: 52 fields
2025-09-03 10:49:51,661 - INFO - Enhanced technical analysis completed for ADANIENT: 52 fields
2025-09-03 10:49:51,661 - INFO - Completed analysis for ADANIPORTS: Score=54.0, Recommendation=HOLD
2025-09-03 10:49:51,727 - INFO - Completed analysis for ADANIENT: Score=26.0, Recommendation=SELL
2025-09-03 10:49:51,883 - INFO - Comprehensive data extracted for ADANIPOWER
2025-09-03 10:49:51,883 - INFO - Fundamental analysis completed for ADANIPOWER: 58 fields
2025-09-03 10:49:52,124 - INFO - Comprehensive data extracted for ATGL
2025-09-03 10:49:52,124 - INFO - Fundamental analysis completed for ATGL: 58 fields
2025-09-03 10:49:52,215 - INFO - Enhanced technical analysis completed for ADANIPOWER: 52 fields
2025-09-03 10:49:52,278 - INFO - Completed analysis for ADANIPOWER: Score=49.0, Recommendation=WEAK SELL
2025-09-03 10:49:52,419 - INFO - Enhanced technical analysis completed for ATGL: 52 fields
2025-09-03 10:49:52,484 - INFO - Completed analysis for ATGL: Score=34.0, Recommendation=SELL
2025-09-03 10:49:57,964 - INFO - Comprehensive data extracted for ABFRL
2025-09-03 10:49:57,964 - INFO - Fundamental analysis completed for ABFRL: 58 fields
2025-09-03 10:49:58,097 - INFO - Enhanced technical analysis completed for ABFRL: 52 fields
2025-09-03 10:49:58,152 - INFO - Completed analysis for ABFRL: Score=34.2, Recommendation=SELL
2025-09-03 10:49:58,371 - INFO - Comprehensive data extracted for ALKEM
2025-09-03 10:49:58,390 - INFO - Comprehensive data extracted for ABCAPITAL
2025-09-03 10:49:58,390 - INFO - Fundamental analysis completed for ALKEM: 58 fields
2025-09-03 10:49:58,390 - INFO - Fundamental analysis completed for ABCAPITAL: 58 fields
2025-09-03 10:49:58,669 - INFO - Comprehensive data extracted for AMBUJACEM
2025-09-03 10:49:58,673 - INFO - Fundamental analysis completed for AMBUJACEM: 58 fields
2025-09-03 10:49:58,689 - INFO - Enhanced technical analysis completed for ABCAPITAL: 52 fields
2025-09-03 10:49:58,720 - INFO - Enhanced technical analysis completed for ALKEM: 52 fields
2025-09-03 10:49:58,750 - INFO - Completed analysis for ABCAPITAL: Score=49.9, Recommendation=WEAK SELL
2025-09-03 10:49:58,793 - INFO - Completed analysis for ALKEM: Score=52.4, Recommendation=HOLD
2025-09-03 10:49:59,232 - INFO - Enhanced technical analysis completed for AMBUJACEM: 52 fields
2025-09-03 10:49:59,286 - INFO - Completed analysis for AMBUJACEM: Score=53.5, Recommendation=HOLD
2025-09-03 10:49:59,721 - INFO - Comprehensive data extracted for APOLLOHOSP
2025-09-03 10:49:59,724 - INFO - Fundamental analysis completed for APOLLOHOSP: 58 fields
2025-09-03 10:49:59,864 - INFO - Enhanced technical analysis completed for APOLLOHOSP: 52 fields
2025-09-03 10:49:59,913 - INFO - Completed analysis for APOLLOHOSP: Score=42.8, Recommendation=WEAK SELL
2025-09-03 10:50:05,626 - INFO - Comprehensive data extracted for ASHOKLEY
2025-09-03 10:50:05,641 - INFO - Fundamental analysis completed for ASHOKLEY: 58 fields
2025-09-03 10:50:05,650 - INFO - Comprehensive data extracted for APOLLOTYRE
2025-09-03 10:50:05,676 - INFO - Fundamental analysis completed for APOLLOTYRE: 58 fields
2025-09-03 10:50:05,708 - INFO - Comprehensive data extracted for ASIANPAINT
2025-09-03 10:50:05,710 - INFO - Fundamental analysis completed for ASIANPAINT: 58 fields
2025-09-03 10:50:05,963 - INFO - Enhanced technical analysis completed for ASIANPAINT: 52 fields
2025-09-03 10:50:06,010 - INFO - Completed analysis for ASIANPAINT: Score=37.2, Recommendation=SELL
2025-09-03 10:50:06,110 - INFO - Enhanced technical analysis completed for ASHOKLEY: 52 fields
2025-09-03 10:50:06,163 - INFO - Enhanced technical analysis completed for APOLLOTYRE: 52 fields
2025-09-03 10:50:06,245 - INFO - Completed analysis for APOLLOTYRE: Score=34.9, Recommendation=SELL
2025-09-03 10:50:06,251 - INFO - Completed analysis for ASHOKLEY: Score=46.2, Recommendation=WEAK SELL
2025-09-03 10:50:06,775 - INFO - Comprehensive data extracted for ASTRAL
2025-09-03 10:50:06,778 - INFO - Fundamental analysis completed for ASTRAL: 58 fields
2025-09-03 10:50:07,025 - INFO - Enhanced technical analysis completed for ASTRAL: 52 fields
2025-09-03 10:50:07,073 - INFO - Completed analysis for ASTRAL: Score=24.4, Recommendation=SELL
2025-09-03 10:50:07,098 - INFO - Comprehensive data extracted for AUROPHARMA
2025-09-03 10:50:07,098 - INFO - Fundamental analysis completed for AUROPHARMA: 58 fields
2025-09-03 10:50:07,505 - INFO - Enhanced technical analysis completed for AUROPHARMA: 52 fields
2025-09-03 10:50:07,560 - INFO - Completed analysis for AUROPHARMA: Score=39.6, Recommendation=SELL
2025-09-03 10:50:13,081 - INFO - Comprehensive data extracted for DMART
2025-09-03 10:50:13,081 - INFO - Fundamental analysis completed for DMART: 58 fields
2025-09-03 10:50:13,224 - INFO - Enhanced technical analysis completed for DMART: 52 fields
2025-09-03 10:50:13,262 - INFO - Completed analysis for DMART: Score=32.9, Recommendation=SELL
2025-09-03 10:50:13,326 - INFO - Comprehensive data extracted for BSE
2025-09-03 10:50:13,326 - INFO - Fundamental analysis completed for BSE: 58 fields
2025-09-03 10:50:13,540 - INFO - Enhanced technical analysis completed for BSE: 52 fields
2025-09-03 10:50:13,590 - INFO - Completed analysis for BSE: Score=65.6, Recommendation=BUY
2025-09-03 10:50:13,949 - INFO - Comprehensive data extracted for BAJAJ-AUTO
2025-09-03 10:50:13,950 - INFO - Fundamental analysis completed for BAJAJ-AUTO: 58 fields
2025-09-03 10:50:14,103 - INFO - Comprehensive data extracted for BAJFINANCE
2025-09-03 10:50:14,113 - INFO - Fundamental analysis completed for BAJFINANCE: 58 fields
2025-09-03 10:50:14,541 - INFO - Enhanced technical analysis completed for BAJAJ-AUTO: 52 fields
2025-09-03 10:50:14,541 - INFO - Enhanced technical analysis completed for BAJFINANCE: 52 fields
2025-09-03 10:50:14,596 - INFO - Completed analysis for BAJFINANCE: Score=59.3, Recommendation=HOLD
2025-09-03 10:50:14,628 - INFO - Completed analysis for BAJAJ-AUTO: Score=45.1, Recommendation=WEAK SELL
2025-09-03 10:50:16,680 - INFO - Comprehensive data extracted for AXISBANK
2025-09-03 10:50:16,680 - INFO - Fundamental analysis completed for AXISBANK: 58 fields
2025-09-03 10:50:17,345 - INFO - Enhanced technical analysis completed for AXISBANK: 52 fields
2025-09-03 10:50:17,385 - INFO - Completed analysis for AXISBANK: Score=67.3, Recommendation=BUY
2025-09-03 10:50:23,064 - INFO - Comprehensive data extracted for BAJAJFINSV
2025-09-03 10:50:23,064 - INFO - Fundamental analysis completed for BAJAJFINSV: 58 fields
2025-09-03 10:50:23,129 - INFO - Comprehensive data extracted for BAJAJHFL
2025-09-03 10:50:23,129 - INFO - Fundamental analysis completed for BAJAJHFL: 58 fields
2025-09-03 10:50:23,174 - INFO - Comprehensive data extracted for BAJAJHLDNG
2025-09-03 10:50:23,178 - INFO - Fundamental analysis completed for BAJAJHLDNG: 58 fields
2025-09-03 10:50:23,346 - INFO - Enhanced technical analysis completed for BAJAJFINSV: 52 fields
2025-09-03 10:50:23,441 - INFO - Enhanced technical analysis completed for BAJAJHLDNG: 52 fields
2025-09-03 10:50:23,495 - INFO - Enhanced technical analysis completed for BAJAJHFL: 52 fields
2025-09-03 10:50:23,506 - INFO - Completed analysis for BAJAJFINSV: Score=57.8, Recommendation=HOLD
2025-09-03 10:50:23,567 - INFO - Completed analysis for BAJAJHFL: Score=47.2, Recommendation=WEAK SELL
2025-09-03 10:50:23,579 - INFO - Completed analysis for BAJAJHLDNG: Score=52.8, Recommendation=HOLD
2025-09-03 10:50:24,110 - INFO - Comprehensive data extracted for BANDHANBNK
2025-09-03 10:50:24,110 - INFO - Fundamental analysis completed for BANDHANBNK: 58 fields
2025-09-03 10:50:24,253 - INFO - Enhanced technical analysis completed for BANDHANBNK: 52 fields
2025-09-03 10:50:24,300 - INFO - Completed analysis for BANDHANBNK: Score=56.6, Recommendation=HOLD
2025-09-03 10:50:24,326 - INFO - Comprehensive data extracted for BANKBARODA
2025-09-03 10:50:24,326 - INFO - Fundamental analysis completed for BANKBARODA: 58 fields
2025-09-03 10:50:24,608 - INFO - Enhanced technical analysis completed for BANKBARODA: 52 fields
2025-09-03 10:50:24,673 - INFO - Completed analysis for BANKBARODA: Score=66.3, Recommendation=BUY
2025-09-03 10:50:30,207 - INFO - Comprehensive data extracted for BDL
2025-09-03 10:50:30,235 - INFO - Comprehensive data extracted for BANKINDIA
2025-09-03 10:50:30,236 - INFO - Fundamental analysis completed for BDL: 58 fields
2025-09-03 10:50:30,252 - INFO - Fundamental analysis completed for BANKINDIA: 58 fields
2025-09-03 10:50:30,337 - INFO - Comprehensive data extracted for MAHABANK
2025-09-03 10:50:30,356 - INFO - Fundamental analysis completed for MAHABANK: 58 fields
2025-09-03 10:50:30,406 - INFO - Enhanced technical analysis completed for BDL: 52 fields
2025-09-03 10:50:30,504 - INFO - Enhanced technical analysis completed for BANKINDIA: 52 fields
2025-09-03 10:50:30,512 - INFO - Completed analysis for BDL: Score=65.7, Recommendation=BUY
2025-09-03 10:50:30,582 - INFO - Enhanced technical analysis completed for MAHABANK: 52 fields
2025-09-03 10:50:30,616 - INFO - Completed analysis for BANKINDIA: Score=70.6, Recommendation=STRONG BUY
2025-09-03 10:50:30,655 - INFO - Completed analysis for MAHABANK: Score=83.4, Recommendation=STRONG BUY
2025-09-03 10:50:31,219 - INFO - Comprehensive data extracted for BHARATFORG
2025-09-03 10:50:31,219 - INFO - Fundamental analysis completed for BHARATFORG: 58 fields
2025-09-03 10:50:31,298 - INFO - Comprehensive data extracted for BEL
2025-09-03 10:50:31,302 - INFO - Fundamental analysis completed for BEL: 58 fields
2025-09-03 10:50:31,506 - INFO - Enhanced technical analysis completed for BHARATFORG: 52 fields
2025-09-03 10:50:31,533 - INFO - Enhanced technical analysis completed for BEL: 52 fields
2025-09-03 10:50:31,579 - INFO - Completed analysis for BEL: Score=58.6, Recommendation=HOLD
2025-09-03 10:50:31,626 - INFO - Completed analysis for BHARATFORG: Score=32.4, Recommendation=SELL
2025-09-03 10:50:37,265 - INFO - Comprehensive data extracted for BHEL
2025-09-03 10:50:37,265 - INFO - Fundamental analysis completed for BHEL: 58 fields
2025-09-03 10:50:37,282 - INFO - Comprehensive data extracted for BPCL
2025-09-03 10:50:37,298 - INFO - Fundamental analysis completed for BPCL: 58 fields
2025-09-03 10:50:37,363 - INFO - Comprehensive data extracted for BHARTIARTL
2025-09-03 10:50:37,363 - INFO - Fundamental analysis completed for BHARTIARTL: 58 fields
2025-09-03 10:50:37,471 - INFO - Enhanced technical analysis completed for BHEL: 52 fields
2025-09-03 10:50:37,582 - INFO - Enhanced technical analysis completed for BHARTIARTL: 52 fields
2025-09-03 10:50:37,591 - INFO - Completed analysis for BHEL: Score=31.7, Recommendation=SELL
2025-09-03 10:50:37,687 - INFO - Enhanced technical analysis completed for BPCL: 52 fields
2025-09-03 10:50:37,699 - INFO - Completed analysis for BHARTIARTL: Score=58.0, Recommendation=HOLD
2025-09-03 10:50:37,746 - INFO - Completed analysis for BPCL: Score=51.4, Recommendation=HOLD
2025-09-03 10:50:38,278 - INFO - Comprehensive data extracted for BHARTIHEXA
2025-09-03 10:50:38,314 - INFO - Fundamental analysis completed for BHARTIHEXA: 58 fields
2025-09-03 10:50:38,538 - INFO - Enhanced technical analysis completed for BHARTIHEXA: 52 fields
2025-09-03 10:50:38,599 - INFO - Completed analysis for BHARTIHEXA: Score=52.9, Recommendation=HOLD
2025-09-03 10:50:39,205 - INFO - Comprehensive data extracted for BIOCON
2025-09-03 10:50:39,214 - INFO - Fundamental analysis completed for BIOCON: 58 fields
2025-09-03 10:50:39,562 - INFO - Enhanced technical analysis completed for BIOCON: 52 fields
2025-09-03 10:50:39,604 - INFO - Completed analysis for BIOCON: Score=39.0, Recommendation=SELL
2025-09-03 10:50:45,298 - INFO - Comprehensive data extracted for BRITANNIA
2025-09-03 10:50:45,302 - INFO - Fundamental analysis completed for BRITANNIA: 58 fields
2025-09-03 10:50:45,326 - INFO - Comprehensive data extracted for CGPOWER
2025-09-03 10:50:45,333 - INFO - Fundamental analysis completed for CGPOWER: 58 fields
2025-09-03 10:50:45,392 - INFO - Comprehensive data extracted for BOSCHLTD
2025-09-03 10:50:45,392 - INFO - Fundamental analysis completed for BOSCHLTD: 58 fields
2025-09-03 10:50:45,611 - INFO - Enhanced technical analysis completed for BRITANNIA: 52 fields
2025-09-03 10:50:45,614 - INFO - Enhanced technical analysis completed for CGPOWER: 52 fields
2025-09-03 10:50:45,636 - INFO - Enhanced technical analysis completed for BOSCHLTD: 52 fields
2025-09-03 10:50:45,724 - INFO - Completed analysis for CGPOWER: Score=50.0, Recommendation=HOLD
2025-09-03 10:50:45,741 - INFO - Completed analysis for BOSCHLTD: Score=57.0, Recommendation=HOLD
2025-09-03 10:50:45,747 - INFO - Completed analysis for BRITANNIA: Score=42.2, Recommendation=WEAK SELL
2025-09-03 10:50:46,389 - INFO - Comprehensive data extracted for CHOLAFIN
2025-09-03 10:50:46,404 - INFO - Comprehensive data extracted for CANBK
2025-09-03 10:50:46,406 - INFO - Fundamental analysis completed for CHOLAFIN: 58 fields
2025-09-03 10:50:46,406 - INFO - Fundamental analysis completed for CANBK: 58 fields
2025-09-03 10:50:46,555 - INFO - Enhanced technical analysis completed for CANBK: 52 fields
2025-09-03 10:50:46,595 - INFO - Completed analysis for CANBK: Score=77.6, Recommendation=STRONG BUY
2025-09-03 10:50:46,654 - INFO - Enhanced technical analysis completed for CHOLAFIN: 52 fields
2025-09-03 10:50:46,698 - INFO - Completed analysis for CHOLAFIN: Score=42.7, Recommendation=WEAK SELL
2025-09-03 10:50:52,234 - INFO - Comprehensive data extracted for COCHINSHIP
2025-09-03 10:50:52,234 - INFO - Fundamental analysis completed for COCHINSHIP: 58 fields
2025-09-03 10:50:52,316 - INFO - Comprehensive data extracted for COALINDIA
2025-09-03 10:50:52,316 - INFO - Fundamental analysis completed for COALINDIA: 58 fields
2025-09-03 10:50:52,402 - INFO - Comprehensive data extracted for CIPLA
2025-09-03 10:50:52,420 - INFO - Fundamental analysis completed for CIPLA: 58 fields
2025-09-03 10:50:52,420 - INFO - Enhanced technical analysis completed for COCHINSHIP: 52 fields
2025-09-03 10:50:52,482 - INFO - Completed analysis for COCHINSHIP: Score=51.6, Recommendation=HOLD
2025-09-03 10:50:52,563 - INFO - Enhanced technical analysis completed for COALINDIA: 52 fields
2025-09-03 10:50:52,602 - INFO - Completed analysis for COALINDIA: Score=55.0, Recommendation=HOLD
2025-09-03 10:50:52,857 - INFO - Enhanced technical analysis completed for CIPLA: 52 fields
2025-09-03 10:50:52,920 - INFO - Completed analysis for CIPLA: Score=52.6, Recommendation=HOLD
2025-09-03 10:50:53,147 - INFO - Comprehensive data extracted for COFORGE
2025-09-03 10:50:53,147 - INFO - Fundamental analysis completed for COFORGE: 58 fields
2025-09-03 10:50:53,242 - INFO - Comprehensive data extracted for COLPAL
2025-09-03 10:50:53,242 - INFO - Fundamental analysis completed for COLPAL: 58 fields
2025-09-03 10:50:53,400 - INFO - Enhanced technical analysis completed for COFORGE: 52 fields
2025-09-03 10:50:53,513 - INFO - Enhanced technical analysis completed for COLPAL: 52 fields
2025-09-03 10:50:53,520 - INFO - Completed analysis for COFORGE: Score=42.3, Recommendation=WEAK SELL
2025-09-03 10:50:53,568 - INFO - Completed analysis for COLPAL: Score=31.9, Recommendation=SELL
2025-09-03 10:50:59,131 - INFO - Comprehensive data extracted for CONCOR
2025-09-03 10:50:59,131 - INFO - Fundamental analysis completed for CONCOR: 58 fields
2025-09-03 10:50:59,186 - INFO - Comprehensive data extracted for DLF
2025-09-03 10:50:59,188 - INFO - Fundamental analysis completed for DLF: 58 fields
2025-09-03 10:50:59,273 - INFO - Comprehensive data extracted for CUMMINSIND
2025-09-03 10:50:59,300 - INFO - Fundamental analysis completed for CUMMINSIND: 58 fields
2025-09-03 10:50:59,395 - INFO - Enhanced technical analysis completed for DLF: 52 fields
2025-09-03 10:50:59,406 - INFO - Enhanced technical analysis completed for CONCOR: 52 fields
2025-09-03 10:50:59,501 - INFO - Completed analysis for DLF: Score=51.4, Recommendation=HOLD
2025-09-03 10:50:59,542 - INFO - Completed analysis for CONCOR: Score=38.8, Recommendation=SELL
2025-09-03 10:50:59,580 - INFO - Enhanced technical analysis completed for CUMMINSIND: 52 fields
2025-09-03 10:50:59,640 - INFO - Completed analysis for CUMMINSIND: Score=62.0, Recommendation=BUY
2025-09-03 10:51:00,031 - INFO - Comprehensive data extracted for DABUR
2025-09-03 10:51:00,044 - INFO - Fundamental analysis completed for DABUR: 58 fields
2025-09-03 10:51:00,434 - INFO - Comprehensive data extracted for DIVISLAB
2025-09-03 10:51:00,444 - INFO - Fundamental analysis completed for DIVISLAB: 58 fields
2025-09-03 10:51:00,479 - INFO - Enhanced technical analysis completed for DABUR: 52 fields
2025-09-03 10:51:00,527 - INFO - Completed analysis for DABUR: Score=44.9, Recommendation=WEAK SELL
2025-09-03 10:51:00,741 - INFO - Enhanced technical analysis completed for DIVISLAB: 52 fields
2025-09-03 10:51:00,785 - INFO - Completed analysis for DIVISLAB: Score=60.1, Recommendation=BUY
2025-09-03 10:51:06,450 - INFO - Comprehensive data extracted for DRREDDY
2025-09-03 10:51:06,469 - INFO - Comprehensive data extracted for DIXON
2025-09-03 10:51:06,469 - INFO - Fundamental analysis completed for DRREDDY: 58 fields
2025-09-03 10:51:06,469 - INFO - Fundamental analysis completed for DIXON: 58 fields
2025-09-03 10:51:06,644 - INFO - Comprehensive data extracted for EICHERMOT
2025-09-03 10:51:06,702 - INFO - Fundamental analysis completed for EICHERMOT: 58 fields
2025-09-03 10:51:06,707 - INFO - Enhanced technical analysis completed for DIXON: 52 fields
2025-09-03 10:51:06,736 - INFO - Enhanced technical analysis completed for DRREDDY: 52 fields
2025-09-03 10:51:06,787 - INFO - Completed analysis for DIXON: Score=50.5, Recommendation=HOLD
2025-09-03 10:51:06,828 - INFO - Completed analysis for DRREDDY: Score=78.7, Recommendation=STRONG BUY
2025-09-03 10:51:07,013 - INFO - Enhanced technical analysis completed for EICHERMOT: 52 fields
2025-09-03 10:51:07,069 - INFO - Completed analysis for EICHERMOT: Score=43.8, Recommendation=WEAK SELL
2025-09-03 10:51:07,208 - INFO - Comprehensive data extracted for ETERNAL
2025-09-03 10:51:07,216 - INFO - Fundamental analysis completed for ETERNAL: 58 fields
2025-09-03 10:51:07,472 - INFO - Enhanced technical analysis completed for ETERNAL: 52 fields
2025-09-03 10:51:07,525 - INFO - Completed analysis for ETERNAL: Score=38.6, Recommendation=SELL
2025-09-03 10:51:07,573 - INFO - Comprehensive data extracted for ESCORTS
2025-09-03 10:51:07,575 - INFO - Fundamental analysis completed for ESCORTS: 58 fields
2025-09-03 10:51:07,923 - INFO - Enhanced technical analysis completed for ESCORTS: 52 fields
2025-09-03 10:51:07,970 - INFO - Completed analysis for ESCORTS: Score=54.3, Recommendation=HOLD
2025-09-03 10:51:13,576 - INFO - Comprehensive data extracted for EXIDEIND
2025-09-03 10:51:13,576 - INFO - Fundamental analysis completed for EXIDEIND: 58 fields
2025-09-03 10:51:13,753 - INFO - Comprehensive data extracted for FEDERALBNK
2025-09-03 10:51:13,755 - INFO - Enhanced technical analysis completed for EXIDEIND: 52 fields
2025-09-03 10:51:13,757 - INFO - Fundamental analysis completed for FEDERALBNK: 58 fields
2025-09-03 10:51:13,808 - INFO - Completed analysis for EXIDEIND: Score=45.9, Recommendation=WEAK SELL
2025-09-03 10:51:13,849 - INFO - Comprehensive data extracted for NYKAA
2025-09-03 10:51:13,849 - INFO - Fundamental analysis completed for NYKAA: 58 fields
2025-09-03 10:51:14,018 - INFO - Enhanced technical analysis completed for NYKAA: 52 fields
2025-09-03 10:51:14,051 - INFO - Enhanced technical analysis completed for FEDERALBNK: 52 fields
2025-09-03 10:51:14,110 - INFO - Completed analysis for NYKAA: Score=45.8, Recommendation=WEAK SELL
2025-09-03 10:51:14,131 - INFO - Completed analysis for FEDERALBNK: Score=65.2, Recommendation=BUY
2025-09-03 10:51:14,734 - INFO - Comprehensive data extracted for GAIL
2025-09-03 10:51:14,742 - INFO - Fundamental analysis completed for GAIL: 58 fields
2025-09-03 10:51:14,905 - INFO - Enhanced technical analysis completed for GAIL: 52 fields
2025-09-03 10:51:14,967 - INFO - Completed analysis for GAIL: Score=50.3, Recommendation=HOLD
2025-09-03 10:51:15,033 - INFO - Comprehensive data extracted for GMRAIRPORT
2025-09-03 10:51:15,035 - INFO - Fundamental analysis completed for GMRAIRPORT: 58 fields
2025-09-03 10:51:15,168 - INFO - Enhanced technical analysis completed for GMRAIRPORT: 52 fields
2025-09-03 10:51:15,233 - INFO - Completed analysis for GMRAIRPORT: Score=48.5, Recommendation=WEAK SELL
2025-09-03 10:51:20,865 - INFO - Comprehensive data extracted for GODREJPROP
2025-09-03 10:51:20,901 - INFO - Comprehensive data extracted for GLENMARK
2025-09-03 10:51:20,901 - INFO - Fundamental analysis completed for GODREJPROP: 58 fields
2025-09-03 10:51:20,905 - INFO - Fundamental analysis completed for GLENMARK: 58 fields
2025-09-03 10:51:20,959 - INFO - Comprehensive data extracted for GODREJCP
2025-09-03 10:51:20,961 - INFO - Fundamental analysis completed for GODREJCP: 58 fields
2025-09-03 10:51:21,085 - INFO - Enhanced technical analysis completed for GLENMARK: 52 fields
2025-09-03 10:51:21,190 - INFO - Enhanced technical analysis completed for GODREJPROP: 52 fields
2025-09-03 10:51:21,223 - INFO - Completed analysis for GLENMARK: Score=27.3, Recommendation=SELL
2025-09-03 10:51:21,267 - INFO - Enhanced technical analysis completed for GODREJCP: 52 fields
2025-09-03 10:51:21,303 - INFO - Completed analysis for GODREJPROP: Score=32.2, Recommendation=SELL
2025-09-03 10:51:21,342 - INFO - Completed analysis for GODREJCP: Score=40.2, Recommendation=WEAK SELL
2025-09-03 10:51:21,761 - INFO - Comprehensive data extracted for HCLTECH
2025-09-03 10:51:21,761 - INFO - Fundamental analysis completed for HCLTECH: 58 fields
2025-09-03 10:51:22,032 - INFO - Enhanced technical analysis completed for HCLTECH: 52 fields
2025-09-03 10:51:22,071 - INFO - Completed analysis for HCLTECH: Score=56.3, Recommendation=HOLD
2025-09-03 10:51:22,321 - INFO - Comprehensive data extracted for GRASIM
2025-09-03 10:51:22,321 - INFO - Fundamental analysis completed for GRASIM: 58 fields
2025-09-03 10:51:22,663 - INFO - Enhanced technical analysis completed for GRASIM: 52 fields
2025-09-03 10:51:22,705 - INFO - Completed analysis for GRASIM: Score=47.5, Recommendation=WEAK SELL
2025-09-03 10:51:28,209 - INFO - Comprehensive data extracted for HDFCAMC
2025-09-03 10:51:28,213 - INFO - Fundamental analysis completed for HDFCAMC: 58 fields
2025-09-03 10:51:28,324 - INFO - Comprehensive data extracted for HDFCBANK
2025-09-03 10:51:28,326 - INFO - Fundamental analysis completed for HDFCBANK: 58 fields
2025-09-03 10:51:28,636 - INFO - Enhanced technical analysis completed for HDFCBANK: 52 fields
2025-09-03 10:51:28,673 - INFO - Comprehensive data extracted for HDFCLIFE
2025-09-03 10:51:28,682 - INFO - Fundamental analysis completed for HDFCLIFE: 58 fields
2025-09-03 10:51:28,707 - INFO - Enhanced technical analysis completed for HDFCAMC: 52 fields
2025-09-03 10:51:28,736 - INFO - Completed analysis for HDFCBANK: Score=65.8, Recommendation=BUY
2025-09-03 10:51:28,774 - INFO - Completed analysis for HDFCAMC: Score=50.8, Recommendation=HOLD
2025-09-03 10:51:28,949 - INFO - Enhanced technical analysis completed for HDFCLIFE: 52 fields
2025-09-03 10:51:29,252 - INFO - Comprehensive data extracted for HEROMOTOCO
2025-09-03 10:51:29,254 - INFO - Fundamental analysis completed for HEROMOTOCO: 58 fields
2025-09-03 10:51:29,289 - INFO - Comprehensive data extracted for HAVELLS
2025-09-03 10:51:29,297 - INFO - Fundamental analysis completed for HAVELLS: 58 fields
2025-09-03 10:51:29,651 - INFO - Enhanced technical analysis completed for HAVELLS: 52 fields
2025-09-03 10:51:29,753 - INFO - Enhanced technical analysis completed for HEROMOTOCO: 52 fields
2025-09-03 10:51:29,757 - INFO - Completed analysis for HAVELLS: Score=33.3, Recommendation=SELL
2025-09-03 10:51:29,823 - INFO - Completed analysis for HEROMOTOCO: Score=46.3, Recommendation=WEAK SELL
2025-09-03 10:51:30,220 - INFO - Completed analysis for HDFCLIFE: Score=52.5, Recommendation=HOLD
2025-09-03 10:51:35,790 - INFO - Comprehensive data extracted for HINDALCO
2025-09-03 10:51:35,792 - INFO - Fundamental analysis completed for HINDALCO: 58 fields
2025-09-03 10:51:35,871 - INFO - Comprehensive data extracted for HAL
2025-09-03 10:51:35,871 - INFO - Fundamental analysis completed for HAL: 58 fields
2025-09-03 10:51:35,992 - INFO - Enhanced technical analysis completed for HAL: 52 fields
2025-09-03 10:51:36,096 - INFO - Enhanced technical analysis completed for HINDALCO: 52 fields
2025-09-03 10:51:36,096 - INFO - Completed analysis for HAL: Score=51.3, Recommendation=HOLD
2025-09-03 10:51:36,129 - INFO - Comprehensive data extracted for HINDPETRO
2025-09-03 10:51:36,129 - INFO - Fundamental analysis completed for HINDPETRO: 58 fields
2025-09-03 10:51:36,162 - INFO - Completed analysis for HINDALCO: Score=74.9, Recommendation=STRONG BUY
2025-09-03 10:51:36,511 - INFO - Enhanced technical analysis completed for HINDPETRO: 52 fields
2025-09-03 10:51:36,573 - INFO - Completed analysis for HINDPETRO: Score=50.7, Recommendation=HOLD
2025-09-03 10:51:36,849 - INFO - Comprehensive data extracted for HINDUNILVR
2025-09-03 10:51:36,849 - INFO - Fundamental analysis completed for HINDUNILVR: 58 fields
2025-09-03 10:51:37,228 - INFO - Comprehensive data extracted for HINDZINC
2025-09-03 10:51:37,228 - INFO - Enhanced technical analysis completed for HINDUNILVR: 52 fields
2025-09-03 10:51:37,228 - INFO - Fundamental analysis completed for HINDZINC: 58 fields
2025-09-03 10:51:37,282 - INFO - Completed analysis for HINDUNILVR: Score=44.4, Recommendation=WEAK SELL
2025-09-03 10:51:37,378 - INFO - Enhanced technical analysis completed for HINDZINC: 52 fields
2025-09-03 10:51:37,419 - INFO - Completed analysis for HINDZINC: Score=55.5, Recommendation=HOLD
2025-09-03 10:51:43,159 - INFO - Comprehensive data extracted for HYUNDAI
2025-09-03 10:51:43,163 - INFO - Fundamental analysis completed for HYUNDAI: 58 fields
2025-09-03 10:51:43,233 - INFO - Comprehensive data extracted for ICICIBANK
2025-09-03 10:51:43,235 - INFO - Fundamental analysis completed for ICICIBANK: 58 fields
2025-09-03 10:51:43,369 - INFO - Comprehensive data extracted for HUDCO
2025-09-03 10:51:43,392 - INFO - Fundamental analysis completed for HUDCO: 58 fields
2025-09-03 10:51:43,442 - INFO - Enhanced technical analysis completed for HYUNDAI: 52 fields
2025-09-03 10:51:43,514 - INFO - Enhanced technical analysis completed for ICICIBANK: 52 fields
2025-09-03 10:51:43,573 - INFO - Completed analysis for HYUNDAI: Score=38.6, Recommendation=SELL
2025-09-03 10:51:43,684 - INFO - Completed analysis for ICICIBANK: Score=74.3, Recommendation=STRONG BUY
2025-09-03 10:51:43,697 - INFO - Enhanced technical analysis completed for HUDCO: 52 fields
2025-09-03 10:51:43,778 - INFO - Completed analysis for HUDCO: Score=65.4, Recommendation=BUY
2025-09-03 10:51:44,547 - INFO - Comprehensive data extracted for ICICIGI
2025-09-03 10:51:44,557 - INFO - Comprehensive data extracted for ICICIPRULI
2025-09-03 10:51:44,557 - INFO - Fundamental analysis completed for ICICIGI: 58 fields
2025-09-03 10:51:44,557 - INFO - Fundamental analysis completed for ICICIPRULI: 58 fields
2025-09-03 10:51:44,934 - INFO - Enhanced technical analysis completed for ICICIPRULI: 52 fields
2025-09-03 10:51:44,952 - INFO - Enhanced technical analysis completed for ICICIGI: 52 fields
2025-09-03 10:51:45,032 - INFO - Completed analysis for ICICIPRULI: Score=45.0, Recommendation=WEAK SELL
2025-09-03 10:51:45,042 - INFO - Completed analysis for ICICIGI: Score=65.2, Recommendation=BUY
2025-09-03 10:51:50,509 - INFO - Comprehensive data extracted for IDFCFIRSTB
2025-09-03 10:51:50,527 - INFO - Fundamental analysis completed for IDFCFIRSTB: 58 fields
2025-09-03 10:51:50,887 - INFO - Comprehensive data extracted for IRB
2025-09-03 10:51:50,887 - INFO - Fundamental analysis completed for IRB: 58 fields
2025-09-03 10:51:50,914 - INFO - Comprehensive data extracted for ITC
2025-09-03 10:51:50,918 - INFO - Fundamental analysis completed for ITC: 58 fields
2025-09-03 10:51:51,011 - INFO - Enhanced technical analysis completed for IDFCFIRSTB: 52 fields
2025-09-03 10:51:51,115 - INFO - Enhanced technical analysis completed for IRB: 52 fields
2025-09-03 10:51:51,169 - INFO - Enhanced technical analysis completed for ITC: 52 fields
2025-09-03 10:51:51,175 - INFO - Completed analysis for IDFCFIRSTB: Score=48.9, Recommendation=WEAK SELL
2025-09-03 10:51:51,247 - INFO - Completed analysis for IRB: Score=53.9, Recommendation=HOLD
2025-09-03 10:51:51,247 - INFO - Completed analysis for ITC: Score=57.3, Recommendation=HOLD
2025-09-03 10:51:51,611 - INFO - Comprehensive data extracted for INDIANB
2025-09-03 10:51:51,611 - INFO - Fundamental analysis completed for INDIANB: 58 fields
2025-09-03 10:51:51,756 - INFO - Enhanced technical analysis completed for INDIANB: 52 fields
2025-09-03 10:51:51,813 - INFO - Completed analysis for INDIANB: Score=85.1, Recommendation=STRONG BUY
2025-09-03 10:51:52,115 - INFO - Comprehensive data extracted for INDHOTEL
2025-09-03 10:51:52,115 - INFO - Fundamental analysis completed for INDHOTEL: 58 fields
2025-09-03 10:51:52,509 - INFO - Enhanced technical analysis completed for INDHOTEL: 52 fields
2025-09-03 10:51:52,557 - INFO - Completed analysis for INDHOTEL: Score=60.1, Recommendation=BUY
2025-09-03 10:51:58,004 - INFO - Comprehensive data extracted for IRFC
2025-09-03 10:51:58,024 - INFO - Fundamental analysis completed for IRFC: 58 fields
2025-09-03 10:51:58,150 - INFO - Comprehensive data extracted for IRCTC
2025-09-03 10:51:58,150 - INFO - Fundamental analysis completed for IRCTC: 58 fields
2025-09-03 10:51:58,291 - INFO - Enhanced technical analysis completed for IRFC: 52 fields
2025-09-03 10:51:58,340 - INFO - Comprehensive data extracted for IOC
2025-09-03 10:51:58,344 - INFO - Fundamental analysis completed for IOC: 58 fields
2025-09-03 10:51:58,374 - INFO - Enhanced technical analysis completed for IRCTC: 52 fields
2025-09-03 10:51:58,410 - INFO - Completed analysis for IRFC: Score=77.0, Recommendation=STRONG BUY
2025-09-03 10:51:58,456 - INFO - Completed analysis for IRCTC: Score=38.8, Recommendation=SELL
2025-09-03 10:51:58,515 - INFO - Enhanced technical analysis completed for IOC: 52 fields
2025-09-03 10:51:58,556 - INFO - Completed analysis for IOC: Score=53.5, Recommendation=HOLD
2025-09-03 10:51:58,887 - INFO - Comprehensive data extracted for IGL
2025-09-03 10:51:58,887 - INFO - Fundamental analysis completed for IGL: 58 fields
2025-09-03 10:51:59,047 - INFO - Enhanced technical analysis completed for IGL: 52 fields
2025-09-03 10:51:59,113 - INFO - Completed analysis for IGL: Score=59.8, Recommendation=HOLD
2025-09-03 10:51:59,280 - INFO - Comprehensive data extracted for IREDA
2025-09-03 10:51:59,282 - INFO - Fundamental analysis completed for IREDA: 58 fields
2025-09-03 10:51:59,530 - INFO - Enhanced technical analysis completed for IREDA: 52 fields
2025-09-03 10:51:59,568 - INFO - Completed analysis for IREDA: Score=54.4, Recommendation=HOLD
2025-09-03 10:52:05,145 - INFO - Comprehensive data extracted for INDUSINDBK
2025-09-03 10:52:05,153 - INFO - Fundamental analysis completed for INDUSINDBK: 58 fields
2025-09-03 10:52:05,191 - INFO - Comprehensive data extracted for NAUKRI
2025-09-03 10:52:05,191 - INFO - Fundamental analysis completed for NAUKRI: 58 fields
2025-09-03 10:52:05,257 - INFO - Comprehensive data extracted for INDUSTOWER
2025-09-03 10:52:05,260 - INFO - Fundamental analysis completed for INDUSTOWER: 58 fields
2025-09-03 10:52:05,449 - INFO - Enhanced technical analysis completed for NAUKRI: 52 fields
2025-09-03 10:52:05,468 - INFO - Enhanced technical analysis completed for INDUSINDBK: 52 fields
2025-09-03 10:52:05,493 - INFO - Enhanced technical analysis completed for INDUSTOWER: 52 fields
2025-09-03 10:52:05,598 - INFO - Completed analysis for INDUSTOWER: Score=59.7, Recommendation=HOLD
2025-09-03 10:52:05,598 - INFO - Completed analysis for INDUSINDBK: Score=45.7, Recommendation=WEAK SELL
2025-09-03 10:52:05,598 - INFO - Completed analysis for NAUKRI: Score=52.6, Recommendation=HOLD
2025-09-03 10:52:06,098 - INFO - Comprehensive data extracted for INDIGO
2025-09-03 10:52:06,114 - INFO - Comprehensive data extracted for INFY
2025-09-03 10:52:06,116 - INFO - Fundamental analysis completed for INDIGO: 58 fields
2025-09-03 10:52:06,120 - INFO - Fundamental analysis completed for INFY: 58 fields
2025-09-03 10:52:06,321 - INFO - Enhanced technical analysis completed for INFY: 52 fields
2025-09-03 10:52:06,328 - INFO - Enhanced technical analysis completed for INDIGO: 52 fields
2025-09-03 10:52:06,375 - INFO - Completed analysis for INDIGO: Score=26.0, Recommendation=SELL
2025-09-03 10:52:06,410 - INFO - Completed analysis for INFY: Score=65.6, Recommendation=BUY
2025-09-03 10:52:12,019 - INFO - Comprehensive data extracted for JSWENERGY
2025-09-03 10:52:12,031 - INFO - Fundamental analysis completed for JSWENERGY: 58 fields
2025-09-03 10:52:12,278 - INFO - Enhanced technical analysis completed for JSWENERGY: 52 fields
2025-09-03 10:52:12,324 - INFO - Completed analysis for JSWENERGY: Score=48.3, Recommendation=WEAK SELL
2025-09-03 10:52:12,404 - INFO - Comprehensive data extracted for JSWSTEEL
2025-09-03 10:52:12,404 - INFO - Fundamental analysis completed for JSWSTEEL: 58 fields
2025-09-03 10:52:12,555 - INFO - Enhanced technical analysis completed for JSWSTEEL: 52 fields
2025-09-03 10:52:12,598 - INFO - Completed analysis for JSWSTEEL: Score=44.2, Recommendation=WEAK SELL
2025-09-03 10:52:12,759 - INFO - Comprehensive data extracted for JINDALSTEL
2025-09-03 10:52:12,771 - INFO - Fundamental analysis completed for JINDALSTEL: 58 fields
2025-09-03 10:52:12,799 - INFO - Comprehensive data extracted for JIOFIN
2025-09-03 10:52:12,799 - INFO - Fundamental analysis completed for JIOFIN: 58 fields
2025-09-03 10:52:12,947 - INFO - Enhanced technical analysis completed for JIOFIN: 52 fields
2025-09-03 10:52:13,086 - INFO - Enhanced technical analysis completed for JINDALSTEL: 52 fields
2025-09-03 10:52:13,088 - INFO - Completed analysis for JIOFIN: Score=47.2, Recommendation=WEAK SELL
2025-09-03 10:52:13,147 - INFO - Completed analysis for JINDALSTEL: Score=40.0, Recommendation=SELL
2025-09-03 10:52:13,415 - INFO - Comprehensive data extracted for JUBLFOOD
2025-09-03 10:52:13,417 - INFO - Fundamental analysis completed for JUBLFOOD: 58 fields
2025-09-03 10:52:13,678 - INFO - Enhanced technical analysis completed for JUBLFOOD: 52 fields
2025-09-03 10:52:13,731 - INFO - Completed analysis for JUBLFOOD: Score=42.5, Recommendation=WEAK SELL
2025-09-03 10:52:19,219 - INFO - Comprehensive data extracted for KPITTECH
2025-09-03 10:52:19,221 - INFO - Fundamental analysis completed for KPITTECH: 58 fields
2025-09-03 10:52:19,552 - INFO - Comprehensive data extracted for KALYANKJIL
2025-09-03 10:52:19,552 - INFO - Fundamental analysis completed for KALYANKJIL: 58 fields
2025-09-03 10:52:19,657 - INFO - Enhanced technical analysis completed for KPITTECH: 52 fields
2025-09-03 10:52:19,706 - INFO - Enhanced technical analysis completed for KALYANKJIL: 52 fields
2025-09-03 10:52:19,758 - INFO - Completed analysis for KALYANKJIL: Score=45.0, Recommendation=WEAK SELL
2025-09-03 10:52:19,787 - INFO - Completed analysis for KPITTECH: Score=32.8, Recommendation=SELL
2025-09-03 10:52:20,245 - INFO - Comprehensive data extracted for LTF
2025-09-03 10:52:20,247 - INFO - Fundamental analysis completed for LTF: 58 fields
2025-09-03 10:52:20,394 - INFO - Enhanced technical analysis completed for LTF: 52 fields
2025-09-03 10:52:20,441 - INFO - Completed analysis for LTF: Score=63.6, Recommendation=BUY
2025-09-03 10:52:20,787 - INFO - Comprehensive data extracted for LICHSGFIN
2025-09-03 10:52:20,789 - INFO - Fundamental analysis completed for LICHSGFIN: 58 fields
2025-09-03 10:52:21,054 - INFO - Enhanced technical analysis completed for LICHSGFIN: 52 fields
2025-09-03 10:52:21,094 - INFO - Completed analysis for LICHSGFIN: Score=58.9, Recommendation=HOLD
2025-09-03 10:52:23,960 - INFO - Comprehensive data extracted for KOTAKBANK
2025-09-03 10:52:23,960 - INFO - Fundamental analysis completed for KOTAKBANK: 58 fields
2025-09-03 10:52:24,439 - INFO - Enhanced technical analysis completed for KOTAKBANK: 52 fields
2025-09-03 10:52:24,533 - INFO - Completed analysis for KOTAKBANK: Score=62.9, Recommendation=BUY
2025-09-03 10:52:30,091 - INFO - Comprehensive data extracted for LICI
2025-09-03 10:52:30,091 - INFO - Fundamental analysis completed for LICI: 58 fields
2025-09-03 10:52:30,124 - INFO - Comprehensive data extracted for LTIM
2025-09-03 10:52:30,137 - INFO - Fundamental analysis completed for LTIM: 58 fields
2025-09-03 10:52:30,247 - INFO - Comprehensive data extracted for LT
2025-09-03 10:52:30,256 - INFO - Fundamental analysis completed for LT: 58 fields
2025-09-03 10:52:30,294 - INFO - Enhanced technical analysis completed for LICI: 52 fields
2025-09-03 10:52:30,332 - INFO - Completed analysis for LICI: Score=60.5, Recommendation=BUY
2025-09-03 10:52:30,419 - INFO - Enhanced technical analysis completed for LTIM: 52 fields
2025-09-03 10:52:30,449 - INFO - Completed analysis for LTIM: Score=65.0, Recommendation=BUY
2025-09-03 10:52:30,534 - INFO - Enhanced technical analysis completed for LT: 52 fields
2025-09-03 10:52:30,584 - INFO - Completed analysis for LT: Score=42.3, Recommendation=WEAK SELL
2025-09-03 10:52:31,032 - INFO - Comprehensive data extracted for LODHA
2025-09-03 10:52:31,044 - INFO - Fundamental analysis completed for LODHA: 58 fields
2025-09-03 10:52:31,124 - INFO - Comprehensive data extracted for LUPIN
2025-09-03 10:52:31,124 - INFO - Fundamental analysis completed for LUPIN: 58 fields
2025-09-03 10:52:31,342 - INFO - Enhanced technical analysis completed for LUPIN: 52 fields
2025-09-03 10:52:31,342 - INFO - Enhanced technical analysis completed for LODHA: 52 fields
2025-09-03 10:52:31,424 - INFO - Completed analysis for LODHA: Score=52.0, Recommendation=HOLD
2025-09-03 10:52:31,424 - INFO - Completed analysis for LUPIN: Score=55.5, Recommendation=HOLD
2025-09-03 10:52:36,896 - INFO - Comprehensive data extracted for MRF
2025-09-03 10:52:36,900 - INFO - Fundamental analysis completed for MRF: 58 fields
2025-09-03 10:52:37,142 - INFO - Enhanced technical analysis completed for MRF: 52 fields
2025-09-03 10:52:37,174 - INFO - Comprehensive data extracted for M&MFIN
2025-09-03 10:52:37,176 - INFO - Fundamental analysis completed for M&MFIN: 58 fields
2025-09-03 10:52:37,228 - INFO - Completed analysis for MRF: Score=40.7, Recommendation=WEAK SELL
2025-09-03 10:52:37,255 - INFO - Comprehensive data extracted for M&M
2025-09-03 10:52:37,255 - INFO - Fundamental analysis completed for M&M: 58 fields
2025-09-03 10:52:37,442 - INFO - Enhanced technical analysis completed for M&MFIN: 52 fields
2025-09-03 10:52:37,543 - INFO - Completed analysis for M&MFIN: Score=71.1, Recommendation=STRONG BUY
2025-09-03 10:52:37,583 - INFO - Enhanced technical analysis completed for M&M: 52 fields
2025-09-03 10:52:37,635 - INFO - Completed analysis for M&M: Score=53.5, Recommendation=HOLD
2025-09-03 10:52:37,812 - INFO - Comprehensive data extracted for MANKIND
2025-09-03 10:52:37,812 - INFO - Fundamental analysis completed for MANKIND: 58 fields
2025-09-03 10:52:37,942 - INFO - Enhanced technical analysis completed for MANKIND: 52 fields
2025-09-03 10:52:37,996 - INFO - Completed analysis for MANKIND: Score=45.4, Recommendation=WEAK SELL
2025-09-03 10:52:38,293 - INFO - Comprehensive data extracted for MARICO
2025-09-03 10:52:38,293 - INFO - Fundamental analysis completed for MARICO: 58 fields
2025-09-03 10:52:38,650 - INFO - Enhanced technical analysis completed for MARICO: 52 fields
2025-09-03 10:52:38,711 - INFO - Completed analysis for MARICO: Score=52.6, Recommendation=HOLD
2025-09-03 10:52:44,324 - INFO - Comprehensive data extracted for MARUTI
2025-09-03 10:52:44,326 - INFO - Fundamental analysis completed for MARUTI: 58 fields
2025-09-03 10:52:44,342 - INFO - Comprehensive data extracted for MFSL
2025-09-03 10:52:44,346 - INFO - Fundamental analysis completed for MFSL: 58 fields
2025-09-03 10:52:44,398 - INFO - Comprehensive data extracted for MAXHEALTH
2025-09-03 10:52:44,403 - INFO - Fundamental analysis completed for MAXHEALTH: 58 fields
2025-09-03 10:52:44,542 - INFO - Enhanced technical analysis completed for MFSL: 52 fields
2025-09-03 10:52:44,605 - INFO - Enhanced technical analysis completed for MAXHEALTH: 52 fields
2025-09-03 10:52:44,665 - INFO - Enhanced technical analysis completed for MARUTI: 52 fields
2025-09-03 10:52:44,689 - INFO - Completed analysis for MAXHEALTH: Score=50.2, Recommendation=HOLD
2025-09-03 10:52:44,701 - INFO - Completed analysis for MFSL: Score=28.6, Recommendation=SELL
2025-09-03 10:52:44,746 - INFO - Completed analysis for MARUTI: Score=49.9, Recommendation=WEAK SELL
2025-09-03 10:52:45,483 - INFO - Comprehensive data extracted for MOTILALOFS
2025-09-03 10:52:45,496 - INFO - Fundamental analysis completed for MOTILALOFS: 58 fields
2025-09-03 10:52:45,515 - INFO - Comprehensive data extracted for MAZDOCK
2025-09-03 10:52:45,515 - INFO - Fundamental analysis completed for MAZDOCK: 58 fields
2025-09-03 10:52:45,689 - INFO - Enhanced technical analysis completed for MOTILALOFS: 52 fields
2025-09-03 10:52:45,857 - INFO - Completed analysis for MOTILALOFS: Score=59.5, Recommendation=HOLD
2025-09-03 10:52:45,857 - INFO - Enhanced technical analysis completed for MAZDOCK: 52 fields
2025-09-03 10:52:45,945 - INFO - Completed analysis for MAZDOCK: Score=50.2, Recommendation=HOLD
2025-09-03 10:52:51,583 - INFO - Comprehensive data extracted for MPHASIS
2025-09-03 10:52:51,586 - INFO - Fundamental analysis completed for MPHASIS: 58 fields
2025-09-03 10:52:51,815 - INFO - Comprehensive data extracted for NHPC
2025-09-03 10:52:51,880 - INFO - Comprehensive data extracted for MUTHOOTFIN
2025-09-03 10:52:51,884 - INFO - Fundamental analysis completed for NHPC: 58 fields
2025-09-03 10:52:51,887 - INFO - Fundamental analysis completed for MUTHOOTFIN: 58 fields
2025-09-03 10:52:51,938 - INFO - Enhanced technical analysis completed for MPHASIS: 52 fields
2025-09-03 10:52:52,003 - INFO - Completed analysis for MPHASIS: Score=54.3, Recommendation=HOLD
2025-09-03 10:52:52,067 - INFO - Enhanced technical analysis completed for NHPC: 52 fields
2025-09-03 10:52:52,106 - INFO - Completed analysis for NHPC: Score=50.0, Recommendation=HOLD
2025-09-03 10:52:52,286 - INFO - Enhanced technical analysis completed for MUTHOOTFIN: 52 fields
2025-09-03 10:52:52,340 - INFO - Completed analysis for MUTHOOTFIN: Score=88.3, Recommendation=STRONG BUY
2025-09-03 10:52:52,472 - INFO - Comprehensive data extracted for NMDC
2025-09-03 10:52:52,474 - INFO - Fundamental analysis completed for NMDC: 58 fields
2025-09-03 10:52:52,516 - INFO - Comprehensive data extracted for NTPCGREEN
2025-09-03 10:52:52,521 - INFO - Fundamental analysis completed for NTPCGREEN: 58 fields
2025-09-03 10:52:52,647 - INFO - Enhanced technical analysis completed for NMDC: 52 fields
2025-09-03 10:52:52,695 - INFO - Enhanced technical analysis completed for NTPCGREEN: 52 fields
2025-09-03 10:52:52,727 - INFO - Completed analysis for NMDC: Score=77.5, Recommendation=STRONG BUY
2025-09-03 10:52:52,760 - INFO - Completed analysis for NTPCGREEN: Score=49.3, Recommendation=WEAK SELL
2025-09-03 10:52:58,358 - INFO - Comprehensive data extracted for NATIONALUM
2025-09-03 10:52:58,358 - INFO - Fundamental analysis completed for NATIONALUM: 58 fields
2025-09-03 10:52:58,482 - INFO - Comprehensive data extracted for NTPC
2025-09-03 10:52:58,486 - INFO - Fundamental analysis completed for NTPC: 58 fields
2025-09-03 10:52:58,593 - INFO - Comprehensive data extracted for NESTLEIND
2025-09-03 10:52:58,593 - INFO - Fundamental analysis completed for NESTLEIND: 58 fields
2025-09-03 10:52:58,904 - INFO - Enhanced technical analysis completed for NTPC: 52 fields
2025-09-03 10:52:58,928 - INFO - Enhanced technical analysis completed for NATIONALUM: 52 fields
2025-09-03 10:52:58,932 - INFO - Enhanced technical analysis completed for NESTLEIND: 52 fields
2025-09-03 10:52:59,010 - INFO - Completed analysis for NATIONALUM: Score=82.1, Recommendation=STRONG BUY
2025-09-03 10:52:59,037 - INFO - Completed analysis for NTPC: Score=42.6, Recommendation=WEAK SELL
2025-09-03 10:52:59,057 - INFO - Completed analysis for NESTLEIND: Score=36.6, Recommendation=SELL
2025-09-03 10:52:59,452 - INFO - Comprehensive data extracted for OBEROIRLTY
2025-09-03 10:52:59,454 - INFO - Fundamental analysis completed for OBEROIRLTY: 58 fields
2025-09-03 10:52:59,564 - INFO - Comprehensive data extracted for ONGC
2025-09-03 10:52:59,564 - INFO - Fundamental analysis completed for ONGC: 58 fields
2025-09-03 10:52:59,688 - INFO - Enhanced technical analysis completed for OBEROIRLTY: 52 fields
2025-09-03 10:52:59,744 - INFO - Completed analysis for OBEROIRLTY: Score=34.6, Recommendation=SELL
2025-09-03 10:52:59,842 - INFO - Enhanced technical analysis completed for ONGC: 52 fields
2025-09-03 10:52:59,917 - INFO - Completed analysis for ONGC: Score=48.7, Recommendation=WEAK SELL
2025-09-03 10:53:05,459 - INFO - Comprehensive data extracted for PAYTM
2025-09-03 10:53:05,461 - INFO - Fundamental analysis completed for PAYTM: 58 fields
2025-09-03 10:53:05,547 - INFO - Comprehensive data extracted for OIL
2025-09-03 10:53:05,560 - INFO - Fundamental analysis completed for OIL: 58 fields
2025-09-03 10:53:05,621 - INFO - Enhanced technical analysis completed for PAYTM: 52 fields
2025-09-03 10:53:05,665 - INFO - Completed analysis for PAYTM: Score=38.4, Recommendation=SELL
2025-09-03 10:53:05,835 - INFO - Enhanced technical analysis completed for OIL: 52 fields
2025-09-03 10:53:05,877 - INFO - Completed analysis for OIL: Score=55.4, Recommendation=HOLD
2025-09-03 10:53:06,056 - INFO - Comprehensive data extracted for OFSS
2025-09-03 10:53:06,059 - INFO - Fundamental analysis completed for OFSS: 58 fields
2025-09-03 10:53:06,201 - INFO - Comprehensive data extracted for OLAELEC
2025-09-03 10:53:06,201 - INFO - Fundamental analysis completed for OLAELEC: 58 fields
2025-09-03 10:53:06,353 - INFO - Comprehensive data extracted for POLICYBZR
2025-09-03 10:53:06,355 - INFO - Fundamental analysis completed for POLICYBZR: 58 fields
2025-09-03 10:53:06,535 - INFO - Enhanced technical analysis completed for OFSS: 52 fields
2025-09-03 10:53:06,542 - INFO - Enhanced technical analysis completed for OLAELEC: 52 fields
2025-09-03 10:53:06,592 - INFO - Enhanced technical analysis completed for POLICYBZR: 52 fields
2025-09-03 10:53:06,696 - INFO - Completed analysis for POLICYBZR: Score=49.2, Recommendation=WEAK SELL
2025-09-03 10:53:06,696 - INFO - Completed analysis for OFSS: Score=71.5, Recommendation=STRONG BUY
2025-09-03 10:53:06,696 - INFO - Completed analysis for OLAELEC: Score=35.2, Recommendation=SELL
2025-09-03 10:53:12,195 - INFO - Comprehensive data extracted for PIIND
2025-09-03 10:53:12,195 - INFO - Fundamental analysis completed for PIIND: 58 fields
2025-09-03 10:53:12,333 - INFO - Enhanced technical analysis completed for PIIND: 52 fields
2025-09-03 10:53:12,410 - INFO - Comprehensive data extracted for PATANJALI
2025-09-03 10:53:12,410 - INFO - Fundamental analysis completed for PATANJALI: 58 fields
2025-09-03 10:53:12,415 - INFO - Completed analysis for PIIND: Score=21.3, Recommendation=SELL
2025-09-03 10:53:12,728 - INFO - Comprehensive data extracted for PAGEIND
2025-09-03 10:53:12,732 - INFO - Fundamental analysis completed for PAGEIND: 58 fields
2025-09-03 10:53:12,847 - INFO - Enhanced technical analysis completed for PATANJALI: 52 fields
2025-09-03 10:53:12,887 - INFO - Completed analysis for PATANJALI: Score=34.8, Recommendation=SELL
2025-09-03 10:53:12,986 - INFO - Enhanced technical analysis completed for PAGEIND: 52 fields
2025-09-03 10:53:13,016 - INFO - Comprehensive data extracted for PERSISTENT
2025-09-03 10:53:13,033 - INFO - Fundamental analysis completed for PERSISTENT: 58 fields
2025-09-03 10:53:13,058 - INFO - Completed analysis for PAGEIND: Score=46.6, Recommendation=WEAK SELL
2025-09-03 10:53:13,200 - INFO - Enhanced technical analysis completed for PERSISTENT: 52 fields
2025-09-03 10:53:13,251 - INFO - Completed analysis for PERSISTENT: Score=67.8, Recommendation=BUY
2025-09-03 10:53:13,618 - INFO - Comprehensive data extracted for PETRONET
2025-09-03 10:53:13,625 - INFO - Fundamental analysis completed for PETRONET: 58 fields
2025-09-03 10:53:13,788 - INFO - Enhanced technical analysis completed for PETRONET: 52 fields
2025-09-03 10:53:13,846 - INFO - Completed analysis for PETRONET: Score=43.2, Recommendation=WEAK SELL
2025-09-03 10:53:19,393 - INFO - Comprehensive data extracted for PHOENIXLTD
2025-09-03 10:53:19,393 - INFO - Fundamental analysis completed for PHOENIXLTD: 58 fields
2025-09-03 10:53:19,556 - INFO - Enhanced technical analysis completed for PHOENIXLTD: 52 fields
2025-09-03 10:53:19,620 - INFO - Completed analysis for PHOENIXLTD: Score=43.5, Recommendation=WEAK SELL
2025-09-03 10:53:19,736 - INFO - Comprehensive data extracted for PIDILITIND
2025-09-03 10:53:19,738 - INFO - Fundamental analysis completed for PIDILITIND: 58 fields
2025-09-03 10:53:19,784 - INFO - Comprehensive data extracted for POLYCAB
2025-09-03 10:53:19,788 - INFO - Fundamental analysis completed for POLYCAB: 58 fields
2025-09-03 10:53:19,918 - INFO - Enhanced technical analysis completed for PIDILITIND: 52 fields
2025-09-03 10:53:19,965 - INFO - Completed analysis for PIDILITIND: Score=59.6, Recommendation=HOLD
2025-09-03 10:53:20,123 - INFO - Comprehensive data extracted for PFC
2025-09-03 10:53:20,127 - INFO - Fundamental analysis completed for PFC: 58 fields
2025-09-03 10:53:20,232 - INFO - Enhanced technical analysis completed for POLYCAB: 52 fields
2025-09-03 10:53:20,267 - INFO - Completed analysis for POLYCAB: Score=71.8, Recommendation=STRONG BUY
2025-09-03 10:53:20,388 - INFO - Enhanced technical analysis completed for PFC: 52 fields
2025-09-03 10:53:20,446 - INFO - Completed analysis for PFC: Score=67.6, Recommendation=BUY
2025-09-03 10:53:20,685 - INFO - Comprehensive data extracted for POWERGRID
2025-09-03 10:53:20,688 - INFO - Fundamental analysis completed for POWERGRID: 58 fields
2025-09-03 10:53:20,835 - INFO - Enhanced technical analysis completed for POWERGRID: 52 fields
2025-09-03 10:53:20,888 - INFO - Completed analysis for POWERGRID: Score=48.6, Recommendation=WEAK SELL
2025-09-03 10:53:26,483 - INFO - Comprehensive data extracted for PNB
2025-09-03 10:53:26,485 - INFO - Fundamental analysis completed for PNB: 58 fields
2025-09-03 10:53:26,641 - INFO - Enhanced technical analysis completed for PNB: 52 fields
2025-09-03 10:53:26,692 - INFO - Completed analysis for PNB: Score=77.2, Recommendation=STRONG BUY
2025-09-03 10:53:26,751 - INFO - Comprehensive data extracted for PRESTIGE
2025-09-03 10:53:26,751 - INFO - Fundamental analysis completed for PRESTIGE: 58 fields
2025-09-03 10:53:26,824 - INFO - Comprehensive data extracted for PREMIERENE
2025-09-03 10:53:26,824 - INFO - Fundamental analysis completed for PREMIERENE: 58 fields
2025-09-03 10:53:26,954 - INFO - Enhanced technical analysis completed for PREMIERENE: 52 fields
2025-09-03 10:53:27,039 - INFO - Enhanced technical analysis completed for PRESTIGE: 52 fields
2025-09-03 10:53:27,058 - INFO - Completed analysis for PREMIERENE: Score=53.0, Recommendation=HOLD
2025-09-03 10:53:27,100 - INFO - Completed analysis for PRESTIGE: Score=41.4, Recommendation=WEAK SELL
2025-09-03 10:53:27,356 - INFO - Comprehensive data extracted for RECLTD
2025-09-03 10:53:27,358 - INFO - Fundamental analysis completed for RECLTD: 58 fields
2025-09-03 10:53:27,504 - INFO - Enhanced technical analysis completed for RECLTD: 52 fields
2025-09-03 10:53:27,566 - INFO - Completed analysis for RECLTD: Score=64.9, Recommendation=BUY
2025-09-03 10:53:27,692 - INFO - Comprehensive data extracted for RVNL
2025-09-03 10:53:27,692 - INFO - Fundamental analysis completed for RVNL: 58 fields
2025-09-03 10:53:28,027 - INFO - Enhanced technical analysis completed for RVNL: 52 fields
2025-09-03 10:53:28,091 - INFO - Completed analysis for RVNL: Score=29.4, Recommendation=SELL
2025-09-03 10:53:33,655 - INFO - Comprehensive data extracted for SBICARD
2025-09-03 10:53:33,655 - INFO - Fundamental analysis completed for SBICARD: 58 fields
2025-09-03 10:53:33,722 - INFO - Comprehensive data extracted for RELIANCE
2025-09-03 10:53:33,722 - INFO - Fundamental analysis completed for RELIANCE: 58 fields
2025-09-03 10:53:33,777 - INFO - Enhanced technical analysis completed for SBICARD: 52 fields
2025-09-03 10:53:33,833 - INFO - Completed analysis for SBICARD: Score=32.1, Recommendation=SELL
2025-09-03 10:53:33,987 - INFO - Enhanced technical analysis completed for RELIANCE: 52 fields
2025-09-03 10:53:34,005 - INFO - Comprehensive data extracted for SBILIFE
2025-09-03 10:53:34,007 - INFO - Fundamental analysis completed for SBILIFE: 58 fields
2025-09-03 10:53:34,148 - INFO - Enhanced technical analysis completed for SBILIFE: 52 fields
2025-09-03 10:53:34,184 - INFO - Completed analysis for RELIANCE: Score=51.9, Recommendation=HOLD
2025-09-03 10:53:34,231 - INFO - Completed analysis for SBILIFE: Score=60.0, Recommendation=HOLD
2025-09-03 10:53:34,440 - INFO - Comprehensive data extracted for SJVN
2025-09-03 10:53:34,442 - INFO - Fundamental analysis completed for SJVN: 58 fields
2025-09-03 10:53:34,594 - INFO - Enhanced technical analysis completed for SJVN: 52 fields
2025-09-03 10:53:34,639 - INFO - Completed analysis for SJVN: Score=33.7, Recommendation=SELL
2025-09-03 10:53:34,690 - INFO - Comprehensive data extracted for SRF
2025-09-03 10:53:34,690 - INFO - Fundamental analysis completed for SRF: 58 fields
2025-09-03 10:53:34,975 - INFO - Enhanced technical analysis completed for SRF: 52 fields
2025-09-03 10:53:35,019 - INFO - Completed analysis for SRF: Score=45.2, Recommendation=WEAK SELL
2025-09-03 10:53:40,620 - INFO - Comprehensive data extracted for MOTHERSON
2025-09-03 10:53:40,669 - INFO - Fundamental analysis completed for MOTHERSON: 58 fields
2025-09-03 10:53:40,674 - INFO - Comprehensive data extracted for SHRIRAMFIN
2025-09-03 10:53:40,676 - INFO - Fundamental analysis completed for SHRIRAMFIN: 58 fields
2025-09-03 10:53:40,840 - INFO - Enhanced technical analysis completed for SHRIRAMFIN: 52 fields
2025-09-03 10:53:40,901 - INFO - Comprehensive data extracted for SHREECEM
2025-09-03 10:53:40,908 - INFO - Fundamental analysis completed for SHREECEM: 58 fields
2025-09-03 10:53:40,974 - INFO - Enhanced technical analysis completed for MOTHERSON: 52 fields
2025-09-03 10:53:40,980 - INFO - Completed analysis for SHRIRAMFIN: Score=64.9, Recommendation=BUY
2025-09-03 10:53:41,079 - INFO - Completed analysis for MOTHERSON: Score=38.2, Recommendation=SELL
2025-09-03 10:53:41,200 - INFO - Enhanced technical analysis completed for SHREECEM: 52 fields
2025-09-03 10:53:41,253 - INFO - Completed analysis for SHREECEM: Score=36.9, Recommendation=SELL
2025-09-03 10:53:41,479 - INFO - Comprehensive data extracted for SIEMENS
2025-09-03 10:53:41,481 - INFO - Fundamental analysis completed for SIEMENS: 58 fields
2025-09-03 10:53:41,623 - INFO - Comprehensive data extracted for SOLARINDS
2025-09-03 10:53:41,627 - INFO - Fundamental analysis completed for SOLARINDS: 58 fields
2025-09-03 10:53:41,738 - INFO - Enhanced technical analysis completed for SIEMENS: 52 fields
2025-09-03 10:53:41,774 - INFO - Completed analysis for SIEMENS: Score=36.7, Recommendation=SELL
2025-09-03 10:53:41,918 - INFO - Enhanced technical analysis completed for SOLARINDS: 52 fields
2025-09-03 10:53:41,964 - INFO - Completed analysis for SOLARINDS: Score=45.6, Recommendation=WEAK SELL
2025-09-03 10:53:47,533 - INFO - Comprehensive data extracted for SONACOMS
2025-09-03 10:53:47,535 - INFO - Fundamental analysis completed for SONACOMS: 58 fields
2025-09-03 10:53:47,562 - INFO - Comprehensive data extracted for SBIN
2025-09-03 10:53:47,562 - INFO - Fundamental analysis completed for SBIN: 58 fields
2025-09-03 10:53:47,591 - INFO - Comprehensive data extracted for SAIL
2025-09-03 10:53:47,591 - INFO - Fundamental analysis completed for SAIL: 58 fields
2025-09-03 10:53:47,713 - INFO - Enhanced technical analysis completed for SONACOMS: 52 fields
2025-09-03 10:53:47,815 - INFO - Enhanced technical analysis completed for SAIL: 52 fields
2025-09-03 10:53:47,850 - INFO - Completed analysis for SONACOMS: Score=24.8, Recommendation=SELL
2025-09-03 10:53:47,887 - INFO - Enhanced technical analysis completed for SBIN: 52 fields
2025-09-03 10:53:47,919 - INFO - Completed analysis for SAIL: Score=54.2, Recommendation=HOLD
2025-09-03 10:53:47,999 - INFO - Completed analysis for SBIN: Score=78.9, Recommendation=STRONG BUY
2025-09-03 10:53:48,546 - INFO - Comprehensive data extracted for SUNPHARMA
2025-09-03 10:53:48,553 - INFO - Fundamental analysis completed for SUNPHARMA: 58 fields
2025-09-03 10:53:48,860 - INFO - Comprehensive data extracted for SUPREMEIND
2025-09-03 10:53:48,895 - INFO - Fundamental analysis completed for SUPREMEIND: 58 fields
2025-09-03 10:53:48,936 - INFO - Enhanced technical analysis completed for SUNPHARMA: 52 fields
2025-09-03 10:53:48,989 - INFO - Completed analysis for SUNPHARMA: Score=33.7, Recommendation=SELL
2025-09-03 10:53:49,101 - INFO - Enhanced technical analysis completed for SUPREMEIND: 52 fields
2025-09-03 10:53:49,160 - INFO - Completed analysis for SUPREMEIND: Score=30.6, Recommendation=SELL
2025-09-03 10:53:54,833 - INFO - Comprehensive data extracted for TVSMOTOR
2025-09-03 10:53:54,868 - INFO - Fundamental analysis completed for TVSMOTOR: 58 fields
2025-09-03 10:53:54,902 - INFO - Comprehensive data extracted for SUZLON
2025-09-03 10:53:54,905 - INFO - Fundamental analysis completed for SUZLON: 58 fields
2025-09-03 10:53:54,969 - INFO - Comprehensive data extracted for SWIGGY
2025-09-03 10:53:54,969 - INFO - Fundamental analysis completed for SWIGGY: 58 fields
2025-09-03 10:53:55,076 - INFO - Enhanced technical analysis completed for TVSMOTOR: 52 fields
2025-09-03 10:53:55,138 - INFO - Enhanced technical analysis completed for SUZLON: 52 fields
2025-09-03 10:53:55,170 - INFO - Completed analysis for TVSMOTOR: Score=47.2, Recommendation=WEAK SELL
2025-09-03 10:53:55,250 - INFO - Enhanced technical analysis completed for SWIGGY: 52 fields
2025-09-03 10:53:55,277 - INFO - Completed analysis for SUZLON: Score=49.8, Recommendation=WEAK SELL
2025-09-03 10:53:55,329 - INFO - Completed analysis for SWIGGY: Score=46.7, Recommendation=WEAK SELL
2025-09-03 10:53:55,771 - INFO - Comprehensive data extracted for TATACOMM
2025-09-03 10:53:55,771 - INFO - Fundamental analysis completed for TATACOMM: 58 fields
2025-09-03 10:53:55,853 - INFO - Comprehensive data extracted for TCS
2025-09-03 10:53:55,853 - INFO - Fundamental analysis completed for TCS: 58 fields
2025-09-03 10:53:55,973 - INFO - Enhanced technical analysis completed for TATACOMM: 52 fields
2025-09-03 10:53:56,047 - INFO - Completed analysis for TATACOMM: Score=31.7, Recommendation=SELL
2025-09-03 10:53:56,151 - INFO - Enhanced technical analysis completed for TCS: 52 fields
2025-09-03 10:53:56,216 - INFO - Completed analysis for TCS: Score=64.4, Recommendation=BUY
2025-09-03 10:54:01,870 - INFO - Comprehensive data extracted for TATAMOTORS
2025-09-03 10:54:01,908 - INFO - Fundamental analysis completed for TATAMOTORS: 58 fields
2025-09-03 10:54:02,289 - INFO - Comprehensive data extracted for TATAELXSI
2025-09-03 10:54:02,320 - INFO - Fundamental analysis completed for TATAELXSI: 58 fields
2025-09-03 10:54:02,354 - INFO - Enhanced technical analysis completed for TATAMOTORS: 52 fields
2025-09-03 10:54:02,426 - INFO - Completed analysis for TATAMOTORS: Score=45.5, Recommendation=WEAK SELL
2025-09-03 10:54:02,534 - INFO - Enhanced technical analysis completed for TATAELXSI: 52 fields
2025-09-03 10:54:02,581 - INFO - Completed analysis for TATAELXSI: Score=22.8, Recommendation=SELL
2025-09-03 10:54:03,008 - INFO - Comprehensive data extracted for TATACONSUM
2025-09-03 10:54:03,022 - INFO - Fundamental analysis completed for TATACONSUM: 58 fields
2025-09-03 10:54:03,054 - INFO - Comprehensive data extracted for TATAPOWER
2025-09-03 10:54:03,056 - INFO - Fundamental analysis completed for TATAPOWER: 58 fields
2025-09-03 10:54:03,097 - INFO - Comprehensive data extracted for TATASTEEL
2025-09-03 10:54:03,104 - INFO - Fundamental analysis completed for TATASTEEL: 58 fields
2025-09-03 10:54:03,242 - INFO - Enhanced technical analysis completed for TATACONSUM: 52 fields
2025-09-03 10:54:03,312 - INFO - Enhanced technical analysis completed for TATASTEEL: 52 fields
2025-09-03 10:54:03,382 - INFO - Completed analysis for TATACONSUM: Score=43.8, Recommendation=WEAK SELL
2025-09-03 10:54:03,403 - INFO - Enhanced technical analysis completed for TATAPOWER: 52 fields
2025-09-03 10:54:03,442 - INFO - Completed analysis for TATASTEEL: Score=43.3, Recommendation=WEAK SELL
2025-09-03 10:54:03,476 - INFO - Completed analysis for TATAPOWER: Score=39.4, Recommendation=SELL
2025-09-03 10:54:09,097 - INFO - Comprehensive data extracted for TATATECH
2025-09-03 10:54:09,097 - INFO - Fundamental analysis completed for TATATECH: 58 fields
2025-09-03 10:54:09,135 - INFO - Comprehensive data extracted for TECHM
2025-09-03 10:54:09,143 - INFO - Fundamental analysis completed for TECHM: 58 fields
2025-09-03 10:54:09,296 - INFO - Enhanced technical analysis completed for TATATECH: 52 fields
2025-09-03 10:54:09,397 - INFO - Comprehensive data extracted for TITAN
2025-09-03 10:54:09,406 - INFO - Fundamental analysis completed for TITAN: 58 fields
2025-09-03 10:54:09,413 - INFO - Enhanced technical analysis completed for TECHM: 52 fields
2025-09-03 10:54:09,445 - INFO - Completed analysis for TATATECH: Score=28.9, Recommendation=SELL
2025-09-03 10:54:09,503 - INFO - Completed analysis for TECHM: Score=44.4, Recommendation=WEAK SELL
2025-09-03 10:54:09,609 - INFO - Enhanced technical analysis completed for TITAN: 52 fields
2025-09-03 10:54:09,672 - INFO - Completed analysis for TITAN: Score=49.8, Recommendation=WEAK SELL
2025-09-03 10:54:10,073 - INFO - Comprehensive data extracted for TORNTPHARM
2025-09-03 10:54:10,075 - INFO - Fundamental analysis completed for TORNTPHARM: 58 fields
2025-09-03 10:54:10,348 - INFO - Comprehensive data extracted for TORNTPOWER
2025-09-03 10:54:10,366 - INFO - Fundamental analysis completed for TORNTPOWER: 58 fields
2025-09-03 10:54:10,408 - INFO - Enhanced technical analysis completed for TORNTPHARM: 52 fields
2025-09-03 10:54:10,477 - INFO - Completed analysis for TORNTPHARM: Score=44.3, Recommendation=WEAK SELL
2025-09-03 10:54:10,580 - INFO - Enhanced technical analysis completed for TORNTPOWER: 52 fields
2025-09-03 10:54:10,633 - INFO - Completed analysis for TORNTPOWER: Score=34.0, Recommendation=SELL
2025-09-03 10:54:16,244 - INFO - Comprehensive data extracted for TIINDIA
2025-09-03 10:54:16,247 - INFO - Fundamental analysis completed for TIINDIA: 58 fields
2025-09-03 10:54:16,291 - INFO - Comprehensive data extracted for TRENT
2025-09-03 10:54:16,303 - INFO - Comprehensive data extracted for UPL
2025-09-03 10:54:16,303 - INFO - Fundamental analysis completed for TRENT: 58 fields
2025-09-03 10:54:16,303 - INFO - Fundamental analysis completed for UPL: 58 fields
2025-09-03 10:54:16,535 - INFO - Enhanced technical analysis completed for TIINDIA: 52 fields
2025-09-03 10:54:16,566 - INFO - Enhanced technical analysis completed for TRENT: 52 fields
2025-09-03 10:54:16,697 - INFO - Enhanced technical analysis completed for UPL: 52 fields
2025-09-03 10:54:16,705 - INFO - Completed analysis for TRENT: Score=36.9, Recommendation=SELL
2025-09-03 10:54:16,710 - INFO - Completed analysis for TIINDIA: Score=29.8, Recommendation=SELL
2025-09-03 10:54:16,773 - INFO - Completed analysis for UPL: Score=39.6, Recommendation=SELL
2025-09-03 10:54:17,200 - INFO - Comprehensive data extracted for ULTRACEMCO
2025-09-03 10:54:17,203 - INFO - Fundamental analysis completed for ULTRACEMCO: 58 fields
2025-09-03 10:54:17,386 - INFO - Enhanced technical analysis completed for ULTRACEMCO: 52 fields
2025-09-03 10:54:17,450 - INFO - Completed analysis for ULTRACEMCO: Score=51.4, Recommendation=HOLD
2025-09-03 10:54:17,481 - INFO - Comprehensive data extracted for UNIONBANK
2025-09-03 10:54:17,482 - INFO - Fundamental analysis completed for UNIONBANK: 58 fields
2025-09-03 10:54:17,756 - INFO - Enhanced technical analysis completed for UNIONBANK: 52 fields
2025-09-03 10:54:17,822 - INFO - Completed analysis for UNIONBANK: Score=76.3, Recommendation=STRONG BUY
2025-09-03 10:54:23,437 - INFO - Comprehensive data extracted for UNITDSPR
2025-09-03 10:54:23,443 - INFO - Fundamental analysis completed for UNITDSPR: 58 fields
2025-09-03 10:54:23,602 - INFO - Enhanced technical analysis completed for UNITDSPR: 52 fields
2025-09-03 10:54:23,637 - INFO - Comprehensive data extracted for VEDL
2025-09-03 10:54:23,667 - INFO - Fundamental analysis completed for VEDL: 58 fields
2025-09-03 10:54:23,669 - INFO - Comprehensive data extracted for VBL
2025-09-03 10:54:23,669 - INFO - Fundamental analysis completed for VBL: 58 fields
2025-09-03 10:54:23,705 - INFO - Completed analysis for UNITDSPR: Score=32.2, Recommendation=SELL
2025-09-03 10:54:23,912 - INFO - Enhanced technical analysis completed for VBL: 52 fields
2025-09-03 10:54:23,939 - INFO - Enhanced technical analysis completed for VEDL: 52 fields
2025-09-03 10:54:24,036 - INFO - Completed analysis for VEDL: Score=49.9, Recommendation=WEAK SELL
2025-09-03 10:54:24,051 - INFO - Completed analysis for VBL: Score=49.7, Recommendation=WEAK SELL
2025-09-03 10:54:24,175 - INFO - Comprehensive data extracted for VMM
2025-09-03 10:54:24,175 - INFO - Fundamental analysis completed for VMM: 58 fields
2025-09-03 10:54:24,481 - INFO - Enhanced technical analysis completed for VMM: 52 fields
2025-09-03 10:54:24,501 - INFO - Comprehensive data extracted for IDEA
2025-09-03 10:54:24,508 - INFO - Fundamental analysis completed for IDEA: 58 fields
2025-09-03 10:54:24,567 - INFO - Completed analysis for VMM: Score=45.9, Recommendation=WEAK SELL
2025-09-03 10:54:24,849 - INFO - Enhanced technical analysis completed for IDEA: 52 fields
2025-09-03 10:54:24,910 - INFO - Completed analysis for IDEA: Score=36.6, Recommendation=SELL
2025-09-03 10:54:30,558 - INFO - Comprehensive data extracted for WAAREEENER
2025-09-03 10:54:30,558 - INFO - Fundamental analysis completed for WAAREEENER: 58 fields
2025-09-03 10:54:30,754 - INFO - Comprehensive data extracted for WIPRO
2025-09-03 10:54:30,759 - INFO - Fundamental analysis completed for WIPRO: 58 fields
2025-09-03 10:54:30,768 - INFO - Enhanced technical analysis completed for WAAREEENER: 52 fields
2025-09-03 10:54:30,792 - INFO - Comprehensive data extracted for VOLTAS
2025-09-03 10:54:30,800 - INFO - Fundamental analysis completed for VOLTAS: 58 fields
2025-09-03 10:54:30,850 - INFO - Completed analysis for WAAREEENER: Score=54.9, Recommendation=HOLD
2025-09-03 10:54:30,969 - INFO - Enhanced technical analysis completed for WIPRO: 52 fields
2025-09-03 10:54:31,035 - INFO - Completed analysis for WIPRO: Score=73.1, Recommendation=STRONG BUY
2025-09-03 10:54:31,143 - INFO - Enhanced technical analysis completed for VOLTAS: 52 fields
2025-09-03 10:54:31,205 - INFO - Completed analysis for VOLTAS: Score=30.3, Recommendation=SELL
2025-09-03 10:54:31,326 - INFO - Comprehensive data extracted for YESBANK
2025-09-03 10:54:31,326 - INFO - Fundamental analysis completed for YESBANK: 58 fields
2025-09-03 10:54:31,492 - INFO - Enhanced technical analysis completed for YESBANK: 52 fields
2025-09-03 10:54:31,528 - INFO - Comprehensive data extracted for ZYDUSLIFE
2025-09-03 10:54:31,534 - INFO - Fundamental analysis completed for ZYDUSLIFE: 58 fields
2025-09-03 10:54:31,599 - INFO - Completed analysis for YESBANK: Score=87.4, Recommendation=STRONG BUY
2025-09-03 10:54:31,799 - INFO - Enhanced technical analysis completed for ZYDUSLIFE: 52 fields
2025-09-03 10:54:31,869 - INFO - Completed analysis for ZYDUSLIFE: Score=62.2, Recommendation=BUY
2025-09-03 10:54:31,869 - INFO - Batch analysis completed: 200 results, 0 failures
2025-09-03 10:54:37,531 - INFO - Comprehensive Excel report saved: reports\Stock_Report_2025-09-03.xlsx
2025-09-03 10:54:37,531 - INFO - Excel report generated: reports\Stock_Report_2025-09-03.xlsx, Size: 411528 bytes
