2025-09-19 13:36:19,839 - INFO - Dynamic NSE Stock Analysis Initialized
2025-09-19 13:36:19,841 - INFO - Risk profile set to: moderate
2025-09-19 13:36:19,851 - INFO - Using default stock list from stock_list_template.csv
2025-09-19 13:36:19,852 - INFO - Loading stocks from CSV: stock_list_template.csv
2025-09-19 13:36:19,880 - INFO - Loaded 501 stocks with company names
2025-09-19 13:36:19,880 - INFO - Sample stocks: 360ONE, 3MINDIA, ABB, ACC, ACMESOLAR
2025-09-19 13:36:19,892 - INFO - Starting batch analysis of 501 stocks
2025-09-19 13:36:21,511 - INFO - Comprehensive data extracted for 360ONE
2025-09-19 13:36:21,520 - INFO - Fundamental analysis completed for 360ONE: 58 fields
2025-09-19 13:36:21,675 - INFO - Enhanced technical analysis completed for 360ONE: 52 fields
2025-09-19 13:36:21,733 - INFO - Completed analysis for 360ONE: Score=36.0, Recommendation=SELL
2025-09-19 13:36:22,284 - INFO - Comprehensive data extracted for 3MINDIA
2025-09-19 13:36:22,286 - INFO - Fundamental analysis completed for 3MINDIA: 58 fields
2025-09-19 13:36:22,353 - INFO - Comprehensive data extracted for ABB
2025-09-19 13:36:22,353 - INFO - Fundamental analysis completed for ABB: 58 fields
2025-09-19 13:36:22,549 - INFO - Enhanced technical analysis completed for 3MINDIA: 52 fields
2025-09-19 13:36:22,597 - INFO - Completed analysis for 3MINDIA: Score=33.2, Recommendation=SELL
2025-09-19 13:36:22,671 - INFO - Comprehensive data extracted for ACC
2025-09-19 13:36:22,671 - INFO - Enhanced technical analysis completed for ABB: 52 fields
2025-09-19 13:36:22,671 - INFO - Fundamental analysis completed for ACC: 58 fields
2025-09-19 13:36:22,722 - INFO - Completed analysis for ABB: Score=53.0, Recommendation=HOLD
2025-09-19 13:36:22,821 - INFO - Enhanced technical analysis completed for ACC: 52 fields
2025-09-19 13:36:22,877 - INFO - Completed analysis for ACC: Score=62.1, Recommendation=BUY (VALUE)
2025-09-19 13:36:25,486 - INFO - Comprehensive data extracted for ACMESOLAR
2025-09-19 13:36:25,499 - INFO - Fundamental analysis completed for ACMESOLAR: 58 fields
2025-09-19 13:36:25,628 - INFO - Enhanced technical analysis completed for ACMESOLAR: 52 fields
2025-09-19 13:36:25,693 - INFO - Completed analysis for ACMESOLAR: Score=40.5, Recommendation=WEAK SELL
2025-09-19 13:36:31,139 - INFO - Comprehensive data extracted for AIAENG
2025-09-19 13:36:31,139 - INFO - Fundamental analysis completed for AIAENG: 58 fields
2025-09-19 13:36:31,191 - INFO - Comprehensive data extracted for APLAPOLLO
2025-09-19 13:36:31,191 - INFO - Fundamental analysis completed for APLAPOLLO: 58 fields
2025-09-19 13:36:31,329 - INFO - Enhanced technical analysis completed for APLAPOLLO: 52 fields
2025-09-19 13:36:31,373 - INFO - Completed analysis for APLAPOLLO: Score=33.6, Recommendation=SELL
2025-09-19 13:36:32,036 - INFO - Comprehensive data extracted for AUBANK
2025-09-19 13:36:32,036 - INFO - Fundamental analysis completed for AUBANK: 58 fields
2025-09-19 13:36:32,093 - INFO - Enhanced technical analysis completed for AIAENG: 52 fields
2025-09-19 13:36:32,143 - INFO - Completed analysis for AIAENG: Score=40.9, Recommendation=WEAK SELL
2025-09-19 13:36:32,371 - INFO - Enhanced technical analysis completed for AUBANK: 52 fields
2025-09-19 13:36:32,417 - INFO - Completed analysis for AUBANK: Score=70.2, Recommendation=STRONG BUY
2025-09-19 13:36:32,702 - INFO - Comprehensive data extracted for AADHARHFC
2025-09-19 13:36:32,702 - INFO - Fundamental analysis completed for AADHARHFC: 58 fields
2025-09-19 13:36:32,828 - INFO - Enhanced technical analysis completed for AADHARHFC: 52 fields
2025-09-19 13:36:32,860 - INFO - Completed analysis for AADHARHFC: Score=57.2, Recommendation=HOLD
2025-09-19 13:36:33,689 - INFO - Comprehensive data extracted for AWL
2025-09-19 13:36:33,689 - INFO - Fundamental analysis completed for AWL: 58 fields
2025-09-19 13:36:33,818 - INFO - Enhanced technical analysis completed for AWL: 52 fields
2025-09-19 13:36:33,851 - INFO - Completed analysis for AWL: Score=33.8, Recommendation=SELL
2025-09-19 13:36:40,122 - INFO - Comprehensive data extracted for AAVAS
2025-09-19 13:36:40,122 - INFO - Fundamental analysis completed for AAVAS: 58 fields
2025-09-19 13:36:40,798 - INFO - Enhanced technical analysis completed for AAVAS: 52 fields
2025-09-19 13:36:40,840 - INFO - Completed analysis for AAVAS: Score=51.7, Recommendation=HOLD
2025-09-19 13:36:41,876 - INFO - Comprehensive data extracted for AARTIIND
2025-09-19 13:36:41,876 - INFO - Fundamental analysis completed for AARTIIND: 58 fields
2025-09-19 13:36:42,038 - INFO - Enhanced technical analysis completed for AARTIIND: 52 fields
2025-09-19 13:36:42,083 - INFO - Completed analysis for AARTIIND: Score=35.3, Recommendation=SELL
2025-09-19 13:36:42,246 - INFO - Comprehensive data extracted for ABBOTINDIA
2025-09-19 13:36:42,248 - INFO - Fundamental analysis completed for ABBOTINDIA: 58 fields
2025-09-19 13:36:42,510 - INFO - Enhanced technical analysis completed for ABBOTINDIA: 52 fields
2025-09-19 13:36:42,543 - INFO - Completed analysis for ABBOTINDIA: Score=38.3, Recommendation=SELL
2025-09-19 13:36:42,685 - INFO - Comprehensive data extracted for ACE
2025-09-19 13:36:42,685 - INFO - Fundamental analysis completed for ACE: 58 fields
2025-09-19 13:36:42,902 - INFO - Enhanced technical analysis completed for ACE: 52 fields
2025-09-19 13:36:42,947 - INFO - Completed analysis for ACE: Score=37.9, Recommendation=SELL
2025-09-19 13:36:43,527 - INFO - Comprehensive data extracted for ADANIENSOL
2025-09-19 13:36:43,528 - INFO - Fundamental analysis completed for ADANIENSOL: 58 fields
2025-09-19 13:36:43,703 - INFO - Enhanced technical analysis completed for ADANIENSOL: 52 fields
2025-09-19 13:36:43,775 - INFO - Completed analysis for ADANIENSOL: Score=34.2, Recommendation=SELL
2025-09-19 13:36:49,403 - INFO - Comprehensive data extracted for ADANIGREEN
2025-09-19 13:36:49,407 - INFO - Fundamental analysis completed for ADANIGREEN: 58 fields
2025-09-19 13:36:49,570 - INFO - Enhanced technical analysis completed for ADANIGREEN: 52 fields
2025-09-19 13:36:49,632 - INFO - Completed analysis for ADANIGREEN: Score=38.7, Recommendation=SELL
2025-09-19 13:36:49,717 - INFO - Comprehensive data extracted for ADANIENT
2025-09-19 13:36:49,718 - INFO - Fundamental analysis completed for ADANIENT: 58 fields
2025-09-19 13:36:49,760 - INFO - Comprehensive data extracted for ADANIPORTS
2025-09-19 13:36:49,760 - INFO - Fundamental analysis completed for ADANIPORTS: 58 fields
2025-09-19 13:36:49,919 - INFO - Enhanced technical analysis completed for ADANIENT: 52 fields
2025-09-19 13:36:49,970 - INFO - Enhanced technical analysis completed for ADANIPORTS: 52 fields
2025-09-19 13:36:50,011 - INFO - Completed analysis for ADANIENT: Score=29.3, Recommendation=SELL
2025-09-19 13:36:50,059 - INFO - Completed analysis for ADANIPORTS: Score=46.7, Recommendation=WEAK SELL
2025-09-19 13:36:50,289 - INFO - Comprehensive data extracted for ADANIPOWER
2025-09-19 13:36:50,292 - INFO - Fundamental analysis completed for ADANIPOWER: 58 fields
2025-09-19 13:36:50,460 - INFO - Enhanced technical analysis completed for ADANIPOWER: 52 fields
2025-09-19 13:36:50,520 - INFO - Completed analysis for ADANIPOWER: Score=33.7, Recommendation=SELL
2025-09-19 13:36:50,562 - INFO - Comprehensive data extracted for ATGL
2025-09-19 13:36:50,564 - INFO - Fundamental analysis completed for ATGL: 58 fields
2025-09-19 13:36:50,744 - INFO - Enhanced technical analysis completed for ATGL: 52 fields
2025-09-19 13:36:50,810 - INFO - Completed analysis for ATGL: Score=35.6, Recommendation=SELL
2025-09-19 13:36:56,556 - INFO - Comprehensive data extracted for ABCAPITAL
2025-09-19 13:36:56,572 - INFO - Fundamental analysis completed for ABCAPITAL: 58 fields
2025-09-19 13:36:56,590 - INFO - Comprehensive data extracted for ABREL
2025-09-19 13:36:56,597 - INFO - Fundamental analysis completed for ABREL: 58 fields
2025-09-19 13:36:56,633 - INFO - Comprehensive data extracted for ABFRL
2025-09-19 13:36:56,633 - INFO - Fundamental analysis completed for ABFRL: 58 fields
2025-09-19 13:36:56,797 - INFO - Enhanced technical analysis completed for ABREL: 52 fields
2025-09-19 13:36:56,858 - INFO - Completed analysis for ABREL: Score=37.3, Recommendation=SELL
2025-09-19 13:36:56,937 - INFO - Enhanced technical analysis completed for ABCAPITAL: 52 fields
2025-09-19 13:36:56,999 - INFO - Enhanced technical analysis completed for ABFRL: 52 fields
2025-09-19 13:36:57,052 - INFO - Completed analysis for ABFRL: Score=31.6, Recommendation=SELL
2025-09-19 13:36:57,075 - INFO - Completed analysis for ABCAPITAL: Score=41.9, Recommendation=WEAK SELL
2025-09-19 13:36:57,351 - INFO - Comprehensive data extracted for ABSLAMC
2025-09-19 13:36:57,356 - INFO - Fundamental analysis completed for ABSLAMC: 58 fields
2025-09-19 13:36:57,539 - INFO - Enhanced technical analysis completed for ABSLAMC: 52 fields
2025-09-19 13:36:57,564 - INFO - Comprehensive data extracted for AEGISLOG
2025-09-19 13:36:57,564 - INFO - Fundamental analysis completed for AEGISLOG: 58 fields
2025-09-19 13:36:57,602 - INFO - Completed analysis for ABSLAMC: Score=45.5, Recommendation=WEAK SELL
2025-09-19 13:36:57,738 - INFO - Enhanced technical analysis completed for AEGISLOG: 52 fields
2025-09-19 13:36:57,802 - INFO - Completed analysis for AEGISLOG: Score=27.8, Recommendation=SELL
2025-09-19 13:37:03,424 - INFO - Comprehensive data extracted for AFCONS
2025-09-19 13:37:03,426 - INFO - Fundamental analysis completed for AFCONS: 58 fields
2025-09-19 13:37:03,452 - INFO - Comprehensive data extracted for AFFLE
2025-09-19 13:37:03,452 - INFO - Fundamental analysis completed for AFFLE: 58 fields
2025-09-19 13:37:03,620 - INFO - Comprehensive data extracted for AJANTPHARM
2025-09-19 13:37:03,622 - INFO - Enhanced technical analysis completed for AFCONS: 52 fields
2025-09-19 13:37:03,623 - INFO - Fundamental analysis completed for AJANTPHARM: 58 fields
2025-09-19 13:37:03,692 - INFO - Enhanced technical analysis completed for AFFLE: 52 fields
2025-09-19 13:37:03,727 - INFO - Completed analysis for AFCONS: Score=34.4, Recommendation=SELL
2025-09-19 13:37:03,771 - INFO - Completed analysis for AFFLE: Score=37.6, Recommendation=SELL
2025-09-19 13:37:03,822 - INFO - Enhanced technical analysis completed for AJANTPHARM: 52 fields
2025-09-19 13:37:03,885 - INFO - Completed analysis for AJANTPHARM: Score=37.1, Recommendation=SELL
2025-09-19 13:37:04,404 - INFO - Comprehensive data extracted for AKUMS
2025-09-19 13:37:04,404 - INFO - Fundamental analysis completed for AKUMS: 58 fields
2025-09-19 13:37:04,461 - INFO - Comprehensive data extracted for APLLTD
2025-09-19 13:37:04,461 - INFO - Fundamental analysis completed for APLLTD: 58 fields
2025-09-19 13:37:04,598 - INFO - Enhanced technical analysis completed for AKUMS: 52 fields
2025-09-19 13:37:04,693 - INFO - Enhanced technical analysis completed for APLLTD: 52 fields
2025-09-19 13:37:04,703 - INFO - Completed analysis for AKUMS: Score=38.9, Recommendation=SELL
2025-09-19 13:37:04,793 - INFO - Completed analysis for APLLTD: Score=36.6, Recommendation=SELL
