2025-09-03 17:18:19,454 - INFO - Top 200 NSE Stock Analysis Initialized
2025-09-03 17:18:19,454 - INFO - Using default stock list from stock_list_template.csv
2025-09-03 17:18:19,454 - INFO - Loading stocks from CSV: stock_list_template.csv
2025-09-03 17:18:19,464 - INFO - Loaded 200 stocks with company names
2025-09-03 17:18:19,464 - INFO - Sample stocks: ABB, ACC, APLAPOLLO, AUBANK, ADANIENSOL
2025-09-03 17:18:19,467 - INFO - Starting batch analysis of 200 stocks
2025-09-03 17:18:20,532 - INFO - Comprehensive data extracted for ABB
2025-09-03 17:18:20,532 - INFO - Fundamental analysis completed for ABB: 58 fields
2025-09-03 17:18:20,633 - INFO - Comprehensive data extracted for APLAPOLLO
2025-09-03 17:18:20,633 - INFO - Fundamental analysis completed for APLAPOLLO: 58 fields
2025-09-03 17:18:20,701 - INFO - Enhanced technical analysis completed for ABB: 52 fields
2025-09-03 17:18:20,734 - INFO - Comprehensive data extracted for ACC
2025-09-03 17:18:20,734 - INFO - Fundamental analysis completed for ACC: 58 fields
2025-09-03 17:18:20,768 - INFO - Completed analysis for ABB: Score=56.6, Recommendation=HOLD
2025-09-03 17:18:20,873 - INFO - Enhanced technical analysis completed for APLAPOLLO: 52 fields
2025-09-03 17:18:20,915 - INFO - Completed analysis for APLAPOLLO: Score=30.5, Recommendation=SELL
2025-09-03 17:18:21,003 - INFO - Enhanced technical analysis completed for ACC: 52 fields
2025-09-03 17:18:21,066 - INFO - Completed analysis for ACC: Score=68.3, Recommendation=BUY (VALUE)
2025-09-03 17:18:21,188 - INFO - Comprehensive data extracted for AUBANK
2025-09-03 17:18:21,191 - INFO - Fundamental analysis completed for AUBANK: 58 fields
2025-09-03 17:18:21,473 - INFO - Enhanced technical analysis completed for AUBANK: 52 fields
2025-09-03 17:18:21,515 - INFO - Completed analysis for AUBANK: Score=64.7, Recommendation=BUY
2025-09-03 17:18:21,530 - INFO - Comprehensive data extracted for ADANIENSOL
2025-09-03 17:18:21,530 - INFO - Fundamental analysis completed for ADANIENSOL: 58 fields
2025-09-03 17:18:21,789 - INFO - Enhanced technical analysis completed for ADANIENSOL: 52 fields
2025-09-03 17:18:21,844 - INFO - Completed analysis for ADANIENSOL: Score=28.4, Recommendation=SELL
2025-09-03 17:18:27,438 - INFO - Comprehensive data extracted for ADANIPORTS
2025-09-03 17:18:27,446 - INFO - Fundamental analysis completed for ADANIPORTS: 58 fields
2025-09-03 17:18:27,489 - INFO - Comprehensive data extracted for ADANIENT
2025-09-03 17:18:27,493 - INFO - Fundamental analysis completed for ADANIENT: 58 fields
2025-09-03 17:18:27,591 - INFO - Enhanced technical analysis completed for ADANIPORTS: 52 fields
2025-09-03 17:18:27,608 - INFO - Comprehensive data extracted for ADANIGREEN
2025-09-03 17:18:27,610 - INFO - Fundamental analysis completed for ADANIGREEN: 58 fields
2025-09-03 17:18:27,716 - INFO - Enhanced technical analysis completed for ADANIENT: 52 fields
2025-09-03 17:18:27,716 - INFO - Completed analysis for ADANIPORTS: Score=47.8, Recommendation=WEAK SELL
2025-09-03 17:18:27,757 - INFO - Completed analysis for ADANIENT: Score=29.8, Recommendation=SELL
2025-09-03 17:18:27,834 - INFO - Enhanced technical analysis completed for ADANIGREEN: 52 fields
2025-09-03 17:18:27,877 - INFO - Completed analysis for ADANIGREEN: Score=42.2, Recommendation=WEAK SELL
2025-09-03 17:18:28,061 - INFO - Comprehensive data extracted for ATGL
2025-09-03 17:18:28,061 - INFO - Fundamental analysis completed for ATGL: 58 fields
2025-09-03 17:18:28,327 - INFO - Enhanced technical analysis completed for ATGL: 52 fields
2025-09-03 17:18:28,379 - INFO - Completed analysis for ATGL: Score=33.7, Recommendation=SELL
2025-09-03 17:18:28,600 - INFO - Comprehensive data extracted for ADANIPOWER
2025-09-03 17:18:28,602 - INFO - Fundamental analysis completed for ADANIPOWER: 58 fields
2025-09-03 17:18:28,949 - INFO - Enhanced technical analysis completed for ADANIPOWER: 52 fields
2025-09-03 17:18:29,005 - INFO - Completed analysis for ADANIPOWER: Score=40.6, Recommendation=WEAK SELL
2025-09-03 17:18:34,503 - INFO - Comprehensive data extracted for ABCAPITAL
2025-09-03 17:18:34,510 - INFO - Fundamental analysis completed for ABCAPITAL: 58 fields
2025-09-03 17:18:34,597 - INFO - Comprehensive data extracted for ABFRL
2025-09-03 17:18:34,621 - INFO - Comprehensive data extracted for ALKEM
2025-09-03 17:18:34,623 - INFO - Fundamental analysis completed for ABFRL: 58 fields
2025-09-03 17:18:34,623 - INFO - Fundamental analysis completed for ALKEM: 58 fields
2025-09-03 17:18:34,752 - INFO - Enhanced technical analysis completed for ABCAPITAL: 52 fields
2025-09-03 17:18:34,864 - INFO - Enhanced technical analysis completed for ABFRL: 52 fields
2025-09-03 17:18:34,873 - INFO - Completed analysis for ABCAPITAL: Score=43.0, Recommendation=WEAK SELL
2025-09-03 17:18:34,916 - INFO - Completed analysis for ABFRL: Score=29.4, Recommendation=SELL
2025-09-03 17:18:35,018 - INFO - Enhanced technical analysis completed for ALKEM: 52 fields
2025-09-03 17:18:35,068 - INFO - Completed analysis for ALKEM: Score=43.5, Recommendation=WEAK SELL
2025-09-03 17:18:35,288 - INFO - Comprehensive data extracted for AMBUJACEM
2025-09-03 17:18:35,290 - INFO - Fundamental analysis completed for AMBUJACEM: 58 fields
2025-09-03 17:18:35,385 - INFO - Comprehensive data extracted for APOLLOHOSP
2025-09-03 17:18:35,395 - INFO - Fundamental analysis completed for APOLLOHOSP: 58 fields
2025-09-03 17:18:35,458 - INFO - Enhanced technical analysis completed for AMBUJACEM: 52 fields
2025-09-03 17:18:35,504 - INFO - Completed analysis for AMBUJACEM: Score=50.8, Recommendation=HOLD
2025-09-03 17:18:35,702 - INFO - Enhanced technical analysis completed for APOLLOHOSP: 52 fields
2025-09-03 17:18:35,751 - INFO - Completed analysis for APOLLOHOSP: Score=36.1, Recommendation=SELL
2025-09-03 17:18:41,498 - INFO - Comprehensive data extracted for ASIANPAINT
2025-09-03 17:18:41,498 - INFO - Fundamental analysis completed for ASIANPAINT: 58 fields
2025-09-03 17:18:41,521 - INFO - Comprehensive data extracted for APOLLOTYRE
2025-09-03 17:18:41,525 - INFO - Fundamental analysis completed for APOLLOTYRE: 58 fields
2025-09-03 17:18:41,767 - INFO - Comprehensive data extracted for ASHOKLEY
2025-09-03 17:18:41,775 - INFO - Fundamental analysis completed for ASHOKLEY: 58 fields
2025-09-03 17:18:41,816 - INFO - Enhanced technical analysis completed for APOLLOTYRE: 52 fields
2025-09-03 17:18:41,835 - INFO - Enhanced technical analysis completed for ASIANPAINT: 52 fields
2025-09-03 17:18:41,907 - INFO - Completed analysis for APOLLOTYRE: Score=31.7, Recommendation=SELL
2025-09-03 17:18:41,924 - INFO - Completed analysis for ASIANPAINT: Score=31.3, Recommendation=SELL
2025-09-03 17:18:42,082 - INFO - Enhanced technical analysis completed for ASHOKLEY: 52 fields
2025-09-03 17:18:42,129 - INFO - Completed analysis for ASHOKLEY: Score=40.0, Recommendation=WEAK SELL
2025-09-03 17:18:42,514 - INFO - Comprehensive data extracted for ASTRAL
2025-09-03 17:18:42,518 - INFO - Fundamental analysis completed for ASTRAL: 58 fields
2025-09-03 17:18:42,657 - INFO - Enhanced technical analysis completed for ASTRAL: 52 fields
2025-09-03 17:18:42,716 - INFO - Completed analysis for ASTRAL: Score=23.6, Recommendation=SELL
2025-09-03 17:18:42,843 - INFO - Comprehensive data extracted for AUROPHARMA
2025-09-03 17:18:42,843 - INFO - Fundamental analysis completed for AUROPHARMA: 58 fields
2025-09-03 17:18:43,415 - INFO - Enhanced technical analysis completed for AUROPHARMA: 52 fields
2025-09-03 17:18:43,464 - INFO - Completed analysis for AUROPHARMA: Score=45.1, Recommendation=WEAK SELL
2025-09-03 17:18:49,034 - INFO - Comprehensive data extracted for BSE
2025-09-03 17:18:49,035 - INFO - Fundamental analysis completed for BSE: 58 fields
2025-09-03 17:18:49,079 - INFO - Comprehensive data extracted for DMART
2025-09-03 17:18:49,079 - INFO - Fundamental analysis completed for DMART: 58 fields
2025-09-03 17:18:49,267 - INFO - Comprehensive data extracted for AXISBANK
2025-09-03 17:18:49,284 - INFO - Fundamental analysis completed for AXISBANK: 58 fields
2025-09-03 17:18:49,469 - INFO - Enhanced technical analysis completed for BSE: 52 fields
2025-09-03 17:18:49,819 - INFO - Enhanced technical analysis completed for DMART: 52 fields
2025-09-03 17:18:49,870 - INFO - Enhanced technical analysis completed for AXISBANK: 52 fields
2025-09-03 17:18:49,878 - INFO - Completed analysis for BSE: Score=61.8, Recommendation=BUY
2025-09-03 17:18:49,993 - INFO - Completed analysis for DMART: Score=23.0, Recommendation=SELL
2025-09-03 17:18:50,008 - INFO - Completed analysis for AXISBANK: Score=72.9, Recommendation=STRONG BUY (UNDERVALUED)
2025-09-03 17:18:50,473 - INFO - Comprehensive data extracted for BAJAJ-AUTO
2025-09-03 17:18:50,475 - INFO - Fundamental analysis completed for BAJAJ-AUTO: 58 fields
2025-09-03 17:18:50,706 - INFO - Enhanced technical analysis completed for BAJAJ-AUTO: 52 fields
2025-09-03 17:18:50,786 - INFO - Completed analysis for BAJAJ-AUTO: Score=38.8, Recommendation=SELL
2025-09-03 17:18:51,088 - INFO - Comprehensive data extracted for BAJFINANCE
2025-09-03 17:18:51,093 - INFO - Fundamental analysis completed for BAJFINANCE: 58 fields
2025-09-03 17:18:51,567 - INFO - Enhanced technical analysis completed for BAJFINANCE: 52 fields
2025-09-03 17:18:51,667 - INFO - Completed analysis for BAJFINANCE: Score=54.5, Recommendation=HOLD
2025-09-03 17:18:57,122 - INFO - Comprehensive data extracted for BAJAJHLDNG
2025-09-03 17:18:57,125 - INFO - Fundamental analysis completed for BAJAJHLDNG: 58 fields
2025-09-03 17:18:57,243 - INFO - Comprehensive data extracted for BAJAJHFL
2025-09-03 17:18:57,247 - INFO - Fundamental analysis completed for BAJAJHFL: 58 fields
2025-09-03 17:18:57,610 - INFO - Enhanced technical analysis completed for BAJAJHFL: 52 fields
2025-09-03 17:18:57,675 - INFO - Enhanced technical analysis completed for BAJAJHLDNG: 52 fields
2025-09-03 17:18:57,851 - INFO - Completed analysis for BAJAJHFL: Score=41.0, Recommendation=WEAK SELL
2025-09-03 17:18:57,867 - INFO - Comprehensive data extracted for BAJAJFINSV
2025-09-03 17:18:57,879 - INFO - Fundamental analysis completed for BAJAJFINSV: 58 fields
2025-09-03 17:18:57,891 - INFO - Completed analysis for BAJAJHLDNG: Score=73.8, Recommendation=STRONG BUY (UNDERVALUED)
2025-09-03 17:18:58,216 - INFO - Enhanced technical analysis completed for BAJAJFINSV: 52 fields
2025-09-03 17:18:58,309 - INFO - Comprehensive data extracted for BANDHANBNK
2025-09-03 17:18:58,309 - INFO - Fundamental analysis completed for BANDHANBNK: 58 fields
2025-09-03 17:18:58,431 - INFO - Completed analysis for BAJAJFINSV: Score=52.1, Recommendation=HOLD
2025-09-03 17:18:58,507 - INFO - Enhanced technical analysis completed for BANDHANBNK: 52 fields
2025-09-03 17:18:58,567 - INFO - Comprehensive data extracted for BANKBARODA
2025-09-03 17:18:58,567 - INFO - Fundamental analysis completed for BANKBARODA: 58 fields
2025-09-03 17:18:58,655 - INFO - Completed analysis for BANDHANBNK: Score=65.7, Recommendation=BUY (VALUE)
2025-09-03 17:18:59,049 - INFO - Enhanced technical analysis completed for BANKBARODA: 52 fields
2025-09-03 17:18:59,119 - INFO - Completed analysis for BANKBARODA: Score=77.9, Recommendation=STRONG BUY (UNDERVALUED)
2025-09-03 17:19:04,624 - INFO - Comprehensive data extracted for BDL
2025-09-03 17:19:04,626 - INFO - Fundamental analysis completed for BDL: 58 fields
2025-09-03 17:19:04,760 - INFO - Comprehensive data extracted for BANKINDIA
2025-09-03 17:19:04,766 - INFO - Fundamental analysis completed for BANKINDIA: 58 fields
2025-09-03 17:19:04,866 - INFO - Comprehensive data extracted for MAHABANK
2025-09-03 17:19:04,888 - INFO - Fundamental analysis completed for MAHABANK: 58 fields
2025-09-03 17:19:04,956 - INFO - Enhanced technical analysis completed for BDL: 52 fields
2025-09-03 17:19:05,035 - INFO - Completed analysis for BDL: Score=60.3, Recommendation=BUY
2025-09-03 17:19:05,293 - INFO - Enhanced technical analysis completed for MAHABANK: 52 fields
2025-09-03 17:19:05,295 - INFO - Enhanced technical analysis completed for BANKINDIA: 52 fields
2025-09-03 17:19:05,425 - INFO - Completed analysis for MAHABANK: Score=85.8, Recommendation=STRONG BUY (UNDERVALUED)
2025-09-03 17:19:05,449 - INFO - Completed analysis for BANKINDIA: Score=80.4, Recommendation=STRONG BUY (UNDERVALUED)
2025-09-03 17:19:05,679 - INFO - Comprehensive data extracted for BEL
2025-09-03 17:19:05,686 - INFO - Fundamental analysis completed for BEL: 58 fields
2025-09-03 17:19:06,044 - INFO - Enhanced technical analysis completed for BEL: 52 fields
2025-09-03 17:19:06,123 - INFO - Completed analysis for BEL: Score=53.8, Recommendation=HOLD
2025-09-03 17:19:06,422 - INFO - Comprehensive data extracted for BHARATFORG
2025-09-03 17:19:06,423 - INFO - Fundamental analysis completed for BHARATFORG: 58 fields
2025-09-03 17:19:06,622 - INFO - Enhanced technical analysis completed for BHARATFORG: 52 fields
2025-09-03 17:19:06,682 - INFO - Completed analysis for BHARATFORG: Score=31.4, Recommendation=SELL
2025-09-03 17:19:12,586 - INFO - Comprehensive data extracted for BHEL
2025-09-03 17:19:12,593 - INFO - Comprehensive data extracted for BPCL
2025-09-03 17:19:12,593 - INFO - Fundamental analysis completed for BHEL: 58 fields
2025-09-03 17:19:12,598 - INFO - Fundamental analysis completed for BPCL: 58 fields
2025-09-03 17:19:12,642 - INFO - Comprehensive data extracted for BHARTIARTL
2025-09-03 17:19:12,644 - INFO - Fundamental analysis completed for BHARTIARTL: 58 fields
2025-09-03 17:19:12,971 - INFO - Enhanced technical analysis completed for BHEL: 52 fields
2025-09-03 17:19:13,048 - INFO - Enhanced technical analysis completed for BPCL: 52 fields
2025-09-03 17:19:13,082 - INFO - Enhanced technical analysis completed for BHARTIARTL: 52 fields
2025-09-03 17:19:13,199 - INFO - Completed analysis for BHEL: Score=31.0, Recommendation=SELL
2025-09-03 17:19:13,257 - INFO - Completed analysis for BPCL: Score=58.0, Recommendation=HOLD
2025-09-03 17:19:13,281 - INFO - Completed analysis for BHARTIARTL: Score=50.9, Recommendation=HOLD
2025-09-03 17:19:13,780 - INFO - Comprehensive data extracted for BHARTIHEXA
2025-09-03 17:19:13,786 - INFO - Fundamental analysis completed for BHARTIHEXA: 58 fields
2025-09-03 17:19:13,830 - INFO - Comprehensive data extracted for BIOCON
2025-09-03 17:19:13,832 - INFO - Fundamental analysis completed for BIOCON: 58 fields
2025-09-03 17:19:14,149 - INFO - Enhanced technical analysis completed for BHARTIHEXA: 52 fields
2025-09-03 17:19:14,186 - INFO - Enhanced technical analysis completed for BIOCON: 52 fields
2025-09-03 17:19:14,312 - INFO - Completed analysis for BHARTIHEXA: Score=44.6, Recommendation=WEAK SELL
2025-09-03 17:19:14,344 - INFO - Completed analysis for BIOCON: Score=37.1, Recommendation=SELL
2025-09-03 17:19:20,136 - INFO - Comprehensive data extracted for CGPOWER
2025-09-03 17:19:20,150 - INFO - Comprehensive data extracted for BOSCHLTD
2025-09-03 17:19:20,166 - INFO - Fundamental analysis completed for CGPOWER: 58 fields
2025-09-03 17:19:20,172 - INFO - Comprehensive data extracted for BRITANNIA
2025-09-03 17:19:20,172 - INFO - Fundamental analysis completed for BOSCHLTD: 58 fields
2025-09-03 17:19:20,173 - INFO - Fundamental analysis completed for BRITANNIA: 58 fields
2025-09-03 17:19:20,623 - INFO - Enhanced technical analysis completed for BOSCHLTD: 52 fields
2025-09-03 17:19:20,707 - INFO - Enhanced technical analysis completed for BRITANNIA: 52 fields
2025-09-03 17:19:20,712 - INFO - Enhanced technical analysis completed for CGPOWER: 52 fields
2025-09-03 17:19:20,991 - INFO - Completed analysis for BRITANNIA: Score=36.5, Recommendation=SELL
2025-09-03 17:19:21,007 - INFO - Completed analysis for BOSCHLTD: Score=44.6, Recommendation=WEAK SELL
2025-09-03 17:19:21,026 - INFO - Completed analysis for CGPOWER: Score=39.3, Recommendation=SELL
2025-09-03 17:19:21,740 - INFO - Comprehensive data extracted for CANBK
2025-09-03 17:19:21,740 - INFO - Fundamental analysis completed for CANBK: 58 fields
2025-09-03 17:19:21,828 - INFO - Comprehensive data extracted for CHOLAFIN
2025-09-03 17:19:21,829 - INFO - Fundamental analysis completed for CHOLAFIN: 58 fields
2025-09-03 17:19:22,038 - INFO - Enhanced technical analysis completed for CANBK: 52 fields
2025-09-03 17:19:22,200 - INFO - Enhanced technical analysis completed for CHOLAFIN: 52 fields
2025-09-03 17:19:22,235 - INFO - Completed analysis for CANBK: Score=87.9, Recommendation=STRONG BUY (UNDERVALUED)
2025-09-03 17:19:22,313 - INFO - Completed analysis for CHOLAFIN: Score=42.1, Recommendation=WEAK SELL
2025-09-03 17:19:27,996 - INFO - Comprehensive data extracted for COCHINSHIP
2025-09-03 17:19:28,000 - INFO - Fundamental analysis completed for COCHINSHIP: 58 fields
2025-09-03 17:19:28,069 - INFO - Comprehensive data extracted for CIPLA
2025-09-03 17:19:28,072 - INFO - Fundamental analysis completed for CIPLA: 58 fields
2025-09-03 17:19:28,279 - INFO - Enhanced technical analysis completed for COCHINSHIP: 52 fields
2025-09-03 17:19:28,419 - INFO - Comprehensive data extracted for COALINDIA
2025-09-03 17:19:28,447 - INFO - Fundamental analysis completed for COALINDIA: 58 fields
2025-09-03 17:19:28,532 - INFO - Enhanced technical analysis completed for CIPLA: 52 fields
2025-09-03 17:19:28,584 - INFO - Completed analysis for COCHINSHIP: Score=43.9, Recommendation=WEAK SELL
2025-09-03 17:19:28,840 - INFO - Completed analysis for CIPLA: Score=44.1, Recommendation=WEAK SELL
2025-09-03 17:19:28,840 - INFO - Enhanced technical analysis completed for COALINDIA: 52 fields
2025-09-03 17:19:28,945 - INFO - Completed analysis for COALINDIA: Score=56.4, Recommendation=HOLD
2025-09-03 17:19:29,265 - INFO - Comprehensive data extracted for COFORGE
2025-09-03 17:19:29,265 - INFO - Fundamental analysis completed for COFORGE: 58 fields
2025-09-03 17:19:29,372 - INFO - Comprehensive data extracted for COLPAL
2025-09-03 17:19:29,372 - INFO - Fundamental analysis completed for COLPAL: 58 fields
2025-09-03 17:19:29,529 - INFO - Enhanced technical analysis completed for COFORGE: 52 fields
2025-09-03 17:19:29,721 - INFO - Enhanced technical analysis completed for COLPAL: 52 fields
2025-09-03 17:19:29,732 - INFO - Completed analysis for COFORGE: Score=34.5, Recommendation=SELL
2025-09-03 17:19:29,830 - INFO - Completed analysis for COLPAL: Score=29.3, Recommendation=SELL
2025-09-03 17:19:35,597 - INFO - Comprehensive data extracted for CONCOR
2025-09-03 17:19:35,597 - INFO - Fundamental analysis completed for CONCOR: 58 fields
2025-09-03 17:19:35,702 - INFO - Comprehensive data extracted for DLF
2025-09-03 17:19:35,702 - INFO - Comprehensive data extracted for CUMMINSIND
2025-09-03 17:19:35,706 - INFO - Fundamental analysis completed for DLF: 58 fields
2025-09-03 17:19:35,706 - INFO - Fundamental analysis completed for CUMMINSIND: 58 fields
2025-09-03 17:19:35,891 - INFO - Enhanced technical analysis completed for CONCOR: 52 fields
2025-09-03 17:19:36,157 - INFO - Enhanced technical analysis completed for DLF: 52 fields
2025-09-03 17:19:36,174 - INFO - Enhanced technical analysis completed for CUMMINSIND: 52 fields
2025-09-03 17:19:36,206 - INFO - Completed analysis for CONCOR: Score=36.8, Recommendation=SELL
2025-09-03 17:19:36,338 - INFO - Completed analysis for DLF: Score=44.5, Recommendation=WEAK SELL
2025-09-03 17:19:36,344 - INFO - Completed analysis for CUMMINSIND: Score=56.7, Recommendation=HOLD
2025-09-03 17:19:36,770 - INFO - Comprehensive data extracted for DABUR
2025-09-03 17:19:36,770 - INFO - Fundamental analysis completed for DABUR: 58 fields
2025-09-03 17:19:37,003 - INFO - Comprehensive data extracted for DIVISLAB
2025-09-03 17:19:37,019 - INFO - Fundamental analysis completed for DIVISLAB: 58 fields
2025-09-03 17:19:37,118 - INFO - Enhanced technical analysis completed for DABUR: 52 fields
2025-09-03 17:19:37,266 - INFO - Completed analysis for DABUR: Score=36.5, Recommendation=SELL
2025-09-03 17:19:37,323 - INFO - Enhanced technical analysis completed for DIVISLAB: 52 fields
2025-09-03 17:19:37,430 - INFO - Completed analysis for DIVISLAB: Score=55.8, Recommendation=HOLD
2025-09-03 17:19:43,138 - INFO - Comprehensive data extracted for EICHERMOT
2025-09-03 17:19:43,141 - INFO - Fundamental analysis completed for EICHERMOT: 58 fields
2025-09-03 17:19:43,250 - INFO - Comprehensive data extracted for DIXON
2025-09-03 17:19:43,266 - INFO - Comprehensive data extracted for DRREDDY
2025-09-03 17:19:43,274 - INFO - Fundamental analysis completed for DIXON: 58 fields
2025-09-03 17:19:43,277 - INFO - Fundamental analysis completed for DRREDDY: 58 fields
2025-09-03 17:19:43,425 - INFO - Enhanced technical analysis completed for EICHERMOT: 52 fields
2025-09-03 17:19:43,620 - INFO - Enhanced technical analysis completed for DRREDDY: 52 fields
2025-09-03 17:19:43,703 - INFO - Enhanced technical analysis completed for DIXON: 52 fields
2025-09-03 17:19:43,708 - INFO - Completed analysis for EICHERMOT: Score=36.7, Recommendation=SELL
2025-09-03 17:19:43,823 - INFO - Completed analysis for DRREDDY: Score=66.5, Recommendation=BUY
2025-09-03 17:19:43,855 - INFO - Completed analysis for DIXON: Score=41.9, Recommendation=WEAK SELL
2025-09-03 17:19:44,275 - INFO - Comprehensive data extracted for ESCORTS
2025-09-03 17:19:44,280 - INFO - Fundamental analysis completed for ESCORTS: 58 fields
2025-09-03 17:19:44,415 - INFO - Comprehensive data extracted for ETERNAL
2025-09-03 17:19:44,464 - INFO - Fundamental analysis completed for ETERNAL: 58 fields
2025-09-03 17:19:44,571 - INFO - Enhanced technical analysis completed for ESCORTS: 52 fields
2025-09-03 17:19:44,760 - INFO - Completed analysis for ESCORTS: Score=45.3, Recommendation=WEAK SELL
2025-09-03 17:19:44,760 - INFO - Enhanced technical analysis completed for ETERNAL: 52 fields
2025-09-03 17:19:44,844 - INFO - Completed analysis for ETERNAL: Score=28.5, Recommendation=SELL
2025-09-03 17:19:50,611 - INFO - Comprehensive data extracted for NYKAA
2025-09-03 17:19:50,613 - INFO - Fundamental analysis completed for NYKAA: 58 fields
2025-09-03 17:19:50,689 - INFO - Comprehensive data extracted for FEDERALBNK
2025-09-03 17:19:50,691 - INFO - Fundamental analysis completed for FEDERALBNK: 58 fields
2025-09-03 17:19:50,767 - INFO - Comprehensive data extracted for EXIDEIND
2025-09-03 17:19:50,769 - INFO - Fundamental analysis completed for EXIDEIND: 58 fields
2025-09-03 17:19:50,894 - INFO - Enhanced technical analysis completed for NYKAA: 52 fields
2025-09-03 17:19:51,106 - INFO - Enhanced technical analysis completed for FEDERALBNK: 52 fields
2025-09-03 17:19:51,166 - INFO - Completed analysis for NYKAA: Score=33.1, Recommendation=SELL
2025-09-03 17:19:51,174 - INFO - Enhanced technical analysis completed for EXIDEIND: 52 fields
2025-09-03 17:19:51,240 - INFO - Completed analysis for FEDERALBNK: Score=71.9, Recommendation=STRONG BUY (UNDERVALUED)
2025-09-03 17:19:51,300 - INFO - Completed analysis for EXIDEIND: Score=42.9, Recommendation=WEAK SELL
2025-09-03 17:19:51,839 - INFO - Comprehensive data extracted for GAIL
2025-09-03 17:19:51,849 - INFO - Comprehensive data extracted for GMRAIRPORT
2025-09-03 17:19:51,850 - INFO - Fundamental analysis completed for GAIL: 58 fields
2025-09-03 17:19:51,850 - INFO - Fundamental analysis completed for GMRAIRPORT: 58 fields
2025-09-03 17:19:52,061 - INFO - Enhanced technical analysis completed for GMRAIRPORT: 52 fields
2025-09-03 17:19:52,225 - INFO - Enhanced technical analysis completed for GAIL: 52 fields
2025-09-03 17:19:52,225 - INFO - Completed analysis for GMRAIRPORT: Score=47.7, Recommendation=WEAK SELL
2025-09-03 17:19:52,327 - INFO - Completed analysis for GAIL: Score=57.0, Recommendation=HOLD
2025-09-03 17:19:57,927 - INFO - Comprehensive data extracted for GODREJPROP
2025-09-03 17:19:57,929 - INFO - Fundamental analysis completed for GODREJPROP: 58 fields
2025-09-03 17:19:57,996 - INFO - Comprehensive data extracted for GLENMARK
2025-09-03 17:19:58,027 - INFO - Fundamental analysis completed for GLENMARK: 58 fields
2025-09-03 17:19:58,038 - INFO - Comprehensive data extracted for GODREJCP
2025-09-03 17:19:58,044 - INFO - Fundamental analysis completed for GODREJCP: 58 fields
2025-09-03 17:19:58,149 - INFO - Enhanced technical analysis completed for GODREJPROP: 52 fields
2025-09-03 17:19:58,281 - INFO - Completed analysis for GODREJPROP: Score=26.9, Recommendation=SELL
2025-09-03 17:19:58,397 - INFO - Enhanced technical analysis completed for GLENMARK: 52 fields
2025-09-03 17:19:58,458 - INFO - Enhanced technical analysis completed for GODREJCP: 52 fields
2025-09-03 17:19:58,577 - INFO - Completed analysis for GLENMARK: Score=27.9, Recommendation=SELL
2025-09-03 17:19:58,613 - INFO - Completed analysis for GODREJCP: Score=34.5, Recommendation=SELL
2025-09-03 17:19:58,888 - INFO - Comprehensive data extracted for GRASIM
2025-09-03 17:19:58,888 - INFO - Fundamental analysis completed for GRASIM: 58 fields
2025-09-03 17:19:59,185 - INFO - Enhanced technical analysis completed for GRASIM: 52 fields
2025-09-03 17:19:59,287 - INFO - Completed analysis for GRASIM: Score=40.6, Recommendation=WEAK SELL
2025-09-03 17:19:59,340 - INFO - Comprehensive data extracted for HCLTECH
2025-09-03 17:19:59,342 - INFO - Fundamental analysis completed for HCLTECH: 58 fields
2025-09-03 17:19:59,702 - INFO - Enhanced technical analysis completed for HCLTECH: 52 fields
2025-09-03 17:19:59,805 - INFO - Completed analysis for HCLTECH: Score=56.0, Recommendation=HOLD
2025-09-03 17:20:05,541 - INFO - Comprehensive data extracted for HDFCBANK
2025-09-03 17:20:05,568 - INFO - Fundamental analysis completed for HDFCBANK: 58 fields
2025-09-03 17:20:05,589 - INFO - Comprehensive data extracted for HDFCLIFE
2025-09-03 17:20:05,622 - INFO - Fundamental analysis completed for HDFCLIFE: 58 fields
2025-09-03 17:20:05,654 - INFO - Comprehensive data extracted for HDFCAMC
2025-09-03 17:20:05,654 - INFO - Fundamental analysis completed for HDFCAMC: 58 fields
2025-09-03 17:20:06,060 - INFO - Enhanced technical analysis completed for HDFCAMC: 52 fields
2025-09-03 17:20:06,060 - INFO - Enhanced technical analysis completed for HDFCBANK: 52 fields
2025-09-03 17:20:06,071 - INFO - Enhanced technical analysis completed for HDFCLIFE: 52 fields
2025-09-03 17:20:06,242 - INFO - Completed analysis for HDFCAMC: Score=42.0, Recommendation=WEAK SELL
2025-09-03 17:20:06,246 - INFO - Completed analysis for HDFCBANK: Score=67.6, Recommendation=BUY
2025-09-03 17:20:06,293 - INFO - Completed analysis for HDFCLIFE: Score=43.4, Recommendation=WEAK SELL
2025-09-03 17:20:06,774 - INFO - Comprehensive data extracted for HEROMOTOCO
2025-09-03 17:20:06,774 - INFO - Fundamental analysis completed for HEROMOTOCO: 58 fields
2025-09-03 17:20:06,841 - INFO - Comprehensive data extracted for HAVELLS
2025-09-03 17:20:06,841 - INFO - Fundamental analysis completed for HAVELLS: 58 fields
2025-09-03 17:20:06,996 - INFO - Enhanced technical analysis completed for HEROMOTOCO: 52 fields
2025-09-03 17:20:07,108 - INFO - Enhanced technical analysis completed for HAVELLS: 52 fields
2025-09-03 17:20:07,159 - INFO - Completed analysis for HEROMOTOCO: Score=42.1, Recommendation=WEAK SELL
2025-09-03 17:20:07,243 - INFO - Completed analysis for HAVELLS: Score=33.7, Recommendation=SELL
2025-09-03 17:20:12,924 - INFO - Comprehensive data extracted for HINDPETRO
2025-09-03 17:20:12,946 - INFO - Fundamental analysis completed for HINDPETRO: 58 fields
2025-09-03 17:20:12,964 - INFO - Comprehensive data extracted for HINDALCO
2025-09-03 17:20:12,971 - INFO - Fundamental analysis completed for HINDALCO: 58 fields
2025-09-03 17:20:13,221 - INFO - Comprehensive data extracted for HAL
2025-09-03 17:20:13,221 - INFO - Fundamental analysis completed for HAL: 58 fields
2025-09-03 17:20:13,303 - INFO - Enhanced technical analysis completed for HINDALCO: 52 fields
2025-09-03 17:20:13,423 - INFO - Enhanced technical analysis completed for HINDPETRO: 52 fields
2025-09-03 17:20:13,542 - INFO - Completed analysis for HINDALCO: Score=78.2, Recommendation=STRONG BUY (UNDERVALUED)
2025-09-03 17:20:13,682 - INFO - Enhanced technical analysis completed for HAL: 52 fields
2025-09-03 17:20:13,682 - INFO - Completed analysis for HINDPETRO: Score=57.6, Recommendation=HOLD
2025-09-03 17:20:13,784 - INFO - Completed analysis for HAL: Score=50.0, Recommendation=HOLD
2025-09-03 17:20:14,107 - INFO - Comprehensive data extracted for HINDUNILVR
2025-09-03 17:20:14,109 - INFO - Fundamental analysis completed for HINDUNILVR: 58 fields
2025-09-03 17:20:14,433 - INFO - Comprehensive data extracted for HINDZINC
2025-09-03 17:20:14,464 - INFO - Fundamental analysis completed for HINDZINC: 58 fields
2025-09-03 17:20:14,543 - INFO - Enhanced technical analysis completed for HINDUNILVR: 52 fields
2025-09-03 17:20:14,619 - INFO - Completed analysis for HINDUNILVR: Score=35.5, Recommendation=SELL
2025-09-03 17:20:14,764 - INFO - Enhanced technical analysis completed for HINDZINC: 52 fields
2025-09-03 17:20:14,850 - INFO - Completed analysis for HINDZINC: Score=54.7, Recommendation=HOLD
2025-09-03 17:20:20,408 - INFO - Comprehensive data extracted for HYUNDAI
2025-09-03 17:20:20,410 - INFO - Fundamental analysis completed for HYUNDAI: 58 fields
2025-09-03 17:20:20,660 - INFO - Comprehensive data extracted for ICICIBANK
2025-09-03 17:20:20,662 - INFO - Enhanced technical analysis completed for HYUNDAI: 52 fields
2025-09-03 17:20:20,662 - INFO - Fundamental analysis completed for ICICIBANK: 58 fields
2025-09-03 17:20:20,744 - INFO - Completed analysis for HYUNDAI: Score=36.3, Recommendation=SELL
2025-09-03 17:20:20,822 - INFO - Comprehensive data extracted for HUDCO
2025-09-03 17:20:20,830 - INFO - Fundamental analysis completed for HUDCO: 58 fields
2025-09-03 17:20:20,948 - INFO - Enhanced technical analysis completed for ICICIBANK: 52 fields
2025-09-03 17:20:21,104 - INFO - Completed analysis for ICICIBANK: Score=70.9, Recommendation=STRONG BUY
2025-09-03 17:20:21,121 - INFO - Enhanced technical analysis completed for HUDCO: 52 fields
2025-09-03 17:20:21,207 - INFO - Completed analysis for HUDCO: Score=61.6, Recommendation=BUY
2025-09-03 17:20:21,409 - INFO - Comprehensive data extracted for ICICIGI
2025-09-03 17:20:21,409 - INFO - Fundamental analysis completed for ICICIGI: 58 fields
2025-09-03 17:20:21,643 - INFO - Enhanced technical analysis completed for ICICIGI: 52 fields
2025-09-03 17:20:21,719 - INFO - Completed analysis for ICICIGI: Score=55.5, Recommendation=HOLD
2025-09-03 17:20:21,883 - INFO - Comprehensive data extracted for ICICIPRULI
2025-09-03 17:20:21,883 - INFO - Fundamental analysis completed for ICICIPRULI: 58 fields
2025-09-03 17:20:22,095 - INFO - Enhanced technical analysis completed for ICICIPRULI: 52 fields
2025-09-03 17:20:22,186 - INFO - Completed analysis for ICICIPRULI: Score=45.0, Recommendation=WEAK SELL
2025-09-03 17:20:27,867 - INFO - Comprehensive data extracted for IDFCFIRSTB
2025-09-03 17:20:27,867 - INFO - Fundamental analysis completed for IDFCFIRSTB: 58 fields
2025-09-03 17:20:27,972 - INFO - Comprehensive data extracted for ITC
2025-09-03 17:20:27,972 - INFO - Fundamental analysis completed for ITC: 58 fields
2025-09-03 17:20:28,096 - INFO - Enhanced technical analysis completed for IDFCFIRSTB: 52 fields
2025-09-03 17:20:28,188 - INFO - Comprehensive data extracted for IRB
2025-09-03 17:20:28,218 - INFO - Fundamental analysis completed for IRB: 58 fields
2025-09-03 17:20:28,321 - INFO - Enhanced technical analysis completed for ITC: 52 fields
2025-09-03 17:20:28,345 - INFO - Completed analysis for IDFCFIRSTB: Score=50.4, Recommendation=HOLD
2025-09-03 17:20:28,433 - INFO - Completed analysis for ITC: Score=53.5, Recommendation=HOLD
2025-09-03 17:20:28,540 - INFO - Enhanced technical analysis completed for IRB: 52 fields
2025-09-03 17:20:28,631 - INFO - Completed analysis for IRB: Score=64.8, Recommendation=BUY (VALUE)
2025-09-03 17:20:28,942 - INFO - Comprehensive data extracted for INDIANB
2025-09-03 17:20:28,965 - INFO - Fundamental analysis completed for INDIANB: 58 fields
2025-09-03 17:20:29,006 - INFO - Comprehensive data extracted for INDHOTEL
2025-09-03 17:20:29,024 - INFO - Fundamental analysis completed for INDHOTEL: 58 fields
2025-09-03 17:20:29,388 - INFO - Enhanced technical analysis completed for INDHOTEL: 52 fields
2025-09-03 17:20:29,460 - INFO - Enhanced technical analysis completed for INDIANB: 52 fields
2025-09-03 17:20:29,631 - INFO - Completed analysis for INDHOTEL: Score=50.2, Recommendation=HOLD
2025-09-03 17:20:29,641 - INFO - Completed analysis for INDIANB: Score=87.0, Recommendation=STRONG BUY (UNDERVALUED)
2025-09-03 17:20:35,256 - INFO - Comprehensive data extracted for IOC
2025-09-03 17:20:35,256 - INFO - Fundamental analysis completed for IOC: 58 fields
2025-09-03 17:20:35,362 - INFO - Comprehensive data extracted for IRCTC
2025-09-03 17:20:35,400 - INFO - Comprehensive data extracted for IRFC
2025-09-03 17:20:35,401 - INFO - Fundamental analysis completed for IRCTC: 58 fields
2025-09-03 17:20:35,402 - INFO - Fundamental analysis completed for IRFC: 58 fields
2025-09-03 17:20:35,790 - INFO - Enhanced technical analysis completed for IOC: 52 fields
2025-09-03 17:20:35,865 - INFO - Enhanced technical analysis completed for IRCTC: 52 fields
2025-09-03 17:20:35,890 - INFO - Enhanced technical analysis completed for IRFC: 52 fields
2025-09-03 17:20:36,055 - INFO - Completed analysis for IOC: Score=58.7, Recommendation=HOLD
2025-09-03 17:20:36,088 - INFO - Completed analysis for IRCTC: Score=38.4, Recommendation=SELL
2025-09-03 17:20:36,098 - INFO - Completed analysis for IRFC: Score=74.0, Recommendation=STRONG BUY
2025-09-03 17:20:36,685 - INFO - Comprehensive data extracted for IGL
2025-09-03 17:20:36,686 - INFO - Fundamental analysis completed for IGL: 58 fields
2025-09-03 17:20:36,739 - INFO - Comprehensive data extracted for IREDA
2025-09-03 17:20:36,740 - INFO - Fundamental analysis completed for IREDA: 58 fields
2025-09-03 17:20:36,905 - INFO - Enhanced technical analysis completed for IGL: 52 fields
2025-09-03 17:20:37,012 - INFO - Enhanced technical analysis completed for IREDA: 52 fields
2025-09-03 17:20:37,139 - INFO - Completed analysis for IGL: Score=56.4, Recommendation=HOLD
2025-09-03 17:20:37,179 - INFO - Completed analysis for IREDA: Score=48.9, Recommendation=WEAK SELL
2025-09-03 17:20:42,908 - INFO - Comprehensive data extracted for INDUSINDBK
2025-09-03 17:20:42,920 - INFO - Comprehensive data extracted for INDUSTOWER
2025-09-03 17:20:42,931 - INFO - Comprehensive data extracted for NAUKRI
2025-09-03 17:20:42,931 - INFO - Fundamental analysis completed for INDUSINDBK: 58 fields
2025-09-03 17:20:42,931 - INFO - Fundamental analysis completed for INDUSTOWER: 58 fields
2025-09-03 17:20:42,931 - INFO - Fundamental analysis completed for NAUKRI: 58 fields
2025-09-03 17:20:43,404 - INFO - Enhanced technical analysis completed for NAUKRI: 52 fields
2025-09-03 17:20:43,487 - INFO - Enhanced technical analysis completed for INDUSINDBK: 52 fields
2025-09-03 17:20:43,504 - INFO - Enhanced technical analysis completed for INDUSTOWER: 52 fields
2025-09-03 17:20:43,638 - INFO - Completed analysis for INDUSINDBK: Score=53.2, Recommendation=HOLD
2025-09-03 17:20:43,644 - INFO - Completed analysis for INDUSTOWER: Score=67.1, Recommendation=BUY (VALUE)
2025-09-03 17:20:43,714 - INFO - Completed analysis for NAUKRI: Score=50.4, Recommendation=HOLD
2025-09-03 17:20:44,571 - INFO - Comprehensive data extracted for INFY
2025-09-03 17:20:44,580 - INFO - Fundamental analysis completed for INFY: 58 fields
2025-09-03 17:20:44,888 - INFO - Enhanced technical analysis completed for INFY: 52 fields
2025-09-03 17:20:44,968 - INFO - Completed analysis for INFY: Score=59.0, Recommendation=HOLD
2025-09-03 17:20:45,880 - INFO - Comprehensive data extracted for INDIGO
2025-09-03 17:20:45,885 - INFO - Fundamental analysis completed for INDIGO: 58 fields
2025-09-03 17:20:46,107 - INFO - Enhanced technical analysis completed for INDIGO: 52 fields
2025-09-03 17:20:46,189 - INFO - Completed analysis for INDIGO: Score=26.7, Recommendation=SELL
2025-09-03 17:20:51,727 - INFO - Comprehensive data extracted for JSWSTEEL
2025-09-03 17:20:51,733 - INFO - Comprehensive data extracted for JINDALSTEL
2025-09-03 17:20:51,733 - INFO - Fundamental analysis completed for JSWSTEEL: 58 fields
2025-09-03 17:20:51,733 - INFO - Fundamental analysis completed for JINDALSTEL: 58 fields
2025-09-03 17:20:52,196 - INFO - Enhanced technical analysis completed for JSWSTEEL: 52 fields
2025-09-03 17:20:52,196 - INFO - Enhanced technical analysis completed for JINDALSTEL: 52 fields
2025-09-03 17:20:52,255 - INFO - Comprehensive data extracted for JSWENERGY
2025-09-03 17:20:52,255 - INFO - Fundamental analysis completed for JSWENERGY: 58 fields
2025-09-03 17:20:52,359 - INFO - Completed analysis for JINDALSTEL: Score=35.4, Recommendation=SELL
2025-09-03 17:20:52,365 - INFO - Completed analysis for JSWSTEEL: Score=36.8, Recommendation=SELL
2025-09-03 17:20:52,560 - INFO - Enhanced technical analysis completed for JSWENERGY: 52 fields
2025-09-03 17:20:52,650 - INFO - Completed analysis for JSWENERGY: Score=44.9, Recommendation=WEAK SELL
2025-09-03 17:20:53,116 - INFO - Comprehensive data extracted for JIOFIN
2025-09-03 17:20:53,116 - INFO - Fundamental analysis completed for JIOFIN: 58 fields
2025-09-03 17:20:53,168 - INFO - Comprehensive data extracted for JUBLFOOD
2025-09-03 17:20:53,170 - INFO - Fundamental analysis completed for JUBLFOOD: 58 fields
2025-09-03 17:20:53,437 - INFO - Enhanced technical analysis completed for JIOFIN: 52 fields
2025-09-03 17:20:53,487 - INFO - Enhanced technical analysis completed for JUBLFOOD: 52 fields
2025-09-03 17:20:53,616 - INFO - Completed analysis for JIOFIN: Score=45.3, Recommendation=WEAK SELL
2025-09-03 17:20:53,632 - INFO - Completed analysis for JUBLFOOD: Score=38.6, Recommendation=SELL
2025-09-03 17:20:59,279 - INFO - Comprehensive data extracted for KPITTECH
2025-09-03 17:20:59,309 - INFO - Fundamental analysis completed for KPITTECH: 58 fields
2025-09-03 17:20:59,385 - INFO - Comprehensive data extracted for KOTAKBANK
2025-09-03 17:20:59,385 - INFO - Comprehensive data extracted for KALYANKJIL
2025-09-03 17:20:59,393 - INFO - Fundamental analysis completed for KOTAKBANK: 58 fields
2025-09-03 17:20:59,393 - INFO - Fundamental analysis completed for KALYANKJIL: 58 fields
2025-09-03 17:20:59,669 - INFO - Enhanced technical analysis completed for KALYANKJIL: 52 fields
2025-09-03 17:20:59,845 - INFO - Enhanced technical analysis completed for KOTAKBANK: 52 fields
2025-09-03 17:20:59,852 - INFO - Enhanced technical analysis completed for KPITTECH: 52 fields
2025-09-03 17:20:59,909 - INFO - Completed analysis for KALYANKJIL: Score=42.2, Recommendation=WEAK SELL
2025-09-03 17:21:00,017 - INFO - Completed analysis for KOTAKBANK: Score=65.0, Recommendation=BUY
2025-09-03 17:21:00,052 - INFO - Completed analysis for KPITTECH: Score=34.2, Recommendation=SELL
2025-09-03 17:21:00,603 - INFO - Comprehensive data extracted for LTF
2025-09-03 17:21:00,612 - INFO - Fundamental analysis completed for LTF: 58 fields
2025-09-03 17:21:00,855 - INFO - Comprehensive data extracted for LICHSGFIN
2025-09-03 17:21:00,875 - INFO - Fundamental analysis completed for LICHSGFIN: 58 fields
2025-09-03 17:21:00,887 - INFO - Enhanced technical analysis completed for LTF: 52 fields
2025-09-03 17:21:00,972 - INFO - Completed analysis for LTF: Score=55.5, Recommendation=HOLD
2025-09-03 17:21:01,129 - INFO - Enhanced technical analysis completed for LICHSGFIN: 52 fields
2025-09-03 17:21:01,232 - INFO - Completed analysis for LICHSGFIN: Score=68.0, Recommendation=BUY (VALUE)
2025-09-03 17:21:06,777 - INFO - Comprehensive data extracted for LICI
2025-09-03 17:21:06,783 - INFO - Fundamental analysis completed for LICI: 58 fields
2025-09-03 17:21:06,845 - INFO - Comprehensive data extracted for LTIM
2025-09-03 17:21:06,846 - INFO - Fundamental analysis completed for LTIM: 58 fields
2025-09-03 17:21:06,948 - INFO - Comprehensive data extracted for LT
2025-09-03 17:21:06,950 - INFO - Fundamental analysis completed for LT: 58 fields
2025-09-03 17:21:07,358 - INFO - Enhanced technical analysis completed for LICI: 52 fields
2025-09-03 17:21:07,368 - INFO - Enhanced technical analysis completed for LT: 52 fields
2025-09-03 17:21:07,373 - INFO - Enhanced technical analysis completed for LTIM: 52 fields
2025-09-03 17:21:07,541 - INFO - Completed analysis for LICI: Score=62.3, Recommendation=BUY (VALUE)
2025-09-03 17:21:07,607 - INFO - Completed analysis for LTIM: Score=57.7, Recommendation=HOLD
2025-09-03 17:21:07,607 - INFO - Completed analysis for LT: Score=41.3, Recommendation=WEAK SELL
2025-09-03 17:21:08,131 - INFO - Comprehensive data extracted for LODHA
2025-09-03 17:21:08,135 - INFO - Fundamental analysis completed for LODHA: 58 fields
2025-09-03 17:21:08,354 - INFO - Enhanced technical analysis completed for LODHA: 52 fields
2025-09-03 17:21:08,419 - INFO - Completed analysis for LODHA: Score=51.9, Recommendation=HOLD
2025-09-03 17:21:08,480 - INFO - Comprehensive data extracted for LUPIN
2025-09-03 17:21:08,484 - INFO - Fundamental analysis completed for LUPIN: 58 fields
2025-09-03 17:21:08,709 - INFO - Enhanced technical analysis completed for LUPIN: 52 fields
2025-09-03 17:21:08,786 - INFO - Completed analysis for LUPIN: Score=52.0, Recommendation=HOLD
2025-09-03 17:21:14,566 - INFO - Comprehensive data extracted for MRF
2025-09-03 17:21:14,566 - INFO - Fundamental analysis completed for MRF: 58 fields
2025-09-03 17:21:14,677 - INFO - Comprehensive data extracted for M&M
2025-09-03 17:21:14,677 - INFO - Fundamental analysis completed for M&M: 58 fields
2025-09-03 17:21:14,733 - INFO - Comprehensive data extracted for M&MFIN
2025-09-03 17:21:14,738 - INFO - Fundamental analysis completed for M&MFIN: 58 fields
2025-09-03 17:21:14,871 - INFO - Enhanced technical analysis completed for MRF: 52 fields
2025-09-03 17:21:14,977 - INFO - Enhanced technical analysis completed for M&M: 52 fields
2025-09-03 17:21:15,161 - INFO - Completed analysis for MRF: Score=32.8, Recommendation=SELL
2025-09-03 17:21:15,167 - INFO - Enhanced technical analysis completed for M&MFIN: 52 fields
2025-09-03 17:21:15,285 - INFO - Completed analysis for M&M: Score=43.8, Recommendation=WEAK SELL
2025-09-03 17:21:15,293 - INFO - Completed analysis for M&MFIN: Score=70.8, Recommendation=STRONG BUY (UNDERVALUED)
2025-09-03 17:21:15,975 - INFO - Comprehensive data extracted for MARICO
2025-09-03 17:21:15,975 - INFO - Fundamental analysis completed for MARICO: 58 fields
2025-09-03 17:21:16,277 - INFO - Enhanced technical analysis completed for MARICO: 52 fields
2025-09-03 17:21:16,662 - INFO - Completed analysis for MARICO: Score=43.0, Recommendation=WEAK SELL
2025-09-03 17:21:17,042 - INFO - Comprehensive data extracted for MANKIND
2025-09-03 17:21:17,044 - INFO - Fundamental analysis completed for MANKIND: 58 fields
2025-09-03 17:21:17,328 - INFO - Enhanced technical analysis completed for MANKIND: 52 fields
2025-09-03 17:21:17,403 - INFO - Completed analysis for MANKIND: Score=38.5, Recommendation=SELL
2025-09-03 17:21:23,014 - INFO - Comprehensive data extracted for MARUTI
2025-09-03 17:21:23,019 - INFO - Fundamental analysis completed for MARUTI: 58 fields
2025-09-03 17:21:23,091 - INFO - Comprehensive data extracted for MFSL
2025-09-03 17:21:23,092 - INFO - Fundamental analysis completed for MFSL: 58 fields
2025-09-03 17:21:23,204 - INFO - Enhanced technical analysis completed for MARUTI: 52 fields
2025-09-03 17:21:23,340 - INFO - Comprehensive data extracted for MAXHEALTH
2025-09-03 17:21:23,352 - INFO - Fundamental analysis completed for MAXHEALTH: 58 fields
2025-09-03 17:21:23,352 - INFO - Enhanced technical analysis completed for MFSL: 52 fields
2025-09-03 17:21:23,461 - INFO - Completed analysis for MARUTI: Score=48.4, Recommendation=WEAK SELL
2025-09-03 17:21:23,476 - INFO - Completed analysis for MFSL: Score=19.1, Recommendation=SELL
2025-09-03 17:21:23,650 - INFO - Enhanced technical analysis completed for MAXHEALTH: 52 fields
2025-09-03 17:21:23,725 - INFO - Completed analysis for MAXHEALTH: Score=43.3, Recommendation=WEAK SELL
2025-09-03 17:21:24,198 - INFO - Comprehensive data extracted for MAZDOCK
2025-09-03 17:21:24,203 - INFO - Fundamental analysis completed for MAZDOCK: 58 fields
2025-09-03 17:21:24,206 - INFO - Comprehensive data extracted for MOTILALOFS
2025-09-03 17:21:24,211 - INFO - Fundamental analysis completed for MOTILALOFS: 58 fields
2025-09-03 17:21:24,427 - INFO - Enhanced technical analysis completed for MOTILALOFS: 52 fields
2025-09-03 17:21:24,495 - INFO - Completed analysis for MOTILALOFS: Score=55.4, Recommendation=HOLD
2025-09-03 17:21:24,626 - INFO - Enhanced technical analysis completed for MAZDOCK: 52 fields
2025-09-03 17:21:24,707 - INFO - Completed analysis for MAZDOCK: Score=47.7, Recommendation=WEAK SELL
2025-09-03 17:21:30,420 - INFO - Comprehensive data extracted for MPHASIS
2025-09-03 17:21:30,438 - INFO - Comprehensive data extracted for NHPC
2025-09-03 17:21:30,438 - INFO - Fundamental analysis completed for MPHASIS: 58 fields
2025-09-03 17:21:30,438 - INFO - Fundamental analysis completed for NHPC: 58 fields
2025-09-03 17:21:30,581 - INFO - Comprehensive data extracted for MUTHOOTFIN
2025-09-03 17:21:30,582 - INFO - Fundamental analysis completed for MUTHOOTFIN: 58 fields
2025-09-03 17:21:30,771 - INFO - Enhanced technical analysis completed for MPHASIS: 52 fields
2025-09-03 17:21:31,020 - INFO - Enhanced technical analysis completed for MUTHOOTFIN: 52 fields
2025-09-03 17:21:31,020 - INFO - Enhanced technical analysis completed for NHPC: 52 fields
2025-09-03 17:21:31,054 - INFO - Completed analysis for MPHASIS: Score=47.1, Recommendation=WEAK SELL
2025-09-03 17:21:31,170 - INFO - Completed analysis for NHPC: Score=48.8, Recommendation=WEAK SELL
2025-09-03 17:21:31,170 - INFO - Completed analysis for MUTHOOTFIN: Score=73.5, Recommendation=STRONG BUY
2025-09-03 17:21:31,615 - INFO - Comprehensive data extracted for NMDC
2025-09-03 17:21:31,616 - INFO - Fundamental analysis completed for NMDC: 58 fields
2025-09-03 17:21:31,686 - INFO - Comprehensive data extracted for NTPCGREEN
2025-09-03 17:21:31,686 - INFO - Fundamental analysis completed for NTPCGREEN: 58 fields
2025-09-03 17:21:31,825 - INFO - Enhanced technical analysis completed for NMDC: 52 fields
2025-09-03 17:21:31,907 - INFO - Completed analysis for NMDC: Score=73.0, Recommendation=STRONG BUY (UNDERVALUED)
2025-09-03 17:21:32,006 - INFO - Enhanced technical analysis completed for NTPCGREEN: 52 fields
2025-09-03 17:21:32,063 - INFO - Completed analysis for NTPCGREEN: Score=40.5, Recommendation=WEAK SELL
2025-09-03 17:21:37,895 - INFO - Comprehensive data extracted for NTPC
2025-09-03 17:21:37,905 - INFO - Comprehensive data extracted for NESTLEIND
2025-09-03 17:21:37,908 - INFO - Fundamental analysis completed for NTPC: 58 fields
2025-09-03 17:21:37,908 - INFO - Fundamental analysis completed for NESTLEIND: 58 fields
2025-09-03 17:21:38,002 - INFO - Comprehensive data extracted for NATIONALUM
2025-09-03 17:21:38,002 - INFO - Fundamental analysis completed for NATIONALUM: 58 fields
2025-09-03 17:21:38,151 - INFO - Enhanced technical analysis completed for NTPC: 52 fields
2025-09-03 17:21:38,272 - INFO - Completed analysis for NTPC: Score=47.5, Recommendation=WEAK SELL
2025-09-03 17:21:38,372 - INFO - Enhanced technical analysis completed for NATIONALUM: 52 fields
2025-09-03 17:21:38,453 - INFO - Enhanced technical analysis completed for NESTLEIND: 52 fields
2025-09-03 17:21:38,549 - INFO - Completed analysis for NATIONALUM: Score=74.8, Recommendation=STRONG BUY (UNDERVALUED)
2025-09-03 17:21:38,634 - INFO - Completed analysis for NESTLEIND: Score=32.8, Recommendation=SELL
2025-09-03 17:21:39,172 - INFO - Comprehensive data extracted for OBEROIRLTY
2025-09-03 17:21:39,211 - INFO - Fundamental analysis completed for OBEROIRLTY: 58 fields
2025-09-03 17:21:39,229 - INFO - Comprehensive data extracted for ONGC
2025-09-03 17:21:39,234 - INFO - Fundamental analysis completed for ONGC: 58 fields
2025-09-03 17:21:39,462 - INFO - Enhanced technical analysis completed for OBEROIRLTY: 52 fields
2025-09-03 17:21:39,531 - INFO - Completed analysis for OBEROIRLTY: Score=30.9, Recommendation=SELL
2025-09-03 17:21:39,741 - INFO - Enhanced technical analysis completed for ONGC: 52 fields
2025-09-03 17:21:39,820 - INFO - Completed analysis for ONGC: Score=58.7, Recommendation=HOLD
2025-09-03 17:21:45,633 - INFO - Comprehensive data extracted for PAYTM
2025-09-03 17:21:45,635 - INFO - Fundamental analysis completed for PAYTM: 58 fields
2025-09-03 17:21:45,818 - INFO - Enhanced technical analysis completed for PAYTM: 52 fields
2025-09-03 17:21:45,875 - INFO - Comprehensive data extracted for OLAELEC
2025-09-03 17:21:45,885 - INFO - Fundamental analysis completed for OLAELEC: 58 fields
2025-09-03 17:21:45,940 - INFO - Completed analysis for PAYTM: Score=28.9, Recommendation=SELL
2025-09-03 17:21:46,107 - INFO - Enhanced technical analysis completed for OLAELEC: 52 fields
2025-09-03 17:21:46,217 - INFO - Comprehensive data extracted for OIL
2025-09-03 17:21:46,223 - INFO - Fundamental analysis completed for OIL: 58 fields
2025-09-03 17:21:46,260 - INFO - Completed analysis for OLAELEC: Score=28.2, Recommendation=SELL
2025-09-03 17:21:46,411 - INFO - Enhanced technical analysis completed for OIL: 52 fields
2025-09-03 17:21:46,479 - INFO - Completed analysis for OIL: Score=63.5, Recommendation=BUY (VALUE)
2025-09-03 17:21:46,641 - INFO - Comprehensive data extracted for OFSS
2025-09-03 17:21:46,641 - INFO - Fundamental analysis completed for OFSS: 58 fields
2025-09-03 17:21:47,059 - INFO - Enhanced technical analysis completed for OFSS: 52 fields
2025-09-03 17:21:47,129 - INFO - Completed analysis for OFSS: Score=67.0, Recommendation=BUY
2025-09-03 17:21:47,439 - INFO - Comprehensive data extracted for POLICYBZR
2025-09-03 17:21:47,439 - INFO - Fundamental analysis completed for POLICYBZR: 58 fields
2025-09-03 17:21:47,587 - INFO - Enhanced technical analysis completed for POLICYBZR: 52 fields
2025-09-03 17:21:47,643 - INFO - Completed analysis for POLICYBZR: Score=36.4, Recommendation=SELL
2025-09-03 17:21:53,339 - INFO - Comprehensive data extracted for PATANJALI
2025-09-03 17:21:53,341 - INFO - Fundamental analysis completed for PATANJALI: 58 fields
2025-09-03 17:21:53,403 - INFO - Comprehensive data extracted for PIIND
2025-09-03 17:21:53,403 - INFO - Fundamental analysis completed for PIIND: 58 fields
2025-09-03 17:21:53,451 - INFO - Comprehensive data extracted for PAGEIND
2025-09-03 17:21:53,451 - INFO - Fundamental analysis completed for PAGEIND: 58 fields
2025-09-03 17:21:53,586 - INFO - Enhanced technical analysis completed for PIIND: 52 fields
2025-09-03 17:21:53,778 - INFO - Enhanced technical analysis completed for PATANJALI: 52 fields
2025-09-03 17:21:53,864 - INFO - Enhanced technical analysis completed for PAGEIND: 52 fields
2025-09-03 17:21:53,888 - INFO - Completed analysis for PIIND: Score=27.0, Recommendation=SELL
2025-09-03 17:21:54,015 - INFO - Completed analysis for PATANJALI: Score=34.7, Recommendation=SELL
2025-09-03 17:21:54,021 - INFO - Completed analysis for PAGEIND: Score=40.0, Recommendation=WEAK SELL
2025-09-03 17:21:54,862 - INFO - Comprehensive data extracted for PERSISTENT
2025-09-03 17:21:54,864 - INFO - Fundamental analysis completed for PERSISTENT: 58 fields
2025-09-03 17:21:54,942 - INFO - Comprehensive data extracted for PETRONET
2025-09-03 17:21:54,943 - INFO - Fundamental analysis completed for PETRONET: 58 fields
2025-09-03 17:21:55,235 - INFO - Enhanced technical analysis completed for PETRONET: 52 fields
2025-09-03 17:21:55,243 - INFO - Enhanced technical analysis completed for PERSISTENT: 52 fields
2025-09-03 17:21:55,374 - INFO - Completed analysis for PERSISTENT: Score=63.1, Recommendation=BUY
2025-09-03 17:21:55,382 - INFO - Completed analysis for PETRONET: Score=49.2, Recommendation=WEAK SELL
2025-09-03 17:22:01,027 - INFO - Comprehensive data extracted for PHOENIXLTD
2025-09-03 17:22:01,054 - INFO - Fundamental analysis completed for PHOENIXLTD: 58 fields
2025-09-03 17:22:01,096 - INFO - Comprehensive data extracted for PIDILITIND
2025-09-03 17:22:01,097 - INFO - Fundamental analysis completed for PIDILITIND: 58 fields
2025-09-03 17:22:01,264 - INFO - Comprehensive data extracted for POLYCAB
2025-09-03 17:22:01,266 - INFO - Fundamental analysis completed for POLYCAB: 58 fields
2025-09-03 17:22:01,460 - INFO - Enhanced technical analysis completed for PHOENIXLTD: 52 fields
2025-09-03 17:22:01,539 - INFO - Enhanced technical analysis completed for PIDILITIND: 52 fields
2025-09-03 17:22:01,617 - INFO - Enhanced technical analysis completed for POLYCAB: 52 fields
2025-09-03 17:22:01,750 - INFO - Completed analysis for PHOENIXLTD: Score=34.9, Recommendation=SELL
2025-09-03 17:22:01,780 - INFO - Completed analysis for PIDILITIND: Score=47.2, Recommendation=WEAK SELL
2025-09-03 17:22:01,832 - INFO - Completed analysis for POLYCAB: Score=60.2, Recommendation=BUY
2025-09-03 17:22:02,322 - INFO - Comprehensive data extracted for PFC
2025-09-03 17:22:02,324 - INFO - Fundamental analysis completed for PFC: 58 fields
2025-09-03 17:22:02,401 - INFO - Comprehensive data extracted for POWERGRID
2025-09-03 17:22:02,401 - INFO - Fundamental analysis completed for POWERGRID: 58 fields
2025-09-03 17:22:02,642 - INFO - Enhanced technical analysis completed for PFC: 52 fields
2025-09-03 17:22:02,658 - INFO - Enhanced technical analysis completed for POWERGRID: 52 fields
2025-09-03 17:22:02,780 - INFO - Completed analysis for POWERGRID: Score=47.3, Recommendation=WEAK SELL
2025-09-03 17:22:02,821 - INFO - Completed analysis for PFC: Score=72.5, Recommendation=STRONG BUY (UNDERVALUED)
2025-09-03 17:22:08,512 - INFO - Comprehensive data extracted for PNB
2025-09-03 17:22:08,512 - INFO - Fundamental analysis completed for PNB: 58 fields
2025-09-03 17:22:08,612 - INFO - Comprehensive data extracted for PRESTIGE
2025-09-03 17:22:08,612 - INFO - Fundamental analysis completed for PRESTIGE: 58 fields
2025-09-03 17:22:08,882 - INFO - Enhanced technical analysis completed for PRESTIGE: 52 fields
2025-09-03 17:22:08,947 - INFO - Enhanced technical analysis completed for PNB: 52 fields
2025-09-03 17:22:09,056 - INFO - Completed analysis for PRESTIGE: Score=40.8, Recommendation=WEAK SELL
2025-09-03 17:22:09,101 - INFO - Completed analysis for PNB: Score=87.8, Recommendation=STRONG BUY (UNDERVALUED)
2025-09-03 17:22:09,306 - INFO - Comprehensive data extracted for PREMIERENE
2025-09-03 17:22:09,320 - INFO - Fundamental analysis completed for PREMIERENE: 58 fields
2025-09-03 17:22:09,554 - INFO - Enhanced technical analysis completed for PREMIERENE: 52 fields
2025-09-03 17:22:09,632 - INFO - Completed analysis for PREMIERENE: Score=46.0, Recommendation=WEAK SELL
2025-09-03 17:22:09,741 - INFO - Comprehensive data extracted for RVNL
2025-09-03 17:22:09,764 - INFO - Fundamental analysis completed for RVNL: 58 fields
2025-09-03 17:22:09,774 - INFO - Comprehensive data extracted for RECLTD
2025-09-03 17:22:09,774 - INFO - Fundamental analysis completed for RECLTD: 58 fields
2025-09-03 17:22:10,121 - INFO - Enhanced technical analysis completed for RECLTD: 52 fields
2025-09-03 17:22:10,121 - INFO - Enhanced technical analysis completed for RVNL: 52 fields
2025-09-03 17:22:10,273 - INFO - Completed analysis for RVNL: Score=28.5, Recommendation=SELL
2025-09-03 17:22:10,285 - INFO - Completed analysis for RECLTD: Score=75.0, Recommendation=STRONG BUY (UNDERVALUED)
2025-09-03 17:22:16,001 - INFO - Comprehensive data extracted for SBICARD
2025-09-03 17:22:16,042 - INFO - Comprehensive data extracted for RELIANCE
2025-09-03 17:22:16,047 - INFO - Fundamental analysis completed for SBICARD: 58 fields
2025-09-03 17:22:16,067 - INFO - Fundamental analysis completed for RELIANCE: 58 fields
2025-09-03 17:22:16,092 - INFO - Comprehensive data extracted for SBILIFE
2025-09-03 17:22:16,092 - INFO - Fundamental analysis completed for SBILIFE: 58 fields
2025-09-03 17:22:16,545 - INFO - Enhanced technical analysis completed for SBILIFE: 52 fields
2025-09-03 17:22:16,553 - INFO - Enhanced technical analysis completed for SBICARD: 52 fields
2025-09-03 17:22:16,553 - INFO - Enhanced technical analysis completed for RELIANCE: 52 fields
2025-09-03 17:22:16,756 - INFO - Completed analysis for SBILIFE: Score=55.1, Recommendation=HOLD
2025-09-03 17:22:16,756 - INFO - Completed analysis for SBICARD: Score=30.7, Recommendation=SELL
2025-09-03 17:22:16,782 - INFO - Completed analysis for RELIANCE: Score=50.5, Recommendation=HOLD
2025-09-03 17:22:17,401 - INFO - Comprehensive data extracted for SJVN
2025-09-03 17:22:17,414 - INFO - Fundamental analysis completed for SJVN: 58 fields
2025-09-03 17:22:17,447 - INFO - Comprehensive data extracted for SRF
2025-09-03 17:22:17,450 - INFO - Fundamental analysis completed for SRF: 58 fields
2025-09-03 17:22:17,800 - INFO - Enhanced technical analysis completed for SRF: 52 fields
2025-09-03 17:22:17,800 - INFO - Enhanced technical analysis completed for SJVN: 52 fields
2025-09-03 17:22:17,917 - INFO - Completed analysis for SRF: Score=40.0, Recommendation=SELL
2025-09-03 17:22:17,959 - INFO - Completed analysis for SJVN: Score=36.1, Recommendation=SELL
2025-09-03 17:22:23,607 - INFO - Comprehensive data extracted for SHREECEM
2025-09-03 17:22:23,607 - INFO - Fundamental analysis completed for SHREECEM: 58 fields
2025-09-03 17:22:23,686 - INFO - Comprehensive data extracted for SHRIRAMFIN
2025-09-03 17:22:23,686 - INFO - Fundamental analysis completed for SHRIRAMFIN: 58 fields
2025-09-03 17:22:23,762 - INFO - Comprehensive data extracted for MOTHERSON
2025-09-03 17:22:23,762 - INFO - Fundamental analysis completed for MOTHERSON: 58 fields
2025-09-03 17:22:23,927 - INFO - Enhanced technical analysis completed for SHREECEM: 52 fields
2025-09-03 17:22:24,076 - INFO - Enhanced technical analysis completed for SHRIRAMFIN: 52 fields
2025-09-03 17:22:24,163 - INFO - Enhanced technical analysis completed for MOTHERSON: 52 fields
2025-09-03 17:22:24,274 - INFO - Completed analysis for SHREECEM: Score=33.2, Recommendation=SELL
2025-09-03 17:22:24,297 - INFO - Completed analysis for SHRIRAMFIN: Score=68.3, Recommendation=BUY (VALUE)
2025-09-03 17:22:24,361 - INFO - Completed analysis for MOTHERSON: Score=37.0, Recommendation=SELL
2025-09-03 17:22:24,904 - INFO - Comprehensive data extracted for SIEMENS
2025-09-03 17:22:24,906 - INFO - Fundamental analysis completed for SIEMENS: 58 fields
2025-09-03 17:22:25,011 - INFO - Comprehensive data extracted for SOLARINDS
2025-09-03 17:22:25,011 - INFO - Fundamental analysis completed for SOLARINDS: 58 fields
2025-09-03 17:22:25,157 - INFO - Enhanced technical analysis completed for SIEMENS: 52 fields
2025-09-03 17:22:25,238 - INFO - Completed analysis for SIEMENS: Score=33.5, Recommendation=SELL
2025-09-03 17:22:25,379 - INFO - Enhanced technical analysis completed for SOLARINDS: 52 fields
2025-09-03 17:22:25,488 - INFO - Completed analysis for SOLARINDS: Score=43.3, Recommendation=WEAK SELL
2025-09-03 17:22:31,093 - INFO - Comprehensive data extracted for SBIN
2025-09-03 17:22:31,093 - INFO - Fundamental analysis completed for SBIN: 58 fields
2025-09-03 17:22:31,124 - INFO - Comprehensive data extracted for SONACOMS
2025-09-03 17:22:31,124 - INFO - Fundamental analysis completed for SONACOMS: 58 fields
2025-09-03 17:22:31,242 - INFO - Comprehensive data extracted for SAIL
2025-09-03 17:22:31,270 - INFO - Fundamental analysis completed for SAIL: 58 fields
2025-09-03 17:22:31,395 - INFO - Enhanced technical analysis completed for SONACOMS: 52 fields
2025-09-03 17:22:31,401 - INFO - Enhanced technical analysis completed for SBIN: 52 fields
2025-09-03 17:22:31,514 - INFO - Completed analysis for SONACOMS: Score=27.5, Recommendation=SELL
2025-09-03 17:22:31,519 - INFO - Completed analysis for SBIN: Score=86.2, Recommendation=STRONG BUY (UNDERVALUED)
2025-09-03 17:22:31,605 - INFO - Enhanced technical analysis completed for SAIL: 52 fields
2025-09-03 17:22:31,690 - INFO - Completed analysis for SAIL: Score=61.0, Recommendation=BUY (VALUE)
2025-09-03 17:22:32,004 - INFO - Comprehensive data extracted for SUPREMEIND
2025-09-03 17:22:32,013 - INFO - Fundamental analysis completed for SUPREMEIND: 58 fields
2025-09-03 17:22:32,206 - INFO - Enhanced technical analysis completed for SUPREMEIND: 52 fields
2025-09-03 17:22:32,229 - INFO - Comprehensive data extracted for SUNPHARMA
2025-09-03 17:22:32,229 - INFO - Fundamental analysis completed for SUNPHARMA: 58 fields
2025-09-03 17:22:32,273 - INFO - Completed analysis for SUPREMEIND: Score=25.0, Recommendation=SELL
2025-09-03 17:22:32,451 - INFO - Enhanced technical analysis completed for SUNPHARMA: 52 fields
2025-09-03 17:22:32,514 - INFO - Completed analysis for SUNPHARMA: Score=33.1, Recommendation=SELL
2025-09-03 17:22:38,082 - INFO - Comprehensive data extracted for SWIGGY
2025-09-03 17:22:38,082 - INFO - Fundamental analysis completed for SWIGGY: 58 fields
2025-09-03 17:22:38,176 - INFO - Comprehensive data extracted for TVSMOTOR
2025-09-03 17:22:38,176 - INFO - Fundamental analysis completed for TVSMOTOR: 58 fields
2025-09-03 17:22:38,249 - INFO - Comprehensive data extracted for SUZLON
2025-09-03 17:22:38,249 - INFO - Fundamental analysis completed for SUZLON: 58 fields
2025-09-03 17:22:38,367 - INFO - Enhanced technical analysis completed for SWIGGY: 52 fields
2025-09-03 17:22:38,435 - INFO - Enhanced technical analysis completed for TVSMOTOR: 52 fields
2025-09-03 17:22:38,532 - INFO - Enhanced technical analysis completed for SUZLON: 52 fields
2025-09-03 17:22:38,532 - INFO - Completed analysis for SWIGGY: Score=31.8, Recommendation=SELL
2025-09-03 17:22:38,575 - INFO - Completed analysis for TVSMOTOR: Score=39.5, Recommendation=SELL
2025-09-03 17:22:38,631 - INFO - Completed analysis for SUZLON: Score=38.8, Recommendation=SELL
2025-09-03 17:22:39,075 - INFO - Comprehensive data extracted for TCS
2025-09-03 17:22:39,104 - INFO - Fundamental analysis completed for TCS: 58 fields
2025-09-03 17:22:39,165 - INFO - Comprehensive data extracted for TATACOMM
2025-09-03 17:22:39,165 - INFO - Fundamental analysis completed for TATACOMM: 58 fields
2025-09-03 17:22:39,329 - INFO - Enhanced technical analysis completed for TCS: 52 fields
2025-09-03 17:22:39,381 - INFO - Completed analysis for TCS: Score=59.9, Recommendation=HOLD
2025-09-03 17:22:39,496 - INFO - Enhanced technical analysis completed for TATACOMM: 52 fields
2025-09-03 17:22:39,559 - INFO - Completed analysis for TATACOMM: Score=31.0, Recommendation=SELL
2025-09-03 17:22:45,261 - INFO - Comprehensive data extracted for TATACONSUM
2025-09-03 17:22:45,264 - INFO - Fundamental analysis completed for TATACONSUM: 58 fields
2025-09-03 17:22:45,295 - INFO - Comprehensive data extracted for TATAELXSI
2025-09-03 17:22:45,307 - INFO - Fundamental analysis completed for TATAELXSI: 58 fields
2025-09-03 17:22:45,332 - INFO - Comprehensive data extracted for TATAMOTORS
2025-09-03 17:22:45,335 - INFO - Fundamental analysis completed for TATAMOTORS: 58 fields
2025-09-03 17:22:45,632 - INFO - Enhanced technical analysis completed for TATACONSUM: 52 fields
2025-09-03 17:22:45,718 - INFO - Enhanced technical analysis completed for TATAELXSI: 52 fields
2025-09-03 17:22:45,725 - INFO - Enhanced technical analysis completed for TATAMOTORS: 52 fields
2025-09-03 17:22:45,779 - INFO - Completed analysis for TATACONSUM: Score=40.0, Recommendation=SELL
2025-09-03 17:22:45,842 - INFO - Completed analysis for TATAELXSI: Score=24.9, Recommendation=SELL
2025-09-03 17:22:45,865 - INFO - Completed analysis for TATAMOTORS: Score=47.5, Recommendation=WEAK SELL
2025-09-03 17:22:46,340 - INFO - Comprehensive data extracted for TATAPOWER
2025-09-03 17:22:46,342 - INFO - Fundamental analysis completed for TATAPOWER: 58 fields
2025-09-03 17:22:46,552 - INFO - Enhanced technical analysis completed for TATAPOWER: 52 fields
2025-09-03 17:22:46,631 - INFO - Completed analysis for TATAPOWER: Score=35.5, Recommendation=SELL
2025-09-03 17:22:46,745 - INFO - Comprehensive data extracted for TATASTEEL
2025-09-03 17:22:46,746 - INFO - Fundamental analysis completed for TATASTEEL: 58 fields
2025-09-03 17:22:47,003 - INFO - Enhanced technical analysis completed for TATASTEEL: 52 fields
2025-09-03 17:22:47,067 - INFO - Completed analysis for TATASTEEL: Score=44.7, Recommendation=WEAK SELL
2025-09-03 17:22:52,665 - INFO - Comprehensive data extracted for TATATECH
2025-09-03 17:22:52,669 - INFO - Fundamental analysis completed for TATATECH: 58 fields
2025-09-03 17:22:52,708 - INFO - Comprehensive data extracted for TECHM
2025-09-03 17:22:52,742 - INFO - Comprehensive data extracted for TITAN
2025-09-03 17:22:52,742 - INFO - Fundamental analysis completed for TECHM: 58 fields
2025-09-03 17:22:52,742 - INFO - Fundamental analysis completed for TITAN: 58 fields
2025-09-03 17:22:52,832 - INFO - Enhanced technical analysis completed for TATATECH: 52 fields
2025-09-03 17:22:52,896 - INFO - Completed analysis for TATATECH: Score=29.7, Recommendation=SELL
2025-09-03 17:22:53,029 - INFO - Enhanced technical analysis completed for TITAN: 52 fields
2025-09-03 17:22:53,032 - INFO - Enhanced technical analysis completed for TECHM: 52 fields
2025-09-03 17:22:53,126 - INFO - Completed analysis for TECHM: Score=40.7, Recommendation=WEAK SELL
2025-09-03 17:22:53,165 - INFO - Completed analysis for TITAN: Score=41.9, Recommendation=WEAK SELL
2025-09-03 17:22:53,507 - INFO - Comprehensive data extracted for TORNTPHARM
2025-09-03 17:22:53,507 - INFO - Fundamental analysis completed for TORNTPHARM: 58 fields
2025-09-03 17:22:53,727 - INFO - Comprehensive data extracted for TORNTPOWER
2025-09-03 17:22:53,729 - INFO - Fundamental analysis completed for TORNTPOWER: 58 fields
2025-09-03 17:22:53,829 - INFO - Enhanced technical analysis completed for TORNTPHARM: 52 fields
2025-09-03 17:22:53,887 - INFO - Completed analysis for TORNTPHARM: Score=39.6, Recommendation=SELL
2025-09-03 17:22:54,038 - INFO - Enhanced technical analysis completed for TORNTPOWER: 52 fields
2025-09-03 17:22:54,107 - INFO - Completed analysis for TORNTPOWER: Score=34.5, Recommendation=SELL
2025-09-03 17:22:59,611 - INFO - Comprehensive data extracted for TIINDIA
2025-09-03 17:22:59,611 - INFO - Fundamental analysis completed for TIINDIA: 58 fields
2025-09-03 17:22:59,765 - INFO - Enhanced technical analysis completed for TIINDIA: 52 fields
2025-09-03 17:22:59,807 - INFO - Completed analysis for TIINDIA: Score=28.1, Recommendation=SELL
2025-09-03 17:22:59,946 - INFO - Comprehensive data extracted for TRENT
2025-09-03 17:22:59,985 - INFO - Comprehensive data extracted for UPL
2025-09-03 17:22:59,987 - INFO - Fundamental analysis completed for TRENT: 58 fields
2025-09-03 17:22:59,989 - INFO - Fundamental analysis completed for UPL: 58 fields
2025-09-03 17:23:00,162 - INFO - Enhanced technical analysis completed for TRENT: 52 fields
2025-09-03 17:23:00,207 - INFO - Completed analysis for TRENT: Score=36.5, Recommendation=SELL
2025-09-03 17:23:00,315 - INFO - Enhanced technical analysis completed for UPL: 52 fields
2025-09-03 17:23:00,420 - INFO - Comprehensive data extracted for ULTRACEMCO
2025-09-03 17:23:00,446 - INFO - Fundamental analysis completed for ULTRACEMCO: 58 fields
2025-09-03 17:23:00,586 - INFO - Enhanced technical analysis completed for ULTRACEMCO: 52 fields
2025-09-03 17:23:00,635 - INFO - Completed analysis for ULTRACEMCO: Score=42.8, Recommendation=WEAK SELL
2025-09-03 17:23:00,677 - INFO - Completed analysis for UPL: Score=30.6, Recommendation=SELL
2025-09-03 17:23:00,967 - INFO - Comprehensive data extracted for UNIONBANK
2025-09-03 17:23:00,967 - INFO - Fundamental analysis completed for UNIONBANK: 58 fields
2025-09-03 17:23:01,437 - INFO - Enhanced technical analysis completed for UNIONBANK: 52 fields
2025-09-03 17:23:01,481 - INFO - Completed analysis for UNIONBANK: Score=85.5, Recommendation=STRONG BUY (UNDERVALUED)
2025-09-03 17:23:06,973 - INFO - Comprehensive data extracted for VEDL
2025-09-03 17:23:06,989 - INFO - Fundamental analysis completed for VEDL: 58 fields
2025-09-03 17:23:07,148 - INFO - Enhanced technical analysis completed for VEDL: 52 fields
2025-09-03 17:23:07,204 - INFO - Completed analysis for VEDL: Score=48.1, Recommendation=WEAK SELL
2025-09-03 17:23:07,258 - INFO - Comprehensive data extracted for UNITDSPR
2025-09-03 17:23:07,258 - INFO - Fundamental analysis completed for UNITDSPR: 58 fields
2025-09-03 17:23:07,383 - INFO - Enhanced technical analysis completed for UNITDSPR: 52 fields
2025-09-03 17:23:07,418 - INFO - Comprehensive data extracted for VBL
2025-09-03 17:23:07,419 - INFO - Fundamental analysis completed for VBL: 58 fields
2025-09-03 17:23:07,460 - INFO - Completed analysis for UNITDSPR: Score=31.7, Recommendation=SELL
2025-09-03 17:23:07,732 - INFO - Enhanced technical analysis completed for VBL: 52 fields
2025-09-03 17:23:07,793 - INFO - Completed analysis for VBL: Score=43.9, Recommendation=WEAK SELL
2025-09-03 17:23:07,817 - INFO - Comprehensive data extracted for VMM
2025-09-03 17:23:07,817 - INFO - Fundamental analysis completed for VMM: 58 fields
2025-09-03 17:23:07,960 - INFO - Enhanced technical analysis completed for VMM: 52 fields
2025-09-03 17:23:08,013 - INFO - Completed analysis for VMM: Score=34.2, Recommendation=SELL
2025-09-03 17:23:08,064 - INFO - Comprehensive data extracted for IDEA
2025-09-03 17:23:08,065 - INFO - Fundamental analysis completed for IDEA: 58 fields
2025-09-03 17:23:08,185 - INFO - Enhanced technical analysis completed for IDEA: 52 fields
2025-09-03 17:23:08,237 - INFO - Completed analysis for IDEA: Score=57.2, Recommendation=HOLD
2025-09-03 17:23:13,625 - INFO - Comprehensive data extracted for WAAREEENER
2025-09-03 17:23:13,626 - INFO - Fundamental analysis completed for WAAREEENER: 58 fields
2025-09-03 17:23:13,766 - INFO - Enhanced technical analysis completed for WAAREEENER: 52 fields
2025-09-03 17:23:13,814 - INFO - Completed analysis for WAAREEENER: Score=37.9, Recommendation=SELL
2025-09-03 17:23:14,191 - INFO - Comprehensive data extracted for WIPRO
2025-09-03 17:23:14,202 - INFO - Fundamental analysis completed for WIPRO: 58 fields
2025-09-03 17:23:14,380 - INFO - Comprehensive data extracted for YESBANK
2025-09-03 17:23:14,380 - INFO - Fundamental analysis completed for YESBANK: 58 fields
2025-09-03 17:23:14,462 - INFO - Enhanced technical analysis completed for WIPRO: 52 fields
2025-09-03 17:23:14,498 - INFO - Comprehensive data extracted for VOLTAS
2025-09-03 17:23:14,518 - INFO - Fundamental analysis completed for VOLTAS: 58 fields
2025-09-03 17:23:14,532 - INFO - Completed analysis for WIPRO: Score=65.8, Recommendation=BUY
2025-09-03 17:23:14,616 - INFO - Enhanced technical analysis completed for YESBANK: 52 fields
2025-09-03 17:23:14,683 - INFO - Completed analysis for YESBANK: Score=75.4, Recommendation=STRONG BUY
2025-09-03 17:23:14,757 - INFO - Enhanced technical analysis completed for VOLTAS: 52 fields
2025-09-03 17:23:14,812 - INFO - Completed analysis for VOLTAS: Score=28.7, Recommendation=SELL
2025-09-03 17:23:14,955 - INFO - Comprehensive data extracted for ZYDUSLIFE
2025-09-03 17:23:14,955 - INFO - Fundamental analysis completed for ZYDUSLIFE: 58 fields
2025-09-03 17:23:15,114 - INFO - Enhanced technical analysis completed for ZYDUSLIFE: 52 fields
2025-09-03 17:23:15,174 - INFO - Completed analysis for ZYDUSLIFE: Score=50.5, Recommendation=HOLD
2025-09-03 17:23:15,183 - INFO - Batch analysis completed: 200 results, 0 failures
2025-09-03 17:23:15,406 - INFO - Calculated sector rankings for 11 sectors
2025-09-03 17:23:58,444 - INFO - Completed risk-return analysis
2025-09-03 17:23:58,446 - INFO - Generated portfolio allocation for 10 stocks
2025-09-03 17:24:03,275 - INFO - Enhanced Excel report generated: reports/Enhanced_Stock_Report_20250903_172358.xlsx, Size: 289474 bytes
