2025-09-03 22:55:16,052 - INFO - Top 200 NSE Stock Analysis Initialized
2025-09-03 22:55:16,052 - INFO - HIGH-RISK MODE: Profile=aggressive, Growth=True, Momentum=False, MinVol=0.0
2025-09-03 22:55:16,052 - INFO - Using default stock list from stock_list_template.csv
2025-09-03 22:55:16,052 - INFO - Loading stocks from CSV: stock_list_template.csv
2025-09-03 22:55:16,073 - INFO - Loaded 200 stocks with company names
2025-09-03 22:55:16,073 - INFO - Sample stocks: ABB, ACC, APLAPOLLO, AUBANK, ADANIENSOL
2025-09-03 22:55:16,073 - INFO - Starting batch analysis of 200 stocks
2025-09-03 22:55:18,199 - INFO - Comprehensive data extracted for APLAPOLLO
2025-09-03 22:55:18,201 - INFO - Fundamental analysis completed for APLAPOLLO: 58 fields
2025-09-03 22:55:18,242 - INFO - Comprehensive data extracted for ABB
2025-09-03 22:55:18,254 - INFO - Comprehensive data extracted for ACC
2025-09-03 22:55:18,254 - INFO - Fundamental analysis completed for ABB: 58 fields
2025-09-03 22:55:18,254 - INFO - Fundamental analysis completed for ACC: 58 fields
2025-09-03 22:55:18,336 - INFO - Enhanced technical analysis completed for APLAPOLLO: 52 fields
2025-09-03 22:55:18,375 - INFO - Completed analysis for APLAPOLLO: Score=30.5, Recommendation=SELL
2025-09-03 22:55:18,490 - INFO - Enhanced technical analysis completed for ACC: 52 fields
2025-09-03 22:55:18,554 - INFO - Enhanced technical analysis completed for ABB: 52 fields
2025-09-03 22:55:18,592 - INFO - Completed analysis for ACC: Score=68.3, Recommendation=BUY (VALUE)
2025-09-03 22:55:18,621 - INFO - Completed analysis for ABB: Score=56.6, Recommendation=HOLD
2025-09-03 22:55:18,878 - INFO - Comprehensive data extracted for AUBANK
2025-09-03 22:55:18,878 - INFO - Fundamental analysis completed for AUBANK: 58 fields
2025-09-03 22:55:18,947 - INFO - Comprehensive data extracted for ADANIENSOL
2025-09-03 22:55:18,947 - INFO - Fundamental analysis completed for ADANIENSOL: 58 fields
2025-09-03 22:55:19,087 - INFO - Enhanced technical analysis completed for AUBANK: 52 fields
2025-09-03 22:55:19,137 - INFO - Completed analysis for AUBANK: Score=64.7, Recommendation=BUY
2025-09-03 22:55:19,171 - INFO - Enhanced technical analysis completed for ADANIENSOL: 52 fields
2025-09-03 22:55:19,192 - INFO - Completed analysis for ADANIENSOL: Score=28.4, Recommendation=SELL
2025-09-03 22:55:24,719 - INFO - Comprehensive data extracted for ADANIPORTS
2025-09-03 22:55:24,719 - INFO - Fundamental analysis completed for ADANIPORTS: 58 fields
2025-09-03 22:55:24,805 - INFO - Comprehensive data extracted for ADANIGREEN
2025-09-03 22:55:24,805 - INFO - Fundamental analysis completed for ADANIGREEN: 58 fields
2025-09-03 22:55:24,905 - INFO - Comprehensive data extracted for ADANIENT
2025-09-03 22:55:24,924 - INFO - Fundamental analysis completed for ADANIENT: 58 fields
2025-09-03 22:55:24,964 - INFO - Enhanced technical analysis completed for ADANIPORTS: 52 fields
2025-09-03 22:55:25,013 - INFO - Enhanced technical analysis completed for ADANIGREEN: 52 fields
2025-09-03 22:55:25,053 - INFO - Completed analysis for ADANIPORTS: Score=47.8, Recommendation=WEAK SELL
2025-09-03 22:55:25,070 - INFO - Completed analysis for ADANIGREEN: Score=42.2, Recommendation=WEAK SELL
2025-09-03 22:55:25,132 - INFO - Enhanced technical analysis completed for ADANIENT: 52 fields
2025-09-03 22:55:25,170 - INFO - Completed analysis for ADANIENT: Score=29.8, Recommendation=SELL
2025-09-03 22:55:25,371 - INFO - Comprehensive data extracted for ATGL
2025-09-03 22:55:25,371 - INFO - Fundamental analysis completed for ATGL: 58 fields
2025-09-03 22:55:25,413 - INFO - Comprehensive data extracted for ADANIPOWER
2025-09-03 22:55:25,413 - INFO - Fundamental analysis completed for ADANIPOWER: 58 fields
2025-09-03 22:55:25,484 - INFO - Enhanced technical analysis completed for ATGL: 52 fields
2025-09-03 22:55:25,519 - INFO - Completed analysis for ATGL: Score=33.7, Recommendation=SELL
2025-09-03 22:55:25,609 - INFO - Enhanced technical analysis completed for ADANIPOWER: 52 fields
2025-09-03 22:55:25,648 - INFO - Completed analysis for ADANIPOWER: Score=40.6, Recommendation=WEAK SELL
2025-09-03 22:55:31,074 - INFO - Comprehensive data extracted for ABCAPITAL
2025-09-03 22:55:31,075 - INFO - Fundamental analysis completed for ABCAPITAL: 58 fields
2025-09-03 22:55:31,092 - INFO - Comprehensive data extracted for ABFRL
2025-09-03 22:55:31,092 - INFO - Fundamental analysis completed for ABFRL: 58 fields
2025-09-03 22:55:31,136 - INFO - Comprehensive data extracted for ALKEM
2025-09-03 22:55:31,136 - INFO - Fundamental analysis completed for ALKEM: 58 fields
2025-09-03 22:55:31,337 - INFO - Enhanced technical analysis completed for ABCAPITAL: 52 fields
2025-09-03 22:55:31,362 - INFO - Enhanced technical analysis completed for ABFRL: 52 fields
2025-09-03 22:55:31,370 - INFO - Enhanced technical analysis completed for ALKEM: 52 fields
2025-09-03 22:55:31,412 - INFO - Completed analysis for ABCAPITAL: Score=43.0, Recommendation=WEAK SELL
2025-09-03 22:55:31,468 - INFO - Completed analysis for ABFRL: Score=29.4, Recommendation=SELL
2025-09-03 22:55:31,469 - INFO - Completed analysis for ALKEM: Score=43.5, Recommendation=WEAK SELL
2025-09-03 22:55:31,931 - INFO - Comprehensive data extracted for APOLLOHOSP
2025-09-03 22:55:31,931 - INFO - Fundamental analysis completed for APOLLOHOSP: 58 fields
2025-09-03 22:55:32,018 - INFO - Comprehensive data extracted for AMBUJACEM
2025-09-03 22:55:32,018 - INFO - Fundamental analysis completed for AMBUJACEM: 58 fields
2025-09-03 22:55:32,235 - INFO - Enhanced technical analysis completed for AMBUJACEM: 52 fields
2025-09-03 22:55:32,237 - INFO - Enhanced technical analysis completed for APOLLOHOSP: 52 fields
2025-09-03 22:55:32,274 - INFO - Completed analysis for AMBUJACEM: Score=50.8, Recommendation=HOLD
2025-09-03 22:55:32,309 - INFO - Completed analysis for APOLLOHOSP: Score=36.1, Recommendation=SELL
2025-09-03 22:55:37,806 - INFO - Comprehensive data extracted for ASIANPAINT
2025-09-03 22:55:37,806 - INFO - Fundamental analysis completed for ASIANPAINT: 58 fields
2025-09-03 22:55:37,831 - INFO - Comprehensive data extracted for APOLLOTYRE
2025-09-03 22:55:37,831 - INFO - Fundamental analysis completed for APOLLOTYRE: 58 fields
2025-09-03 22:55:37,935 - INFO - Comprehensive data extracted for ASHOKLEY
2025-09-03 22:55:37,952 - INFO - Fundamental analysis completed for ASHOKLEY: 58 fields
2025-09-03 22:55:37,988 - INFO - Enhanced technical analysis completed for APOLLOTYRE: 52 fields
2025-09-03 22:55:38,020 - INFO - Completed analysis for APOLLOTYRE: Score=31.7, Recommendation=SELL
2025-09-03 22:55:38,086 - INFO - Enhanced technical analysis completed for ASIANPAINT: 52 fields
2025-09-03 22:55:38,152 - INFO - Enhanced technical analysis completed for ASHOKLEY: 52 fields
2025-09-03 22:55:38,178 - INFO - Completed analysis for ASIANPAINT: Score=31.3, Recommendation=SELL
2025-09-03 22:55:38,208 - INFO - Completed analysis for ASHOKLEY: Score=40.0, Recommendation=WEAK SELL
2025-09-03 22:55:38,413 - INFO - Comprehensive data extracted for ASTRAL
2025-09-03 22:55:38,429 - INFO - Fundamental analysis completed for ASTRAL: 58 fields
2025-09-03 22:55:38,552 - INFO - Enhanced technical analysis completed for ASTRAL: 52 fields
2025-09-03 22:55:38,586 - INFO - Completed analysis for ASTRAL: Score=23.6, Recommendation=SELL
2025-09-03 22:55:38,946 - INFO - Comprehensive data extracted for AUROPHARMA
2025-09-03 22:55:38,948 - INFO - Fundamental analysis completed for AUROPHARMA: 58 fields
2025-09-03 22:55:39,185 - INFO - Enhanced technical analysis completed for AUROPHARMA: 52 fields
2025-09-03 22:55:39,220 - INFO - Completed analysis for AUROPHARMA: Score=45.1, Recommendation=WEAK SELL
2025-09-03 22:55:44,729 - INFO - Comprehensive data extracted for AXISBANK
2025-09-03 22:55:44,729 - INFO - Fundamental analysis completed for AXISBANK: 58 fields
2025-09-03 22:55:44,825 - INFO - Comprehensive data extracted for BSE
2025-09-03 22:55:44,826 - INFO - Fundamental analysis completed for BSE: 58 fields
2025-09-03 22:55:44,840 - INFO - Comprehensive data extracted for DMART
2025-09-03 22:55:44,840 - INFO - Fundamental analysis completed for DMART: 58 fields
2025-09-03 22:55:45,003 - INFO - Enhanced technical analysis completed for BSE: 52 fields
2025-09-03 22:55:45,051 - INFO - Enhanced technical analysis completed for DMART: 52 fields
2025-09-03 22:55:45,058 - INFO - Enhanced technical analysis completed for AXISBANK: 52 fields
2025-09-03 22:55:45,135 - INFO - Completed analysis for BSE: Score=61.8, Recommendation=BUY
2025-09-03 22:55:45,169 - INFO - Completed analysis for AXISBANK: Score=72.9, Recommendation=STRONG BUY (UNDERVALUED)
2025-09-03 22:55:45,171 - INFO - Completed analysis for DMART: Score=23.0, Recommendation=SELL
2025-09-03 22:55:45,637 - INFO - Comprehensive data extracted for BAJAJ-AUTO
2025-09-03 22:55:45,637 - INFO - Fundamental analysis completed for BAJAJ-AUTO: 58 fields
2025-09-03 22:55:45,768 - INFO - Enhanced technical analysis completed for BAJAJ-AUTO: 52 fields
2025-09-03 22:55:45,793 - INFO - Comprehensive data extracted for BAJFINANCE
2025-09-03 22:55:45,793 - INFO - Fundamental analysis completed for BAJFINANCE: 58 fields
2025-09-03 22:55:45,824 - INFO - Completed analysis for BAJAJ-AUTO: Score=38.8, Recommendation=SELL
2025-09-03 22:55:46,054 - INFO - Enhanced technical analysis completed for BAJFINANCE: 52 fields
2025-09-03 22:55:46,093 - INFO - Completed analysis for BAJFINANCE: Score=54.5, Recommendation=HOLD
2025-09-03 22:55:51,396 - INFO - Comprehensive data extracted for BAJAJFINSV
2025-09-03 22:55:51,412 - INFO - Fundamental analysis completed for BAJAJFINSV: 58 fields
2025-09-03 22:55:51,552 - INFO - Enhanced technical analysis completed for BAJAJFINSV: 52 fields
2025-09-03 22:55:51,586 - INFO - Completed analysis for BAJAJFINSV: Score=52.1, Recommendation=HOLD
2025-09-03 22:55:51,853 - INFO - Comprehensive data extracted for BAJAJHLDNG
2025-09-03 22:55:51,855 - INFO - Fundamental analysis completed for BAJAJHLDNG: 58 fields
2025-09-03 22:55:51,985 - INFO - Comprehensive data extracted for BAJAJHFL
2025-09-03 22:55:51,985 - INFO - Fundamental analysis completed for BAJAJHFL: 58 fields
2025-09-03 22:55:52,103 - INFO - Enhanced technical analysis completed for BAJAJHLDNG: 52 fields
2025-09-03 22:55:52,126 - INFO - Comprehensive data extracted for BANDHANBNK
2025-09-03 22:55:52,126 - INFO - Fundamental analysis completed for BANDHANBNK: 58 fields
2025-09-03 22:55:52,161 - INFO - Completed analysis for BAJAJHLDNG: Score=73.8, Recommendation=STRONG BUY (UNDERVALUED)
2025-09-03 22:55:52,242 - INFO - Enhanced technical analysis completed for BANDHANBNK: 52 fields
2025-09-03 22:55:52,276 - INFO - Completed analysis for BANDHANBNK: Score=65.7, Recommendation=BUY (VALUE)
2025-09-03 22:55:52,639 - INFO - Comprehensive data extracted for BANKBARODA
2025-09-03 22:55:52,639 - INFO - Fundamental analysis completed for BANKBARODA: 58 fields
2025-09-03 22:55:52,813 - INFO - Enhanced technical analysis completed for BAJAJHFL: 52 fields
2025-09-03 22:55:52,910 - INFO - Enhanced technical analysis completed for BANKBARODA: 52 fields
2025-09-03 22:55:52,917 - INFO - Completed analysis for BAJAJHFL: Score=41.0, Recommendation=WEAK SELL
2025-09-03 22:55:52,942 - INFO - Completed analysis for BANKBARODA: Score=77.9, Recommendation=STRONG BUY (UNDERVALUED)
2025-09-03 22:55:58,737 - INFO - Comprehensive data extracted for BANKINDIA
2025-09-03 22:55:58,739 - INFO - Comprehensive data extracted for MAHABANK
2025-09-03 22:55:58,739 - INFO - Fundamental analysis completed for BANKINDIA: 58 fields
2025-09-03 22:55:58,739 - INFO - Fundamental analysis completed for MAHABANK: 58 fields
2025-09-03 22:55:58,797 - INFO - Comprehensive data extracted for BDL
2025-09-03 22:55:58,799 - INFO - Fundamental analysis completed for BDL: 58 fields
2025-09-03 22:55:59,082 - INFO - Enhanced technical analysis completed for BDL: 52 fields
2025-09-03 22:55:59,120 - INFO - Enhanced technical analysis completed for MAHABANK: 52 fields
2025-09-03 22:55:59,304 - INFO - Completed analysis for MAHABANK: Score=85.8, Recommendation=STRONG BUY (UNDERVALUED)
2025-09-03 22:55:59,334 - INFO - Enhanced technical analysis completed for BANKINDIA: 52 fields
2025-09-03 22:55:59,346 - INFO - Completed analysis for BDL: Score=60.3, Recommendation=BUY
2025-09-03 22:55:59,419 - INFO - Completed analysis for BANKINDIA: Score=80.4, Recommendation=STRONG BUY (UNDERVALUED)
2025-09-03 22:55:59,931 - INFO - Comprehensive data extracted for BHARATFORG
2025-09-03 22:55:59,931 - INFO - Fundamental analysis completed for BHARATFORG: 58 fields
2025-09-03 22:55:59,970 - INFO - Comprehensive data extracted for BEL
2025-09-03 22:55:59,970 - INFO - Fundamental analysis completed for BEL: 58 fields
2025-09-03 22:56:00,291 - INFO - Enhanced technical analysis completed for BHARATFORG: 52 fields
2025-09-03 22:56:00,418 - INFO - Enhanced technical analysis completed for BEL: 52 fields
2025-09-03 22:56:00,432 - INFO - Completed analysis for BHARATFORG: Score=31.4, Recommendation=SELL
2025-09-03 22:56:00,517 - INFO - Completed analysis for BEL: Score=53.8, Recommendation=HOLD
2025-09-03 22:56:05,971 - INFO - Comprehensive data extracted for BHARTIARTL
2025-09-03 22:56:05,971 - INFO - Fundamental analysis completed for BHARTIARTL: 58 fields
2025-09-03 22:56:06,166 - INFO - Comprehensive data extracted for BHEL
2025-09-03 22:56:06,172 - INFO - Fundamental analysis completed for BHEL: 58 fields
2025-09-03 22:56:06,278 - INFO - Enhanced technical analysis completed for BHARTIARTL: 52 fields
2025-09-03 22:56:06,450 - INFO - Completed analysis for BHARTIARTL: Score=50.9, Recommendation=HOLD
2025-09-03 22:56:06,482 - INFO - Comprehensive data extracted for BPCL
2025-09-03 22:56:06,505 - INFO - Enhanced technical analysis completed for BHEL: 52 fields
2025-09-03 22:56:06,505 - INFO - Fundamental analysis completed for BPCL: 58 fields
2025-09-03 22:56:06,570 - INFO - Completed analysis for BHEL: Score=31.0, Recommendation=SELL
2025-09-03 22:56:06,810 - INFO - Enhanced technical analysis completed for BPCL: 52 fields
2025-09-03 22:56:06,875 - INFO - Completed analysis for BPCL: Score=58.0, Recommendation=HOLD
2025-09-03 22:56:07,101 - INFO - Comprehensive data extracted for BIOCON
2025-09-03 22:56:07,113 - INFO - Fundamental analysis completed for BIOCON: 58 fields
2025-09-03 22:56:07,129 - INFO - Comprehensive data extracted for BHARTIHEXA
2025-09-03 22:56:07,134 - INFO - Fundamental analysis completed for BHARTIHEXA: 58 fields
2025-09-03 22:56:07,378 - INFO - Enhanced technical analysis completed for BIOCON: 52 fields
2025-09-03 22:56:07,471 - INFO - Enhanced technical analysis completed for BHARTIHEXA: 52 fields
2025-09-03 22:56:07,528 - INFO - Completed analysis for BIOCON: Score=37.1, Recommendation=SELL
2025-09-03 22:56:07,589 - INFO - Completed analysis for BHARTIHEXA: Score=44.6, Recommendation=WEAK SELL
2025-09-03 22:56:13,218 - INFO - Comprehensive data extracted for BOSCHLTD
2025-09-03 22:56:13,233 - INFO - Fundamental analysis completed for BOSCHLTD: 58 fields
2025-09-03 22:56:13,235 - INFO - Comprehensive data extracted for BRITANNIA
2025-09-03 22:56:13,235 - INFO - Fundamental analysis completed for BRITANNIA: 58 fields
2025-09-03 22:56:13,485 - INFO - Enhanced technical analysis completed for BOSCHLTD: 52 fields
2025-09-03 22:56:13,553 - INFO - Comprehensive data extracted for CGPOWER
2025-09-03 22:56:13,566 - INFO - Enhanced technical analysis completed for BRITANNIA: 52 fields
2025-09-03 22:56:13,567 - INFO - Fundamental analysis completed for CGPOWER: 58 fields
2025-09-03 22:56:13,687 - INFO - Completed analysis for BOSCHLTD: Score=44.6, Recommendation=WEAK SELL
2025-09-03 22:56:13,687 - INFO - Completed analysis for BRITANNIA: Score=36.5, Recommendation=SELL
2025-09-03 22:56:13,884 - INFO - Enhanced technical analysis completed for CGPOWER: 52 fields
2025-09-03 22:56:13,958 - INFO - Completed analysis for CGPOWER: Score=39.3, Recommendation=SELL
2025-09-03 22:56:14,039 - INFO - Comprehensive data extracted for CANBK
2025-09-03 22:56:14,041 - INFO - Fundamental analysis completed for CANBK: 58 fields
2025-09-03 22:56:14,149 - INFO - Comprehensive data extracted for CHOLAFIN
2025-09-03 22:56:14,150 - INFO - Fundamental analysis completed for CHOLAFIN: 58 fields
2025-09-03 22:56:14,433 - INFO - Enhanced technical analysis completed for CHOLAFIN: 52 fields
2025-09-03 22:56:14,433 - INFO - Enhanced technical analysis completed for CANBK: 52 fields
2025-09-03 22:56:14,535 - INFO - Completed analysis for CANBK: Score=87.9, Recommendation=STRONG BUY (UNDERVALUED)
2025-09-03 22:56:14,551 - INFO - Completed analysis for CHOLAFIN: Score=42.1, Recommendation=WEAK SELL
2025-09-03 22:56:19,991 - INFO - Comprehensive data extracted for CIPLA
2025-09-03 22:56:19,991 - INFO - Fundamental analysis completed for CIPLA: 58 fields
2025-09-03 22:56:20,072 - INFO - Comprehensive data extracted for COCHINSHIP
2025-09-03 22:56:20,073 - INFO - Comprehensive data extracted for COALINDIA
2025-09-03 22:56:20,075 - INFO - Fundamental analysis completed for COCHINSHIP: 58 fields
2025-09-03 22:56:20,076 - INFO - Fundamental analysis completed for COALINDIA: 58 fields
2025-09-03 22:56:20,417 - INFO - Enhanced technical analysis completed for COCHINSHIP: 52 fields
2025-09-03 22:56:20,514 - INFO - Enhanced technical analysis completed for COALINDIA: 52 fields
2025-09-03 22:56:20,601 - INFO - Enhanced technical analysis completed for CIPLA: 52 fields
2025-09-03 22:56:20,671 - INFO - Completed analysis for COCHINSHIP: Score=43.9, Recommendation=WEAK SELL
2025-09-03 22:56:20,782 - INFO - Completed analysis for COALINDIA: Score=56.4, Recommendation=HOLD
2025-09-03 22:56:20,800 - INFO - Completed analysis for CIPLA: Score=44.1, Recommendation=WEAK SELL
2025-09-03 22:56:21,091 - INFO - Comprehensive data extracted for COLPAL
2025-09-03 22:56:21,091 - INFO - Fundamental analysis completed for COLPAL: 58 fields
2025-09-03 22:56:21,173 - INFO - Comprehensive data extracted for COFORGE
2025-09-03 22:56:21,175 - INFO - Fundamental analysis completed for COFORGE: 58 fields
2025-09-03 22:56:21,400 - INFO - Enhanced technical analysis completed for COLPAL: 52 fields
2025-09-03 22:56:21,480 - INFO - Enhanced technical analysis completed for COFORGE: 52 fields
2025-09-03 22:56:21,537 - INFO - Completed analysis for COLPAL: Score=29.3, Recommendation=SELL
2025-09-03 22:56:21,603 - INFO - Completed analysis for COFORGE: Score=34.5, Recommendation=SELL
2025-09-03 22:56:27,301 - INFO - Comprehensive data extracted for CONCOR
2025-09-03 22:56:27,301 - INFO - Fundamental analysis completed for CONCOR: 58 fields
2025-09-03 22:56:27,390 - INFO - Comprehensive data extracted for CUMMINSIND
2025-09-03 22:56:27,391 - INFO - Fundamental analysis completed for CUMMINSIND: 58 fields
2025-09-03 22:56:27,603 - INFO - Comprehensive data extracted for DLF
2025-09-03 22:56:27,614 - INFO - Enhanced technical analysis completed for CONCOR: 52 fields
2025-09-03 22:56:27,614 - INFO - Fundamental analysis completed for DLF: 58 fields
2025-09-03 22:56:27,768 - INFO - Enhanced technical analysis completed for CUMMINSIND: 52 fields
2025-09-03 22:56:27,775 - INFO - Completed analysis for CONCOR: Score=36.8, Recommendation=SELL
2025-09-03 22:56:27,893 - INFO - Completed analysis for CUMMINSIND: Score=56.7, Recommendation=HOLD
2025-09-03 22:56:27,975 - INFO - Enhanced technical analysis completed for DLF: 52 fields
2025-09-03 22:56:28,051 - INFO - Completed analysis for DLF: Score=44.5, Recommendation=WEAK SELL
2025-09-03 22:56:28,310 - INFO - Comprehensive data extracted for DABUR
2025-09-03 22:56:28,310 - INFO - Fundamental analysis completed for DABUR: 58 fields
2025-09-03 22:56:28,500 - INFO - Comprehensive data extracted for DIVISLAB
2025-09-03 22:56:28,500 - INFO - Fundamental analysis completed for DIVISLAB: 58 fields
2025-09-03 22:56:28,618 - INFO - Enhanced technical analysis completed for DABUR: 52 fields
2025-09-03 22:56:28,686 - INFO - Completed analysis for DABUR: Score=36.5, Recommendation=SELL
2025-09-03 22:56:28,803 - INFO - Enhanced technical analysis completed for DIVISLAB: 52 fields
2025-09-03 22:56:28,853 - INFO - Completed analysis for DIVISLAB: Score=55.8, Recommendation=HOLD
2025-09-03 22:56:34,271 - INFO - Comprehensive data extracted for EICHERMOT
2025-09-03 22:56:34,271 - INFO - Fundamental analysis completed for EICHERMOT: 58 fields
2025-09-03 22:56:34,360 - INFO - Comprehensive data extracted for DIXON
2025-09-03 22:56:34,361 - INFO - Fundamental analysis completed for DIXON: 58 fields
2025-09-03 22:56:34,485 - INFO - Enhanced technical analysis completed for EICHERMOT: 52 fields
2025-09-03 22:56:34,567 - INFO - Comprehensive data extracted for DRREDDY
2025-09-03 22:56:34,567 - INFO - Fundamental analysis completed for DRREDDY: 58 fields
2025-09-03 22:56:34,638 - INFO - Completed analysis for EICHERMOT: Score=36.7, Recommendation=SELL
2025-09-03 22:56:34,734 - INFO - Enhanced technical analysis completed for DIXON: 52 fields
2025-09-03 22:56:34,883 - INFO - Completed analysis for DIXON: Score=41.9, Recommendation=WEAK SELL
2025-09-03 22:56:34,899 - INFO - Enhanced technical analysis completed for DRREDDY: 52 fields
2025-09-03 22:56:34,980 - INFO - Completed analysis for DRREDDY: Score=66.5, Recommendation=BUY
2025-09-03 22:56:35,020 - INFO - Comprehensive data extracted for ESCORTS
2025-09-03 22:56:35,020 - INFO - Fundamental analysis completed for ESCORTS: 58 fields
2025-09-03 22:56:35,179 - INFO - Comprehensive data extracted for ETERNAL
2025-09-03 22:56:35,181 - INFO - Fundamental analysis completed for ETERNAL: 58 fields
2025-09-03 22:56:35,417 - INFO - Enhanced technical analysis completed for ETERNAL: 52 fields
2025-09-03 22:56:35,417 - INFO - Enhanced technical analysis completed for ESCORTS: 52 fields
2025-09-03 22:56:35,538 - INFO - Completed analysis for ETERNAL: Score=28.5, Recommendation=SELL
2025-09-03 22:56:35,545 - INFO - Completed analysis for ESCORTS: Score=45.3, Recommendation=WEAK SELL
2025-09-03 22:56:40,893 - INFO - Comprehensive data extracted for NYKAA
2025-09-03 22:56:40,893 - INFO - Fundamental analysis completed for NYKAA: 58 fields
2025-09-03 22:56:40,953 - INFO - Comprehensive data extracted for FEDERALBNK
2025-09-03 22:56:40,953 - INFO - Fundamental analysis completed for FEDERALBNK: 58 fields
2025-09-03 22:56:41,082 - INFO - Comprehensive data extracted for EXIDEIND
2025-09-03 22:56:41,082 - INFO - Fundamental analysis completed for EXIDEIND: 58 fields
2025-09-03 22:56:41,205 - INFO - Enhanced technical analysis completed for NYKAA: 52 fields
2025-09-03 22:56:41,309 - INFO - Enhanced technical analysis completed for FEDERALBNK: 52 fields
2025-09-03 22:56:41,481 - INFO - Enhanced technical analysis completed for EXIDEIND: 52 fields
2025-09-03 22:56:41,513 - INFO - Completed analysis for NYKAA: Score=33.1, Recommendation=SELL
2025-09-03 22:56:41,540 - INFO - Completed analysis for FEDERALBNK: Score=71.9, Recommendation=STRONG BUY (UNDERVALUED)
2025-09-03 22:56:41,604 - INFO - Completed analysis for EXIDEIND: Score=42.9, Recommendation=WEAK SELL
2025-09-03 22:56:41,956 - INFO - Comprehensive data extracted for GAIL
2025-09-03 22:56:41,956 - INFO - Fundamental analysis completed for GAIL: 58 fields
2025-09-03 22:56:42,112 - INFO - Comprehensive data extracted for GMRAIRPORT
2025-09-03 22:56:42,112 - INFO - Fundamental analysis completed for GMRAIRPORT: 58 fields
2025-09-03 22:56:42,408 - INFO - Enhanced technical analysis completed for GMRAIRPORT: 52 fields
2025-09-03 22:56:42,517 - INFO - Enhanced technical analysis completed for GAIL: 52 fields
2025-09-03 22:56:42,546 - INFO - Completed analysis for GMRAIRPORT: Score=47.7, Recommendation=WEAK SELL
2025-09-03 22:56:42,622 - INFO - Completed analysis for GAIL: Score=57.0, Recommendation=HOLD
2025-09-03 22:56:48,161 - INFO - Comprehensive data extracted for GODREJPROP
2025-09-03 22:56:48,165 - INFO - Fundamental analysis completed for GODREJPROP: 58 fields
2025-09-03 22:56:48,285 - INFO - Comprehensive data extracted for GLENMARK
2025-09-03 22:56:48,301 - INFO - Fundamental analysis completed for GLENMARK: 58 fields
2025-09-03 22:56:48,393 - INFO - Comprehensive data extracted for GODREJCP
2025-09-03 22:56:48,415 - INFO - Fundamental analysis completed for GODREJCP: 58 fields
2025-09-03 22:56:48,417 - INFO - Enhanced technical analysis completed for GODREJPROP: 52 fields
2025-09-03 22:56:48,542 - INFO - Completed analysis for GODREJPROP: Score=26.9, Recommendation=SELL
2025-09-03 22:56:48,583 - INFO - Enhanced technical analysis completed for GLENMARK: 52 fields
2025-09-03 22:56:48,708 - INFO - Completed analysis for GLENMARK: Score=27.9, Recommendation=SELL
2025-09-03 22:56:48,786 - INFO - Enhanced technical analysis completed for GODREJCP: 52 fields
2025-09-03 22:56:48,867 - INFO - Completed analysis for GODREJCP: Score=34.5, Recommendation=SELL
2025-09-03 22:56:49,053 - INFO - Comprehensive data extracted for HCLTECH
2025-09-03 22:56:49,053 - INFO - Fundamental analysis completed for HCLTECH: 58 fields
2025-09-03 22:56:49,231 - INFO - Comprehensive data extracted for GRASIM
2025-09-03 22:56:49,231 - INFO - Fundamental analysis completed for GRASIM: 58 fields
2025-09-03 22:56:49,343 - INFO - Enhanced technical analysis completed for HCLTECH: 52 fields
2025-09-03 22:56:49,412 - INFO - Completed analysis for HCLTECH: Score=56.0, Recommendation=HOLD
2025-09-03 22:56:49,553 - INFO - Enhanced technical analysis completed for GRASIM: 52 fields
2025-09-03 22:56:49,613 - INFO - Completed analysis for GRASIM: Score=40.6, Recommendation=WEAK SELL
2025-09-03 22:56:55,201 - INFO - Comprehensive data extracted for HDFCLIFE
2025-09-03 22:56:55,218 - INFO - Fundamental analysis completed for HDFCLIFE: 58 fields
2025-09-03 22:56:55,218 - INFO - Comprehensive data extracted for HDFCBANK
2025-09-03 22:56:55,232 - INFO - Fundamental analysis completed for HDFCBANK: 58 fields
2025-09-03 22:56:55,467 - INFO - Enhanced technical analysis completed for HDFCBANK: 52 fields
2025-09-03 22:56:55,482 - INFO - Comprehensive data extracted for HDFCAMC
2025-09-03 22:56:55,482 - INFO - Fundamental analysis completed for HDFCAMC: 58 fields
2025-09-03 22:56:55,649 - INFO - Enhanced technical analysis completed for HDFCLIFE: 52 fields
2025-09-03 22:56:55,722 - INFO - Completed analysis for HDFCBANK: Score=67.6, Recommendation=BUY
2025-09-03 22:56:55,840 - INFO - Completed analysis for HDFCLIFE: Score=43.4, Recommendation=WEAK SELL
2025-09-03 22:56:56,003 - INFO - Enhanced technical analysis completed for HDFCAMC: 52 fields
2025-09-03 22:56:56,069 - INFO - Completed analysis for HDFCAMC: Score=42.0, Recommendation=WEAK SELL
2025-09-03 22:56:56,258 - INFO - Comprehensive data extracted for HAVELLS
2025-09-03 22:56:56,260 - INFO - Fundamental analysis completed for HAVELLS: 58 fields
2025-09-03 22:56:56,456 - INFO - Enhanced technical analysis completed for HAVELLS: 52 fields
2025-09-03 22:56:56,515 - INFO - Completed analysis for HAVELLS: Score=33.7, Recommendation=SELL
2025-09-03 22:56:56,586 - INFO - Comprehensive data extracted for HEROMOTOCO
2025-09-03 22:56:56,586 - INFO - Fundamental analysis completed for HEROMOTOCO: 58 fields
2025-09-03 22:56:56,878 - INFO - Enhanced technical analysis completed for HEROMOTOCO: 52 fields
2025-09-03 22:56:56,945 - INFO - Completed analysis for HEROMOTOCO: Score=42.1, Recommendation=WEAK SELL
2025-09-03 22:57:02,354 - INFO - Comprehensive data extracted for HINDALCO
2025-09-03 22:57:02,354 - INFO - Fundamental analysis completed for HINDALCO: 58 fields
2025-09-03 22:57:02,438 - INFO - Comprehensive data extracted for HINDPETRO
2025-09-03 22:57:02,440 - INFO - Fundamental analysis completed for HINDPETRO: 58 fields
2025-09-03 22:57:02,588 - INFO - Enhanced technical analysis completed for HINDALCO: 52 fields
2025-09-03 22:57:02,636 - INFO - Completed analysis for HINDALCO: Score=78.2, Recommendation=STRONG BUY (UNDERVALUED)
2025-09-03 22:57:02,760 - INFO - Enhanced technical analysis completed for HINDPETRO: 52 fields
2025-09-03 22:57:02,798 - INFO - Comprehensive data extracted for HAL
2025-09-03 22:57:02,800 - INFO - Fundamental analysis completed for HAL: 58 fields
2025-09-03 22:57:02,852 - INFO - Completed analysis for HINDPETRO: Score=57.6, Recommendation=HOLD
2025-09-03 22:57:03,025 - INFO - Enhanced technical analysis completed for HAL: 52 fields
2025-09-03 22:57:03,096 - INFO - Completed analysis for HAL: Score=50.0, Recommendation=HOLD
2025-09-03 22:57:03,226 - INFO - Comprehensive data extracted for HINDUNILVR
2025-09-03 22:57:03,233 - INFO - Fundamental analysis completed for HINDUNILVR: 58 fields
2025-09-03 22:57:03,432 - INFO - Enhanced technical analysis completed for HINDUNILVR: 52 fields
2025-09-03 22:57:03,494 - INFO - Completed analysis for HINDUNILVR: Score=35.5, Recommendation=SELL
2025-09-03 22:57:03,554 - INFO - Comprehensive data extracted for HINDZINC
2025-09-03 22:57:03,567 - INFO - Fundamental analysis completed for HINDZINC: 58 fields
2025-09-03 22:57:03,846 - INFO - Enhanced technical analysis completed for HINDZINC: 52 fields
2025-09-03 22:57:03,907 - INFO - Completed analysis for HINDZINC: Score=54.7, Recommendation=HOLD
2025-09-03 22:57:09,451 - INFO - Comprehensive data extracted for ICICIBANK
2025-09-03 22:57:09,451 - INFO - Fundamental analysis completed for ICICIBANK: 58 fields
2025-09-03 22:57:09,583 - INFO - Comprehensive data extracted for HYUNDAI
2025-09-03 22:57:09,583 - INFO - Fundamental analysis completed for HYUNDAI: 58 fields
2025-09-03 22:57:09,619 - INFO - Comprehensive data extracted for HUDCO
2025-09-03 22:57:09,619 - INFO - Fundamental analysis completed for HUDCO: 58 fields
2025-09-03 22:57:09,867 - INFO - Enhanced technical analysis completed for ICICIBANK: 52 fields
2025-09-03 22:57:09,881 - INFO - Enhanced technical analysis completed for HYUNDAI: 52 fields
2025-09-03 22:57:10,067 - INFO - Enhanced technical analysis completed for HUDCO: 52 fields
2025-09-03 22:57:10,078 - INFO - Completed analysis for ICICIBANK: Score=70.9, Recommendation=STRONG BUY
2025-09-03 22:57:10,094 - INFO - Completed analysis for HYUNDAI: Score=36.3, Recommendation=SELL
2025-09-03 22:57:10,169 - INFO - Completed analysis for HUDCO: Score=61.6, Recommendation=BUY
2025-09-03 22:57:10,668 - INFO - Comprehensive data extracted for ICICIPRULI
2025-09-03 22:57:10,669 - INFO - Fundamental analysis completed for ICICIPRULI: 58 fields
2025-09-03 22:57:10,819 - INFO - Comprehensive data extracted for ICICIGI
2025-09-03 22:57:10,833 - INFO - Fundamental analysis completed for ICICIGI: 58 fields
2025-09-03 22:57:10,870 - INFO - Enhanced technical analysis completed for ICICIPRULI: 52 fields
2025-09-03 22:57:10,944 - INFO - Completed analysis for ICICIPRULI: Score=45.0, Recommendation=WEAK SELL
2025-09-03 22:57:11,134 - INFO - Enhanced technical analysis completed for ICICIGI: 52 fields
2025-09-03 22:57:11,197 - INFO - Completed analysis for ICICIGI: Score=55.5, Recommendation=HOLD
2025-09-03 22:57:16,607 - INFO - Comprehensive data extracted for ITC
2025-09-03 22:57:16,607 - INFO - Fundamental analysis completed for ITC: 58 fields
2025-09-03 22:57:16,916 - INFO - Enhanced technical analysis completed for ITC: 52 fields
2025-09-03 22:57:16,932 - INFO - Comprehensive data extracted for IRB
2025-09-03 22:57:16,948 - INFO - Fundamental analysis completed for IRB: 58 fields
2025-09-03 22:57:17,003 - INFO - Completed analysis for ITC: Score=53.5, Recommendation=HOLD
2025-09-03 22:57:17,132 - INFO - Comprehensive data extracted for IDFCFIRSTB
2025-09-03 22:57:17,132 - INFO - Fundamental analysis completed for IDFCFIRSTB: 58 fields
2025-09-03 22:57:17,349 - INFO - Enhanced technical analysis completed for IRB: 52 fields
2025-09-03 22:57:17,389 - INFO - Enhanced technical analysis completed for IDFCFIRSTB: 52 fields
2025-09-03 22:57:17,516 - INFO - Completed analysis for IRB: Score=64.8, Recommendation=BUY (VALUE)
2025-09-03 22:57:17,554 - INFO - Completed analysis for IDFCFIRSTB: Score=50.4, Recommendation=HOLD
2025-09-03 22:57:17,572 - INFO - Comprehensive data extracted for INDIANB
2025-09-03 22:57:17,588 - INFO - Fundamental analysis completed for INDIANB: 58 fields
2025-09-03 22:57:17,842 - INFO - Enhanced technical analysis completed for INDIANB: 52 fields
2025-09-03 22:57:17,905 - INFO - Completed analysis for INDIANB: Score=87.0, Recommendation=STRONG BUY (UNDERVALUED)
2025-09-03 22:57:18,033 - INFO - Comprehensive data extracted for INDHOTEL
2025-09-03 22:57:18,049 - INFO - Fundamental analysis completed for INDHOTEL: 58 fields
2025-09-03 22:57:18,332 - INFO - Enhanced technical analysis completed for INDHOTEL: 52 fields
2025-09-03 22:57:18,395 - INFO - Completed analysis for INDHOTEL: Score=50.2, Recommendation=HOLD
2025-09-03 22:57:23,758 - INFO - Comprehensive data extracted for IRFC
2025-09-03 22:57:23,758 - INFO - Fundamental analysis completed for IRFC: 58 fields
2025-09-03 22:57:23,948 - INFO - Enhanced technical analysis completed for IRFC: 52 fields
2025-09-03 22:57:24,033 - INFO - Completed analysis for IRFC: Score=74.0, Recommendation=STRONG BUY
2025-09-03 22:57:24,096 - INFO - Comprehensive data extracted for IOC
2025-09-03 22:57:24,097 - INFO - Fundamental analysis completed for IOC: 58 fields
2025-09-03 22:57:24,153 - INFO - Comprehensive data extracted for IRCTC
2025-09-03 22:57:24,153 - INFO - Fundamental analysis completed for IRCTC: 58 fields
2025-09-03 22:57:24,294 - INFO - Enhanced technical analysis completed for IOC: 52 fields
2025-09-03 22:57:24,383 - INFO - Completed analysis for IOC: Score=58.7, Recommendation=HOLD
2025-09-03 22:57:24,479 - INFO - Enhanced technical analysis completed for IRCTC: 52 fields
2025-09-03 22:57:24,542 - INFO - Completed analysis for IRCTC: Score=38.4, Recommendation=SELL
2025-09-03 22:57:24,729 - INFO - Comprehensive data extracted for IREDA
2025-09-03 22:57:24,729 - INFO - Fundamental analysis completed for IREDA: 58 fields
2025-09-03 22:57:24,900 - INFO - Enhanced technical analysis completed for IREDA: 52 fields
2025-09-03 22:57:24,951 - INFO - Comprehensive data extracted for IGL
2025-09-03 22:57:24,953 - INFO - Fundamental analysis completed for IGL: 58 fields
2025-09-03 22:57:25,002 - INFO - Completed analysis for IREDA: Score=48.9, Recommendation=WEAK SELL
2025-09-03 22:57:25,228 - INFO - Enhanced technical analysis completed for IGL: 52 fields
2025-09-03 22:57:25,301 - INFO - Completed analysis for IGL: Score=56.4, Recommendation=HOLD
2025-09-03 22:57:30,872 - INFO - Comprehensive data extracted for INDUSINDBK
2025-09-03 22:57:30,872 - INFO - Fundamental analysis completed for INDUSINDBK: 58 fields
2025-09-03 22:57:30,934 - INFO - Comprehensive data extracted for NAUKRI
2025-09-03 22:57:30,968 - INFO - Comprehensive data extracted for INDUSTOWER
2025-09-03 22:57:30,968 - INFO - Fundamental analysis completed for NAUKRI: 58 fields
2025-09-03 22:57:30,968 - INFO - Fundamental analysis completed for INDUSTOWER: 58 fields
2025-09-03 22:57:31,299 - INFO - Enhanced technical analysis completed for NAUKRI: 52 fields
2025-09-03 22:57:31,315 - INFO - Enhanced technical analysis completed for INDUSTOWER: 52 fields
2025-09-03 22:57:31,400 - INFO - Enhanced technical analysis completed for INDUSINDBK: 52 fields
2025-09-03 22:57:31,532 - INFO - Completed analysis for NAUKRI: Score=50.4, Recommendation=HOLD
2025-09-03 22:57:31,532 - INFO - Completed analysis for INDUSTOWER: Score=67.1, Recommendation=BUY (VALUE)
2025-09-03 22:57:31,551 - INFO - Completed analysis for INDUSINDBK: Score=53.2, Recommendation=HOLD
2025-09-03 22:57:31,843 - INFO - Comprehensive data extracted for INDIGO
2025-09-03 22:57:31,843 - INFO - Fundamental analysis completed for INDIGO: 58 fields
2025-09-03 22:57:32,027 - INFO - Enhanced technical analysis completed for INDIGO: 52 fields
2025-09-03 22:57:32,100 - INFO - Comprehensive data extracted for INFY
2025-09-03 22:57:32,109 - INFO - Fundamental analysis completed for INFY: 58 fields
2025-09-03 22:57:32,136 - INFO - Completed analysis for INDIGO: Score=26.7, Recommendation=SELL
2025-09-03 22:57:32,428 - INFO - Enhanced technical analysis completed for INFY: 52 fields
2025-09-03 22:57:32,495 - INFO - Completed analysis for INFY: Score=59.0, Recommendation=HOLD
2025-09-03 22:57:37,871 - INFO - Comprehensive data extracted for JSWENERGY
2025-09-03 22:57:37,871 - INFO - Fundamental analysis completed for JSWENERGY: 58 fields
2025-09-03 22:57:37,997 - INFO - Comprehensive data extracted for JSWSTEEL
2025-09-03 22:57:37,997 - INFO - Fundamental analysis completed for JSWSTEEL: 58 fields
2025-09-03 22:57:38,158 - INFO - Enhanced technical analysis completed for JSWENERGY: 52 fields
2025-09-03 22:57:38,272 - INFO - Comprehensive data extracted for JINDALSTEL
2025-09-03 22:57:38,272 - INFO - Completed analysis for JSWENERGY: Score=44.9, Recommendation=WEAK SELL
2025-09-03 22:57:38,281 - INFO - Fundamental analysis completed for JINDALSTEL: 58 fields
2025-09-03 22:57:38,512 - INFO - Enhanced technical analysis completed for JSWSTEEL: 52 fields
2025-09-03 22:57:38,682 - INFO - Enhanced technical analysis completed for JINDALSTEL: 52 fields
2025-09-03 22:57:38,698 - INFO - Completed analysis for JSWSTEEL: Score=36.8, Recommendation=SELL
2025-09-03 22:57:38,768 - INFO - Completed analysis for JINDALSTEL: Score=35.4, Recommendation=SELL
2025-09-03 22:57:38,899 - INFO - Comprehensive data extracted for JIOFIN
2025-09-03 22:57:38,899 - INFO - Fundamental analysis completed for JIOFIN: 58 fields
2025-09-03 22:57:38,995 - INFO - Comprehensive data extracted for JUBLFOOD
2025-09-03 22:57:39,000 - INFO - Fundamental analysis completed for JUBLFOOD: 58 fields
2025-09-03 22:57:39,102 - INFO - Enhanced technical analysis completed for JIOFIN: 52 fields
2025-09-03 22:57:39,177 - INFO - Completed analysis for JIOFIN: Score=45.3, Recommendation=WEAK SELL
2025-09-03 22:57:39,321 - INFO - Enhanced technical analysis completed for JUBLFOOD: 52 fields
2025-09-03 22:57:39,379 - INFO - Completed analysis for JUBLFOOD: Score=38.6, Recommendation=SELL
2025-09-03 22:57:44,723 - INFO - Comprehensive data extracted for KPITTECH
2025-09-03 22:57:44,723 - INFO - Fundamental analysis completed for KPITTECH: 58 fields
2025-09-03 22:57:44,916 - INFO - Enhanced technical analysis completed for KPITTECH: 52 fields
2025-09-03 22:57:44,989 - INFO - Completed analysis for KPITTECH: Score=34.2, Recommendation=SELL
2025-09-03 22:57:45,101 - INFO - Comprehensive data extracted for KALYANKJIL
2025-09-03 22:57:45,101 - INFO - Fundamental analysis completed for KALYANKJIL: 58 fields
2025-09-03 22:57:45,292 - INFO - Enhanced technical analysis completed for KALYANKJIL: 52 fields
2025-09-03 22:57:45,335 - INFO - Comprehensive data extracted for KOTAKBANK
2025-09-03 22:57:45,335 - INFO - Fundamental analysis completed for KOTAKBANK: 58 fields
2025-09-03 22:57:45,374 - INFO - Completed analysis for KALYANKJIL: Score=42.2, Recommendation=WEAK SELL
2025-09-03 22:57:45,664 - INFO - Enhanced technical analysis completed for KOTAKBANK: 52 fields
2025-09-03 22:57:45,725 - INFO - Comprehensive data extracted for LTF
2025-09-03 22:57:45,739 - INFO - Fundamental analysis completed for LTF: 58 fields
2025-09-03 22:57:45,802 - INFO - Completed analysis for KOTAKBANK: Score=65.0, Recommendation=BUY
2025-09-03 22:57:45,850 - INFO - Comprehensive data extracted for LICHSGFIN
2025-09-03 22:57:45,852 - INFO - Fundamental analysis completed for LICHSGFIN: 58 fields
2025-09-03 22:57:46,100 - INFO - Enhanced technical analysis completed for LTF: 52 fields
2025-09-03 22:57:46,133 - INFO - Enhanced technical analysis completed for LICHSGFIN: 52 fields
2025-09-03 22:57:46,250 - INFO - Completed analysis for LICHSGFIN: Score=68.0, Recommendation=BUY (VALUE)
2025-09-03 22:57:46,250 - INFO - Completed analysis for LTF: Score=55.5, Recommendation=HOLD
2025-09-03 22:57:51,709 - INFO - Comprehensive data extracted for LICI
2025-09-03 22:57:51,709 - INFO - Fundamental analysis completed for LICI: 58 fields
2025-09-03 22:57:51,759 - INFO - Comprehensive data extracted for LT
2025-09-03 22:57:51,761 - INFO - Fundamental analysis completed for LT: 58 fields
2025-09-03 22:57:51,914 - INFO - Comprehensive data extracted for LTIM
2025-09-03 22:57:51,930 - INFO - Fundamental analysis completed for LTIM: 58 fields
2025-09-03 22:57:52,119 - INFO - Enhanced technical analysis completed for LT: 52 fields
2025-09-03 22:57:52,119 - INFO - Enhanced technical analysis completed for LICI: 52 fields
2025-09-03 22:57:52,229 - INFO - Enhanced technical analysis completed for LTIM: 52 fields
2025-09-03 22:57:52,310 - INFO - Completed analysis for LT: Score=41.3, Recommendation=WEAK SELL
2025-09-03 22:57:52,323 - INFO - Completed analysis for LICI: Score=62.3, Recommendation=BUY (VALUE)
2025-09-03 22:57:52,370 - INFO - Completed analysis for LTIM: Score=57.7, Recommendation=HOLD
2025-09-03 22:57:52,767 - INFO - Comprehensive data extracted for LODHA
2025-09-03 22:57:52,767 - INFO - Fundamental analysis completed for LODHA: 58 fields
2025-09-03 22:57:53,019 - INFO - Enhanced technical analysis completed for LODHA: 52 fields
2025-09-03 22:57:53,083 - INFO - Completed analysis for LODHA: Score=51.9, Recommendation=HOLD
2025-09-03 22:57:53,242 - INFO - Comprehensive data extracted for LUPIN
2025-09-03 22:57:53,242 - INFO - Fundamental analysis completed for LUPIN: 58 fields
2025-09-03 22:57:55,423 - INFO - Enhanced technical analysis completed for LUPIN: 52 fields
2025-09-03 22:57:55,610 - INFO - Completed analysis for LUPIN: Score=52.0, Recommendation=HOLD
2025-09-03 22:58:01,322 - INFO - Comprehensive data extracted for MRF
2025-09-03 22:58:01,328 - INFO - Fundamental analysis completed for MRF: 58 fields
2025-09-03 22:58:01,597 - INFO - Comprehensive data extracted for M&MFIN
2025-09-03 22:58:01,671 - INFO - Fundamental analysis completed for M&MFIN: 58 fields
2025-09-03 22:58:01,678 - INFO - Comprehensive data extracted for M&M
2025-09-03 22:58:01,695 - INFO - Fundamental analysis completed for M&M: 58 fields
2025-09-03 22:58:01,819 - INFO - Enhanced technical analysis completed for MRF: 52 fields
2025-09-03 22:58:02,344 - INFO - Enhanced technical analysis completed for M&MFIN: 52 fields
2025-09-03 22:58:02,420 - INFO - Enhanced technical analysis completed for M&M: 52 fields
2025-09-03 22:58:02,434 - INFO - Completed analysis for MRF: Score=32.8, Recommendation=SELL
2025-09-03 22:58:02,630 - INFO - Completed analysis for M&MFIN: Score=70.8, Recommendation=STRONG BUY (UNDERVALUED)
2025-09-03 22:58:02,651 - INFO - Completed analysis for M&M: Score=43.8, Recommendation=WEAK SELL
2025-09-03 22:58:03,003 - INFO - Comprehensive data extracted for MANKIND
2025-09-03 22:58:03,003 - INFO - Fundamental analysis completed for MANKIND: 58 fields
2025-09-03 22:58:03,167 - INFO - Comprehensive data extracted for MARICO
2025-09-03 22:58:03,199 - INFO - Fundamental analysis completed for MARICO: 58 fields
2025-09-03 22:58:03,534 - INFO - Enhanced technical analysis completed for MANKIND: 52 fields
2025-09-03 22:58:03,788 - INFO - Completed analysis for MANKIND: Score=38.5, Recommendation=SELL
2025-09-03 22:58:03,997 - INFO - Enhanced technical analysis completed for MARICO: 52 fields
2025-09-03 22:58:04,145 - INFO - Completed analysis for MARICO: Score=43.0, Recommendation=WEAK SELL
2025-09-03 22:58:09,680 - INFO - Comprehensive data extracted for MAXHEALTH
2025-09-03 22:58:09,680 - INFO - Fundamental analysis completed for MAXHEALTH: 58 fields
2025-09-03 22:58:09,805 - INFO - Comprehensive data extracted for MFSL
2025-09-03 22:58:09,806 - INFO - Fundamental analysis completed for MFSL: 58 fields
2025-09-03 22:58:10,032 - INFO - Enhanced technical analysis completed for MAXHEALTH: 52 fields
2025-09-03 22:58:10,076 - INFO - Enhanced technical analysis completed for MFSL: 52 fields
2025-09-03 22:58:10,192 - INFO - Completed analysis for MFSL: Score=19.1, Recommendation=SELL
2025-09-03 22:58:10,215 - INFO - Completed analysis for MAXHEALTH: Score=43.3, Recommendation=WEAK SELL
2025-09-03 22:58:10,282 - INFO - Comprehensive data extracted for MARUTI
2025-09-03 22:58:10,283 - INFO - Fundamental analysis completed for MARUTI: 58 fields
2025-09-03 22:58:10,473 - INFO - Enhanced technical analysis completed for MARUTI: 52 fields
2025-09-03 22:58:10,544 - INFO - Completed analysis for MARUTI: Score=48.4, Recommendation=WEAK SELL
2025-09-03 22:58:10,661 - INFO - Comprehensive data extracted for MOTILALOFS
2025-09-03 22:58:10,666 - INFO - Fundamental analysis completed for MOTILALOFS: 58 fields
2025-09-03 22:58:10,722 - INFO - Comprehensive data extracted for MAZDOCK
2025-09-03 22:58:10,725 - INFO - Fundamental analysis completed for MAZDOCK: 58 fields
2025-09-03 22:58:11,053 - INFO - Enhanced technical analysis completed for MOTILALOFS: 52 fields
2025-09-03 22:58:11,069 - INFO - Enhanced technical analysis completed for MAZDOCK: 52 fields
2025-09-03 22:58:11,193 - INFO - Completed analysis for MOTILALOFS: Score=55.4, Recommendation=HOLD
2025-09-03 22:58:11,206 - INFO - Completed analysis for MAZDOCK: Score=47.7, Recommendation=WEAK SELL
2025-09-03 22:58:16,788 - INFO - Comprehensive data extracted for MUTHOOTFIN
2025-09-03 22:58:16,789 - INFO - Fundamental analysis completed for MUTHOOTFIN: 58 fields
2025-09-03 22:58:16,891 - INFO - Comprehensive data extracted for NHPC
2025-09-03 22:58:16,925 - INFO - Fundamental analysis completed for NHPC: 58 fields
2025-09-03 22:58:16,989 - INFO - Comprehensive data extracted for MPHASIS
2025-09-03 22:58:16,997 - INFO - Fundamental analysis completed for MPHASIS: 58 fields
2025-09-03 22:58:17,056 - INFO - Enhanced technical analysis completed for MUTHOOTFIN: 52 fields
2025-09-03 22:58:17,119 - INFO - Completed analysis for MUTHOOTFIN: Score=73.5, Recommendation=STRONG BUY
2025-09-03 22:58:17,398 - INFO - Enhanced technical analysis completed for NHPC: 52 fields
2025-09-03 22:58:17,538 - INFO - Enhanced technical analysis completed for MPHASIS: 52 fields
2025-09-03 22:58:17,660 - INFO - Completed analysis for NHPC: Score=48.8, Recommendation=WEAK SELL
2025-09-03 22:58:17,716 - INFO - Completed analysis for MPHASIS: Score=47.1, Recommendation=WEAK SELL
2025-09-03 22:58:17,971 - INFO - Comprehensive data extracted for NMDC
2025-09-03 22:58:17,987 - INFO - Fundamental analysis completed for NMDC: 58 fields
2025-09-03 22:58:18,087 - INFO - Comprehensive data extracted for NTPCGREEN
2025-09-03 22:58:18,089 - INFO - Fundamental analysis completed for NTPCGREEN: 58 fields
2025-09-03 22:58:18,372 - INFO - Enhanced technical analysis completed for NTPCGREEN: 52 fields
2025-09-03 22:58:18,547 - INFO - Enhanced technical analysis completed for NMDC: 52 fields
2025-09-03 22:58:18,563 - INFO - Completed analysis for NTPCGREEN: Score=40.5, Recommendation=WEAK SELL
2025-09-03 22:58:18,651 - INFO - Completed analysis for NMDC: Score=73.0, Recommendation=STRONG BUY (UNDERVALUED)
2025-09-03 22:58:25,069 - INFO - Comprehensive data extracted for NESTLEIND
2025-09-03 22:58:25,105 - INFO - Comprehensive data extracted for NATIONALUM
2025-09-03 22:58:25,106 - INFO - Fundamental analysis completed for NESTLEIND: 58 fields
2025-09-03 22:58:25,110 - INFO - Fundamental analysis completed for NATIONALUM: 58 fields
2025-09-03 22:58:25,195 - INFO - Comprehensive data extracted for NTPC
2025-09-03 22:58:25,198 - INFO - Fundamental analysis completed for NTPC: 58 fields
2025-09-03 22:58:25,692 - INFO - Enhanced technical analysis completed for NATIONALUM: 52 fields
2025-09-03 22:58:25,708 - INFO - Enhanced technical analysis completed for NESTLEIND: 52 fields
2025-09-03 22:58:25,708 - INFO - Enhanced technical analysis completed for NTPC: 52 fields
2025-09-03 22:58:25,917 - INFO - Completed analysis for NTPC: Score=47.5, Recommendation=WEAK SELL
2025-09-03 22:58:25,929 - INFO - Completed analysis for NATIONALUM: Score=74.8, Recommendation=STRONG BUY (UNDERVALUED)
2025-09-03 22:58:25,980 - INFO - Completed analysis for NESTLEIND: Score=32.8, Recommendation=SELL
2025-09-03 22:58:26,405 - INFO - Comprehensive data extracted for OBEROIRLTY
2025-09-03 22:58:26,420 - INFO - Fundamental analysis completed for OBEROIRLTY: 58 fields
2025-09-03 22:58:26,678 - INFO - Comprehensive data extracted for ONGC
2025-09-03 22:58:26,693 - INFO - Enhanced technical analysis completed for OBEROIRLTY: 52 fields
2025-09-03 22:58:26,693 - INFO - Fundamental analysis completed for ONGC: 58 fields
2025-09-03 22:58:26,782 - INFO - Completed analysis for OBEROIRLTY: Score=30.9, Recommendation=SELL
2025-09-03 22:58:27,005 - INFO - Enhanced technical analysis completed for ONGC: 52 fields
2025-09-03 22:58:27,090 - INFO - Completed analysis for ONGC: Score=58.7, Recommendation=HOLD
2025-09-03 22:58:32,687 - INFO - Comprehensive data extracted for PAYTM
2025-09-03 22:58:32,689 - INFO - Fundamental analysis completed for PAYTM: 58 fields
2025-09-03 22:58:32,794 - INFO - Comprehensive data extracted for OLAELEC
2025-09-03 22:58:32,796 - INFO - Fundamental analysis completed for OLAELEC: 58 fields
2025-09-03 22:58:32,857 - INFO - Comprehensive data extracted for OIL
2025-09-03 22:58:32,859 - INFO - Fundamental analysis completed for OIL: 58 fields
2025-09-03 22:58:33,194 - INFO - Enhanced technical analysis completed for OLAELEC: 52 fields
2025-09-03 22:58:33,295 - INFO - Enhanced technical analysis completed for PAYTM: 52 fields
2025-09-03 22:58:33,384 - INFO - Enhanced technical analysis completed for OIL: 52 fields
2025-09-03 22:58:33,495 - INFO - Completed analysis for OLAELEC: Score=28.2, Recommendation=SELL
2025-09-03 22:58:33,536 - INFO - Completed analysis for PAYTM: Score=28.9, Recommendation=SELL
2025-09-03 22:58:33,595 - INFO - Completed analysis for OIL: Score=63.5, Recommendation=BUY (VALUE)
2025-09-03 22:58:34,122 - INFO - Comprehensive data extracted for POLICYBZR
2025-09-03 22:58:34,122 - INFO - Fundamental analysis completed for POLICYBZR: 58 fields
2025-09-03 22:58:34,181 - INFO - Comprehensive data extracted for OFSS
2025-09-03 22:58:34,182 - INFO - Fundamental analysis completed for OFSS: 58 fields
2025-09-03 22:58:34,526 - INFO - Enhanced technical analysis completed for POLICYBZR: 52 fields
2025-09-03 22:58:34,603 - INFO - Enhanced technical analysis completed for OFSS: 52 fields
2025-09-03 22:58:34,713 - INFO - Completed analysis for POLICYBZR: Score=36.4, Recommendation=SELL
2025-09-03 22:58:34,738 - INFO - Completed analysis for OFSS: Score=67.0, Recommendation=BUY
2025-09-03 22:58:40,288 - INFO - Comprehensive data extracted for PATANJALI
2025-09-03 22:58:40,290 - INFO - Fundamental analysis completed for PATANJALI: 58 fields
2025-09-03 22:58:40,354 - INFO - Comprehensive data extracted for PIIND
2025-09-03 22:58:40,355 - INFO - Fundamental analysis completed for PIIND: 58 fields
2025-09-03 22:58:40,468 - INFO - Comprehensive data extracted for PAGEIND
2025-09-03 22:58:40,519 - INFO - Fundamental analysis completed for PAGEIND: 58 fields
2025-09-03 22:58:40,673 - INFO - Enhanced technical analysis completed for PATANJALI: 52 fields
2025-09-03 22:58:40,762 - INFO - Enhanced technical analysis completed for PIIND: 52 fields
2025-09-03 22:58:40,969 - INFO - Completed analysis for PIIND: Score=27.0, Recommendation=SELL
2025-09-03 22:58:40,969 - INFO - Enhanced technical analysis completed for PAGEIND: 52 fields
2025-09-03 22:58:41,001 - INFO - Completed analysis for PATANJALI: Score=34.7, Recommendation=SELL
2025-09-03 22:58:41,064 - INFO - Completed analysis for PAGEIND: Score=40.0, Recommendation=WEAK SELL
2025-09-03 22:58:41,454 - INFO - Comprehensive data extracted for PERSISTENT
2025-09-03 22:58:41,455 - INFO - Fundamental analysis completed for PERSISTENT: 58 fields
2025-09-03 22:58:41,629 - INFO - Comprehensive data extracted for PETRONET
2025-09-03 22:58:41,634 - INFO - Fundamental analysis completed for PETRONET: 58 fields
2025-09-03 22:58:41,702 - INFO - Enhanced technical analysis completed for PERSISTENT: 52 fields
2025-09-03 22:58:41,839 - INFO - Completed analysis for PERSISTENT: Score=63.1, Recommendation=BUY
2025-09-03 22:58:41,891 - INFO - Enhanced technical analysis completed for PETRONET: 52 fields
2025-09-03 22:58:41,967 - INFO - Completed analysis for PETRONET: Score=49.2, Recommendation=WEAK SELL
2025-09-03 22:58:47,669 - INFO - Comprehensive data extracted for PIDILITIND
2025-09-03 22:58:47,685 - INFO - Fundamental analysis completed for PIDILITIND: 58 fields
2025-09-03 22:58:47,755 - INFO - Comprehensive data extracted for PHOENIXLTD
2025-09-03 22:58:47,756 - INFO - Fundamental analysis completed for PHOENIXLTD: 58 fields
2025-09-03 22:58:47,869 - INFO - Comprehensive data extracted for POLYCAB
2025-09-03 22:58:47,871 - INFO - Fundamental analysis completed for POLYCAB: 58 fields
2025-09-03 22:58:48,051 - INFO - Enhanced technical analysis completed for PIDILITIND: 52 fields
2025-09-03 22:58:48,112 - INFO - Enhanced technical analysis completed for PHOENIXLTD: 52 fields
2025-09-03 22:58:48,326 - INFO - Completed analysis for PIDILITIND: Score=47.2, Recommendation=WEAK SELL
2025-09-03 22:58:48,326 - INFO - Completed analysis for PHOENIXLTD: Score=34.9, Recommendation=SELL
2025-09-03 22:58:48,368 - INFO - Enhanced technical analysis completed for POLYCAB: 52 fields
2025-09-03 22:58:48,442 - INFO - Completed analysis for POLYCAB: Score=60.2, Recommendation=BUY
2025-09-03 22:58:48,906 - INFO - Comprehensive data extracted for POWERGRID
2025-09-03 22:58:48,919 - INFO - Fundamental analysis completed for POWERGRID: 58 fields
2025-09-03 22:58:48,973 - INFO - Comprehensive data extracted for PFC
2025-09-03 22:58:48,975 - INFO - Fundamental analysis completed for PFC: 58 fields
2025-09-03 22:58:49,308 - INFO - Enhanced technical analysis completed for POWERGRID: 52 fields
2025-09-03 22:58:49,378 - INFO - Enhanced technical analysis completed for PFC: 52 fields
2025-09-03 22:58:49,508 - INFO - Completed analysis for POWERGRID: Score=47.3, Recommendation=WEAK SELL
2025-09-03 22:58:49,533 - INFO - Completed analysis for PFC: Score=72.5, Recommendation=STRONG BUY (UNDERVALUED)
2025-09-03 22:58:55,202 - INFO - Comprehensive data extracted for PNB
2025-09-03 22:58:55,234 - INFO - Fundamental analysis completed for PNB: 58 fields
2025-09-03 22:58:55,301 - INFO - Comprehensive data extracted for PRESTIGE
2025-09-03 22:58:55,328 - INFO - Fundamental analysis completed for PRESTIGE: 58 fields
2025-09-03 22:58:55,340 - INFO - Comprehensive data extracted for PREMIERENE
2025-09-03 22:58:55,342 - INFO - Fundamental analysis completed for PREMIERENE: 58 fields
2025-09-03 22:58:55,766 - INFO - Enhanced technical analysis completed for PREMIERENE: 52 fields
2025-09-03 22:58:55,810 - INFO - Enhanced technical analysis completed for PRESTIGE: 52 fields
2025-09-03 22:58:55,938 - INFO - Enhanced technical analysis completed for PNB: 52 fields
2025-09-03 22:58:56,045 - INFO - Completed analysis for PREMIERENE: Score=46.0, Recommendation=WEAK SELL
2025-09-03 22:58:56,077 - INFO - Completed analysis for PRESTIGE: Score=40.8, Recommendation=WEAK SELL
2025-09-03 22:58:56,155 - INFO - Completed analysis for PNB: Score=87.8, Recommendation=STRONG BUY (UNDERVALUED)
2025-09-03 22:58:56,544 - INFO - Comprehensive data extracted for RECLTD
2025-09-03 22:58:56,544 - INFO - Fundamental analysis completed for RECLTD: 58 fields
2025-09-03 22:58:56,635 - INFO - Comprehensive data extracted for RVNL
2025-09-03 22:58:56,636 - INFO - Fundamental analysis completed for RVNL: 58 fields
2025-09-03 22:58:56,878 - INFO - Enhanced technical analysis completed for RECLTD: 52 fields
2025-09-03 22:58:56,954 - INFO - Enhanced technical analysis completed for RVNL: 52 fields
2025-09-03 22:58:57,050 - INFO - Completed analysis for RECLTD: Score=75.0, Recommendation=STRONG BUY (UNDERVALUED)
2025-09-03 22:58:57,085 - INFO - Completed analysis for RVNL: Score=28.5, Recommendation=SELL
2025-09-03 22:59:02,833 - INFO - Comprehensive data extracted for RELIANCE
2025-09-03 22:59:02,848 - INFO - Comprehensive data extracted for SBILIFE
2025-09-03 22:59:02,848 - INFO - Fundamental analysis completed for RELIANCE: 58 fields
2025-09-03 22:59:02,848 - INFO - Fundamental analysis completed for SBILIFE: 58 fields
2025-09-03 22:59:03,155 - INFO - Enhanced technical analysis completed for SBILIFE: 52 fields
2025-09-03 22:59:03,195 - INFO - Comprehensive data extracted for SBICARD
2025-09-03 22:59:03,196 - INFO - Fundamental analysis completed for SBICARD: 58 fields
2025-09-03 22:59:03,268 - INFO - Enhanced technical analysis completed for RELIANCE: 52 fields
2025-09-03 22:59:03,489 - INFO - Completed analysis for SBILIFE: Score=55.1, Recommendation=HOLD
2025-09-03 22:59:03,567 - INFO - Enhanced technical analysis completed for SBICARD: 52 fields
2025-09-03 22:59:03,577 - INFO - Completed analysis for RELIANCE: Score=50.5, Recommendation=HOLD
2025-09-03 22:59:03,673 - INFO - Completed analysis for SBICARD: Score=30.7, Recommendation=SELL
2025-09-03 22:59:04,005 - INFO - Comprehensive data extracted for SJVN
2025-09-03 22:59:04,021 - INFO - Fundamental analysis completed for SJVN: 58 fields
2025-09-03 22:59:04,072 - INFO - Comprehensive data extracted for SRF
2025-09-03 22:59:04,074 - INFO - Fundamental analysis completed for SRF: 58 fields
2025-09-03 22:59:04,356 - INFO - Enhanced technical analysis completed for SJVN: 52 fields
2025-09-03 22:59:04,436 - INFO - Enhanced technical analysis completed for SRF: 52 fields
2025-09-03 22:59:04,507 - INFO - Completed analysis for SJVN: Score=36.1, Recommendation=SELL
2025-09-03 22:59:04,574 - INFO - Completed analysis for SRF: Score=40.0, Recommendation=SELL
2025-09-03 22:59:10,697 - INFO - Comprehensive data extracted for SHREECEM
2025-09-03 22:59:10,697 - INFO - Comprehensive data extracted for SHRIRAMFIN
2025-09-03 22:59:10,735 - INFO - Fundamental analysis completed for SHRIRAMFIN: 58 fields
2025-09-03 22:59:10,736 - INFO - Fundamental analysis completed for SHREECEM: 58 fields
2025-09-03 22:59:10,743 - INFO - Comprehensive data extracted for MOTHERSON
2025-09-03 22:59:10,781 - INFO - Fundamental analysis completed for MOTHERSON: 58 fields
2025-09-03 22:59:11,900 - INFO - Enhanced technical analysis completed for SHREECEM: 52 fields
2025-09-03 22:59:11,980 - INFO - Enhanced technical analysis completed for SHRIRAMFIN: 52 fields
2025-09-03 22:59:11,991 - INFO - Enhanced technical analysis completed for MOTHERSON: 52 fields
2025-09-03 22:59:12,233 - INFO - Completed analysis for SHREECEM: Score=33.2, Recommendation=SELL
2025-09-03 22:59:12,271 - INFO - Completed analysis for SHRIRAMFIN: Score=68.3, Recommendation=BUY (VALUE)
2025-09-03 22:59:12,283 - INFO - Completed analysis for MOTHERSON: Score=37.0, Recommendation=SELL
2025-09-03 22:59:12,842 - INFO - Comprehensive data extracted for SOLARINDS
2025-09-03 22:59:12,851 - INFO - Fundamental analysis completed for SOLARINDS: 58 fields
2025-09-03 22:59:12,965 - INFO - Comprehensive data extracted for SIEMENS
2025-09-03 22:59:12,983 - INFO - Fundamental analysis completed for SIEMENS: 58 fields
2025-09-03 22:59:13,372 - INFO - Enhanced technical analysis completed for SOLARINDS: 52 fields
2025-09-03 22:59:13,372 - INFO - Enhanced technical analysis completed for SIEMENS: 52 fields
2025-09-03 22:59:13,572 - INFO - Completed analysis for SOLARINDS: Score=43.3, Recommendation=WEAK SELL
2025-09-03 22:59:13,586 - INFO - Completed analysis for SIEMENS: Score=33.5, Recommendation=SELL
2025-09-03 22:59:19,199 - INFO - Comprehensive data extracted for SONACOMS
2025-09-03 22:59:19,199 - INFO - Fundamental analysis completed for SONACOMS: 58 fields
2025-09-03 22:59:19,286 - INFO - Comprehensive data extracted for SBIN
2025-09-03 22:59:19,299 - INFO - Comprehensive data extracted for SAIL
2025-09-03 22:59:19,300 - INFO - Fundamental analysis completed for SBIN: 58 fields
2025-09-03 22:59:19,301 - INFO - Fundamental analysis completed for SAIL: 58 fields
2025-09-03 22:59:19,608 - INFO - Enhanced technical analysis completed for SONACOMS: 52 fields
2025-09-03 22:59:19,745 - INFO - Enhanced technical analysis completed for SBIN: 52 fields
2025-09-03 22:59:19,763 - INFO - Enhanced technical analysis completed for SAIL: 52 fields
2025-09-03 22:59:19,930 - INFO - Completed analysis for SONACOMS: Score=27.5, Recommendation=SELL
2025-09-03 22:59:19,944 - INFO - Completed analysis for SBIN: Score=86.2, Recommendation=STRONG BUY (UNDERVALUED)
2025-09-03 22:59:19,955 - INFO - Completed analysis for SAIL: Score=61.0, Recommendation=BUY (VALUE)
2025-09-03 22:59:20,425 - INFO - Comprehensive data extracted for SUPREMEIND
2025-09-03 22:59:20,441 - INFO - Fundamental analysis completed for SUPREMEIND: 58 fields
2025-09-03 22:59:20,480 - INFO - Comprehensive data extracted for SUNPHARMA
2025-09-03 22:59:20,482 - INFO - Fundamental analysis completed for SUNPHARMA: 58 fields
2025-09-03 22:59:20,944 - INFO - Enhanced technical analysis completed for SUNPHARMA: 52 fields
2025-09-03 22:59:20,960 - INFO - Enhanced technical analysis completed for SUPREMEIND: 52 fields
2025-09-03 22:59:21,107 - INFO - Completed analysis for SUPREMEIND: Score=25.0, Recommendation=SELL
2025-09-03 22:59:21,123 - INFO - Completed analysis for SUNPHARMA: Score=33.1, Recommendation=SELL
2025-09-03 22:59:26,768 - INFO - Comprehensive data extracted for SWIGGY
2025-09-03 22:59:26,799 - INFO - Fundamental analysis completed for SWIGGY: 58 fields
2025-09-03 22:59:26,810 - INFO - Comprehensive data extracted for SUZLON
2025-09-03 22:59:26,827 - INFO - Fundamental analysis completed for SUZLON: 58 fields
2025-09-03 22:59:26,868 - INFO - Comprehensive data extracted for TVSMOTOR
2025-09-03 22:59:26,870 - INFO - Fundamental analysis completed for TVSMOTOR: 58 fields
2025-09-03 22:59:27,092 - INFO - Enhanced technical analysis completed for SWIGGY: 52 fields
2025-09-03 22:59:27,321 - INFO - Enhanced technical analysis completed for SUZLON: 52 fields
2025-09-03 22:59:27,440 - INFO - Enhanced technical analysis completed for TVSMOTOR: 52 fields
2025-09-03 22:59:27,454 - INFO - Completed analysis for SWIGGY: Score=31.8, Recommendation=SELL
2025-09-03 22:59:27,573 - INFO - Completed analysis for SUZLON: Score=38.8, Recommendation=SELL
2025-09-03 22:59:27,582 - INFO - Completed analysis for TVSMOTOR: Score=39.5, Recommendation=SELL
2025-09-03 22:59:27,987 - INFO - Comprehensive data extracted for TATACOMM
2025-09-03 22:59:27,989 - INFO - Fundamental analysis completed for TATACOMM: 58 fields
2025-09-03 22:59:28,069 - INFO - Comprehensive data extracted for TCS
2025-09-03 22:59:28,070 - INFO - Fundamental analysis completed for TCS: 58 fields
2025-09-03 22:59:28,351 - INFO - Enhanced technical analysis completed for TATACOMM: 52 fields
2025-09-03 22:59:28,426 - INFO - Enhanced technical analysis completed for TCS: 52 fields
2025-09-03 22:59:28,544 - INFO - Completed analysis for TATACOMM: Score=31.0, Recommendation=SELL
2025-09-03 22:59:28,580 - INFO - Completed analysis for TCS: Score=59.9, Recommendation=HOLD
2025-09-03 22:59:34,205 - INFO - Comprehensive data extracted for TATACONSUM
2025-09-03 22:59:34,218 - INFO - Fundamental analysis completed for TATACONSUM: 58 fields
2025-09-03 22:59:34,304 - INFO - Comprehensive data extracted for TATAMOTORS
2025-09-03 22:59:34,310 - INFO - Comprehensive data extracted for TATAELXSI
2025-09-03 22:59:34,315 - INFO - Fundamental analysis completed for TATAMOTORS: 58 fields
2025-09-03 22:59:34,317 - INFO - Fundamental analysis completed for TATAELXSI: 58 fields
2025-09-03 22:59:34,697 - INFO - Enhanced technical analysis completed for TATACONSUM: 52 fields
2025-09-03 22:59:34,820 - INFO - Enhanced technical analysis completed for TATAELXSI: 52 fields
2025-09-03 22:59:34,820 - INFO - Enhanced technical analysis completed for TATAMOTORS: 52 fields
2025-09-03 22:59:35,057 - INFO - Completed analysis for TATACONSUM: Score=40.0, Recommendation=SELL
2025-09-03 22:59:35,057 - INFO - Completed analysis for TATAMOTORS: Score=47.5, Recommendation=WEAK SELL
2025-09-03 22:59:35,057 - INFO - Completed analysis for TATAELXSI: Score=24.9, Recommendation=SELL
2025-09-03 22:59:35,533 - INFO - Comprehensive data extracted for TATASTEEL
2025-09-03 22:59:35,534 - INFO - Fundamental analysis completed for TATASTEEL: 58 fields
2025-09-03 22:59:35,607 - INFO - Comprehensive data extracted for TATAPOWER
2025-09-03 22:59:35,608 - INFO - Fundamental analysis completed for TATAPOWER: 58 fields
2025-09-03 22:59:35,827 - INFO - Enhanced technical analysis completed for TATASTEEL: 52 fields
2025-09-03 22:59:36,003 - INFO - Enhanced technical analysis completed for TATAPOWER: 52 fields
2025-09-03 22:59:36,035 - INFO - Completed analysis for TATASTEEL: Score=44.7, Recommendation=WEAK SELL
2025-09-03 22:59:36,124 - INFO - Completed analysis for TATAPOWER: Score=35.5, Recommendation=SELL
2025-09-03 22:59:41,740 - INFO - Comprehensive data extracted for TATATECH
2025-09-03 22:59:41,740 - INFO - Fundamental analysis completed for TATATECH: 58 fields
2025-09-03 22:59:41,798 - INFO - Comprehensive data extracted for TECHM
2025-09-03 22:59:41,800 - INFO - Fundamental analysis completed for TECHM: 58 fields
2025-09-03 22:59:42,040 - INFO - Comprehensive data extracted for TITAN
2025-09-03 22:59:42,082 - INFO - Fundamental analysis completed for TITAN: 58 fields
2025-09-03 22:59:42,161 - INFO - Enhanced technical analysis completed for TATATECH: 52 fields
2025-09-03 22:59:42,269 - INFO - Enhanced technical analysis completed for TECHM: 52 fields
2025-09-03 22:59:42,420 - INFO - Completed analysis for TATATECH: Score=29.7, Recommendation=SELL
2025-09-03 22:59:42,529 - INFO - Enhanced technical analysis completed for TITAN: 52 fields
2025-09-03 22:59:42,561 - INFO - Completed analysis for TECHM: Score=40.7, Recommendation=WEAK SELL
2025-09-03 22:59:42,648 - INFO - Completed analysis for TITAN: Score=41.9, Recommendation=WEAK SELL
2025-09-03 22:59:43,012 - INFO - Comprehensive data extracted for TORNTPHARM
2025-09-03 22:59:43,012 - INFO - Fundamental analysis completed for TORNTPHARM: 58 fields
2025-09-03 22:59:43,143 - INFO - Comprehensive data extracted for TORNTPOWER
2025-09-03 22:59:43,144 - INFO - Fundamental analysis completed for TORNTPOWER: 58 fields
2025-09-03 22:59:43,660 - INFO - Enhanced technical analysis completed for TORNTPHARM: 52 fields
2025-09-03 22:59:43,700 - INFO - Enhanced technical analysis completed for TORNTPOWER: 52 fields
2025-09-03 22:59:43,832 - INFO - Completed analysis for TORNTPHARM: Score=39.6, Recommendation=SELL
2025-09-03 22:59:43,862 - INFO - Completed analysis for TORNTPOWER: Score=34.5, Recommendation=SELL
2025-09-03 22:59:49,493 - INFO - Comprehensive data extracted for UPL
2025-09-03 22:59:49,509 - INFO - Fundamental analysis completed for UPL: 58 fields
2025-09-03 22:59:49,579 - INFO - Comprehensive data extracted for TRENT
2025-09-03 22:59:49,606 - INFO - Fundamental analysis completed for TRENT: 58 fields
2025-09-03 22:59:49,630 - INFO - Comprehensive data extracted for TIINDIA
2025-09-03 22:59:49,634 - INFO - Fundamental analysis completed for TIINDIA: 58 fields
2025-09-03 22:59:49,975 - INFO - Enhanced technical analysis completed for UPL: 52 fields
2025-09-03 22:59:50,127 - INFO - Enhanced technical analysis completed for TRENT: 52 fields
2025-09-03 22:59:50,127 - INFO - Enhanced technical analysis completed for TIINDIA: 52 fields
2025-09-03 22:59:50,213 - INFO - Completed analysis for UPL: Score=30.6, Recommendation=SELL
2025-09-03 22:59:50,323 - INFO - Completed analysis for TIINDIA: Score=28.1, Recommendation=SELL
2025-09-03 22:59:50,377 - INFO - Completed analysis for TRENT: Score=36.5, Recommendation=SELL
2025-09-03 22:59:50,697 - INFO - Comprehensive data extracted for ULTRACEMCO
2025-09-03 22:59:50,701 - INFO - Fundamental analysis completed for ULTRACEMCO: 58 fields
2025-09-03 22:59:50,988 - INFO - Enhanced technical analysis completed for ULTRACEMCO: 52 fields
2025-09-03 22:59:50,988 - INFO - Comprehensive data extracted for UNIONBANK
2025-09-03 22:59:51,004 - INFO - Fundamental analysis completed for UNIONBANK: 58 fields
2025-09-03 22:59:51,093 - INFO - Completed analysis for ULTRACEMCO: Score=42.8, Recommendation=WEAK SELL
2025-09-03 22:59:51,255 - INFO - Enhanced technical analysis completed for UNIONBANK: 52 fields
2025-09-03 22:59:51,345 - INFO - Completed analysis for UNIONBANK: Score=85.5, Recommendation=STRONG BUY (UNDERVALUED)
2025-09-03 22:59:57,088 - INFO - Comprehensive data extracted for VBL
2025-09-03 22:59:57,088 - INFO - Fundamental analysis completed for VBL: 58 fields
2025-09-03 22:59:57,147 - INFO - Comprehensive data extracted for VEDL
2025-09-03 22:59:57,150 - INFO - Fundamental analysis completed for VEDL: 58 fields
2025-09-03 22:59:57,361 - INFO - Comprehensive data extracted for UNITDSPR
2025-09-03 22:59:57,397 - INFO - Fundamental analysis completed for UNITDSPR: 58 fields
2025-09-03 22:59:57,578 - INFO - Enhanced technical analysis completed for VEDL: 52 fields
2025-09-03 22:59:57,581 - INFO - Enhanced technical analysis completed for VBL: 52 fields
2025-09-03 22:59:57,829 - INFO - Enhanced technical analysis completed for UNITDSPR: 52 fields
2025-09-03 22:59:57,858 - INFO - Completed analysis for VBL: Score=43.9, Recommendation=WEAK SELL
2025-09-03 22:59:57,871 - INFO - Completed analysis for VEDL: Score=48.1, Recommendation=WEAK SELL
2025-09-03 22:59:57,947 - INFO - Completed analysis for UNITDSPR: Score=31.7, Recommendation=SELL
2025-09-03 22:59:58,231 - INFO - Comprehensive data extracted for IDEA
2025-09-03 22:59:58,244 - INFO - Fundamental analysis completed for IDEA: 58 fields
2025-09-03 22:59:58,296 - INFO - Comprehensive data extracted for VMM
2025-09-03 22:59:58,299 - INFO - Fundamental analysis completed for VMM: 58 fields
2025-09-03 22:59:58,460 - INFO - Enhanced technical analysis completed for IDEA: 52 fields
2025-09-03 22:59:58,577 - INFO - Enhanced technical analysis completed for VMM: 52 fields
2025-09-03 22:59:58,640 - INFO - Completed analysis for IDEA: Score=57.2, Recommendation=HOLD
2025-09-03 22:59:58,720 - INFO - Completed analysis for VMM: Score=34.2, Recommendation=SELL
2025-09-03 23:00:04,379 - INFO - Comprehensive data extracted for WAAREEENER
2025-09-03 23:00:04,379 - INFO - Fundamental analysis completed for WAAREEENER: 58 fields
2025-09-03 23:00:04,443 - INFO - Comprehensive data extracted for WIPRO
2025-09-03 23:00:04,445 - INFO - Fundamental analysis completed for WIPRO: 58 fields
2025-09-03 23:00:04,583 - INFO - Enhanced technical analysis completed for WAAREEENER: 52 fields
2025-09-03 23:00:04,736 - INFO - Enhanced technical analysis completed for WIPRO: 52 fields
2025-09-03 23:00:04,746 - INFO - Completed analysis for WAAREEENER: Score=37.9, Recommendation=SELL
2025-09-03 23:00:04,790 - INFO - Comprehensive data extracted for VOLTAS
2025-09-03 23:00:04,791 - INFO - Fundamental analysis completed for VOLTAS: 58 fields
2025-09-03 23:00:04,865 - INFO - Completed analysis for WIPRO: Score=65.8, Recommendation=BUY
2025-09-03 23:00:05,033 - INFO - Enhanced technical analysis completed for VOLTAS: 52 fields
2025-09-03 23:00:05,122 - INFO - Completed analysis for VOLTAS: Score=28.7, Recommendation=SELL
2025-09-03 23:00:05,323 - INFO - Comprehensive data extracted for YESBANK
2025-09-03 23:00:05,323 - INFO - Fundamental analysis completed for YESBANK: 58 fields
2025-09-03 23:00:05,556 - INFO - Enhanced technical analysis completed for YESBANK: 52 fields
2025-09-03 23:00:05,596 - INFO - Comprehensive data extracted for ZYDUSLIFE
2025-09-03 23:00:05,598 - INFO - Fundamental analysis completed for ZYDUSLIFE: 58 fields
2025-09-03 23:00:05,673 - INFO - Completed analysis for YESBANK: Score=75.4, Recommendation=STRONG BUY
2025-09-03 23:00:05,858 - INFO - Enhanced technical analysis completed for ZYDUSLIFE: 52 fields
2025-09-03 23:00:05,945 - INFO - Completed analysis for ZYDUSLIFE: Score=50.5, Recommendation=HOLD
2025-09-03 23:00:05,949 - INFO - Batch analysis completed: 200 results, 0 failures
2025-09-03 23:00:06,413 - INFO - Calculated sector rankings for 11 sectors
2025-09-03 23:00:41,072 - INFO - Completed risk-return analysis
2025-09-03 23:00:41,137 - INFO - Generated portfolio allocation for 10 stocks
2025-09-03 23:00:46,923 - INFO - Enhanced Excel report generated: reports/Enhanced_Stock_Report_20250903_230041.xlsx, Size: 289627 bytes
