2025-09-19 13:05:07,048 - INFO - Dynamic NSE Stock Analysis Initialized
2025-09-19 13:05:07,050 - INFO - Risk profile set to: moderate
2025-09-19 13:05:07,051 - INFO - Using default stock list from stock_list_template.csv
2025-09-19 13:05:07,051 - INFO - Loading stocks from CSV: stock_list_template.csv
2025-09-19 13:05:07,057 - INFO - Loaded 200 stocks with company names
2025-09-19 13:05:07,063 - INFO - Sample stocks: ABB, ACC, APLAPOLLO, AUBANK, ADANIENSOL
2025-09-19 13:05:07,071 - INFO - Found 34 current holdings to include in analysis
2025-09-19 13:05:07,083 - INFO - Starting batch analysis of 28 stocks
2025-09-19 13:05:10,084 - INFO - Comprehensive data extracted for AXISBANK
2025-09-19 13:05:10,084 - INFO - Fundamental analysis completed for AXISBANK: 58 fields
2025-09-19 13:05:10,151 - INFO - Comprehensive data extracted for BANKBARODA
2025-09-19 13:05:10,168 - INFO - Fundamental analysis completed for BANKBARODA: 58 fields
2025-09-19 13:05:10,193 - INFO - Comprehensive data extracted for BAJAJ-AUTO
2025-09-19 13:05:10,200 - INFO - Fundamental analysis completed for BAJAJ-AUTO: 58 fields
2025-09-19 13:05:10,514 - INFO - Enhanced technical analysis completed for AXISBANK: 52 fields
2025-09-19 13:05:10,518 - INFO - Enhanced technical analysis completed for BANKBARODA: 52 fields
2025-09-19 13:05:10,646 - INFO - Completed analysis for AXISBANK: Score=75.6, Recommendation=STRONG BUY (UNDERVALUED)
2025-09-19 13:05:10,646 - INFO - Completed analysis for BANKBARODA: Score=79.1, Recommendation=STRONG BUY (UNDERVALUED)
2025-09-19 13:05:10,668 - INFO - Enhanced technical analysis completed for BAJAJ-AUTO: 52 fields
2025-09-19 13:05:10,707 - INFO - Completed analysis for BAJAJ-AUTO: Score=39.6, Recommendation=SELL
2025-09-19 13:05:11,213 - INFO - Comprehensive data extracted for CANBK
2025-09-19 13:05:11,222 - INFO - Fundamental analysis completed for CANBK: 58 fields
2025-09-19 13:05:11,365 - INFO - Enhanced technical analysis completed for CANBK: 52 fields
2025-09-19 13:05:11,406 - INFO - Completed analysis for CANBK: Score=86.6, Recommendation=STRONG BUY (UNDERVALUED)
2025-09-19 13:05:11,439 - INFO - Comprehensive data extracted for BANKINDIA
2025-09-19 13:05:11,439 - INFO - Fundamental analysis completed for BANKINDIA: 58 fields
2025-09-19 13:05:11,595 - INFO - Enhanced technical analysis completed for BANKINDIA: 52 fields
2025-09-19 13:05:11,641 - INFO - Completed analysis for BANKINDIA: Score=78.9, Recommendation=STRONG BUY (UNDERVALUED)
2025-09-19 13:05:17,378 - INFO - Comprehensive data extracted for DMART
2025-09-19 13:05:17,385 - INFO - Fundamental analysis completed for DMART: 58 fields
2025-09-19 13:05:17,534 - INFO - Comprehensive data extracted for DRREDDY
2025-09-19 13:05:17,534 - INFO - Fundamental analysis completed for DRREDDY: 58 fields
2025-09-19 13:05:17,672 - INFO - Enhanced technical analysis completed for DRREDDY: 52 fields
2025-09-19 13:05:17,722 - INFO - Completed analysis for DRREDDY: Score=69.8, Recommendation=BUY
2025-09-19 13:05:17,770 - INFO - Comprehensive data extracted for ETERNAL
2025-09-19 13:05:17,770 - INFO - Fundamental analysis completed for ETERNAL: 58 fields
2025-09-19 13:05:18,056 - INFO - Enhanced technical analysis completed for ETERNAL: 52 fields
2025-09-19 13:05:18,113 - INFO - Enhanced technical analysis completed for DMART: 52 fields
2025-09-19 13:05:18,158 - INFO - Completed analysis for ETERNAL: Score=32.7, Recommendation=SELL
2025-09-19 13:05:18,194 - INFO - Completed analysis for DMART: Score=26.6, Recommendation=SELL
2025-09-19 13:05:18,281 - INFO - Comprehensive data extracted for HAL
2025-09-19 13:05:18,281 - INFO - Fundamental analysis completed for HAL: 58 fields
2025-09-19 13:05:18,530 - INFO - Enhanced technical analysis completed for HAL: 52 fields
2025-09-19 13:05:18,565 - INFO - Completed analysis for HAL: Score=49.0, Recommendation=WEAK SELL
2025-09-19 13:05:18,836 - INFO - Comprehensive data extracted for HDFCBANK
2025-09-19 13:05:18,836 - INFO - Fundamental analysis completed for HDFCBANK: 58 fields
2025-09-19 13:05:19,131 - INFO - Enhanced technical analysis completed for HDFCBANK: 52 fields
2025-09-19 13:05:19,177 - INFO - Completed analysis for HDFCBANK: Score=65.1, Recommendation=BUY
2025-09-19 13:05:24,748 - INFO - Comprehensive data extracted for HEROMOTOCO
2025-09-19 13:05:24,748 - INFO - Fundamental analysis completed for HEROMOTOCO: 58 fields
2025-09-19 13:05:24,850 - INFO - Comprehensive data extracted for HINDUNILVR
2025-09-19 13:05:24,850 - INFO - Fundamental analysis completed for HINDUNILVR: 58 fields
2025-09-19 13:05:25,024 - INFO - Enhanced technical analysis completed for HEROMOTOCO: 52 fields
2025-09-19 13:05:25,070 - INFO - Completed analysis for HEROMOTOCO: Score=45.9, Recommendation=WEAK SELL
2025-09-19 13:05:25,153 - INFO - Enhanced technical analysis completed for HINDUNILVR: 52 fields
2025-09-19 13:05:25,203 - INFO - Completed analysis for HINDUNILVR: Score=32.5, Recommendation=SELL
2025-09-19 13:05:25,324 - INFO - Comprehensive data extracted for HDFCLIFE
2025-09-19 13:05:25,326 - INFO - Fundamental analysis completed for HDFCLIFE: 58 fields
2025-09-19 13:05:25,470 - INFO - Enhanced technical analysis completed for HDFCLIFE: 52 fields
2025-09-19 13:05:25,517 - INFO - Completed analysis for HDFCLIFE: Score=44.7, Recommendation=WEAK SELL
2025-09-19 13:05:25,705 - INFO - Comprehensive data extracted for IDFCFIRSTB
2025-09-19 13:05:25,705 - INFO - Fundamental analysis completed for IDFCFIRSTB: 58 fields
2025-09-19 13:05:25,848 - INFO - Enhanced technical analysis completed for IDFCFIRSTB: 52 fields
2025-09-19 13:05:25,870 - INFO - Comprehensive data extracted for ICICIBANK
2025-09-19 13:05:25,870 - INFO - Fundamental analysis completed for ICICIBANK: 58 fields
2025-09-19 13:05:25,915 - INFO - Completed analysis for IDFCFIRSTB: Score=49.1, Recommendation=WEAK SELL
2025-09-19 13:05:26,038 - INFO - Enhanced technical analysis completed for ICICIBANK: 52 fields
2025-09-19 13:05:26,080 - INFO - Completed analysis for ICICIBANK: Score=74.3, Recommendation=STRONG BUY
2025-09-19 13:05:31,607 - INFO - Comprehensive data extracted for KOTAKBANK
2025-09-19 13:05:31,607 - INFO - Fundamental analysis completed for KOTAKBANK: 58 fields
2025-09-19 13:05:31,673 - INFO - Comprehensive data extracted for INDIANB
2025-09-19 13:05:31,673 - INFO - Fundamental analysis completed for INDIANB: 58 fields
2025-09-19 13:05:31,769 - INFO - Enhanced technical analysis completed for KOTAKBANK: 52 fields
2025-09-19 13:05:31,839 - INFO - Enhanced technical analysis completed for INDIANB: 52 fields
2025-09-19 13:05:31,886 - INFO - Completed analysis for KOTAKBANK: Score=67.8, Recommendation=BUY
2025-09-19 13:05:31,932 - INFO - Completed analysis for INDIANB: Score=83.4, Recommendation=STRONG BUY (UNDERVALUED)
2025-09-19 13:05:32,012 - INFO - Comprehensive data extracted for LICHSGFIN
2025-09-19 13:05:32,012 - INFO - Fundamental analysis completed for LICHSGFIN: 58 fields
2025-09-19 13:05:32,168 - INFO - Enhanced technical analysis completed for LICHSGFIN: 52 fields
2025-09-19 13:05:32,205 - INFO - Completed analysis for LICHSGFIN: Score=69.0, Recommendation=BUY (VALUE)
2025-09-19 13:05:32,769 - INFO - Comprehensive data extracted for MOTILALOFS
2025-09-19 13:05:32,785 - INFO - Fundamental analysis completed for MOTILALOFS: 58 fields
2025-09-19 13:05:33,082 - INFO - Comprehensive data extracted for MAHABANK
2025-09-19 13:05:33,113 - INFO - Fundamental analysis completed for MAHABANK: 58 fields
2025-09-19 13:05:33,121 - INFO - Enhanced technical analysis completed for MOTILALOFS: 52 fields
2025-09-19 13:05:33,179 - INFO - Completed analysis for MOTILALOFS: Score=56.0, Recommendation=HOLD
2025-09-19 13:05:33,442 - INFO - Enhanced technical analysis completed for MAHABANK: 52 fields
2025-09-19 13:05:33,500 - INFO - Completed analysis for MAHABANK: Score=87.1, Recommendation=STRONG BUY (UNDERVALUED)
2025-09-19 13:05:39,175 - INFO - Comprehensive data extracted for PFC
2025-09-19 13:05:39,177 - INFO - Fundamental analysis completed for PFC: 58 fields
2025-09-19 13:05:39,210 - INFO - Comprehensive data extracted for MUTHOOTFIN
2025-09-19 13:05:39,219 - INFO - Fundamental analysis completed for MUTHOOTFIN: 58 fields
2025-09-19 13:05:39,379 - INFO - Enhanced technical analysis completed for PFC: 52 fields
2025-09-19 13:05:39,398 - INFO - Enhanced technical analysis completed for MUTHOOTFIN: 52 fields
2025-09-19 13:05:39,479 - INFO - Completed analysis for PFC: Score=73.4, Recommendation=STRONG BUY (UNDERVALUED)
2025-09-19 13:05:39,479 - INFO - Completed analysis for MUTHOOTFIN: Score=72.6, Recommendation=STRONG BUY
2025-09-19 13:05:39,574 - INFO - Comprehensive data extracted for NESTLEIND
2025-09-19 13:05:39,574 - INFO - Fundamental analysis completed for NESTLEIND: 58 fields
2025-09-19 13:05:39,850 - INFO - Enhanced technical analysis completed for NESTLEIND: 52 fields
2025-09-19 13:05:39,908 - INFO - Completed analysis for NESTLEIND: Score=28.2, Recommendation=SELL
2025-09-19 13:05:40,294 - INFO - Comprehensive data extracted for PNB
2025-09-19 13:05:40,294 - INFO - Fundamental analysis completed for PNB: 58 fields
2025-09-19 13:05:40,462 - INFO - Enhanced technical analysis completed for PNB: 52 fields
2025-09-19 13:05:40,510 - INFO - Completed analysis for PNB: Score=85.8, Recommendation=STRONG BUY (UNDERVALUED)
2025-09-19 13:05:40,938 - INFO - Comprehensive data extracted for RECLTD
2025-09-19 13:05:40,940 - INFO - Fundamental analysis completed for RECLTD: 58 fields
2025-09-19 13:05:41,155 - INFO - Enhanced technical analysis completed for RECLTD: 52 fields
2025-09-19 13:05:41,206 - INFO - Completed analysis for RECLTD: Score=75.7, Recommendation=STRONG BUY (UNDERVALUED)
2025-09-19 13:05:46,713 - INFO - Comprehensive data extracted for UNIONBANK
2025-09-19 13:05:46,713 - INFO - Fundamental analysis completed for UNIONBANK: 58 fields
2025-09-19 13:05:46,749 - INFO - Comprehensive data extracted for YESBANK
2025-09-19 13:05:46,753 - INFO - Fundamental analysis completed for YESBANK: 58 fields
2025-09-19 13:05:46,896 - INFO - Enhanced technical analysis completed for YESBANK: 52 fields
2025-09-19 13:05:46,961 - INFO - Completed analysis for YESBANK: Score=77.6, Recommendation=STRONG BUY
2025-09-19 13:05:46,986 - INFO - Enhanced technical analysis completed for UNIONBANK: 52 fields
2025-09-19 13:05:47,036 - INFO - Completed analysis for UNIONBANK: Score=86.1, Recommendation=STRONG BUY (UNDERVALUED)
2025-09-19 13:05:47,505 - INFO - Comprehensive data extracted for SBIN
2025-09-19 13:05:47,505 - INFO - Fundamental analysis completed for SBIN: 58 fields
2025-09-19 13:05:47,955 - INFO - Enhanced technical analysis completed for SBIN: 52 fields
2025-09-19 13:05:48,039 - INFO - Completed analysis for SBIN: Score=86.8, Recommendation=STRONG BUY (UNDERVALUED)
2025-09-19 13:05:48,044 - INFO - Batch analysis completed: 28 results, 0 failures
2025-09-19 13:05:48,098 - INFO - Calculated sector rankings for 5 sectors
2025-09-19 13:05:54,937 - INFO - Completed risk-return analysis
2025-09-19 13:05:55,042 - INFO - Generated complete portfolio allocation: 34 total stocks (Current: 34, New: 0)
2025-09-19 13:05:56,646 - INFO - Enhanced Excel report generated: reports/Enhanced_Stock_Report_20250919_130555.xlsx, Size: 60157 bytes
2025-09-19 13:05:56,804 - INFO - Loaded report: Enhanced_Stock_Report_20250919_130223.xlsx
2025-09-19 13:05:56,806 - INFO - Available sheets: ['Top Picks', 'Trading Plans', 'Undervalued', 'Sector Analysis', 'Risk Analysis', 'Complete Data']
2025-09-19 13:05:56,974 - INFO - Loaded report: Enhanced_Stock_Report_20250919_130555.xlsx
2025-09-19 13:05:56,974 - INFO - Available sheets: ['Top Picks', 'Trading Plans', 'Undervalued', 'Sector Analysis', 'Risk Analysis', 'Portfolio Allocation', 'Portfolio Summary', 'Complete Data']
