2025-09-03 14:03:33,267 - INFO - Top 200 NSE Stock Analysis Initialized
2025-09-03 14:03:33,267 - INFO - Using default stock list from stock_list_template.csv
2025-09-03 14:03:33,267 - INFO - Loading stocks from CSV: stock_list_template.csv
2025-09-03 14:03:33,280 - INFO - Loaded 200 stocks with company names
2025-09-03 14:03:33,281 - INFO - Sample stocks: ABB, ACC, APLAPOLLO, AUBANK, ADANIENSOL
2025-09-03 14:03:33,283 - INFO - Starting batch analysis of 10 stocks
2025-09-03 14:03:34,435 - INFO - Comprehensive data extracted for APLAPOLLO
2025-09-03 14:03:34,435 - INFO - Fundamental analysis completed for APLAPOLLO: 58 fields
2025-09-03 14:03:34,496 - INFO - Comprehensive data extracted for ACC
2025-09-03 14:03:34,496 - INFO - Fundamental analysis completed for ACC: 58 fields
2025-09-03 14:03:34,547 - INFO - Comprehensive data extracted for ABB
2025-09-03 14:03:34,547 - INFO - Fundamental analysis completed for ABB: 58 fields
2025-09-03 14:03:34,640 - INFO - Enhanced technical analysis completed for APLAPOLLO: 52 fields
2025-09-03 14:03:34,734 - INFO - Completed analysis for APLAPOLLO: Score=30.3, Recommendation=SELL
2025-09-03 14:03:34,764 - INFO - Enhanced technical analysis completed for ACC: 52 fields
2025-09-03 14:03:34,845 - INFO - Completed analysis for ACC: Score=68.2, Recommendation=BUY (VALUE)
2025-09-03 14:03:34,928 - INFO - Enhanced technical analysis completed for ABB: 52 fields
2025-09-03 14:03:35,006 - INFO - Completed analysis for ABB: Score=56.6, Recommendation=HOLD
2025-09-03 14:03:35,272 - INFO - Comprehensive data extracted for AUBANK
2025-09-03 14:03:35,272 - INFO - Fundamental analysis completed for AUBANK: 58 fields
2025-09-03 14:03:35,449 - INFO - Enhanced technical analysis completed for AUBANK: 52 fields
2025-09-03 14:03:35,510 - INFO - Completed analysis for AUBANK: Score=64.6, Recommendation=BUY
2025-09-03 14:03:35,576 - INFO - Comprehensive data extracted for ADANIENSOL
2025-09-03 14:03:35,576 - INFO - Fundamental analysis completed for ADANIENSOL: 58 fields
2025-09-03 14:03:35,736 - INFO - Enhanced technical analysis completed for ADANIENSOL: 52 fields
2025-09-03 14:03:35,796 - INFO - Completed analysis for ADANIENSOL: Score=28.4, Recommendation=SELL
2025-09-03 14:03:41,437 - INFO - Comprehensive data extracted for ADANIPORTS
2025-09-03 14:03:41,438 - INFO - Fundamental analysis completed for ADANIPORTS: 58 fields
2025-09-03 14:03:41,460 - INFO - Comprehensive data extracted for ADANIENT
2025-09-03 14:03:41,460 - INFO - Fundamental analysis completed for ADANIENT: 58 fields
2025-09-03 14:03:41,497 - INFO - Comprehensive data extracted for ADANIGREEN
2025-09-03 14:03:41,498 - INFO - Fundamental analysis completed for ADANIGREEN: 58 fields
2025-09-03 14:03:41,614 - INFO - Enhanced technical analysis completed for ADANIPORTS: 52 fields
2025-09-03 14:03:41,728 - INFO - Enhanced technical analysis completed for ADANIGREEN: 52 fields
2025-09-03 14:03:41,728 - INFO - Enhanced technical analysis completed for ADANIENT: 52 fields
2025-09-03 14:03:41,762 - INFO - Completed analysis for ADANIPORTS: Score=49.1, Recommendation=WEAK SELL
2025-09-03 14:03:41,801 - INFO - Completed analysis for ADANIGREEN: Score=43.3, Recommendation=WEAK SELL
2025-09-03 14:03:41,827 - INFO - Completed analysis for ADANIENT: Score=29.6, Recommendation=SELL
2025-09-03 14:03:42,215 - INFO - Comprehensive data extracted for ADANIPOWER
2025-09-03 14:03:42,215 - INFO - Fundamental analysis completed for ADANIPOWER: 58 fields
2025-09-03 14:03:42,281 - INFO - Comprehensive data extracted for ATGL
2025-09-03 14:03:42,281 - INFO - Fundamental analysis completed for ATGL: 58 fields
2025-09-03 14:03:42,461 - INFO - Enhanced technical analysis completed for ATGL: 52 fields
2025-09-03 14:03:42,508 - INFO - Enhanced technical analysis completed for ADANIPOWER: 52 fields
2025-09-03 14:03:42,536 - INFO - Completed analysis for ATGL: Score=33.6, Recommendation=SELL
2025-09-03 14:03:42,565 - INFO - Completed analysis for ADANIPOWER: Score=40.7, Recommendation=WEAK SELL
2025-09-03 14:03:42,569 - INFO - Batch analysis completed: 10 results, 0 failures
2025-09-03 14:03:42,597 - INFO - Calculated sector rankings for 5 sectors
2025-09-03 14:03:44,138 - INFO - Completed risk-return analysis
2025-09-03 14:03:44,147 - INFO - Generated portfolio allocation for 1 stocks
2025-09-03 14:03:44,470 - INFO - Enhanced Excel report generated: reports/Enhanced_Stock_Report_20250903_140344.xlsx, Size: 26628 bytes
