2025-09-19 12:12:21,578 - INFO - Dynamic NSE Stock Analysis Initialized
2025-09-19 12:12:21,599 - INFO - Risk profile set to: moderate
2025-09-19 12:12:21,599 - INFO - Using default stock list from stock_list_template.csv
2025-09-19 12:12:21,599 - INFO - Loading stocks from CSV: stock_list_template.csv
2025-09-19 12:12:21,626 - INFO - Loaded 200 stocks with company names
2025-09-19 12:12:21,628 - INFO - Sample stocks: ABB, ACC, APLAPOLLO, AUBANK, ADANIENSOL
2025-09-19 12:12:21,630 - INFO - Starting batch analysis of 200 stocks
2025-09-19 12:12:22,682 - INFO - Comprehensive data extracted for ABB
2025-09-19 12:12:22,690 - INFO - Fundamental analysis completed for ABB: 58 fields
2025-09-19 12:12:23,623 - INFO - Comprehensive data extracted for APLAPOLLO
2025-09-19 12:12:23,623 - INFO - Fundamental analysis completed for APLAPOLLO: 58 fields
2025-09-19 12:12:23,737 - INFO - Enhanced technical analysis completed for ABB: 52 fields
2025-09-19 12:12:23,798 - INFO - Completed analysis for ABB: Score=53.0, Recommendation=HOLD
2025-09-19 12:12:24,174 - INFO - Enhanced technical analysis completed for APLAPOLLO: 52 fields
2025-09-19 12:12:24,244 - INFO - Completed analysis for APLAPOLLO: Score=31.9, Recommendation=SELL
2025-09-19 12:12:24,832 - INFO - Comprehensive data extracted for ADANIENSOL
2025-09-19 12:12:24,834 - INFO - Fundamental analysis completed for ADANIENSOL: 58 fields
2025-09-19 12:12:25,005 - INFO - Enhanced technical analysis completed for ADANIENSOL: 52 fields
2025-09-19 12:12:25,048 - INFO - Comprehensive data extracted for AUBANK
2025-09-19 12:12:25,058 - INFO - Fundamental analysis completed for AUBANK: 58 fields
2025-09-19 12:12:25,095 - INFO - Completed analysis for ADANIENSOL: Score=30.1, Recommendation=SELL
2025-09-19 12:12:25,226 - INFO - Enhanced technical analysis completed for AUBANK: 52 fields
2025-09-19 12:12:25,281 - INFO - Completed analysis for AUBANK: Score=70.2, Recommendation=STRONG BUY
2025-09-19 12:12:26,193 - INFO - Comprehensive data extracted for ACC
2025-09-19 12:12:26,195 - INFO - Fundamental analysis completed for ACC: 58 fields
2025-09-19 12:12:26,397 - INFO - Enhanced technical analysis completed for ACC: 52 fields
2025-09-19 12:12:26,451 - INFO - Completed analysis for ACC: Score=60.8, Recommendation=BUY (VALUE)
2025-09-19 12:12:32,305 - INFO - Comprehensive data extracted for ADANIENT
2025-09-19 12:12:32,310 - INFO - Fundamental analysis completed for ADANIENT: 58 fields
2025-09-19 12:12:32,473 - INFO - Enhanced technical analysis completed for ADANIENT: 52 fields
2025-09-19 12:12:32,520 - INFO - Completed analysis for ADANIENT: Score=28.7, Recommendation=SELL
2025-09-19 12:12:33,421 - INFO - Comprehensive data extracted for ADANIPOWER
2025-09-19 12:12:33,423 - INFO - Fundamental analysis completed for ADANIPOWER: 58 fields
2025-09-19 12:12:33,605 - INFO - Enhanced technical analysis completed for ADANIPOWER: 52 fields
2025-09-19 12:12:33,640 - INFO - Comprehensive data extracted for ADANIGREEN
2025-09-19 12:12:33,640 - INFO - Fundamental analysis completed for ADANIGREEN: 58 fields
2025-09-19 12:12:33,679 - INFO - Completed analysis for ADANIPOWER: Score=31.3, Recommendation=SELL
2025-09-19 12:12:35,078 - INFO - Comprehensive data extracted for ATGL
2025-09-19 12:12:35,078 - INFO - Fundamental analysis completed for ATGL: 58 fields
2025-09-19 12:12:36,152 - INFO - Enhanced technical analysis completed for ADANIGREEN: 52 fields
2025-09-19 12:12:36,319 - INFO - Completed analysis for ADANIGREEN: Score=37.0, Recommendation=SELL
2025-09-19 12:12:36,413 - INFO - Enhanced technical analysis completed for ATGL: 52 fields
2025-09-19 12:12:36,496 - INFO - Completed analysis for ATGL: Score=36.1, Recommendation=SELL
2025-09-19 12:12:40,564 - INFO - Comprehensive data extracted for ADANIPORTS
2025-09-19 12:12:40,564 - INFO - Fundamental analysis completed for ADANIPORTS: 58 fields
2025-09-19 12:12:40,966 - INFO - Enhanced technical analysis completed for ADANIPORTS: 52 fields
2025-09-19 12:12:41,039 - INFO - Completed analysis for ADANIPORTS: Score=45.5, Recommendation=WEAK SELL
2025-09-19 12:12:46,942 - INFO - Comprehensive data extracted for ABFRL
2025-09-19 12:12:46,946 - INFO - Fundamental analysis completed for ABFRL: 58 fields
2025-09-19 12:12:47,170 - INFO - Enhanced technical analysis completed for ABFRL: 52 fields
2025-09-19 12:12:47,261 - INFO - Completed analysis for ABFRL: Score=28.4, Recommendation=SELL
2025-09-19 12:12:48,376 - INFO - Comprehensive data extracted for AMBUJACEM
2025-09-19 12:12:48,383 - INFO - Fundamental analysis completed for AMBUJACEM: 58 fields
2025-09-19 12:12:48,636 - INFO - Enhanced technical analysis completed for AMBUJACEM: 52 fields
2025-09-19 12:12:48,723 - INFO - Completed analysis for AMBUJACEM: Score=50.9, Recommendation=HOLD
2025-09-19 12:12:48,874 - INFO - Comprehensive data extracted for ABCAPITAL
2025-09-19 12:12:48,875 - INFO - Fundamental analysis completed for ABCAPITAL: 58 fields
2025-09-19 12:12:49,089 - INFO - Enhanced technical analysis completed for ABCAPITAL: 52 fields
2025-09-19 12:12:49,176 - INFO - Completed analysis for ABCAPITAL: Score=40.6, Recommendation=WEAK SELL
2025-09-19 12:12:49,286 - INFO - Comprehensive data extracted for ALKEM
2025-09-19 12:12:49,286 - INFO - Fundamental analysis completed for ALKEM: 58 fields
2025-09-19 12:12:49,612 - INFO - Enhanced technical analysis completed for ALKEM: 52 fields
2025-09-19 12:12:49,772 - INFO - Completed analysis for ALKEM: Score=45.6, Recommendation=WEAK SELL
2025-09-19 12:12:50,045 - INFO - Comprehensive data extracted for APOLLOHOSP
2025-09-19 12:12:50,047 - INFO - Fundamental analysis completed for APOLLOHOSP: 58 fields
2025-09-19 12:12:50,309 - INFO - Enhanced technical analysis completed for APOLLOHOSP: 52 fields
2025-09-19 12:12:50,394 - INFO - Completed analysis for APOLLOHOSP: Score=37.6, Recommendation=SELL
2025-09-19 12:12:56,149 - INFO - Comprehensive data extracted for ASIANPAINT
2025-09-19 12:12:56,151 - INFO - Fundamental analysis completed for ASIANPAINT: 58 fields
2025-09-19 12:12:56,392 - INFO - Enhanced technical analysis completed for ASIANPAINT: 52 fields
2025-09-19 12:12:56,470 - INFO - Completed analysis for ASIANPAINT: Score=28.2, Recommendation=SELL
2025-09-19 12:12:56,562 - INFO - Comprehensive data extracted for APOLLOTYRE
2025-09-19 12:12:56,567 - INFO - Fundamental analysis completed for APOLLOTYRE: 58 fields
2025-09-19 12:12:56,870 - INFO - Enhanced technical analysis completed for APOLLOTYRE: 52 fields
2025-09-19 12:12:56,972 - INFO - Completed analysis for APOLLOTYRE: Score=27.7, Recommendation=SELL
2025-09-19 12:12:57,038 - INFO - Comprehensive data extracted for ASHOKLEY
2025-09-19 12:12:57,038 - INFO - Fundamental analysis completed for ASHOKLEY: 58 fields
2025-09-19 12:12:57,327 - INFO - Enhanced technical analysis completed for ASHOKLEY: 52 fields
2025-09-19 12:12:57,409 - INFO - Completed analysis for ASHOKLEY: Score=42.3, Recommendation=WEAK SELL
2025-09-19 12:12:57,466 - INFO - Comprehensive data extracted for ASTRAL
2025-09-19 12:12:57,471 - INFO - Fundamental analysis completed for ASTRAL: 58 fields
2025-09-19 12:12:57,835 - INFO - Enhanced technical analysis completed for ASTRAL: 52 fields
2025-09-19 12:12:57,925 - INFO - Completed analysis for ASTRAL: Score=28.0, Recommendation=SELL
2025-09-19 12:12:58,130 - INFO - Comprehensive data extracted for AUROPHARMA
2025-09-19 12:12:58,130 - INFO - Fundamental analysis completed for AUROPHARMA: 58 fields
2025-09-19 12:12:58,396 - INFO - Enhanced technical analysis completed for AUROPHARMA: 52 fields
2025-09-19 12:12:58,492 - INFO - Completed analysis for AUROPHARMA: Score=48.2, Recommendation=WEAK SELL
2025-09-19 12:13:04,009 - INFO - Comprehensive data extracted for DMART
2025-09-19 12:13:04,014 - INFO - Fundamental analysis completed for DMART: 58 fields
2025-09-19 12:13:04,196 - INFO - Enhanced technical analysis completed for DMART: 52 fields
2025-09-19 12:13:04,253 - INFO - Completed analysis for DMART: Score=26.6, Recommendation=SELL
2025-09-19 12:13:04,742 - INFO - Comprehensive data extracted for AXISBANK
2025-09-19 12:13:04,747 - INFO - Fundamental analysis completed for AXISBANK: 58 fields
2025-09-19 12:13:04,957 - INFO - Enhanced technical analysis completed for AXISBANK: 52 fields
2025-09-19 12:13:05,009 - INFO - Completed analysis for AXISBANK: Score=74.9, Recommendation=STRONG BUY (UNDERVALUED)
2025-09-19 12:13:05,187 - INFO - Comprehensive data extracted for BSE
2025-09-19 12:13:05,203 - INFO - Fundamental analysis completed for BSE: 58 fields
2025-09-19 12:13:05,372 - INFO - Enhanced technical analysis completed for BSE: 52 fields
2025-09-19 12:13:05,442 - INFO - Completed analysis for BSE: Score=58.2, Recommendation=HOLD
2025-09-19 12:13:05,722 - INFO - Comprehensive data extracted for BAJFINANCE
2025-09-19 12:13:05,724 - INFO - Fundamental analysis completed for BAJFINANCE: 58 fields
2025-09-19 12:13:05,747 - INFO - Comprehensive data extracted for BAJAJ-AUTO
2025-09-19 12:13:05,749 - INFO - Fundamental analysis completed for BAJAJ-AUTO: 58 fields
2025-09-19 12:13:05,968 - INFO - Enhanced technical analysis completed for BAJFINANCE: 52 fields
2025-09-19 12:13:05,976 - INFO - Enhanced technical analysis completed for BAJAJ-AUTO: 52 fields
2025-09-19 12:13:06,077 - INFO - Completed analysis for BAJAJ-AUTO: Score=39.7, Recommendation=SELL
2025-09-19 12:13:06,085 - INFO - Completed analysis for BAJFINANCE: Score=50.0, Recommendation=HOLD
2025-09-19 12:13:11,690 - INFO - Comprehensive data extracted for BAJAJHFL
2025-09-19 12:13:11,710 - INFO - Comprehensive data extracted for BAJAJFINSV
2025-09-19 12:13:11,710 - INFO - Fundamental analysis completed for BAJAJHFL: 58 fields
2025-09-19 12:13:11,712 - INFO - Fundamental analysis completed for BAJAJFINSV: 58 fields
2025-09-19 12:13:11,919 - INFO - Enhanced technical analysis completed for BAJAJHFL: 52 fields
2025-09-19 12:13:11,951 - INFO - Enhanced technical analysis completed for BAJAJFINSV: 52 fields
2025-09-19 12:13:12,026 - INFO - Completed analysis for BAJAJHFL: Score=38.1, Recommendation=SELL
2025-09-19 12:13:12,036 - INFO - Completed analysis for BAJAJFINSV: Score=42.8, Recommendation=WEAK SELL
2025-09-19 12:13:13,053 - INFO - Comprehensive data extracted for BAJAJHLDNG
2025-09-19 12:13:13,055 - INFO - Fundamental analysis completed for BAJAJHLDNG: 58 fields
2025-09-19 12:13:13,259 - INFO - Enhanced technical analysis completed for BAJAJHLDNG: 52 fields
2025-09-19 12:13:13,332 - INFO - Completed analysis for BAJAJHLDNG: Score=73.4, Recommendation=STRONG BUY (UNDERVALUED)
2025-09-19 12:13:13,948 - INFO - Comprehensive data extracted for BANKBARODA
2025-09-19 12:13:13,951 - INFO - Fundamental analysis completed for BANKBARODA: 58 fields
2025-09-19 12:13:14,353 - INFO - Enhanced technical analysis completed for BANKBARODA: 52 fields
2025-09-19 12:13:14,410 - INFO - Completed analysis for BANKBARODA: Score=79.1, Recommendation=STRONG BUY (UNDERVALUED)
2025-09-19 12:13:15,510 - INFO - Comprehensive data extracted for BANDHANBNK
2025-09-19 12:13:15,513 - INFO - Fundamental analysis completed for BANDHANBNK: 58 fields
2025-09-19 12:13:15,779 - INFO - Enhanced technical analysis completed for BANDHANBNK: 52 fields
2025-09-19 12:13:15,852 - INFO - Completed analysis for BANDHANBNK: Score=64.8, Recommendation=BUY (VALUE)
2025-09-19 12:13:21,569 - INFO - Comprehensive data extracted for BDL
2025-09-19 12:13:21,569 - INFO - Fundamental analysis completed for BDL: 58 fields
2025-09-19 12:13:21,931 - INFO - Enhanced technical analysis completed for BDL: 52 fields
2025-09-19 12:13:22,001 - INFO - Completed analysis for BDL: Score=59.9, Recommendation=HOLD
2025-09-19 12:13:22,095 - INFO - Comprehensive data extracted for BANKINDIA
2025-09-19 12:13:22,095 - INFO - Fundamental analysis completed for BANKINDIA: 58 fields
2025-09-19 12:13:22,405 - INFO - Enhanced technical analysis completed for BANKINDIA: 52 fields
2025-09-19 12:13:22,470 - INFO - Completed analysis for BANKINDIA: Score=78.9, Recommendation=STRONG BUY (UNDERVALUED)
2025-09-19 12:13:23,687 - INFO - Comprehensive data extracted for BEL
2025-09-19 12:13:23,711 - INFO - Fundamental analysis completed for BEL: 58 fields
2025-09-19 12:13:23,931 - INFO - Enhanced technical analysis completed for BEL: 52 fields
2025-09-19 12:13:23,999 - INFO - Comprehensive data extracted for MAHABANK
2025-09-19 12:13:24,011 - INFO - Fundamental analysis completed for MAHABANK: 58 fields
2025-09-19 12:13:24,037 - INFO - Completed analysis for BEL: Score=47.2, Recommendation=WEAK SELL
2025-09-19 12:13:24,376 - INFO - Enhanced technical analysis completed for MAHABANK: 52 fields
2025-09-19 12:13:24,433 - INFO - Completed analysis for MAHABANK: Score=87.1, Recommendation=STRONG BUY (UNDERVALUED)
2025-09-19 12:13:25,316 - INFO - Comprehensive data extracted for BHARATFORG
2025-09-19 12:13:25,320 - INFO - Fundamental analysis completed for BHARATFORG: 58 fields
2025-09-19 12:13:25,612 - INFO - Enhanced technical analysis completed for BHARATFORG: 52 fields
2025-09-19 12:13:25,679 - INFO - Completed analysis for BHARATFORG: Score=28.7, Recommendation=SELL
2025-09-19 12:13:31,250 - INFO - Comprehensive data extracted for BPCL
2025-09-19 12:13:31,252 - INFO - Fundamental analysis completed for BPCL: 58 fields
2025-09-19 12:13:31,448 - INFO - Enhanced technical analysis completed for BPCL: 52 fields
2025-09-19 12:13:31,510 - INFO - Completed analysis for BPCL: Score=56.5, Recommendation=HOLD
2025-09-19 12:13:31,620 - INFO - Comprehensive data extracted for BHEL
2025-09-19 12:13:31,629 - INFO - Fundamental analysis completed for BHEL: 58 fields
2025-09-19 12:13:31,833 - INFO - Enhanced technical analysis completed for BHEL: 52 fields
2025-09-19 12:13:31,889 - INFO - Comprehensive data extracted for BHARTIHEXA
2025-09-19 12:13:31,895 - INFO - Fundamental analysis completed for BHARTIHEXA: 58 fields
2025-09-19 12:13:31,928 - INFO - Completed analysis for BHEL: Score=34.3, Recommendation=SELL
2025-09-19 12:13:32,118 - INFO - Enhanced technical analysis completed for BHARTIHEXA: 52 fields
2025-09-19 12:13:32,185 - INFO - Completed analysis for BHARTIHEXA: Score=39.3, Recommendation=SELL
2025-09-19 12:13:32,673 - INFO - Comprehensive data extracted for BHARTIARTL
2025-09-19 12:13:32,673 - INFO - Fundamental analysis completed for BHARTIARTL: 58 fields
2025-09-19 12:13:32,875 - INFO - Enhanced technical analysis completed for BHARTIARTL: 52 fields
2025-09-19 12:13:32,938 - INFO - Completed analysis for BHARTIARTL: Score=59.6, Recommendation=HOLD
2025-09-19 12:13:33,442 - INFO - Comprehensive data extracted for BIOCON
2025-09-19 12:13:33,452 - INFO - Fundamental analysis completed for BIOCON: 58 fields
2025-09-19 12:13:33,817 - INFO - Enhanced technical analysis completed for BIOCON: 52 fields
2025-09-19 12:13:33,878 - INFO - Completed analysis for BIOCON: Score=33.9, Recommendation=SELL
2025-09-19 12:13:40,179 - INFO - Comprehensive data extracted for CGPOWER
2025-09-19 12:13:40,179 - INFO - Fundamental analysis completed for CGPOWER: 58 fields
2025-09-19 12:13:40,262 - INFO - Comprehensive data extracted for BRITANNIA
2025-09-19 12:13:40,266 - INFO - Fundamental analysis completed for BRITANNIA: 58 fields
2025-09-19 12:13:40,426 - INFO - Enhanced technical analysis completed for CGPOWER: 52 fields
2025-09-19 12:13:40,490 - INFO - Enhanced technical analysis completed for BRITANNIA: 52 fields
2025-09-19 12:13:40,536 - INFO - Completed analysis for CGPOWER: Score=35.2, Recommendation=SELL
2025-09-19 12:13:40,570 - INFO - Completed analysis for BRITANNIA: Score=31.5, Recommendation=SELL
2025-09-19 12:13:41,496 - INFO - Comprehensive data extracted for BOSCHLTD
2025-09-19 12:13:41,498 - INFO - Fundamental analysis completed for BOSCHLTD: 58 fields
2025-09-19 12:13:41,746 - INFO - Comprehensive data extracted for CANBK
2025-09-19 12:13:41,775 - INFO - Fundamental analysis completed for CANBK: 58 fields
2025-09-19 12:13:41,820 - INFO - Enhanced technical analysis completed for BOSCHLTD: 52 fields
2025-09-19 12:13:41,875 - INFO - Completed analysis for BOSCHLTD: Score=41.9, Recommendation=WEAK SELL
2025-09-19 12:13:42,010 - INFO - Comprehensive data extracted for CHOLAFIN
2025-09-19 12:13:42,010 - INFO - Fundamental analysis completed for CHOLAFIN: 58 fields
2025-09-19 12:13:42,020 - INFO - Enhanced technical analysis completed for CANBK: 52 fields
2025-09-19 12:13:42,077 - INFO - Completed analysis for CANBK: Score=85.2, Recommendation=STRONG BUY (UNDERVALUED)
2025-09-19 12:13:42,211 - INFO - Enhanced technical analysis completed for CHOLAFIN: 52 fields
2025-09-19 12:13:42,286 - INFO - Completed analysis for CHOLAFIN: Score=45.4, Recommendation=WEAK SELL
2025-09-19 12:13:47,816 - INFO - Comprehensive data extracted for COALINDIA
2025-09-19 12:13:47,816 - INFO - Fundamental analysis completed for COALINDIA: 58 fields
2025-09-19 12:13:47,878 - INFO - Comprehensive data extracted for CIPLA
2025-09-19 12:13:47,885 - INFO - Fundamental analysis completed for CIPLA: 58 fields
2025-09-19 12:13:48,000 - INFO - Comprehensive data extracted for COCHINSHIP
2025-09-19 12:13:48,000 - INFO - Fundamental analysis completed for COCHINSHIP: 58 fields
2025-09-19 12:13:48,638 - INFO - Enhanced technical analysis completed for CIPLA: 52 fields
2025-09-19 12:13:48,701 - INFO - Completed analysis for CIPLA: Score=48.2, Recommendation=WEAK SELL
2025-09-19 12:13:48,856 - INFO - Enhanced technical analysis completed for COALINDIA: 52 fields
2025-09-19 12:13:48,909 - INFO - Completed analysis for COALINDIA: Score=46.2, Recommendation=WEAK SELL
2025-09-19 12:13:49,183 - INFO - Enhanced technical analysis completed for COCHINSHIP: 52 fields
2025-09-19 12:13:49,222 - INFO - Completed analysis for COCHINSHIP: Score=41.3, Recommendation=WEAK SELL
2025-09-19 12:13:49,557 - INFO - Comprehensive data extracted for COLPAL
2025-09-19 12:13:49,559 - INFO - Fundamental analysis completed for COLPAL: 58 fields
2025-09-19 12:13:49,714 - INFO - Enhanced technical analysis completed for COLPAL: 52 fields
2025-09-19 12:13:49,759 - INFO - Completed analysis for COLPAL: Score=29.2, Recommendation=SELL
2025-09-19 12:13:50,472 - INFO - Comprehensive data extracted for COFORGE
2025-09-19 12:13:50,480 - INFO - Fundamental analysis completed for COFORGE: 58 fields
2025-09-19 12:13:50,803 - INFO - Enhanced technical analysis completed for COFORGE: 52 fields
2025-09-19 12:13:50,844 - INFO - Completed analysis for COFORGE: Score=44.1, Recommendation=WEAK SELL
2025-09-19 12:13:56,437 - INFO - Comprehensive data extracted for DLF
2025-09-19 12:13:56,437 - INFO - Fundamental analysis completed for DLF: 58 fields
2025-09-19 12:13:56,633 - INFO - Enhanced technical analysis completed for DLF: 52 fields
2025-09-19 12:13:56,683 - INFO - Completed analysis for DLF: Score=45.0, Recommendation=WEAK SELL
2025-09-19 12:13:56,859 - INFO - Comprehensive data extracted for CONCOR
2025-09-19 12:13:56,861 - INFO - Fundamental analysis completed for CONCOR: 58 fields
2025-09-19 12:13:57,242 - INFO - Enhanced technical analysis completed for CONCOR: 52 fields
2025-09-19 12:13:57,297 - INFO - Completed analysis for CONCOR: Score=34.9, Recommendation=SELL
2025-09-19 12:13:57,765 - INFO - Comprehensive data extracted for DABUR
2025-09-19 12:13:57,766 - INFO - Fundamental analysis completed for DABUR: 58 fields
2025-09-19 12:13:58,376 - INFO - Comprehensive data extracted for DIVISLAB
2025-09-19 12:13:58,376 - INFO - Fundamental analysis completed for DIVISLAB: 58 fields
2025-09-19 12:13:58,553 - INFO - Enhanced technical analysis completed for DIVISLAB: 52 fields
2025-09-19 12:13:58,622 - INFO - Completed analysis for DIVISLAB: Score=58.1, Recommendation=HOLD
2025-09-19 12:13:58,864 - INFO - Enhanced technical analysis completed for DABUR: 52 fields
2025-09-19 12:13:58,903 - INFO - Completed analysis for DABUR: Score=31.4, Recommendation=SELL
2025-09-19 12:13:59,146 - INFO - Comprehensive data extracted for CUMMINSIND
2025-09-19 12:13:59,146 - INFO - Fundamental analysis completed for CUMMINSIND: 58 fields
2025-09-19 12:13:59,494 - INFO - Enhanced technical analysis completed for CUMMINSIND: 52 fields
2025-09-19 12:13:59,539 - INFO - Completed analysis for CUMMINSIND: Score=53.4, Recommendation=HOLD
2025-09-19 12:14:05,464 - INFO - Comprehensive data extracted for EICHERMOT
2025-09-19 12:14:05,464 - INFO - Fundamental analysis completed for EICHERMOT: 58 fields
2025-09-19 12:14:06,933 - INFO - Enhanced technical analysis completed for EICHERMOT: 52 fields
2025-09-19 12:14:07,004 - INFO - Completed analysis for EICHERMOT: Score=36.7, Recommendation=SELL
2025-09-19 12:14:07,093 - INFO - Comprehensive data extracted for DIXON
2025-09-19 12:14:07,102 - INFO - Fundamental analysis completed for DIXON: 58 fields
2025-09-19 12:14:07,249 - INFO - Comprehensive data extracted for DRREDDY
2025-09-19 12:14:07,251 - INFO - Fundamental analysis completed for DRREDDY: 58 fields
2025-09-19 12:14:08,057 - INFO - Comprehensive data extracted for ESCORTS
2025-09-19 12:14:08,081 - INFO - Fundamental analysis completed for ESCORTS: 58 fields
2025-09-19 12:14:08,140 - INFO - Enhanced technical analysis completed for DRREDDY: 52 fields
2025-09-19 12:14:08,193 - INFO - Completed analysis for DRREDDY: Score=69.8, Recommendation=BUY
2025-09-19 12:14:08,646 - INFO - Comprehensive data extracted for ETERNAL
2025-09-19 12:14:08,646 - INFO - Fundamental analysis completed for ETERNAL: 58 fields
2025-09-19 12:14:09,229 - INFO - Enhanced technical analysis completed for DIXON: 52 fields
2025-09-19 12:14:09,298 - INFO - Completed analysis for DIXON: Score=36.9, Recommendation=SELL
2025-09-19 12:14:09,736 - INFO - Enhanced technical analysis completed for ESCORTS: 52 fields
2025-09-19 12:14:10,129 - INFO - Completed analysis for ESCORTS: Score=44.4, Recommendation=WEAK SELL
2025-09-19 12:14:10,560 - INFO - Enhanced technical analysis completed for ETERNAL: 52 fields
2025-09-19 12:14:10,619 - INFO - Completed analysis for ETERNAL: Score=31.2, Recommendation=SELL
2025-09-19 12:14:16,378 - INFO - Comprehensive data extracted for NYKAA
2025-09-19 12:14:16,381 - INFO - Fundamental analysis completed for NYKAA: 58 fields
2025-09-19 12:14:16,511 - INFO - Enhanced technical analysis completed for NYKAA: 52 fields
2025-09-19 12:14:16,558 - INFO - Completed analysis for NYKAA: Score=37.5, Recommendation=SELL
2025-09-19 12:14:16,810 - INFO - Comprehensive data extracted for EXIDEIND
2025-09-19 12:14:16,815 - INFO - Fundamental analysis completed for EXIDEIND: 58 fields
2025-09-19 12:14:17,711 - INFO - Comprehensive data extracted for FEDERALBNK
2025-09-19 12:14:17,713 - INFO - Fundamental analysis completed for FEDERALBNK: 58 fields
2025-09-19 12:14:17,890 - INFO - Comprehensive data extracted for GAIL
2025-09-19 12:14:17,892 - INFO - Fundamental analysis completed for GAIL: 58 fields
2025-09-19 12:14:18,343 - INFO - Enhanced technical analysis completed for EXIDEIND: 52 fields
2025-09-19 12:14:18,394 - INFO - Completed analysis for EXIDEIND: Score=42.0, Recommendation=WEAK SELL
2025-09-19 12:14:18,986 - INFO - Comprehensive data extracted for GMRAIRPORT
2025-09-19 12:14:18,986 - INFO - Fundamental analysis completed for GMRAIRPORT: 58 fields
2025-09-19 12:14:19,133 - INFO - Enhanced technical analysis completed for GMRAIRPORT: 52 fields
2025-09-19 12:14:19,195 - INFO - Completed analysis for GMRAIRPORT: Score=49.8, Recommendation=WEAK SELL
2025-09-19 12:14:20,242 - INFO - Enhanced technical analysis completed for FEDERALBNK: 52 fields
2025-09-19 12:14:20,242 - INFO - Enhanced technical analysis completed for GAIL: 52 fields
2025-09-19 12:14:20,305 - INFO - Completed analysis for GAIL: Score=54.8, Recommendation=HOLD
2025-09-19 12:14:20,410 - INFO - Completed analysis for FEDERALBNK: Score=74.0, Recommendation=STRONG BUY (UNDERVALUED)
2025-09-19 12:14:25,991 - INFO - Comprehensive data extracted for GODREJCP
2025-09-19 12:14:25,995 - INFO - Fundamental analysis completed for GODREJCP: 58 fields
2025-09-19 12:14:26,845 - INFO - Enhanced technical analysis completed for GODREJCP: 52 fields
2025-09-19 12:14:26,896 - INFO - Completed analysis for GODREJCP: Score=29.8, Recommendation=SELL
2025-09-19 12:14:26,986 - INFO - Comprehensive data extracted for GLENMARK
2025-09-19 12:14:26,986 - INFO - Fundamental analysis completed for GLENMARK: 58 fields
2025-09-19 12:14:27,584 - INFO - Comprehensive data extracted for GODREJPROP
2025-09-19 12:14:27,584 - INFO - Fundamental analysis completed for GODREJPROP: 58 fields
2025-09-19 12:14:27,988 - INFO - Enhanced technical analysis completed for GLENMARK: 52 fields
2025-09-19 12:14:28,046 - INFO - Completed analysis for GLENMARK: Score=26.1, Recommendation=SELL
2025-09-19 12:14:28,659 - INFO - Comprehensive data extracted for GRASIM
2025-09-19 12:14:28,666 - INFO - Fundamental analysis completed for GRASIM: 58 fields
2025-09-19 12:14:28,856 - INFO - Comprehensive data extracted for HCLTECH
2025-09-19 12:14:28,870 - INFO - Fundamental analysis completed for HCLTECH: 58 fields
2025-09-19 12:14:28,993 - INFO - Enhanced technical analysis completed for GRASIM: 52 fields
2025-09-19 12:14:29,055 - INFO - Completed analysis for GRASIM: Score=45.7, Recommendation=WEAK SELL
2025-09-19 12:14:29,123 - INFO - Enhanced technical analysis completed for GODREJPROP: 52 fields
2025-09-19 12:14:29,155 - INFO - Completed analysis for GODREJPROP: Score=30.7, Recommendation=SELL
2025-09-19 12:14:29,391 - INFO - Enhanced technical analysis completed for HCLTECH: 52 fields
2025-09-19 12:14:29,448 - INFO - Completed analysis for HCLTECH: Score=60.1, Recommendation=BUY
2025-09-19 12:14:35,704 - INFO - Comprehensive data extracted for HDFCLIFE
2025-09-19 12:14:35,709 - INFO - Fundamental analysis completed for HDFCLIFE: 58 fields
2025-09-19 12:14:35,962 - INFO - Comprehensive data extracted for HDFCAMC
2025-09-19 12:14:35,965 - INFO - Fundamental analysis completed for HDFCAMC: 58 fields
2025-09-19 12:14:36,107 - INFO - Enhanced technical analysis completed for HDFCAMC: 52 fields
2025-09-19 12:14:36,208 - INFO - Enhanced technical analysis completed for HDFCLIFE: 52 fields
2025-09-19 12:14:36,221 - INFO - Completed analysis for HDFCAMC: Score=46.0, Recommendation=WEAK SELL
2025-09-19 12:14:36,275 - INFO - Completed analysis for HDFCLIFE: Score=46.1, Recommendation=WEAK SELL
2025-09-19 12:14:36,410 - INFO - Comprehensive data extracted for HDFCBANK
2025-09-19 12:14:36,410 - INFO - Fundamental analysis completed for HDFCBANK: 58 fields
2025-09-19 12:14:37,189 - INFO - Enhanced technical analysis completed for HDFCBANK: 52 fields
2025-09-19 12:14:37,236 - INFO - Completed analysis for HDFCBANK: Score=64.1, Recommendation=BUY
2025-09-19 12:14:38,384 - INFO - Comprehensive data extracted for HEROMOTOCO
2025-09-19 12:14:38,384 - INFO - Fundamental analysis completed for HEROMOTOCO: 58 fields
2025-09-19 12:14:38,612 - INFO - Enhanced technical analysis completed for HEROMOTOCO: 52 fields
2025-09-19 12:14:38,681 - INFO - Completed analysis for HEROMOTOCO: Score=45.9, Recommendation=WEAK SELL
2025-09-19 12:14:39,417 - INFO - Comprehensive data extracted for HAVELLS
2025-09-19 12:14:39,417 - INFO - Fundamental analysis completed for HAVELLS: 58 fields
2025-09-19 12:14:39,837 - INFO - Enhanced technical analysis completed for HAVELLS: 52 fields
2025-09-19 12:14:39,890 - INFO - Completed analysis for HAVELLS: Score=27.2, Recommendation=SELL
2025-09-19 12:14:45,596 - INFO - Comprehensive data extracted for HAL
2025-09-19 12:14:45,598 - INFO - Fundamental analysis completed for HAL: 58 fields
2025-09-19 12:14:45,825 - INFO - Enhanced technical analysis completed for HAL: 52 fields
2025-09-19 12:14:45,877 - INFO - Completed analysis for HAL: Score=49.1, Recommendation=WEAK SELL
2025-09-19 12:14:46,468 - INFO - Comprehensive data extracted for HINDALCO
2025-09-19 12:14:46,470 - INFO - Fundamental analysis completed for HINDALCO: 58 fields
2025-09-19 12:14:46,630 - INFO - Enhanced technical analysis completed for HINDALCO: 52 fields
2025-09-19 12:14:46,680 - INFO - Completed analysis for HINDALCO: Score=71.2, Recommendation=STRONG BUY (UNDERVALUED)
2025-09-19 12:14:47,063 - INFO - Comprehensive data extracted for HINDPETRO
2025-09-19 12:14:47,063 - INFO - Fundamental analysis completed for HINDPETRO: 58 fields
2025-09-19 12:14:47,995 - INFO - Comprehensive data extracted for HINDUNILVR
2025-09-19 12:14:47,997 - INFO - Fundamental analysis completed for HINDUNILVR: 58 fields
2025-09-19 12:14:48,134 - INFO - Enhanced technical analysis completed for HINDUNILVR: 52 fields
2025-09-19 12:14:48,181 - INFO - Completed analysis for HINDUNILVR: Score=31.8, Recommendation=SELL
2025-09-19 12:14:48,984 - INFO - Enhanced technical analysis completed for HINDPETRO: 52 fields
2025-09-19 12:14:49,039 - INFO - Completed analysis for HINDPETRO: Score=56.0, Recommendation=HOLD
2025-09-19 12:14:49,104 - INFO - Comprehensive data extracted for HINDZINC
2025-09-19 12:14:49,104 - INFO - Fundamental analysis completed for HINDZINC: 58 fields
2025-09-19 12:14:49,247 - INFO - Enhanced technical analysis completed for HINDZINC: 52 fields
2025-09-19 12:14:49,289 - INFO - Completed analysis for HINDZINC: Score=52.0, Recommendation=HOLD
2025-09-19 12:14:56,229 - INFO - Comprehensive data extracted for ICICIBANK
2025-09-19 12:14:56,233 - INFO - Fundamental analysis completed for ICICIBANK: 58 fields
2025-09-19 12:14:56,497 - INFO - Comprehensive data extracted for HYUNDAI
2025-09-19 12:14:56,497 - INFO - Fundamental analysis completed for HYUNDAI: 58 fields
2025-09-19 12:14:56,672 - INFO - Enhanced technical analysis completed for HYUNDAI: 52 fields
2025-09-19 12:14:56,721 - INFO - Completed analysis for HYUNDAI: Score=30.2, Recommendation=SELL
2025-09-19 12:14:57,044 - INFO - Enhanced technical analysis completed for ICICIBANK: 52 fields
2025-09-19 12:14:57,114 - INFO - Completed analysis for ICICIBANK: Score=74.3, Recommendation=STRONG BUY
2025-09-19 12:14:57,184 - INFO - Comprehensive data extracted for HUDCO
2025-09-19 12:14:57,190 - INFO - Fundamental analysis completed for HUDCO: 58 fields
2025-09-19 12:14:57,854 - INFO - Comprehensive data extracted for ICICIGI
2025-09-19 12:14:57,854 - INFO - Fundamental analysis completed for ICICIGI: 58 fields
2025-09-19 12:14:58,008 - INFO - Enhanced technical analysis completed for ICICIGI: 52 fields
2025-09-19 12:14:58,060 - INFO - Completed analysis for ICICIGI: Score=58.1, Recommendation=HOLD
2025-09-19 12:14:58,759 - INFO - Comprehensive data extracted for ICICIPRULI
2025-09-19 12:14:58,764 - INFO - Fundamental analysis completed for ICICIPRULI: 58 fields
2025-09-19 12:14:58,961 - INFO - Enhanced technical analysis completed for ICICIPRULI: 52 fields
2025-09-19 12:14:59,009 - INFO - Completed analysis for ICICIPRULI: Score=45.1, Recommendation=WEAK SELL
2025-09-19 12:15:01,825 - INFO - Enhanced technical analysis completed for HUDCO: 52 fields
2025-09-19 12:15:01,873 - INFO - Completed analysis for HUDCO: Score=60.9, Recommendation=BUY
2025-09-19 12:15:08,005 - INFO - Comprehensive data extracted for ITC
2025-09-19 12:15:08,005 - INFO - Fundamental analysis completed for ITC: 58 fields
2025-09-19 12:15:08,179 - INFO - Enhanced technical analysis completed for ITC: 52 fields
2025-09-19 12:15:08,271 - INFO - Completed analysis for ITC: Score=51.5, Recommendation=HOLD
2025-09-19 12:15:08,626 - INFO - Comprehensive data extracted for IRB
2025-09-19 12:15:08,626 - INFO - Fundamental analysis completed for IRB: 58 fields
2025-09-19 12:15:08,878 - INFO - Enhanced technical analysis completed for IRB: 52 fields
2025-09-19 12:15:08,943 - INFO - Completed analysis for IRB: Score=67.4, Recommendation=BUY (VALUE)
2025-09-19 12:15:10,311 - INFO - Comprehensive data extracted for INDHOTEL
2025-09-19 12:15:10,311 - INFO - Fundamental analysis completed for INDHOTEL: 58 fields
2025-09-19 12:15:11,891 - INFO - Enhanced technical analysis completed for INDHOTEL: 52 fields
2025-09-19 12:15:11,937 - INFO - Completed analysis for INDHOTEL: Score=48.1, Recommendation=WEAK SELL
2025-09-19 12:15:12,411 - INFO - Comprehensive data extracted for IDFCFIRSTB
2025-09-19 12:15:12,413 - INFO - Fundamental analysis completed for IDFCFIRSTB: 58 fields
2025-09-19 12:15:12,634 - INFO - Enhanced technical analysis completed for IDFCFIRSTB: 52 fields
2025-09-19 12:15:12,689 - INFO - Completed analysis for IDFCFIRSTB: Score=45.9, Recommendation=WEAK SELL
2025-09-19 12:15:13,022 - INFO - Comprehensive data extracted for INDIANB
2025-09-19 12:15:13,024 - INFO - Fundamental analysis completed for INDIANB: 58 fields
2025-09-19 12:15:13,846 - INFO - Enhanced technical analysis completed for INDIANB: 52 fields
2025-09-19 12:15:13,913 - INFO - Completed analysis for INDIANB: Score=83.4, Recommendation=STRONG BUY (UNDERVALUED)
2025-09-19 12:15:21,060 - INFO - Comprehensive data extracted for IRCTC
2025-09-19 12:15:21,065 - INFO - Fundamental analysis completed for IRCTC: 58 fields
2025-09-19 12:15:21,514 - INFO - Enhanced technical analysis completed for IRCTC: 52 fields
2025-09-19 12:15:21,555 - INFO - Completed analysis for IRCTC: Score=34.6, Recommendation=SELL
2025-09-19 12:15:21,941 - INFO - Comprehensive data extracted for IRFC
2025-09-19 12:15:21,941 - INFO - Fundamental analysis completed for IRFC: 58 fields
2025-09-19 12:15:22,128 - INFO - Enhanced technical analysis completed for IRFC: 52 fields
2025-09-19 12:15:22,184 - INFO - Completed analysis for IRFC: Score=62.4, Recommendation=BUY
2025-09-19 12:15:22,428 - INFO - Comprehensive data extracted for IOC
2025-09-19 12:15:22,432 - INFO - Fundamental analysis completed for IOC: 58 fields
2025-09-19 12:15:24,194 - INFO - Enhanced technical analysis completed for IOC: 52 fields
2025-09-19 12:15:24,326 - INFO - Completed analysis for IOC: Score=55.5, Recommendation=HOLD
2025-09-19 12:15:24,557 - INFO - Comprehensive data extracted for IGL
2025-09-19 12:15:24,559 - INFO - Fundamental analysis completed for IGL: 58 fields
2025-09-19 12:15:24,721 - INFO - Enhanced technical analysis completed for IGL: 52 fields
2025-09-19 12:15:24,793 - INFO - Completed analysis for IGL: Score=57.4, Recommendation=HOLD
2025-09-19 12:15:25,158 - INFO - Comprehensive data extracted for IREDA
2025-09-19 12:15:25,161 - INFO - Fundamental analysis completed for IREDA: 58 fields
2025-09-19 12:15:25,336 - INFO - Enhanced technical analysis completed for IREDA: 52 fields
2025-09-19 12:15:25,370 - INFO - Completed analysis for IREDA: Score=54.2, Recommendation=HOLD
2025-09-19 12:15:33,139 - INFO - Comprehensive data extracted for NAUKRI
2025-09-19 12:15:33,141 - INFO - Fundamental analysis completed for NAUKRI: 58 fields
2025-09-19 12:15:33,355 - INFO - Comprehensive data extracted for INDUSTOWER
2025-09-19 12:15:33,359 - INFO - Fundamental analysis completed for INDUSTOWER: 58 fields
2025-09-19 12:15:33,456 - INFO - Comprehensive data extracted for INDUSINDBK
2025-09-19 12:15:33,456 - INFO - Fundamental analysis completed for INDUSINDBK: 58 fields
2025-09-19 12:15:33,539 - INFO - Enhanced technical analysis completed for INDUSTOWER: 52 fields
2025-09-19 12:15:33,588 - INFO - Completed analysis for INDUSTOWER: Score=71.8, Recommendation=STRONG BUY (UNDERVALUED)
2025-09-19 12:15:33,639 - INFO - Enhanced technical analysis completed for INDUSINDBK: 52 fields
2025-09-19 12:15:33,689 - INFO - Completed analysis for INDUSINDBK: Score=48.5, Recommendation=WEAK SELL
2025-09-19 12:15:33,880 - INFO - Enhanced technical analysis completed for NAUKRI: 52 fields
2025-09-19 12:15:33,961 - INFO - Completed analysis for NAUKRI: Score=56.2, Recommendation=HOLD
2025-09-19 12:15:34,584 - INFO - Comprehensive data extracted for INDIGO
2025-09-19 12:15:34,586 - INFO - Fundamental analysis completed for INDIGO: 58 fields
2025-09-19 12:15:34,833 - INFO - Enhanced technical analysis completed for INDIGO: 52 fields
2025-09-19 12:15:34,887 - INFO - Completed analysis for INDIGO: Score=23.2, Recommendation=SELL
2025-09-19 12:15:35,505 - INFO - Comprehensive data extracted for INFY
2025-09-19 12:15:35,505 - INFO - Fundamental analysis completed for INFY: 58 fields
2025-09-19 12:15:36,269 - INFO - Enhanced technical analysis completed for INFY: 52 fields
2025-09-19 12:15:36,324 - INFO - Completed analysis for INFY: Score=63.9, Recommendation=BUY
2025-09-19 12:15:41,967 - INFO - Comprehensive data extracted for JSWENERGY
2025-09-19 12:15:41,968 - INFO - Fundamental analysis completed for JSWENERGY: 58 fields
2025-09-19 12:15:42,162 - INFO - Enhanced technical analysis completed for JSWENERGY: 52 fields
2025-09-19 12:15:42,209 - INFO - Comprehensive data extracted for JINDALSTEL
2025-09-19 12:15:42,209 - INFO - Fundamental analysis completed for JINDALSTEL: 58 fields
2025-09-19 12:15:42,250 - INFO - Completed analysis for JSWENERGY: Score=46.1, Recommendation=WEAK SELL
2025-09-19 12:15:42,424 - INFO - Enhanced technical analysis completed for JINDALSTEL: 52 fields
2025-09-19 12:15:42,486 - INFO - Completed analysis for JINDALSTEL: Score=29.3, Recommendation=SELL
2025-09-19 12:15:42,713 - INFO - Comprehensive data extracted for JSWSTEEL
2025-09-19 12:15:42,716 - INFO - Fundamental analysis completed for JSWSTEEL: 58 fields
2025-09-19 12:15:42,915 - INFO - Enhanced technical analysis completed for JSWSTEEL: 52 fields
2025-09-19 12:15:42,969 - INFO - Comprehensive data extracted for JIOFIN
2025-09-19 12:15:42,974 - INFO - Fundamental analysis completed for JIOFIN: 58 fields
2025-09-19 12:15:43,004 - INFO - Completed analysis for JSWSTEEL: Score=37.2, Recommendation=SELL
2025-09-19 12:15:43,055 - INFO - Comprehensive data extracted for JUBLFOOD
2025-09-19 12:15:43,055 - INFO - Fundamental analysis completed for JUBLFOOD: 58 fields
2025-09-19 12:15:43,211 - INFO - Enhanced technical analysis completed for JIOFIN: 52 fields
2025-09-19 12:15:43,280 - INFO - Enhanced technical analysis completed for JUBLFOOD: 52 fields
2025-09-19 12:15:43,341 - INFO - Completed analysis for JIOFIN: Score=49.1, Recommendation=WEAK SELL
2025-09-19 12:15:43,353 - INFO - Completed analysis for JUBLFOOD: Score=36.0, Recommendation=SELL
2025-09-19 12:15:48,859 - INFO - Comprehensive data extracted for KALYANKJIL
2025-09-19 12:15:48,862 - INFO - Fundamental analysis completed for KALYANKJIL: 58 fields
2025-09-19 12:15:49,066 - INFO - Enhanced technical analysis completed for KALYANKJIL: 52 fields
2025-09-19 12:15:49,139 - INFO - Completed analysis for KALYANKJIL: Score=40.9, Recommendation=WEAK SELL
2025-09-19 12:15:49,437 - INFO - Comprehensive data extracted for KOTAKBANK
2025-09-19 12:15:49,453 - INFO - Fundamental analysis completed for KOTAKBANK: 58 fields
2025-09-19 12:15:49,596 - INFO - Comprehensive data extracted for LTF
2025-09-19 12:15:49,629 - INFO - Fundamental analysis completed for LTF: 58 fields
2025-09-19 12:15:49,689 - INFO - Enhanced technical analysis completed for KOTAKBANK: 52 fields
2025-09-19 12:15:49,748 - INFO - Completed analysis for KOTAKBANK: Score=67.8, Recommendation=BUY
2025-09-19 12:15:49,957 - INFO - Enhanced technical analysis completed for LTF: 52 fields
2025-09-19 12:15:50,022 - INFO - Completed analysis for LTF: Score=57.1, Recommendation=HOLD
2025-09-19 12:15:50,507 - INFO - Comprehensive data extracted for LICHSGFIN
2025-09-19 12:15:50,507 - INFO - Fundamental analysis completed for LICHSGFIN: 58 fields
2025-09-19 12:15:50,711 - INFO - Enhanced technical analysis completed for LICHSGFIN: 52 fields
2025-09-19 12:15:50,782 - INFO - Completed analysis for LICHSGFIN: Score=70.2, Recommendation=STRONG BUY (UNDERVALUED)
2025-09-19 12:15:51,982 - INFO - Comprehensive data extracted for KPITTECH
2025-09-19 12:15:51,982 - INFO - Fundamental analysis completed for KPITTECH: 58 fields
2025-09-19 12:15:52,167 - INFO - Enhanced technical analysis completed for KPITTECH: 52 fields
2025-09-19 12:15:52,244 - INFO - Completed analysis for KPITTECH: Score=37.8, Recommendation=SELL
2025-09-19 12:15:58,355 - INFO - Comprehensive data extracted for LTIM
2025-09-19 12:15:58,358 - INFO - Fundamental analysis completed for LTIM: 58 fields
2025-09-19 12:15:58,544 - INFO - Enhanced technical analysis completed for LTIM: 52 fields
2025-09-19 12:15:58,611 - INFO - Completed analysis for LTIM: Score=58.6, Recommendation=HOLD
2025-09-19 12:15:59,247 - INFO - Comprehensive data extracted for LODHA
2025-09-19 12:15:59,247 - INFO - Fundamental analysis completed for LODHA: 58 fields
2025-09-19 12:15:59,417 - INFO - Enhanced technical analysis completed for LODHA: 52 fields
2025-09-19 12:15:59,488 - INFO - Completed analysis for LODHA: Score=55.3, Recommendation=HOLD
2025-09-19 12:16:00,304 - INFO - Comprehensive data extracted for LUPIN
2025-09-19 12:16:00,311 - INFO - Fundamental analysis completed for LUPIN: 58 fields
2025-09-19 12:16:00,671 - INFO - Enhanced technical analysis completed for LUPIN: 52 fields
2025-09-19 12:16:00,750 - INFO - Completed analysis for LUPIN: Score=48.7, Recommendation=WEAK SELL
2025-09-19 12:16:01,458 - INFO - Comprehensive data extracted for LICI
2025-09-19 12:16:01,461 - INFO - Fundamental analysis completed for LICI: 58 fields
2025-09-19 12:16:01,630 - INFO - Enhanced technical analysis completed for LICI: 52 fields
2025-09-19 12:16:01,700 - INFO - Completed analysis for LICI: Score=66.9, Recommendation=BUY (VALUE)
2025-09-19 12:16:04,724 - INFO - Comprehensive data extracted for LT
2025-09-19 12:16:04,724 - INFO - Fundamental analysis completed for LT: 58 fields
2025-09-19 12:16:05,036 - INFO - Enhanced technical analysis completed for LT: 52 fields
2025-09-19 12:16:05,088 - INFO - Completed analysis for LT: Score=43.1, Recommendation=WEAK SELL
2025-09-19 12:16:10,950 - INFO - Comprehensive data extracted for M&MFIN
2025-09-19 12:16:10,954 - INFO - Fundamental analysis completed for M&MFIN: 58 fields
2025-09-19 12:16:11,143 - INFO - Enhanced technical analysis completed for M&MFIN: 52 fields
2025-09-19 12:16:11,212 - INFO - Completed analysis for M&MFIN: Score=65.3, Recommendation=BUY
2025-09-19 12:16:11,388 - INFO - Comprehensive data extracted for M&M
2025-09-19 12:16:11,388 - INFO - Fundamental analysis completed for M&M: 58 fields
2025-09-19 12:16:11,478 - INFO - Comprehensive data extracted for MRF
2025-09-19 12:16:11,481 - INFO - Fundamental analysis completed for MRF: 58 fields
2025-09-19 12:16:11,606 - INFO - Enhanced technical analysis completed for M&M: 52 fields
2025-09-19 12:16:11,691 - INFO - Completed analysis for M&M: Score=43.5, Recommendation=WEAK SELL
2025-09-19 12:16:11,746 - INFO - Enhanced technical analysis completed for MRF: 52 fields
2025-09-19 12:16:11,801 - INFO - Completed analysis for MRF: Score=32.4, Recommendation=SELL
2025-09-19 12:16:13,712 - INFO - Comprehensive data extracted for MARICO
2025-09-19 12:16:13,716 - INFO - Fundamental analysis completed for MARICO: 58 fields
2025-09-19 12:16:14,075 - INFO - Enhanced technical analysis completed for MARICO: 52 fields
2025-09-19 12:16:14,165 - INFO - Completed analysis for MARICO: Score=33.9, Recommendation=SELL
2025-09-19 12:16:15,885 - INFO - Comprehensive data extracted for MANKIND
2025-09-19 12:16:15,885 - INFO - Fundamental analysis completed for MANKIND: 58 fields
2025-09-19 12:16:16,183 - INFO - Enhanced technical analysis completed for MANKIND: 52 fields
2025-09-19 12:16:16,247 - INFO - Completed analysis for MANKIND: Score=36.5, Recommendation=SELL
2025-09-19 12:16:22,133 - INFO - Comprehensive data extracted for MFSL
2025-09-19 12:16:22,135 - INFO - Fundamental analysis completed for MFSL: 58 fields
2025-09-19 12:16:22,345 - INFO - Enhanced technical analysis completed for MFSL: 52 fields
2025-09-19 12:16:22,404 - INFO - Completed analysis for MFSL: Score=23.1, Recommendation=SELL
2025-09-19 12:16:22,712 - INFO - Comprehensive data extracted for MAXHEALTH
2025-09-19 12:16:22,714 - INFO - Fundamental analysis completed for MAXHEALTH: 58 fields
2025-09-19 12:16:23,002 - INFO - Comprehensive data extracted for MAZDOCK
2025-09-19 12:16:23,012 - INFO - Fundamental analysis completed for MAZDOCK: 58 fields
2025-09-19 12:16:23,043 - INFO - Enhanced technical analysis completed for MAXHEALTH: 52 fields
2025-09-19 12:16:23,101 - INFO - Completed analysis for MAXHEALTH: Score=42.5, Recommendation=WEAK SELL
2025-09-19 12:16:23,206 - INFO - Enhanced technical analysis completed for MAZDOCK: 52 fields
2025-09-19 12:16:23,282 - INFO - Completed analysis for MAZDOCK: Score=48.7, Recommendation=WEAK SELL
2025-09-19 12:16:23,680 - INFO - Comprehensive data extracted for MOTILALOFS
2025-09-19 12:16:23,680 - INFO - Fundamental analysis completed for MOTILALOFS: 58 fields
2025-09-19 12:16:23,880 - INFO - Enhanced technical analysis completed for MOTILALOFS: 52 fields
2025-09-19 12:16:23,943 - INFO - Completed analysis for MOTILALOFS: Score=55.9, Recommendation=HOLD
2025-09-19 12:16:25,177 - INFO - Comprehensive data extracted for MARUTI
2025-09-19 12:16:25,184 - INFO - Fundamental analysis completed for MARUTI: 58 fields
2025-09-19 12:16:25,416 - INFO - Enhanced technical analysis completed for MARUTI: 52 fields
2025-09-19 12:16:25,492 - INFO - Completed analysis for MARUTI: Score=49.3, Recommendation=WEAK SELL
2025-09-19 12:16:31,249 - INFO - Comprehensive data extracted for MUTHOOTFIN
2025-09-19 12:16:31,251 - INFO - Fundamental analysis completed for MUTHOOTFIN: 58 fields
2025-09-19 12:16:31,298 - INFO - Comprehensive data extracted for MPHASIS
2025-09-19 12:16:31,298 - INFO - Fundamental analysis completed for MPHASIS: 58 fields
2025-09-19 12:16:31,439 - INFO - Comprehensive data extracted for NHPC
2025-09-19 12:16:31,476 - INFO - Fundamental analysis completed for NHPC: 58 fields
2025-09-19 12:16:31,502 - INFO - Enhanced technical analysis completed for MUTHOOTFIN: 52 fields
2025-09-19 12:16:31,539 - INFO - Enhanced technical analysis completed for MPHASIS: 52 fields
2025-09-19 12:16:31,625 - INFO - Completed analysis for MUTHOOTFIN: Score=71.7, Recommendation=STRONG BUY
2025-09-19 12:16:31,635 - INFO - Completed analysis for MPHASIS: Score=52.5, Recommendation=HOLD
2025-09-19 12:16:31,722 - INFO - Enhanced technical analysis completed for NHPC: 52 fields
2025-09-19 12:16:31,789 - INFO - Completed analysis for NHPC: Score=46.3, Recommendation=WEAK SELL
2025-09-19 12:16:32,098 - INFO - Comprehensive data extracted for NTPCGREEN
2025-09-19 12:16:32,098 - INFO - Fundamental analysis completed for NTPCGREEN: 58 fields
2025-09-19 12:16:32,296 - INFO - Comprehensive data extracted for NMDC
2025-09-19 12:16:32,320 - INFO - Fundamental analysis completed for NMDC: 58 fields
2025-09-19 12:16:32,331 - INFO - Enhanced technical analysis completed for NTPCGREEN: 52 fields
2025-09-19 12:16:32,392 - INFO - Completed analysis for NTPCGREEN: Score=36.9, Recommendation=SELL
2025-09-19 12:16:32,737 - INFO - Enhanced technical analysis completed for NMDC: 52 fields
2025-09-19 12:16:32,798 - INFO - Completed analysis for NMDC: Score=73.6, Recommendation=STRONG BUY (UNDERVALUED)
2025-09-19 12:16:38,445 - INFO - Comprehensive data extracted for NTPC
2025-09-19 12:16:38,445 - INFO - Fundamental analysis completed for NTPC: 58 fields
2025-09-19 12:16:38,647 - INFO - Comprehensive data extracted for NESTLEIND
2025-09-19 12:16:38,688 - INFO - Comprehensive data extracted for NATIONALUM
2025-09-19 12:16:38,706 - INFO - Fundamental analysis completed for NESTLEIND: 58 fields
2025-09-19 12:16:38,708 - INFO - Fundamental analysis completed for NATIONALUM: 58 fields
2025-09-19 12:16:38,708 - INFO - Enhanced technical analysis completed for NTPC: 52 fields
2025-09-19 12:16:38,774 - INFO - Completed analysis for NTPC: Score=54.9, Recommendation=HOLD
2025-09-19 12:16:38,945 - INFO - Enhanced technical analysis completed for NATIONALUM: 52 fields
2025-09-19 12:16:38,977 - INFO - Enhanced technical analysis completed for NESTLEIND: 52 fields
2025-09-19 12:16:39,037 - INFO - Completed analysis for NATIONALUM: Score=65.5, Recommendation=BUY (VALUE)
2025-09-19 12:16:39,087 - INFO - Completed analysis for NESTLEIND: Score=28.2, Recommendation=SELL
2025-09-19 12:16:39,355 - INFO - Comprehensive data extracted for OBEROIRLTY
2025-09-19 12:16:39,367 - INFO - Fundamental analysis completed for OBEROIRLTY: 58 fields
2025-09-19 12:16:39,588 - INFO - Enhanced technical analysis completed for OBEROIRLTY: 52 fields
2025-09-19 12:16:39,644 - INFO - Completed analysis for OBEROIRLTY: Score=33.7, Recommendation=SELL
2025-09-19 12:16:39,701 - INFO - Comprehensive data extracted for ONGC
2025-09-19 12:16:39,701 - INFO - Fundamental analysis completed for ONGC: 58 fields
2025-09-19 12:16:39,946 - INFO - Enhanced technical analysis completed for ONGC: 52 fields
2025-09-19 12:16:40,010 - INFO - Completed analysis for ONGC: Score=55.7, Recommendation=HOLD
2025-09-19 12:16:45,615 - INFO - Comprehensive data extracted for PAYTM
2025-09-19 12:16:45,617 - INFO - Fundamental analysis completed for PAYTM: 58 fields
2025-09-19 12:16:45,678 - INFO - Comprehensive data extracted for OIL
2025-09-19 12:16:45,678 - INFO - Fundamental analysis completed for OIL: 58 fields
2025-09-19 12:16:45,755 - INFO - Comprehensive data extracted for OLAELEC
2025-09-19 12:16:45,755 - INFO - Fundamental analysis completed for OLAELEC: 58 fields
2025-09-19 12:16:45,872 - INFO - Enhanced technical analysis completed for OIL: 52 fields
2025-09-19 12:16:45,954 - INFO - Enhanced technical analysis completed for PAYTM: 52 fields
2025-09-19 12:16:45,958 - INFO - Completed analysis for OIL: Score=59.2, Recommendation=HOLD
2025-09-19 12:16:46,070 - INFO - Completed analysis for PAYTM: Score=28.4, Recommendation=SELL
2025-09-19 12:16:46,080 - INFO - Enhanced technical analysis completed for OLAELEC: 52 fields
2025-09-19 12:16:46,139 - INFO - Completed analysis for OLAELEC: Score=24.6, Recommendation=SELL
2025-09-19 12:16:46,463 - INFO - Comprehensive data extracted for OFSS
2025-09-19 12:16:46,463 - INFO - Fundamental analysis completed for OFSS: 58 fields
2025-09-19 12:16:46,680 - INFO - Enhanced technical analysis completed for OFSS: 52 fields
2025-09-19 12:16:46,686 - INFO - Comprehensive data extracted for POLICYBZR
2025-09-19 12:16:46,686 - INFO - Fundamental analysis completed for POLICYBZR: 58 fields
2025-09-19 12:16:46,747 - INFO - Completed analysis for OFSS: Score=66.9, Recommendation=BUY
2025-09-19 12:16:46,858 - INFO - Enhanced technical analysis completed for POLICYBZR: 52 fields
2025-09-19 12:16:46,910 - INFO - Completed analysis for POLICYBZR: Score=30.2, Recommendation=SELL
2025-09-19 12:16:52,585 - INFO - Comprehensive data extracted for PAGEIND
2025-09-19 12:16:52,589 - INFO - Fundamental analysis completed for PAGEIND: 58 fields
2025-09-19 12:16:52,736 - INFO - Comprehensive data extracted for PATANJALI
2025-09-19 12:16:52,769 - INFO - Fundamental analysis completed for PATANJALI: 58 fields
2025-09-19 12:16:52,804 - INFO - Enhanced technical analysis completed for PAGEIND: 52 fields
2025-09-19 12:16:52,871 - INFO - Completed analysis for PAGEIND: Score=38.7, Recommendation=SELL
2025-09-19 12:16:52,953 - INFO - Comprehensive data extracted for PIIND
2025-09-19 12:16:52,953 - INFO - Fundamental analysis completed for PIIND: 58 fields
2025-09-19 12:16:53,024 - INFO - Enhanced technical analysis completed for PATANJALI: 52 fields
2025-09-19 12:16:53,100 - INFO - Completed analysis for PATANJALI: Score=35.6, Recommendation=SELL
2025-09-19 12:16:53,172 - INFO - Enhanced technical analysis completed for PIIND: 52 fields
2025-09-19 12:16:53,247 - INFO - Completed analysis for PIIND: Score=29.1, Recommendation=SELL
2025-09-19 12:16:53,498 - INFO - Comprehensive data extracted for PERSISTENT
2025-09-19 12:16:53,498 - INFO - Fundamental analysis completed for PERSISTENT: 58 fields
2025-09-19 12:16:53,595 - INFO - Comprehensive data extracted for PETRONET
2025-09-19 12:16:53,597 - INFO - Fundamental analysis completed for PETRONET: 58 fields
2025-09-19 12:16:53,688 - INFO - Enhanced technical analysis completed for PERSISTENT: 52 fields
2025-09-19 12:16:53,746 - INFO - Completed analysis for PERSISTENT: Score=66.7, Recommendation=BUY
2025-09-19 12:16:53,806 - INFO - Enhanced technical analysis completed for PETRONET: 52 fields
2025-09-19 12:16:53,869 - INFO - Completed analysis for PETRONET: Score=48.7, Recommendation=WEAK SELL
2025-09-19 12:16:59,490 - INFO - Comprehensive data extracted for POLYCAB
2025-09-19 12:16:59,492 - INFO - Fundamental analysis completed for POLYCAB: 58 fields
2025-09-19 12:16:59,769 - INFO - Comprehensive data extracted for PHOENIXLTD
2025-09-19 12:16:59,771 - INFO - Fundamental analysis completed for PHOENIXLTD: 58 fields
2025-09-19 12:16:59,773 - INFO - Enhanced technical analysis completed for POLYCAB: 52 fields
2025-09-19 12:16:59,838 - INFO - Comprehensive data extracted for PIDILITIND
2025-09-19 12:16:59,843 - INFO - Fundamental analysis completed for PIDILITIND: 58 fields
2025-09-19 12:16:59,877 - INFO - Completed analysis for POLYCAB: Score=63.4, Recommendation=BUY
2025-09-19 12:16:59,958 - INFO - Enhanced technical analysis completed for PHOENIXLTD: 52 fields
2025-09-19 12:17:00,061 - INFO - Completed analysis for PHOENIXLTD: Score=37.3, Recommendation=SELL
2025-09-19 12:17:00,112 - INFO - Enhanced technical analysis completed for PIDILITIND: 52 fields
2025-09-19 12:17:00,170 - INFO - Completed analysis for PIDILITIND: Score=37.8, Recommendation=SELL
2025-09-19 12:17:00,519 - INFO - Comprehensive data extracted for PFC
2025-09-19 12:17:00,520 - INFO - Fundamental analysis completed for PFC: 58 fields
2025-09-19 12:17:00,585 - INFO - Comprehensive data extracted for POWERGRID
2025-09-19 12:17:00,588 - INFO - Fundamental analysis completed for POWERGRID: 58 fields
2025-09-19 12:17:00,705 - INFO - Enhanced technical analysis completed for PFC: 52 fields
2025-09-19 12:17:00,794 - INFO - Completed analysis for PFC: Score=73.4, Recommendation=STRONG BUY (UNDERVALUED)
2025-09-19 12:17:00,829 - INFO - Enhanced technical analysis completed for POWERGRID: 52 fields
2025-09-19 12:17:00,899 - INFO - Completed analysis for POWERGRID: Score=46.0, Recommendation=WEAK SELL
2025-09-19 12:17:06,506 - INFO - Comprehensive data extracted for PREMIERENE
2025-09-19 12:17:06,508 - INFO - Fundamental analysis completed for PREMIERENE: 58 fields
2025-09-19 12:17:06,527 - INFO - Comprehensive data extracted for PNB
2025-09-19 12:17:06,553 - INFO - Comprehensive data extracted for PRESTIGE
2025-09-19 12:17:06,553 - INFO - Fundamental analysis completed for PNB: 58 fields
2025-09-19 12:17:06,553 - INFO - Fundamental analysis completed for PRESTIGE: 58 fields
2025-09-19 12:17:06,783 - INFO - Enhanced technical analysis completed for PNB: 52 fields
2025-09-19 12:17:06,904 - INFO - Completed analysis for PNB: Score=85.7, Recommendation=STRONG BUY (UNDERVALUED)
2025-09-19 12:17:06,948 - INFO - Enhanced technical analysis completed for PRESTIGE: 52 fields
2025-09-19 12:17:06,993 - INFO - Enhanced technical analysis completed for PREMIERENE: 52 fields
2025-09-19 12:17:07,102 - INFO - Completed analysis for PREMIERENE: Score=41.9, Recommendation=WEAK SELL
2025-09-19 12:17:07,114 - INFO - Completed analysis for PRESTIGE: Score=42.1, Recommendation=WEAK SELL
2025-09-19 12:17:07,451 - INFO - Comprehensive data extracted for RECLTD
2025-09-19 12:17:07,468 - INFO - Fundamental analysis completed for RECLTD: 58 fields
2025-09-19 12:17:07,686 - INFO - Enhanced technical analysis completed for RECLTD: 52 fields
2025-09-19 12:17:07,758 - INFO - Completed analysis for RECLTD: Score=75.7, Recommendation=STRONG BUY (UNDERVALUED)
2025-09-19 12:17:07,772 - INFO - Comprehensive data extracted for RVNL
2025-09-19 12:17:07,772 - INFO - Fundamental analysis completed for RVNL: 58 fields
2025-09-19 12:17:08,050 - INFO - Enhanced technical analysis completed for RVNL: 52 fields
2025-09-19 12:17:08,118 - INFO - Completed analysis for RVNL: Score=32.7, Recommendation=SELL
2025-09-19 12:17:13,760 - INFO - Comprehensive data extracted for SBICARD
2025-09-19 12:17:13,764 - INFO - Fundamental analysis completed for SBICARD: 58 fields
2025-09-19 12:17:13,809 - INFO - Comprehensive data extracted for SBILIFE
2025-09-19 12:17:13,811 - INFO - Fundamental analysis completed for SBILIFE: 58 fields
2025-09-19 12:17:13,850 - INFO - Comprehensive data extracted for RELIANCE
2025-09-19 12:17:13,861 - INFO - Fundamental analysis completed for RELIANCE: 58 fields
2025-09-19 12:17:14,032 - INFO - Enhanced technical analysis completed for SBILIFE: 52 fields
2025-09-19 12:17:14,088 - INFO - Enhanced technical analysis completed for SBICARD: 52 fields
2025-09-19 12:17:14,211 - INFO - Enhanced technical analysis completed for RELIANCE: 52 fields
2025-09-19 12:17:14,227 - INFO - Completed analysis for SBILIFE: Score=59.8, Recommendation=HOLD
2025-09-19 12:17:14,227 - INFO - Completed analysis for SBICARD: Score=32.1, Recommendation=SELL
2025-09-19 12:17:14,289 - INFO - Completed analysis for RELIANCE: Score=51.5, Recommendation=HOLD
2025-09-19 12:17:14,862 - INFO - Comprehensive data extracted for SJVN
2025-09-19 12:17:14,864 - INFO - Fundamental analysis completed for SJVN: 58 fields
2025-09-19 12:17:15,158 - INFO - Comprehensive data extracted for SRF
2025-09-19 12:17:15,169 - INFO - Fundamental analysis completed for SRF: 58 fields
2025-09-19 12:17:15,206 - INFO - Enhanced technical analysis completed for SJVN: 52 fields
2025-09-19 12:17:15,267 - INFO - Completed analysis for SJVN: Score=40.7, Recommendation=WEAK SELL
2025-09-19 12:17:15,639 - INFO - Enhanced technical analysis completed for SRF: 52 fields
2025-09-19 12:17:15,738 - INFO - Completed analysis for SRF: Score=38.0, Recommendation=SELL
2025-09-19 12:17:21,362 - INFO - Comprehensive data extracted for MOTHERSON
2025-09-19 12:17:21,364 - INFO - Fundamental analysis completed for MOTHERSON: 58 fields
2025-09-19 12:17:21,587 - INFO - Enhanced technical analysis completed for MOTHERSON: 52 fields
2025-09-19 12:17:21,694 - INFO - Completed analysis for MOTHERSON: Score=30.0, Recommendation=SELL
2025-09-19 12:17:21,759 - INFO - Comprehensive data extracted for SHREECEM
2025-09-19 12:17:21,763 - INFO - Fundamental analysis completed for SHREECEM: 58 fields
2025-09-19 12:17:21,939 - INFO - Enhanced technical analysis completed for SHREECEM: 52 fields
2025-09-19 12:17:22,009 - INFO - Completed analysis for SHREECEM: Score=33.7, Recommendation=SELL
2025-09-19 12:17:22,339 - INFO - Comprehensive data extracted for SIEMENS
2025-09-19 12:17:22,341 - INFO - Fundamental analysis completed for SIEMENS: 58 fields
2025-09-19 12:17:22,548 - INFO - Enhanced technical analysis completed for SIEMENS: 52 fields
2025-09-19 12:17:22,622 - INFO - Completed analysis for SIEMENS: Score=33.0, Recommendation=SELL
2025-09-19 12:17:22,722 - INFO - Comprehensive data extracted for SOLARINDS
2025-09-19 12:17:22,722 - INFO - Fundamental analysis completed for SOLARINDS: 58 fields
2025-09-19 12:17:22,929 - INFO - Enhanced technical analysis completed for SOLARINDS: 52 fields
2025-09-19 12:17:22,993 - INFO - Completed analysis for SOLARINDS: Score=45.7, Recommendation=WEAK SELL
2025-09-19 12:17:23,078 - INFO - Comprehensive data extracted for SHRIRAMFIN
2025-09-19 12:17:23,080 - INFO - Fundamental analysis completed for SHRIRAMFIN: 58 fields
2025-09-19 12:17:23,360 - INFO - Enhanced technical analysis completed for SHRIRAMFIN: 52 fields
2025-09-19 12:17:23,468 - INFO - Completed analysis for SHRIRAMFIN: Score=67.3, Recommendation=BUY (VALUE)
2025-09-19 12:17:29,556 - INFO - Comprehensive data extracted for SAIL
2025-09-19 12:17:29,556 - INFO - Fundamental analysis completed for SAIL: 58 fields
2025-09-19 12:17:30,115 - INFO - Comprehensive data extracted for SBIN
2025-09-19 12:17:30,115 - INFO - Fundamental analysis completed for SBIN: 58 fields
2025-09-19 12:17:30,553 - INFO - Enhanced technical analysis completed for SAIL: 52 fields
2025-09-19 12:17:30,607 - INFO - Enhanced technical analysis completed for SBIN: 52 fields
2025-09-19 12:17:30,653 - INFO - Completed analysis for SAIL: Score=61.4, Recommendation=BUY (VALUE)
2025-09-19 12:17:30,704 - INFO - Completed analysis for SBIN: Score=86.7, Recommendation=STRONG BUY (UNDERVALUED)
2025-09-19 12:17:31,321 - INFO - Comprehensive data extracted for SUNPHARMA
2025-09-19 12:17:31,333 - INFO - Fundamental analysis completed for SUNPHARMA: 58 fields
2025-09-19 12:17:31,440 - INFO - Comprehensive data extracted for SUPREMEIND
2025-09-19 12:17:31,440 - INFO - Fundamental analysis completed for SUPREMEIND: 58 fields
2025-09-19 12:17:31,614 - INFO - Enhanced technical analysis completed for SUPREMEIND: 52 fields
2025-09-19 12:17:31,692 - INFO - Completed analysis for SUPREMEIND: Score=25.8, Recommendation=SELL
2025-09-19 12:17:31,821 - INFO - Enhanced technical analysis completed for SUNPHARMA: 52 fields
2025-09-19 12:17:31,921 - INFO - Completed analysis for SUNPHARMA: Score=33.0, Recommendation=SELL
2025-09-19 12:17:35,001 - INFO - Comprehensive data extracted for SONACOMS
2025-09-19 12:17:35,006 - INFO - Fundamental analysis completed for SONACOMS: 58 fields
2025-09-19 12:17:35,445 - INFO - Enhanced technical analysis completed for SONACOMS: 52 fields
2025-09-19 12:17:35,510 - INFO - Completed analysis for SONACOMS: Score=29.9, Recommendation=SELL
2025-09-19 12:17:42,594 - INFO - Comprehensive data extracted for TVSMOTOR
2025-09-19 12:17:42,596 - INFO - Fundamental analysis completed for TVSMOTOR: 58 fields
2025-09-19 12:17:42,757 - INFO - Enhanced technical analysis completed for TVSMOTOR: 52 fields
2025-09-19 12:17:42,831 - INFO - Completed analysis for TVSMOTOR: Score=39.3, Recommendation=SELL
2025-09-19 12:17:43,130 - INFO - Comprehensive data extracted for SWIGGY
2025-09-19 12:17:43,130 - INFO - Fundamental analysis completed for SWIGGY: 58 fields
2025-09-19 12:17:43,268 - INFO - Enhanced technical analysis completed for SWIGGY: 52 fields
2025-09-19 12:17:43,339 - INFO - Completed analysis for SWIGGY: Score=38.5, Recommendation=SELL
2025-09-19 12:17:43,961 - INFO - Comprehensive data extracted for SUZLON
2025-09-19 12:17:43,963 - INFO - Fundamental analysis completed for SUZLON: 58 fields
2025-09-19 12:17:44,096 - INFO - Comprehensive data extracted for TCS
2025-09-19 12:17:44,096 - INFO - Fundamental analysis completed for TCS: 58 fields
2025-09-19 12:17:44,179 - INFO - Enhanced technical analysis completed for SUZLON: 52 fields
2025-09-19 12:17:44,225 - INFO - Completed analysis for SUZLON: Score=39.3, Recommendation=SELL
2025-09-19 12:17:44,571 - INFO - Enhanced technical analysis completed for TCS: 52 fields
2025-09-19 12:17:44,628 - INFO - Completed analysis for TCS: Score=66.0, Recommendation=BUY
2025-09-19 12:17:44,707 - INFO - Comprehensive data extracted for TATACOMM
2025-09-19 12:17:44,707 - INFO - Fundamental analysis completed for TATACOMM: 58 fields
2025-09-19 12:17:45,197 - INFO - Enhanced technical analysis completed for TATACOMM: 52 fields
2025-09-19 12:17:45,252 - INFO - Completed analysis for TATACOMM: Score=30.4, Recommendation=SELL
2025-09-19 12:17:51,694 - INFO - Comprehensive data extracted for TATACONSUM
2025-09-19 12:17:51,695 - INFO - Fundamental analysis completed for TATACONSUM: 58 fields
2025-09-19 12:17:51,945 - INFO - Comprehensive data extracted for TATAELXSI
2025-09-19 12:17:51,955 - INFO - Enhanced technical analysis completed for TATACONSUM: 52 fields
2025-09-19 12:17:51,955 - INFO - Fundamental analysis completed for TATAELXSI: 58 fields
2025-09-19 12:17:51,983 - INFO - Comprehensive data extracted for TATAMOTORS
2025-09-19 12:17:51,983 - INFO - Fundamental analysis completed for TATAMOTORS: 58 fields
2025-09-19 12:17:52,042 - INFO - Completed analysis for TATACONSUM: Score=39.0, Recommendation=SELL
2025-09-19 12:17:52,154 - INFO - Enhanced technical analysis completed for TATAMOTORS: 52 fields
2025-09-19 12:17:52,205 - INFO - Enhanced technical analysis completed for TATAELXSI: 52 fields
2025-09-19 12:17:52,236 - INFO - Completed analysis for TATAMOTORS: Score=45.1, Recommendation=WEAK SELL
2025-09-19 12:17:52,273 - INFO - Completed analysis for TATAELXSI: Score=24.5, Recommendation=SELL
2025-09-19 12:17:52,719 - INFO - Comprehensive data extracted for TATASTEEL
2025-09-19 12:17:52,719 - INFO - Fundamental analysis completed for TATASTEEL: 58 fields
2025-09-19 12:17:53,198 - INFO - Enhanced technical analysis completed for TATASTEEL: 52 fields
2025-09-19 12:17:53,252 - INFO - Completed analysis for TATASTEEL: Score=36.3, Recommendation=SELL
2025-09-19 12:17:54,898 - INFO - Comprehensive data extracted for TATAPOWER
2025-09-19 12:17:54,900 - INFO - Fundamental analysis completed for TATAPOWER: 58 fields
2025-09-19 12:17:55,118 - INFO - Enhanced technical analysis completed for TATAPOWER: 52 fields
2025-09-19 12:17:55,205 - INFO - Completed analysis for TATAPOWER: Score=36.1, Recommendation=SELL
2025-09-19 12:18:00,701 - INFO - Comprehensive data extracted for TATATECH
2025-09-19 12:18:00,706 - INFO - Fundamental analysis completed for TATATECH: 58 fields
2025-09-19 12:18:01,738 - INFO - Comprehensive data extracted for TITAN
2025-09-19 12:18:01,738 - INFO - Fundamental analysis completed for TITAN: 58 fields
2025-09-19 12:18:02,080 - INFO - Enhanced technical analysis completed for TITAN: 52 fields
2025-09-19 12:18:02,128 - INFO - Completed analysis for TITAN: Score=37.2, Recommendation=SELL
2025-09-19 12:18:03,826 - INFO - Enhanced technical analysis completed for TATATECH: 52 fields
2025-09-19 12:18:03,878 - INFO - Completed analysis for TATATECH: Score=31.4, Recommendation=SELL
2025-09-19 12:18:03,907 - INFO - Comprehensive data extracted for TORNTPHARM
2025-09-19 12:18:03,907 - INFO - Fundamental analysis completed for TORNTPHARM: 58 fields
2025-09-19 12:18:04,195 - INFO - Enhanced technical analysis completed for TORNTPHARM: 52 fields
2025-09-19 12:18:04,259 - INFO - Completed analysis for TORNTPHARM: Score=42.3, Recommendation=WEAK SELL
2025-09-19 12:18:06,744 - INFO - Comprehensive data extracted for TECHM
2025-09-19 12:18:06,744 - INFO - Fundamental analysis completed for TECHM: 58 fields
2025-09-19 12:18:07,195 - INFO - Enhanced technical analysis completed for TECHM: 52 fields
2025-09-19 12:18:07,245 - INFO - Completed analysis for TECHM: Score=36.8, Recommendation=SELL
2025-09-19 12:18:07,981 - INFO - Comprehensive data extracted for TORNTPOWER
2025-09-19 12:18:07,984 - INFO - Fundamental analysis completed for TORNTPOWER: 58 fields
2025-09-19 12:18:08,834 - INFO - Enhanced technical analysis completed for TORNTPOWER: 52 fields
2025-09-19 12:18:08,895 - INFO - Completed analysis for TORNTPOWER: Score=34.1, Recommendation=SELL
2025-09-19 12:18:14,647 - INFO - Comprehensive data extracted for UPL
2025-09-19 12:18:14,652 - INFO - Fundamental analysis completed for UPL: 58 fields
2025-09-19 12:18:14,698 - INFO - Comprehensive data extracted for TIINDIA
2025-09-19 12:18:14,700 - INFO - Fundamental analysis completed for TIINDIA: 58 fields
2025-09-19 12:18:14,983 - INFO - Enhanced technical analysis completed for TIINDIA: 52 fields
2025-09-19 12:18:15,034 - INFO - Completed analysis for TIINDIA: Score=29.5, Recommendation=SELL
2025-09-19 12:18:15,116 - INFO - Enhanced technical analysis completed for UPL: 52 fields
2025-09-19 12:18:15,156 - INFO - Completed analysis for UPL: Score=30.9, Recommendation=SELL
2025-09-19 12:18:15,735 - INFO - Comprehensive data extracted for UNIONBANK
2025-09-19 12:18:15,737 - INFO - Fundamental analysis completed for UNIONBANK: 58 fields
2025-09-19 12:18:16,022 - INFO - Enhanced technical analysis completed for UNIONBANK: 52 fields
2025-09-19 12:18:16,072 - INFO - Completed analysis for UNIONBANK: Score=86.1, Recommendation=STRONG BUY (UNDERVALUED)
2025-09-19 12:18:16,580 - INFO - Comprehensive data extracted for ULTRACEMCO
2025-09-19 12:18:16,582 - INFO - Fundamental analysis completed for ULTRACEMCO: 58 fields
2025-09-19 12:18:17,084 - INFO - Comprehensive data extracted for TRENT
2025-09-19 12:18:17,084 - INFO - Fundamental analysis completed for TRENT: 58 fields
2025-09-19 12:18:17,249 - INFO - Enhanced technical analysis completed for TRENT: 52 fields
2025-09-19 12:18:17,367 - INFO - Enhanced technical analysis completed for ULTRACEMCO: 52 fields
2025-09-19 12:18:17,375 - INFO - Completed analysis for TRENT: Score=31.4, Recommendation=SELL
2025-09-19 12:18:17,592 - INFO - Completed analysis for ULTRACEMCO: Score=38.7, Recommendation=SELL
2025-09-19 12:18:23,249 - INFO - Comprehensive data extracted for VBL
2025-09-19 12:18:23,249 - INFO - Fundamental analysis completed for VBL: 58 fields
2025-09-19 12:18:23,389 - INFO - Enhanced technical analysis completed for VBL: 52 fields
2025-09-19 12:18:23,463 - INFO - Completed analysis for VBL: Score=44.3, Recommendation=WEAK SELL
2025-09-19 12:18:23,713 - INFO - Comprehensive data extracted for UNITDSPR
2025-09-19 12:18:23,713 - INFO - Fundamental analysis completed for UNITDSPR: 58 fields
2025-09-19 12:18:24,773 - INFO - Enhanced technical analysis completed for UNITDSPR: 52 fields
2025-09-19 12:18:24,825 - INFO - Completed analysis for UNITDSPR: Score=28.8, Recommendation=SELL
2025-09-19 12:18:24,917 - INFO - Comprehensive data extracted for VMM
2025-09-19 12:18:24,917 - INFO - Fundamental analysis completed for VMM: 58 fields
2025-09-19 12:18:24,980 - INFO - Comprehensive data extracted for VEDL
2025-09-19 12:18:24,980 - INFO - Fundamental analysis completed for VEDL: 58 fields
2025-09-19 12:18:25,104 - INFO - Enhanced technical analysis completed for VMM: 52 fields
2025-09-19 12:18:25,149 - INFO - Completed analysis for VMM: Score=34.9, Recommendation=SELL
2025-09-19 12:18:25,459 - INFO - Enhanced technical analysis completed for VEDL: 52 fields
2025-09-19 12:18:25,544 - INFO - Completed analysis for VEDL: Score=49.1, Recommendation=WEAK SELL
2025-09-19 12:18:27,737 - INFO - Comprehensive data extracted for IDEA
2025-09-19 12:18:27,737 - INFO - Fundamental analysis completed for IDEA: 58 fields
2025-09-19 12:18:27,859 - INFO - Enhanced technical analysis completed for IDEA: 52 fields
2025-09-19 12:18:27,902 - INFO - Completed analysis for IDEA: Score=65.8, Recommendation=BUY (VALUE)
2025-09-19 12:18:33,852 - INFO - Comprehensive data extracted for WIPRO
2025-09-19 12:18:33,854 - INFO - Fundamental analysis completed for WIPRO: 58 fields
2025-09-19 12:18:34,012 - INFO - Enhanced technical analysis completed for WIPRO: 52 fields
2025-09-19 12:18:34,041 - INFO - Comprehensive data extracted for VOLTAS
2025-09-19 12:18:34,041 - INFO - Fundamental analysis completed for VOLTAS: 58 fields
2025-09-19 12:18:34,089 - INFO - Completed analysis for WIPRO: Score=71.8, Recommendation=STRONG BUY
2025-09-19 12:18:34,150 - INFO - Comprehensive data extracted for WAAREEENER
2025-09-19 12:18:34,150 - INFO - Fundamental analysis completed for WAAREEENER: 58 fields
2025-09-19 12:18:34,527 - INFO - Enhanced technical analysis completed for VOLTAS: 52 fields
2025-09-19 12:18:34,574 - INFO - Completed analysis for VOLTAS: Score=29.5, Recommendation=SELL
2025-09-19 12:18:34,703 - INFO - Enhanced technical analysis completed for WAAREEENER: 52 fields
2025-09-19 12:18:34,753 - INFO - Completed analysis for WAAREEENER: Score=37.9, Recommendation=SELL
2025-09-19 12:18:36,630 - INFO - Comprehensive data extracted for YESBANK
2025-09-19 12:18:36,632 - INFO - Fundamental analysis completed for YESBANK: 58 fields
2025-09-19 12:18:36,721 - INFO - Comprehensive data extracted for ZYDUSLIFE
2025-09-19 12:18:36,736 - INFO - Fundamental analysis completed for ZYDUSLIFE: 58 fields
2025-09-19 12:18:36,790 - INFO - Enhanced technical analysis completed for YESBANK: 52 fields
2025-09-19 12:18:36,825 - INFO - Completed analysis for YESBANK: Score=76.8, Recommendation=STRONG BUY
2025-09-19 12:18:37,509 - INFO - Enhanced technical analysis completed for ZYDUSLIFE: 52 fields
2025-09-19 12:18:37,554 - INFO - Completed analysis for ZYDUSLIFE: Score=45.0, Recommendation=WEAK SELL
2025-09-19 12:18:37,568 - INFO - Batch analysis completed: 200 results, 0 failures
2025-09-19 12:18:37,787 - INFO - Calculated sector rankings for 11 sectors
2025-09-19 12:20:25,322 - INFO - Completed risk-return analysis
2025-09-19 12:20:25,376 - INFO - Generated portfolio allocation for 15 stocks
2025-09-19 12:20:33,071 - INFO - Enhanced Excel report generated: reports/Enhanced_Stock_Report_20250919_122025.xlsx, Size: 293179 bytes
2025-09-19 12:20:33,630 - INFO - Loaded report: Enhanced_Stock_Report_20250919_113758.xlsx
2025-09-19 12:20:33,632 - INFO - Available sheets: ['Top Picks', 'Trading Plans', 'Undervalued', 'Sector Analysis', 'Risk Analysis', 'Portfolio Allocation', 'Portfolio Summary', 'Complete Data']
2025-09-19 12:20:34,071 - INFO - Loaded report: Enhanced_Stock_Report_20250919_122025.xlsx
2025-09-19 12:20:34,083 - INFO - Available sheets: ['Top Picks', 'Trading Plans', 'Undervalued', 'Sector Analysis', 'Risk Analysis', 'Portfolio Allocation', 'Portfolio Summary', 'Complete Data']
