2025-09-15 16:50:29,454 - INFO - Dynamic NSE Stock Analysis Initialized
2025-09-15 16:50:29,458 - INFO - Risk profile set to: aggressive
2025-09-15 16:50:29,465 - INFO - HIGH-RISK MODE: Profile=aggressive, Growth=True, Momentum=False, MinVol=0.0
2025-09-15 16:50:29,465 - INFO - Using default stock list from stock_list_template.csv
2025-09-15 16:50:29,481 - INFO - Loading stocks from CSV: stock_list_template.csv
2025-09-15 16:50:29,513 - INFO - Loaded 200 stocks with company names
2025-09-15 16:50:29,513 - INFO - Sample stocks: ABB, ACC, APLAPOLLO, AUBANK, ADANIENSOL
2025-09-15 16:50:29,513 - INFO - Starting batch analysis of 10 stocks
2025-09-15 16:50:30,715 - INFO - Comprehensive data extracted for APLAPOLLO
2025-09-15 16:50:30,768 - INFO - Comprehensive data extracted for ABB
2025-09-15 16:50:30,770 - INFO - Fundamental analysis completed for APLAPOLLO: 58 fields
2025-09-15 16:50:30,774 - INFO - Fundamental analysis completed for ABB: 58 fields
2025-09-15 16:50:31,041 - INFO - Comprehensive data extracted for ACC
2025-09-15 16:50:31,063 - INFO - Fundamental analysis completed for ACC: 58 fields
2025-09-15 16:50:31,144 - INFO - Enhanced technical analysis completed for ABB: 52 fields
2025-09-15 16:50:31,225 - INFO - Enhanced technical analysis completed for APLAPOLLO: 52 fields
2025-09-15 16:50:31,265 - INFO - Completed analysis for ABB: Score=53.0, Recommendation=HOLD
2025-09-15 16:50:31,347 - INFO - Completed analysis for APLAPOLLO: Score=36.1, Recommendation=SELL
2025-09-15 16:50:31,390 - INFO - Enhanced technical analysis completed for ACC: 52 fields
2025-09-15 16:50:31,458 - INFO - Completed analysis for ACC: Score=59.5, Recommendation=HOLD
2025-09-15 16:50:31,824 - INFO - Comprehensive data extracted for AUBANK
2025-09-15 16:50:31,824 - INFO - Fundamental analysis completed for AUBANK: 58 fields
2025-09-15 16:50:32,194 - INFO - Comprehensive data extracted for ADANIENSOL
2025-09-15 16:50:32,200 - INFO - Fundamental analysis completed for ADANIENSOL: 58 fields
2025-09-15 16:50:32,222 - INFO - Enhanced technical analysis completed for AUBANK: 52 fields
2025-09-15 16:50:32,276 - INFO - Completed analysis for AUBANK: Score=71.9, Recommendation=STRONG BUY
2025-09-15 16:50:32,458 - INFO - Enhanced technical analysis completed for ADANIENSOL: 52 fields
2025-09-15 16:50:32,505 - INFO - Completed analysis for ADANIENSOL: Score=40.5, Recommendation=WEAK SELL
2025-09-15 16:50:38,093 - INFO - Comprehensive data extracted for ADANIPORTS
2025-09-15 16:50:38,109 - INFO - Fundamental analysis completed for ADANIPORTS: 58 fields
2025-09-15 16:50:38,203 - INFO - Comprehensive data extracted for ADANIGREEN
2025-09-15 16:50:38,208 - INFO - Fundamental analysis completed for ADANIGREEN: 58 fields
2025-09-15 16:50:38,292 - INFO - Enhanced technical analysis completed for ADANIPORTS: 52 fields
2025-09-15 16:50:38,354 - INFO - Completed analysis for ADANIPORTS: Score=47.3, Recommendation=WEAK SELL
2025-09-15 16:50:38,426 - INFO - Enhanced technical analysis completed for ADANIGREEN: 52 fields
2025-09-15 16:50:38,470 - INFO - Completed analysis for ADANIGREEN: Score=42.3, Recommendation=WEAK SELL
2025-09-15 16:50:38,540 - INFO - Comprehensive data extracted for ADANIENT
2025-09-15 16:50:38,540 - INFO - Fundamental analysis completed for ADANIENT: 58 fields
2025-09-15 16:50:38,802 - INFO - Enhanced technical analysis completed for ADANIENT: 52 fields
2025-09-15 16:50:38,860 - INFO - Completed analysis for ADANIENT: Score=25.9, Recommendation=SELL
2025-09-15 16:50:38,961 - INFO - Comprehensive data extracted for ATGL
2025-09-15 16:50:38,961 - INFO - Fundamental analysis completed for ATGL: 58 fields
2025-09-15 16:50:39,050 - INFO - Comprehensive data extracted for ADANIPOWER
2025-09-15 16:50:39,050 - INFO - Fundamental analysis completed for ADANIPOWER: 58 fields
2025-09-15 16:50:39,115 - INFO - Enhanced technical analysis completed for ATGL: 52 fields
2025-09-15 16:50:39,195 - INFO - Completed analysis for ATGL: Score=42.7, Recommendation=WEAK SELL
2025-09-15 16:50:39,386 - INFO - Enhanced technical analysis completed for ADANIPOWER: 52 fields
2025-09-15 16:50:39,458 - INFO - Completed analysis for ADANIPOWER: Score=32.8, Recommendation=SELL
2025-09-15 16:50:39,486 - INFO - Batch analysis completed: 10 results, 0 failures
2025-09-15 16:50:39,554 - INFO - Calculated sector rankings for 5 sectors
2025-09-15 16:50:39,562 - WARNING - No suitable investment candidates found
2025-09-15 16:50:42,097 - INFO - Enhanced Excel report generated: reports/Enhanced_Stock_Report_20250915_165039.xlsx, Size: 28130 bytes
