2025-09-19 13:09:41,107 - INFO - Dynamic NSE Stock Analysis Initialized
2025-09-19 13:09:41,107 - INFO - Risk profile set to: moderate
2025-09-19 13:09:41,110 - INFO - Using default stock list from stock_list_template.csv
2025-09-19 13:09:41,110 - INFO - Loading stocks from CSV: stock_list_template.csv
2025-09-19 13:09:41,119 - INFO - Loaded 200 stocks with company names
2025-09-19 13:09:41,119 - INFO - Sample stocks: ABB, ACC, APLAPOLLO, AUBANK, ADANIENSOL
2025-09-19 13:09:41,123 - INFO - Found 34 current holdings to include in analysis
2025-09-19 13:09:41,127 - INFO - Starting batch analysis of 28 stocks
2025-09-19 13:09:42,388 - INFO - Comprehensive data extracted for BAJAJ-AUTO
2025-09-19 13:09:42,388 - INFO - Fundamental analysis completed for BAJAJ-AUTO: 58 fields
2025-09-19 13:09:42,539 - INFO - Enhanced technical analysis completed for BAJAJ-AUTO: 52 fields
2025-09-19 13:09:42,587 - INFO - Completed analysis for BAJAJ-AUTO: Score=39.6, Recommendation=SELL
2025-09-19 13:09:42,885 - INFO - Comprehensive data extracted for AXISBANK
2025-09-19 13:09:42,889 - INFO - Fundamental analysis completed for AXISBANK: 58 fields
2025-09-19 13:09:43,436 - INFO - Comprehensive data extracted for BANKBARODA
2025-09-19 13:09:43,449 - INFO - Fundamental analysis completed for BANKBARODA: 58 fields
2025-09-19 13:09:43,478 - INFO - Enhanced technical analysis completed for AXISBANK: 52 fields
2025-09-19 13:09:43,534 - INFO - Completed analysis for AXISBANK: Score=75.6, Recommendation=STRONG BUY (UNDERVALUED)
2025-09-19 13:09:43,944 - INFO - Enhanced technical analysis completed for BANKBARODA: 52 fields
2025-09-19 13:09:44,001 - INFO - Completed analysis for BANKBARODA: Score=79.0, Recommendation=STRONG BUY (UNDERVALUED)
2025-09-19 13:09:49,565 - INFO - Comprehensive data extracted for BANKINDIA
2025-09-19 13:09:49,565 - INFO - Fundamental analysis completed for BANKINDIA: 58 fields
2025-09-19 13:09:49,904 - INFO - Enhanced technical analysis completed for BANKINDIA: 52 fields
2025-09-19 13:09:49,951 - INFO - Completed analysis for BANKINDIA: Score=79.6, Recommendation=STRONG BUY (UNDERVALUED)
2025-09-19 13:09:50,795 - INFO - Comprehensive data extracted for CANBK
2025-09-19 13:09:50,795 - INFO - Fundamental analysis completed for CANBK: 58 fields
2025-09-19 13:09:50,974 - INFO - Enhanced technical analysis completed for CANBK: 52 fields
2025-09-19 13:09:51,032 - INFO - Completed analysis for CANBK: Score=85.2, Recommendation=STRONG BUY (UNDERVALUED)
2025-09-19 13:09:51,102 - INFO - Comprehensive data extracted for DMART
2025-09-19 13:09:51,102 - INFO - Fundamental analysis completed for DMART: 58 fields
2025-09-19 13:09:51,252 - INFO - Enhanced technical analysis completed for DMART: 52 fields
2025-09-19 13:09:51,289 - INFO - Completed analysis for DMART: Score=26.5, Recommendation=SELL
2025-09-19 13:09:56,782 - INFO - Comprehensive data extracted for DRREDDY
2025-09-19 13:09:56,782 - INFO - Fundamental analysis completed for DRREDDY: 58 fields
2025-09-19 13:09:56,949 - INFO - Comprehensive data extracted for ETERNAL
2025-09-19 13:09:56,949 - INFO - Fundamental analysis completed for ETERNAL: 58 fields
2025-09-19 13:09:56,949 - INFO - Enhanced technical analysis completed for DRREDDY: 52 fields
2025-09-19 13:09:57,005 - INFO - Completed analysis for DRREDDY: Score=69.8, Recommendation=BUY
2025-09-19 13:09:57,337 - INFO - Comprehensive data extracted for HAL
2025-09-19 13:09:57,337 - INFO - Enhanced technical analysis completed for ETERNAL: 52 fields
2025-09-19 13:09:57,337 - INFO - Fundamental analysis completed for HAL: 58 fields
2025-09-19 13:09:57,386 - INFO - Completed analysis for ETERNAL: Score=32.7, Recommendation=SELL
2025-09-19 13:09:57,474 - INFO - Enhanced technical analysis completed for HAL: 52 fields
2025-09-19 13:09:57,518 - INFO - Completed analysis for HAL: Score=49.0, Recommendation=WEAK SELL
2025-09-19 13:10:02,889 - INFO - Comprehensive data extracted for HDFCLIFE
2025-09-19 13:10:02,889 - INFO - Fundamental analysis completed for HDFCLIFE: 58 fields
2025-09-19 13:10:03,038 - INFO - Enhanced technical analysis completed for HDFCLIFE: 52 fields
2025-09-19 13:10:03,082 - INFO - Completed analysis for HDFCLIFE: Score=44.7, Recommendation=WEAK SELL
2025-09-19 13:10:03,308 - INFO - Comprehensive data extracted for HDFCBANK
2025-09-19 13:10:03,308 - INFO - Fundamental analysis completed for HDFCBANK: 58 fields
2025-09-19 13:10:03,600 - INFO - Enhanced technical analysis completed for HDFCBANK: 52 fields
2025-09-19 13:10:03,657 - INFO - Completed analysis for HDFCBANK: Score=65.1, Recommendation=BUY
2025-09-19 13:10:04,488 - INFO - Comprehensive data extracted for HEROMOTOCO
2025-09-19 13:10:04,491 - INFO - Fundamental analysis completed for HEROMOTOCO: 58 fields
2025-09-19 13:10:04,738 - INFO - Enhanced technical analysis completed for HEROMOTOCO: 52 fields
2025-09-19 13:10:04,785 - INFO - Completed analysis for HEROMOTOCO: Score=45.9, Recommendation=WEAK SELL
2025-09-19 13:10:10,520 - INFO - Comprehensive data extracted for ICICIBANK
2025-09-19 13:10:10,520 - INFO - Fundamental analysis completed for ICICIBANK: 58 fields
2025-09-19 13:10:10,817 - INFO - Enhanced technical analysis completed for ICICIBANK: 52 fields
2025-09-19 13:10:10,896 - INFO - Comprehensive data extracted for HINDUNILVR
2025-09-19 13:10:10,898 - INFO - Fundamental analysis completed for HINDUNILVR: 58 fields
2025-09-19 13:10:10,898 - INFO - Completed analysis for ICICIBANK: Score=74.3, Recommendation=STRONG BUY
2025-09-19 13:10:11,300 - INFO - Enhanced technical analysis completed for HINDUNILVR: 52 fields
2025-09-19 13:10:11,340 - INFO - Completed analysis for HINDUNILVR: Score=32.5, Recommendation=SELL
2025-09-19 13:10:13,000 - INFO - Comprehensive data extracted for IDFCFIRSTB
2025-09-19 13:10:13,004 - INFO - Fundamental analysis completed for IDFCFIRSTB: 58 fields
2025-09-19 13:10:13,143 - INFO - Enhanced technical analysis completed for IDFCFIRSTB: 52 fields
2025-09-19 13:10:13,200 - INFO - Completed analysis for IDFCFIRSTB: Score=49.1, Recommendation=WEAK SELL
2025-09-19 13:10:19,081 - INFO - Comprehensive data extracted for KOTAKBANK
2025-09-19 13:10:19,081 - INFO - Fundamental analysis completed for KOTAKBANK: 58 fields
2025-09-19 13:10:19,253 - INFO - Enhanced technical analysis completed for KOTAKBANK: 52 fields
2025-09-19 13:10:19,286 - INFO - Completed analysis for KOTAKBANK: Score=67.8, Recommendation=BUY
2025-09-19 13:10:19,351 - INFO - Comprehensive data extracted for INDIANB
2025-09-19 13:10:19,351 - INFO - Fundamental analysis completed for INDIANB: 58 fields
2025-09-19 13:10:19,493 - INFO - Enhanced technical analysis completed for INDIANB: 52 fields
2025-09-19 13:10:19,529 - INFO - Completed analysis for INDIANB: Score=83.4, Recommendation=STRONG BUY (UNDERVALUED)
2025-09-19 13:10:20,092 - INFO - Comprehensive data extracted for LICHSGFIN
2025-09-19 13:10:20,094 - INFO - Fundamental analysis completed for LICHSGFIN: 58 fields
2025-09-19 13:10:20,236 - INFO - Enhanced technical analysis completed for LICHSGFIN: 52 fields
2025-09-19 13:10:20,282 - INFO - Completed analysis for LICHSGFIN: Score=69.1, Recommendation=BUY (VALUE)
2025-09-19 13:10:26,018 - INFO - Comprehensive data extracted for MOTILALOFS
2025-09-19 13:10:26,024 - INFO - Fundamental analysis completed for MOTILALOFS: 58 fields
2025-09-19 13:10:26,049 - INFO - Comprehensive data extracted for MAHABANK
2025-09-19 13:10:26,049 - INFO - Fundamental analysis completed for MAHABANK: 58 fields
2025-09-19 13:10:26,171 - INFO - Enhanced technical analysis completed for MOTILALOFS: 52 fields
2025-09-19 13:10:26,205 - INFO - Completed analysis for MOTILALOFS: Score=55.9, Recommendation=HOLD
2025-09-19 13:10:26,764 - INFO - Enhanced technical analysis completed for MAHABANK: 52 fields
2025-09-19 13:10:26,824 - INFO - Completed analysis for MAHABANK: Score=87.1, Recommendation=STRONG BUY (UNDERVALUED)
2025-09-19 13:10:27,391 - INFO - Comprehensive data extracted for MUTHOOTFIN
2025-09-19 13:10:27,393 - INFO - Fundamental analysis completed for MUTHOOTFIN: 58 fields
2025-09-19 13:10:27,766 - INFO - Enhanced technical analysis completed for MUTHOOTFIN: 52 fields
2025-09-19 13:10:27,811 - INFO - Completed analysis for MUTHOOTFIN: Score=71.7, Recommendation=STRONG BUY
2025-09-19 13:10:33,452 - INFO - Comprehensive data extracted for NESTLEIND
2025-09-19 13:10:33,452 - INFO - Fundamental analysis completed for NESTLEIND: 58 fields
2025-09-19 13:10:33,733 - INFO - Enhanced technical analysis completed for NESTLEIND: 52 fields
2025-09-19 13:10:33,785 - INFO - Completed analysis for NESTLEIND: Score=28.2, Recommendation=SELL
2025-09-19 13:10:34,401 - INFO - Comprehensive data extracted for PNB
2025-09-19 13:10:34,404 - INFO - Fundamental analysis completed for PNB: 58 fields
2025-09-19 13:10:34,800 - INFO - Enhanced technical analysis completed for PNB: 52 fields
2025-09-19 13:10:34,837 - INFO - Completed analysis for PNB: Score=85.8, Recommendation=STRONG BUY (UNDERVALUED)
2025-09-19 13:10:35,322 - INFO - Comprehensive data extracted for PFC
2025-09-19 13:10:35,323 - INFO - Fundamental analysis completed for PFC: 58 fields
2025-09-19 13:10:35,461 - INFO - Enhanced technical analysis completed for PFC: 52 fields
2025-09-19 13:10:35,496 - INFO - Completed analysis for PFC: Score=74.3, Recommendation=STRONG BUY (UNDERVALUED)
2025-09-19 13:10:41,010 - INFO - Comprehensive data extracted for SBIN
2025-09-19 13:10:41,010 - INFO - Fundamental analysis completed for SBIN: 58 fields
2025-09-19 13:10:41,221 - INFO - Enhanced technical analysis completed for SBIN: 52 fields
2025-09-19 13:10:41,251 - INFO - Completed analysis for SBIN: Score=87.4, Recommendation=STRONG BUY (UNDERVALUED)
2025-09-19 13:10:41,473 - INFO - Comprehensive data extracted for RECLTD
2025-09-19 13:10:41,482 - INFO - Fundamental analysis completed for RECLTD: 58 fields
2025-09-19 13:10:41,649 - INFO - Enhanced technical analysis completed for RECLTD: 52 fields
2025-09-19 13:10:41,687 - INFO - Completed analysis for RECLTD: Score=76.6, Recommendation=STRONG BUY (UNDERVALUED)
2025-09-19 13:10:42,541 - INFO - Comprehensive data extracted for UNIONBANK
2025-09-19 13:10:42,572 - INFO - Fundamental analysis completed for UNIONBANK: 58 fields
2025-09-19 13:10:43,477 - INFO - Enhanced technical analysis completed for UNIONBANK: 52 fields
2025-09-19 13:10:43,521 - INFO - Completed analysis for UNIONBANK: Score=86.0, Recommendation=STRONG BUY (UNDERVALUED)
2025-09-19 13:10:49,511 - INFO - Comprehensive data extracted for YESBANK
2025-09-19 13:10:49,511 - INFO - Fundamental analysis completed for YESBANK: 58 fields
2025-09-19 13:10:49,647 - INFO - Enhanced technical analysis completed for YESBANK: 52 fields
2025-09-19 13:10:49,695 - INFO - Completed analysis for YESBANK: Score=75.9, Recommendation=STRONG BUY
2025-09-19 13:10:49,702 - INFO - Batch analysis completed: 28 results, 0 failures
2025-09-19 13:10:49,748 - INFO - Calculated sector rankings for 5 sectors
2025-09-19 13:10:57,427 - INFO - Completed risk-return analysis
2025-09-19 13:10:57,515 - INFO - Generated complete portfolio allocation: 34 total stocks (Current: 34, New: 0)
2025-09-19 13:10:58,853 - INFO - Enhanced Excel report generated: reports/Enhanced_Stock_Report_20250919_131057.xlsx, Size: 60533 bytes
2025-09-19 13:10:59,038 - INFO - Loaded report: Enhanced_Stock_Report_20250919_130555.xlsx
2025-09-19 13:10:59,038 - INFO - Available sheets: ['Top Picks', 'Trading Plans', 'Undervalued', 'Sector Analysis', 'Risk Analysis', 'Portfolio Allocation', 'Portfolio Summary', 'Complete Data']
2025-09-19 13:10:59,185 - INFO - Loaded report: Enhanced_Stock_Report_20250919_131057.xlsx
2025-09-19 13:10:59,185 - INFO - Available sheets: ['Top Picks', 'Trading Plans', 'Undervalued', 'Sector Analysis', 'Risk Analysis', 'Portfolio Allocation', 'Portfolio Summary', 'Complete Data']
