2025-09-04 09:55:01,945 - INFO - Top 200 NSE Stock Analysis Initialized
2025-09-04 09:55:01,947 - INFO - HIGH-RISK MODE: Profile=aggressive, Growth=False, Momentum=False, MinVol=0.0
2025-09-04 09:55:01,950 - INFO - Using default stock list from stock_list_template.csv
2025-09-04 09:55:01,950 - INFO - Loading stocks from CSV: stock_list_template.csv
2025-09-04 09:55:01,962 - INFO - Loaded 200 stocks with company names
2025-09-04 09:55:01,967 - INFO - Sample stocks: ABB, ACC, APLAPOLLO, AUBANK, ADANIENSOL
2025-09-04 09:55:01,967 - INFO - Starting batch analysis of 50 stocks
2025-09-04 09:55:03,374 - INFO - Comprehensive data extracted for APLAPOLLO
2025-09-04 09:55:03,378 - INFO - Comprehensive data extracted for ACC
2025-09-04 09:55:03,397 - INFO - Comprehensive data extracted for ABB
2025-09-04 09:55:03,397 - INFO - Fundamental analysis completed for APLAPOLLO: 58 fields
2025-09-04 09:55:03,399 - INFO - Fundamental analysis completed for ACC: 58 fields
2025-09-04 09:55:03,400 - INFO - Fundamental analysis completed for ABB: 58 fields
2025-09-04 09:55:03,657 - INFO - Enhanced technical analysis completed for ACC: 52 fields
2025-09-04 09:55:03,726 - INFO - Enhanced technical analysis completed for ABB: 52 fields
2025-09-04 09:55:03,757 - INFO - Enhanced technical analysis completed for APLAPOLLO: 52 fields
2025-09-04 09:55:03,862 - INFO - Completed analysis for ABB: Score=57.1, Recommendation=HOLD
2025-09-04 09:55:03,877 - INFO - Completed analysis for APLAPOLLO: Score=33.0, Recommendation=SELL
2025-09-04 09:55:03,885 - INFO - Completed analysis for ACC: Score=66.3, Recommendation=BUY (VALUE)
2025-09-04 09:55:04,411 - INFO - Comprehensive data extracted for AUBANK
2025-09-04 09:55:04,419 - INFO - Fundamental analysis completed for AUBANK: 58 fields
2025-09-04 09:55:04,446 - INFO - Comprehensive data extracted for ADANIENSOL
2025-09-04 09:55:04,448 - INFO - Fundamental analysis completed for ADANIENSOL: 58 fields
2025-09-04 09:55:04,623 - INFO - Enhanced technical analysis completed for AUBANK: 52 fields
2025-09-04 09:55:04,645 - INFO - Enhanced technical analysis completed for ADANIENSOL: 52 fields
2025-09-04 09:55:04,753 - INFO - Completed analysis for AUBANK: Score=65.1, Recommendation=BUY
2025-09-04 09:55:04,759 - INFO - Completed analysis for ADANIENSOL: Score=32.0, Recommendation=SELL
2025-09-04 09:55:10,337 - INFO - Comprehensive data extracted for ADANIGREEN
2025-09-04 09:55:10,337 - INFO - Fundamental analysis completed for ADANIGREEN: 58 fields
2025-09-04 09:55:10,493 - INFO - Comprehensive data extracted for ADANIPORTS
2025-09-04 09:55:10,525 - INFO - Fundamental analysis completed for ADANIPORTS: 58 fields
2025-09-04 09:55:10,542 - INFO - Enhanced technical analysis completed for ADANIGREEN: 52 fields
2025-09-04 09:55:10,604 - INFO - Comprehensive data extracted for ADANIENT
2025-09-04 09:55:10,631 - INFO - Fundamental analysis completed for ADANIENT: 58 fields
2025-09-04 09:55:10,640 - INFO - Completed analysis for ADANIGREEN: Score=41.3, Recommendation=WEAK SELL
2025-09-04 09:55:10,725 - INFO - Enhanced technical analysis completed for ADANIPORTS: 52 fields
2025-09-04 09:55:10,795 - INFO - Completed analysis for ADANIPORTS: Score=48.3, Recommendation=WEAK SELL
2025-09-04 09:55:10,930 - INFO - Enhanced technical analysis completed for ADANIENT: 52 fields
2025-09-04 09:55:10,992 - INFO - Completed analysis for ADANIENT: Score=28.8, Recommendation=SELL
2025-09-04 09:55:11,158 - INFO - Comprehensive data extracted for ADANIPOWER
2025-09-04 09:55:11,174 - INFO - Fundamental analysis completed for ADANIPOWER: 58 fields
2025-09-04 09:55:11,260 - INFO - Comprehensive data extracted for ATGL
2025-09-04 09:55:11,262 - INFO - Fundamental analysis completed for ATGL: 58 fields
2025-09-04 09:55:11,352 - INFO - Enhanced technical analysis completed for ADANIPOWER: 52 fields
2025-09-04 09:55:11,409 - INFO - Completed analysis for ADANIPOWER: Score=42.1, Recommendation=WEAK SELL
2025-09-04 09:55:11,458 - INFO - Enhanced technical analysis completed for ATGL: 52 fields
2025-09-04 09:55:11,522 - INFO - Completed analysis for ATGL: Score=38.6, Recommendation=SELL
2025-09-04 09:55:17,136 - INFO - Comprehensive data extracted for ALKEM
2025-09-04 09:55:17,138 - INFO - Fundamental analysis completed for ALKEM: 58 fields
2025-09-04 09:55:17,147 - INFO - Comprehensive data extracted for ABCAPITAL
2025-09-04 09:55:17,164 - INFO - Fundamental analysis completed for ABCAPITAL: 58 fields
2025-09-04 09:55:17,280 - INFO - Comprehensive data extracted for ABFRL
2025-09-04 09:55:17,282 - INFO - Fundamental analysis completed for ABFRL: 58 fields
2025-09-04 09:55:17,405 - INFO - Enhanced technical analysis completed for ABCAPITAL: 52 fields
2025-09-04 09:55:17,439 - INFO - Enhanced technical analysis completed for ALKEM: 52 fields
2025-09-04 09:55:17,473 - INFO - Enhanced technical analysis completed for ABFRL: 52 fields
2025-09-04 09:55:17,516 - INFO - Completed analysis for ABCAPITAL: Score=43.2, Recommendation=WEAK SELL
2025-09-04 09:55:17,579 - INFO - Completed analysis for ALKEM: Score=45.5, Recommendation=WEAK SELL
2025-09-04 09:55:17,591 - INFO - Completed analysis for ABFRL: Score=35.3, Recommendation=SELL
2025-09-04 09:55:18,109 - INFO - Comprehensive data extracted for APOLLOHOSP
2025-09-04 09:55:18,109 - INFO - Fundamental analysis completed for APOLLOHOSP: 58 fields
2025-09-04 09:55:18,180 - INFO - Comprehensive data extracted for AMBUJACEM
2025-09-04 09:55:18,182 - INFO - Fundamental analysis completed for AMBUJACEM: 58 fields
2025-09-04 09:55:18,369 - INFO - Enhanced technical analysis completed for AMBUJACEM: 52 fields
2025-09-04 09:55:18,486 - INFO - Enhanced technical analysis completed for APOLLOHOSP: 52 fields
2025-09-04 09:55:18,500 - INFO - Completed analysis for AMBUJACEM: Score=52.6, Recommendation=HOLD
2025-09-04 09:55:18,560 - INFO - Completed analysis for APOLLOHOSP: Score=42.7, Recommendation=WEAK SELL
2025-09-04 09:55:24,170 - INFO - Comprehensive data extracted for APOLLOTYRE
2025-09-04 09:55:24,170 - INFO - Fundamental analysis completed for APOLLOTYRE: 58 fields
2025-09-04 09:55:24,247 - INFO - Comprehensive data extracted for ASIANPAINT
2025-09-04 09:55:24,247 - INFO - Fundamental analysis completed for ASIANPAINT: 58 fields
2025-09-04 09:55:24,361 - INFO - Enhanced technical analysis completed for APOLLOTYRE: 52 fields
2025-09-04 09:55:24,448 - INFO - Enhanced technical analysis completed for ASIANPAINT: 52 fields
2025-09-04 09:55:24,511 - INFO - Comprehensive data extracted for ASHOKLEY
2025-09-04 09:55:24,511 - INFO - Fundamental analysis completed for ASHOKLEY: 58 fields
2025-09-04 09:55:24,519 - INFO - Completed analysis for APOLLOTYRE: Score=32.2, Recommendation=SELL
2025-09-04 09:55:24,574 - INFO - Completed analysis for ASIANPAINT: Score=30.0, Recommendation=SELL
2025-09-04 09:55:24,718 - INFO - Enhanced technical analysis completed for ASHOKLEY: 52 fields
2025-09-04 09:55:24,791 - INFO - Completed analysis for ASHOKLEY: Score=41.8, Recommendation=WEAK SELL
2025-09-04 09:55:25,059 - INFO - Comprehensive data extracted for ASTRAL
2025-09-04 09:55:25,061 - INFO - Fundamental analysis completed for ASTRAL: 58 fields
2025-09-04 09:55:25,111 - INFO - Comprehensive data extracted for AUROPHARMA
2025-09-04 09:55:25,111 - INFO - Fundamental analysis completed for AUROPHARMA: 58 fields
2025-09-04 09:55:25,239 - INFO - Enhanced technical analysis completed for ASTRAL: 52 fields
2025-09-04 09:55:25,307 - INFO - Completed analysis for ASTRAL: Score=27.8, Recommendation=SELL
2025-09-04 09:55:25,438 - INFO - Enhanced technical analysis completed for AUROPHARMA: 52 fields
2025-09-04 09:55:25,495 - INFO - Completed analysis for AUROPHARMA: Score=49.7, Recommendation=WEAK SELL
2025-09-04 09:55:31,082 - INFO - Comprehensive data extracted for DMART
2025-09-04 09:55:31,091 - INFO - Fundamental analysis completed for DMART: 58 fields
2025-09-04 09:55:31,134 - INFO - Comprehensive data extracted for AXISBANK
2025-09-04 09:55:31,144 - INFO - Fundamental analysis completed for AXISBANK: 58 fields
2025-09-04 09:55:31,323 - INFO - Comprehensive data extracted for BSE
2025-09-04 09:55:31,354 - INFO - Fundamental analysis completed for BSE: 58 fields
2025-09-04 09:55:31,388 - INFO - Enhanced technical analysis completed for DMART: 52 fields
2025-09-04 09:55:31,412 - INFO - Enhanced technical analysis completed for AXISBANK: 52 fields
2025-09-04 09:55:31,505 - INFO - Completed analysis for AXISBANK: Score=73.0, Recommendation=STRONG BUY (UNDERVALUED)
2025-09-04 09:55:31,507 - INFO - Completed analysis for DMART: Score=23.6, Recommendation=SELL
2025-09-04 09:55:31,606 - INFO - Enhanced technical analysis completed for BSE: 52 fields
2025-09-04 09:55:31,674 - INFO - Completed analysis for BSE: Score=62.0, Recommendation=BUY
2025-09-04 09:55:31,975 - INFO - Comprehensive data extracted for BAJAJ-AUTO
2025-09-04 09:55:31,993 - INFO - Fundamental analysis completed for BAJAJ-AUTO: 58 fields
2025-09-04 09:55:32,088 - INFO - Comprehensive data extracted for BAJFINANCE
2025-09-04 09:55:32,088 - INFO - Fundamental analysis completed for BAJFINANCE: 58 fields
2025-09-04 09:55:32,188 - INFO - Enhanced technical analysis completed for BAJAJ-AUTO: 52 fields
2025-09-04 09:55:32,269 - INFO - Completed analysis for BAJAJ-AUTO: Score=41.6, Recommendation=WEAK SELL
2025-09-04 09:55:32,324 - INFO - Enhanced technical analysis completed for BAJFINANCE: 52 fields
2025-09-04 09:55:32,390 - INFO - Completed analysis for BAJFINANCE: Score=55.4, Recommendation=HOLD
2025-09-04 09:55:38,024 - INFO - Comprehensive data extracted for BAJAJHLDNG
2025-09-04 09:55:38,055 - INFO - Comprehensive data extracted for BAJAJFINSV
2025-09-04 09:55:38,055 - INFO - Fundamental analysis completed for BAJAJHLDNG: 58 fields
2025-09-04 09:55:38,057 - INFO - Fundamental analysis completed for BAJAJFINSV: 58 fields
2025-09-04 09:55:38,138 - INFO - Comprehensive data extracted for BAJAJHFL
2025-09-04 09:55:38,138 - INFO - Fundamental analysis completed for BAJAJHFL: 58 fields
2025-09-04 09:55:38,313 - INFO - Enhanced technical analysis completed for BAJAJHLDNG: 52 fields
2025-09-04 09:55:38,374 - INFO - Enhanced technical analysis completed for BAJAJHFL: 52 fields
2025-09-04 09:55:38,374 - INFO - Enhanced technical analysis completed for BAJAJFINSV: 52 fields
2025-09-04 09:55:38,490 - INFO - Completed analysis for BAJAJHLDNG: Score=74.0, Recommendation=STRONG BUY (UNDERVALUED)
2025-09-04 09:55:38,506 - INFO - Completed analysis for BAJAJHFL: Score=42.8, Recommendation=WEAK SELL
2025-09-04 09:55:38,511 - INFO - Completed analysis for BAJAJFINSV: Score=56.2, Recommendation=HOLD
2025-09-04 09:55:38,961 - INFO - Comprehensive data extracted for BANDHANBNK
2025-09-04 09:55:39,000 - INFO - Comprehensive data extracted for BANKBARODA
2025-09-04 09:55:39,001 - INFO - Fundamental analysis completed for BANDHANBNK: 58 fields
2025-09-04 09:55:39,005 - INFO - Fundamental analysis completed for BANKBARODA: 58 fields
2025-09-04 09:55:39,238 - INFO - Enhanced technical analysis completed for BANDHANBNK: 52 fields
2025-09-04 09:55:39,261 - INFO - Enhanced technical analysis completed for BANKBARODA: 52 fields
2025-09-04 09:55:39,313 - INFO - Completed analysis for BANKBARODA: Score=79.5, Recommendation=STRONG BUY (UNDERVALUED)
2025-09-04 09:55:39,353 - INFO - Completed analysis for BANDHANBNK: Score=67.1, Recommendation=BUY (VALUE)
2025-09-04 09:55:44,943 - INFO - Comprehensive data extracted for BDL
2025-09-04 09:55:44,972 - INFO - Comprehensive data extracted for MAHABANK
2025-09-04 09:55:44,975 - INFO - Fundamental analysis completed for BDL: 58 fields
2025-09-04 09:55:44,975 - INFO - Fundamental analysis completed for MAHABANK: 58 fields
2025-09-04 09:55:45,227 - INFO - Enhanced technical analysis completed for BDL: 52 fields
2025-09-04 09:55:45,227 - INFO - Enhanced technical analysis completed for MAHABANK: 52 fields
2025-09-04 09:55:45,267 - INFO - Comprehensive data extracted for BANKINDIA
2025-09-04 09:55:45,274 - INFO - Fundamental analysis completed for BANKINDIA: 58 fields
2025-09-04 09:55:45,338 - INFO - Completed analysis for BDL: Score=59.0, Recommendation=HOLD
2025-09-04 09:55:45,338 - INFO - Completed analysis for MAHABANK: Score=87.8, Recommendation=STRONG BUY (UNDERVALUED)
2025-09-04 09:55:45,523 - INFO - Enhanced technical analysis completed for BANKINDIA: 52 fields
2025-09-04 09:55:45,579 - INFO - Completed analysis for BANKINDIA: Score=84.7, Recommendation=STRONG BUY (UNDERVALUED)
2025-09-04 09:55:45,857 - INFO - Comprehensive data extracted for BEL
2025-09-04 09:55:45,859 - INFO - Fundamental analysis completed for BEL: 58 fields
2025-09-04 09:55:45,957 - INFO - Comprehensive data extracted for BHARATFORG
2025-09-04 09:55:45,959 - INFO - Fundamental analysis completed for BHARATFORG: 58 fields
2025-09-04 09:55:46,076 - INFO - Enhanced technical analysis completed for BEL: 52 fields
2025-09-04 09:55:46,163 - INFO - Enhanced technical analysis completed for BHARATFORG: 52 fields
2025-09-04 09:55:46,197 - INFO - Completed analysis for BEL: Score=51.5, Recommendation=HOLD
2025-09-04 09:55:46,264 - INFO - Completed analysis for BHARATFORG: Score=34.7, Recommendation=SELL
2025-09-04 09:55:51,905 - INFO - Comprehensive data extracted for BPCL
2025-09-04 09:55:51,905 - INFO - Fundamental analysis completed for BPCL: 58 fields
2025-09-04 09:55:51,999 - INFO - Comprehensive data extracted for BHARTIARTL
2025-09-04 09:55:52,002 - INFO - Fundamental analysis completed for BHARTIARTL: 58 fields
2025-09-04 09:55:52,024 - INFO - Comprehensive data extracted for BHEL
2025-09-04 09:55:52,024 - INFO - Fundamental analysis completed for BHEL: 58 fields
2025-09-04 09:55:52,184 - INFO - Enhanced technical analysis completed for BHARTIARTL: 52 fields
2025-09-04 09:55:52,308 - INFO - Enhanced technical analysis completed for BHEL: 52 fields
2025-09-04 09:55:52,311 - INFO - Enhanced technical analysis completed for BPCL: 52 fields
2025-09-04 09:55:52,345 - INFO - Completed analysis for BHARTIARTL: Score=52.7, Recommendation=HOLD
2025-09-04 09:55:52,410 - INFO - Completed analysis for BPCL: Score=57.7, Recommendation=HOLD
2025-09-04 09:55:52,414 - INFO - Completed analysis for BHEL: Score=34.6, Recommendation=SELL
2025-09-04 09:55:52,827 - INFO - Comprehensive data extracted for BHARTIHEXA
2025-09-04 09:55:52,829 - INFO - Fundamental analysis completed for BHARTIHEXA: 58 fields
2025-09-04 09:55:52,917 - INFO - Comprehensive data extracted for BIOCON
2025-09-04 09:55:52,918 - INFO - Fundamental analysis completed for BIOCON: 58 fields
2025-09-04 09:55:53,022 - INFO - Enhanced technical analysis completed for BHARTIHEXA: 52 fields
2025-09-04 09:55:53,093 - INFO - Completed analysis for BHARTIHEXA: Score=45.2, Recommendation=WEAK SELL
2025-09-04 09:55:53,147 - INFO - Enhanced technical analysis completed for BIOCON: 52 fields
2025-09-04 09:55:53,207 - INFO - Completed analysis for BIOCON: Score=36.2, Recommendation=SELL
2025-09-04 09:55:58,811 - INFO - Comprehensive data extracted for BOSCHLTD
2025-09-04 09:55:58,843 - INFO - Comprehensive data extracted for CGPOWER
2025-09-04 09:55:58,845 - INFO - Fundamental analysis completed for BOSCHLTD: 58 fields
2025-09-04 09:55:58,845 - INFO - Fundamental analysis completed for CGPOWER: 58 fields
2025-09-04 09:55:58,891 - INFO - Comprehensive data extracted for BRITANNIA
2025-09-04 09:55:58,891 - INFO - Fundamental analysis completed for BRITANNIA: 58 fields
2025-09-04 09:55:59,033 - INFO - Enhanced technical analysis completed for CGPOWER: 52 fields
2025-09-04 09:55:59,098 - INFO - Completed analysis for CGPOWER: Score=41.9, Recommendation=WEAK SELL
2025-09-04 09:55:59,240 - INFO - Enhanced technical analysis completed for BOSCHLTD: 52 fields
2025-09-04 09:55:59,240 - INFO - Enhanced technical analysis completed for BRITANNIA: 52 fields
2025-09-04 09:55:59,324 - INFO - Completed analysis for BOSCHLTD: Score=44.4, Recommendation=WEAK SELL
2025-09-04 09:55:59,339 - INFO - Completed analysis for BRITANNIA: Score=39.7, Recommendation=SELL
2025-09-04 09:55:59,702 - INFO - Comprehensive data extracted for CANBK
2025-09-04 09:55:59,719 - INFO - Fundamental analysis completed for CANBK: 58 fields
2025-09-04 09:55:59,825 - INFO - Comprehensive data extracted for CHOLAFIN
2025-09-04 09:55:59,825 - INFO - Fundamental analysis completed for CHOLAFIN: 58 fields
2025-09-04 09:55:59,922 - INFO - Enhanced technical analysis completed for CANBK: 52 fields
2025-09-04 09:55:59,982 - INFO - Completed analysis for CANBK: Score=88.8, Recommendation=STRONG BUY (UNDERVALUED)
2025-09-04 09:56:00,041 - INFO - Enhanced technical analysis completed for CHOLAFIN: 52 fields
2025-09-04 09:56:00,104 - INFO - Completed analysis for CHOLAFIN: Score=44.1, Recommendation=WEAK SELL
2025-09-04 09:56:05,763 - INFO - Comprehensive data extracted for COALINDIA
2025-09-04 09:56:05,763 - INFO - Fundamental analysis completed for COALINDIA: 58 fields
2025-09-04 09:56:05,827 - INFO - Comprehensive data extracted for CIPLA
2025-09-04 09:56:05,861 - INFO - Comprehensive data extracted for COCHINSHIP
2025-09-04 09:56:05,861 - INFO - Fundamental analysis completed for CIPLA: 58 fields
2025-09-04 09:56:05,861 - INFO - Fundamental analysis completed for COCHINSHIP: 58 fields
2025-09-04 09:56:05,958 - INFO - Enhanced technical analysis completed for COALINDIA: 52 fields
2025-09-04 09:56:06,059 - INFO - Enhanced technical analysis completed for COCHINSHIP: 52 fields
2025-09-04 09:56:06,086 - INFO - Completed analysis for COALINDIA: Score=53.5, Recommendation=HOLD
2025-09-04 09:56:06,128 - INFO - Enhanced technical analysis completed for CIPLA: 52 fields
2025-09-04 09:56:06,164 - INFO - Completed analysis for COCHINSHIP: Score=46.6, Recommendation=WEAK SELL
2025-09-04 09:56:06,203 - INFO - Completed analysis for CIPLA: Score=47.9, Recommendation=WEAK SELL
2025-09-04 09:56:06,617 - INFO - Comprehensive data extracted for COLPAL
2025-09-04 09:56:06,634 - INFO - Fundamental analysis completed for COLPAL: 58 fields
2025-09-04 09:56:06,792 - INFO - Comprehensive data extracted for COFORGE
2025-09-04 09:56:06,817 - INFO - Fundamental analysis completed for COFORGE: 58 fields
2025-09-04 09:56:06,880 - INFO - Enhanced technical analysis completed for COLPAL: 52 fields
2025-09-04 09:56:06,941 - INFO - Completed analysis for COLPAL: Score=32.6, Recommendation=SELL
2025-09-04 09:56:07,065 - INFO - Enhanced technical analysis completed for COFORGE: 52 fields
2025-09-04 09:56:07,126 - INFO - Completed analysis for COFORGE: Score=38.1, Recommendation=SELL
2025-09-04 09:56:07,126 - INFO - Batch analysis completed: 50 results, 0 failures
2025-09-04 09:56:07,221 - INFO - Calculated sector rankings for 10 sectors
2025-09-04 09:56:15,421 - INFO - Completed risk-return analysis
2025-09-04 09:56:15,437 - INFO - Generated portfolio allocation for 7 stocks
2025-09-04 09:56:17,120 - INFO - Enhanced Excel report generated: reports/Enhanced_Stock_Report_20250904_095615.xlsx, Size: 88629 bytes
