2025-09-19 12:39:19,314 - INFO - Dynamic NSE Stock Analysis Initialized
2025-09-19 12:39:19,325 - INFO - Risk profile set to: moderate
2025-09-19 12:39:19,325 - INFO - Using default stock list from stock_list_template.csv
2025-09-19 12:39:19,325 - INFO - Loading stocks from CSV: stock_list_template.csv
2025-09-19 12:39:19,334 - INFO - Loaded 200 stocks with company names
2025-09-19 12:39:19,334 - INFO - Sample stocks: ABB, ACC, APLAPOLLO, AUBANK, ADANIENSOL
2025-09-19 12:39:19,334 - INFO - Starting batch analysis of 100 stocks
2025-09-19 12:39:21,930 - INFO - Comprehensive data extracted for ABB
2025-09-19 12:39:21,946 - INFO - Fundamental analysis completed for ABB: 58 fields
2025-09-19 12:39:22,318 - INFO - Enhanced technical analysis completed for ABB: 52 fields
2025-09-19 12:39:22,380 - INFO - Completed analysis for ABB: Score=53.0, Recommendation=HOLD
2025-09-19 12:39:22,416 - INFO - Comprehensive data extracted for ACC
2025-09-19 12:39:22,417 - INFO - Fundamental analysis completed for ACC: 58 fields
2025-09-19 12:39:23,200 - INFO - Enhanced technical analysis completed for ACC: 52 fields
2025-09-19 12:39:23,297 - INFO - Completed analysis for ACC: Score=60.8, Recommendation=BUY (VALUE)
2025-09-19 12:39:23,618 - INFO - Comprehensive data extracted for AUBANK
2025-09-19 12:39:23,618 - INFO - Fundamental analysis completed for AUBANK: 58 fields
2025-09-19 12:39:24,141 - INFO - Enhanced technical analysis completed for AUBANK: 52 fields
2025-09-19 12:39:24,189 - INFO - Completed analysis for AUBANK: Score=70.1, Recommendation=STRONG BUY
2025-09-19 12:39:25,146 - INFO - Comprehensive data extracted for ADANIENSOL
2025-09-19 12:39:25,146 - INFO - Fundamental analysis completed for ADANIENSOL: 58 fields
2025-09-19 12:39:25,525 - INFO - Enhanced technical analysis completed for ADANIENSOL: 52 fields
2025-09-19 12:39:25,570 - INFO - Completed analysis for ADANIENSOL: Score=32.4, Recommendation=SELL
2025-09-19 12:39:27,063 - INFO - Comprehensive data extracted for APLAPOLLO
2025-09-19 12:39:27,063 - INFO - Fundamental analysis completed for APLAPOLLO: 58 fields
2025-09-19 12:39:27,799 - INFO - Enhanced technical analysis completed for APLAPOLLO: 52 fields
2025-09-19 12:39:27,867 - INFO - Completed analysis for APLAPOLLO: Score=32.0, Recommendation=SELL
