2025-09-04 08:39:39,525 - INFO - Top 200 NSE Stock Analysis Initialized
2025-09-04 08:39:39,525 - INFO - HIGH-RISK MODE: Profile=aggressive, Growth=False, Momentum=True, MinVol=0.0
2025-09-04 08:39:39,531 - INFO - Using default stock list from stock_list_template.csv
2025-09-04 08:39:39,531 - INFO - Loading stocks from CSV: stock_list_template.csv
2025-09-04 08:39:39,545 - INFO - Loaded 200 stocks with company names
2025-09-04 08:39:39,545 - INFO - Sample stocks: ABB, ACC, APLAPOLLO, AUBANK, ADANIENSOL
2025-09-04 08:39:39,548 - INFO - Starting batch analysis of 200 stocks
2025-09-04 08:39:40,568 - INFO - Comprehensive data extracted for APLAPOLLO
2025-09-04 08:39:40,568 - INFO - Fundamental analysis completed for APLAPOLLO: 58 fields
2025-09-04 08:39:40,634 - INFO - Comprehensive data extracted for ABB
2025-09-04 08:39:40,634 - INFO - Fundamental analysis completed for ABB: 58 fields
2025-09-04 08:39:40,688 - INFO - Comprehensive data extracted for ACC
2025-09-04 08:39:40,699 - INFO - Fundamental analysis completed for ACC: 58 fields
2025-09-04 08:39:40,770 - INFO - Enhanced technical analysis completed for APLAPOLLO: 52 fields
2025-09-04 08:39:40,851 - INFO - Enhanced technical analysis completed for ABB: 52 fields
2025-09-04 08:39:40,905 - INFO - Completed analysis for APLAPOLLO: Score=30.5, Recommendation=SELL
2025-09-04 08:39:40,969 - INFO - Enhanced technical analysis completed for ACC: 52 fields
2025-09-04 08:39:40,988 - INFO - Completed analysis for ABB: Score=56.6, Recommendation=HOLD
2025-09-04 08:39:41,048 - INFO - Completed analysis for ACC: Score=68.3, Recommendation=BUY (VALUE)
2025-09-04 08:39:41,345 - INFO - Comprehensive data extracted for ADANIENSOL
2025-09-04 08:39:41,345 - INFO - Fundamental analysis completed for ADANIENSOL: 58 fields
2025-09-04 08:39:41,452 - INFO - Comprehensive data extracted for AUBANK
2025-09-04 08:39:41,456 - INFO - Fundamental analysis completed for AUBANK: 58 fields
2025-09-04 08:39:41,513 - INFO - Enhanced technical analysis completed for ADANIENSOL: 52 fields
2025-09-04 08:39:41,582 - INFO - Completed analysis for ADANIENSOL: Score=28.4, Recommendation=SELL
2025-09-04 08:39:41,662 - INFO - Enhanced technical analysis completed for AUBANK: 52 fields
2025-09-04 08:39:41,719 - INFO - Completed analysis for AUBANK: Score=64.7, Recommendation=BUY
2025-09-04 08:39:47,269 - INFO - Comprehensive data extracted for ADANIGREEN
2025-09-04 08:39:47,269 - INFO - Fundamental analysis completed for ADANIGREEN: 58 fields
2025-09-04 08:39:47,459 - INFO - Comprehensive data extracted for ADANIENT
2025-09-04 08:39:47,465 - INFO - Enhanced technical analysis completed for ADANIGREEN: 52 fields
2025-09-04 08:39:47,481 - INFO - Comprehensive data extracted for ADANIPORTS
2025-09-04 08:39:47,481 - INFO - Fundamental analysis completed for ADANIENT: 58 fields
2025-09-04 08:39:47,485 - INFO - Fundamental analysis completed for ADANIPORTS: 58 fields
2025-09-04 08:39:47,539 - INFO - Completed analysis for ADANIGREEN: Score=42.2, Recommendation=WEAK SELL
2025-09-04 08:39:47,704 - INFO - Enhanced technical analysis completed for ADANIENT: 52 fields
2025-09-04 08:39:47,859 - INFO - Enhanced technical analysis completed for ADANIPORTS: 52 fields
2025-09-04 08:39:47,861 - INFO - Completed analysis for ADANIENT: Score=29.8, Recommendation=SELL
2025-09-04 08:39:47,931 - INFO - Completed analysis for ADANIPORTS: Score=47.8, Recommendation=WEAK SELL
2025-09-04 08:39:48,050 - INFO - Comprehensive data extracted for ADANIPOWER
2025-09-04 08:39:48,050 - INFO - Fundamental analysis completed for ADANIPOWER: 58 fields
2025-09-04 08:39:48,213 - INFO - Enhanced technical analysis completed for ADANIPOWER: 52 fields
2025-09-04 08:39:48,246 - INFO - Comprehensive data extracted for ATGL
2025-09-04 08:39:48,251 - INFO - Fundamental analysis completed for ATGL: 58 fields
2025-09-04 08:39:48,297 - INFO - Completed analysis for ADANIPOWER: Score=40.6, Recommendation=WEAK SELL
2025-09-04 08:39:48,412 - INFO - Enhanced technical analysis completed for ATGL: 52 fields
2025-09-04 08:39:48,472 - INFO - Completed analysis for ATGL: Score=33.7, Recommendation=SELL
2025-09-04 08:39:54,002 - INFO - Comprehensive data extracted for ALKEM
2025-09-04 08:39:54,018 - INFO - Fundamental analysis completed for ALKEM: 58 fields
2025-09-04 08:39:54,269 - INFO - Comprehensive data extracted for ABCAPITAL
2025-09-04 08:39:54,292 - INFO - Fundamental analysis completed for ABCAPITAL: 58 fields
2025-09-04 08:39:54,348 - INFO - Comprehensive data extracted for ABFRL
2025-09-04 08:39:54,354 - INFO - Fundamental analysis completed for ABFRL: 58 fields
2025-09-04 08:39:54,356 - INFO - Enhanced technical analysis completed for ALKEM: 52 fields
2025-09-04 08:39:54,443 - INFO - Completed analysis for ALKEM: Score=43.5, Recommendation=WEAK SELL
2025-09-04 08:39:54,583 - INFO - Enhanced technical analysis completed for ABCAPITAL: 52 fields
2025-09-04 08:39:54,710 - INFO - Enhanced technical analysis completed for ABFRL: 52 fields
2025-09-04 08:39:54,723 - INFO - Completed analysis for ABCAPITAL: Score=43.0, Recommendation=WEAK SELL
2025-09-04 08:39:54,805 - INFO - Completed analysis for ABFRL: Score=29.4, Recommendation=SELL
2025-09-04 08:39:55,095 - INFO - Comprehensive data extracted for AMBUJACEM
2025-09-04 08:39:55,095 - INFO - Fundamental analysis completed for AMBUJACEM: 58 fields
2025-09-04 08:39:55,336 - INFO - Enhanced technical analysis completed for AMBUJACEM: 52 fields
2025-09-04 08:39:55,376 - INFO - Comprehensive data extracted for APOLLOHOSP
2025-09-04 08:39:55,377 - INFO - Fundamental analysis completed for APOLLOHOSP: 58 fields
2025-09-04 08:39:55,465 - INFO - Completed analysis for AMBUJACEM: Score=50.8, Recommendation=HOLD
2025-09-04 08:39:55,601 - INFO - Enhanced technical analysis completed for APOLLOHOSP: 52 fields
2025-09-04 08:39:55,693 - INFO - Completed analysis for APOLLOHOSP: Score=36.1, Recommendation=SELL
2025-09-04 08:40:01,156 - INFO - Comprehensive data extracted for APOLLOTYRE
2025-09-04 08:40:01,159 - INFO - Fundamental analysis completed for APOLLOTYRE: 58 fields
2025-09-04 08:40:01,268 - INFO - Comprehensive data extracted for ASHOKLEY
2025-09-04 08:40:01,268 - INFO - Fundamental analysis completed for ASHOKLEY: 58 fields
2025-09-04 08:40:01,361 - INFO - Enhanced technical analysis completed for APOLLOTYRE: 52 fields
2025-09-04 08:40:01,399 - INFO - Comprehensive data extracted for ASIANPAINT
2025-09-04 08:40:01,399 - INFO - Fundamental analysis completed for ASIANPAINT: 58 fields
2025-09-04 08:40:01,476 - INFO - Completed analysis for APOLLOTYRE: Score=31.7, Recommendation=SELL
2025-09-04 08:40:01,513 - INFO - Enhanced technical analysis completed for ASHOKLEY: 52 fields
2025-09-04 08:40:01,581 - INFO - Completed analysis for ASHOKLEY: Score=40.0, Recommendation=WEAK SELL
2025-09-04 08:40:01,646 - INFO - Enhanced technical analysis completed for ASIANPAINT: 52 fields
2025-09-04 08:40:01,712 - INFO - Completed analysis for ASIANPAINT: Score=31.3, Recommendation=SELL
2025-09-04 08:40:01,904 - INFO - Comprehensive data extracted for ASTRAL
2025-09-04 08:40:01,906 - INFO - Fundamental analysis completed for ASTRAL: 58 fields
2025-09-04 08:40:02,086 - INFO - Enhanced technical analysis completed for ASTRAL: 52 fields
2025-09-04 08:40:02,150 - INFO - Completed analysis for ASTRAL: Score=23.6, Recommendation=SELL
2025-09-04 08:40:02,216 - INFO - Comprehensive data extracted for AUROPHARMA
2025-09-04 08:40:02,219 - INFO - Fundamental analysis completed for AUROPHARMA: 58 fields
2025-09-04 08:40:02,488 - INFO - Enhanced technical analysis completed for AUROPHARMA: 52 fields
2025-09-04 08:40:02,661 - INFO - Completed analysis for AUROPHARMA: Score=45.1, Recommendation=WEAK SELL
2025-09-04 08:40:08,118 - INFO - Comprehensive data extracted for DMART
2025-09-04 08:40:08,118 - INFO - Fundamental analysis completed for DMART: 58 fields
2025-09-04 08:40:08,153 - INFO - Comprehensive data extracted for BSE
2025-09-04 08:40:08,153 - INFO - Fundamental analysis completed for BSE: 58 fields
2025-09-04 08:40:08,377 - INFO - Enhanced technical analysis completed for DMART: 52 fields
2025-09-04 08:40:08,404 - INFO - Enhanced technical analysis completed for BSE: 52 fields
2025-09-04 08:40:08,487 - INFO - Completed analysis for DMART: Score=23.0, Recommendation=SELL
2025-09-04 08:40:08,511 - INFO - Completed analysis for BSE: Score=61.8, Recommendation=BUY
2025-09-04 08:40:08,585 - INFO - Comprehensive data extracted for AXISBANK
2025-09-04 08:40:08,587 - INFO - Fundamental analysis completed for AXISBANK: 58 fields
2025-09-04 08:40:08,779 - INFO - Enhanced technical analysis completed for AXISBANK: 52 fields
2025-09-04 08:40:08,851 - INFO - Completed analysis for AXISBANK: Score=72.9, Recommendation=STRONG BUY (UNDERVALUED)
2025-09-04 08:40:09,001 - INFO - Comprehensive data extracted for BAJAJ-AUTO
2025-09-04 08:40:09,001 - INFO - Fundamental analysis completed for BAJAJ-AUTO: 58 fields
2025-09-04 08:40:09,152 - INFO - Comprehensive data extracted for BAJFINANCE
2025-09-04 08:40:09,179 - INFO - Fundamental analysis completed for BAJFINANCE: 58 fields
2025-09-04 08:40:09,233 - INFO - Enhanced technical analysis completed for BAJAJ-AUTO: 52 fields
2025-09-04 08:40:09,298 - INFO - Completed analysis for BAJAJ-AUTO: Score=38.8, Recommendation=SELL
2025-09-04 08:40:09,439 - INFO - Enhanced technical analysis completed for BAJFINANCE: 52 fields
2025-09-04 08:40:09,511 - INFO - Completed analysis for BAJFINANCE: Score=54.5, Recommendation=HOLD
2025-09-04 08:40:15,015 - INFO - Comprehensive data extracted for BAJAJHLDNG
2025-09-04 08:40:15,022 - INFO - Fundamental analysis completed for BAJAJHLDNG: 58 fields
2025-09-04 08:40:15,251 - INFO - Comprehensive data extracted for BAJAJFINSV
2025-09-04 08:40:15,286 - INFO - Fundamental analysis completed for BAJAJFINSV: 58 fields
2025-09-04 08:40:15,329 - INFO - Enhanced technical analysis completed for BAJAJHLDNG: 52 fields
2025-09-04 08:40:15,391 - INFO - Completed analysis for BAJAJHLDNG: Score=73.8, Recommendation=STRONG BUY (UNDERVALUED)
2025-09-04 08:40:15,467 - INFO - Comprehensive data extracted for BAJAJHFL
2025-09-04 08:40:15,479 - INFO - Fundamental analysis completed for BAJAJHFL: 58 fields
2025-09-04 08:40:15,502 - INFO - Enhanced technical analysis completed for BAJAJFINSV: 52 fields
2025-09-04 08:40:15,566 - INFO - Completed analysis for BAJAJFINSV: Score=52.1, Recommendation=HOLD
2025-09-04 08:40:15,676 - INFO - Enhanced technical analysis completed for BAJAJHFL: 52 fields
2025-09-04 08:40:15,743 - INFO - Completed analysis for BAJAJHFL: Score=41.0, Recommendation=WEAK SELL
2025-09-04 08:40:16,199 - INFO - Comprehensive data extracted for BANKBARODA
2025-09-04 08:40:16,205 - INFO - Fundamental analysis completed for BANKBARODA: 58 fields
2025-09-04 08:40:16,223 - INFO - Comprehensive data extracted for BANDHANBNK
2025-09-04 08:40:16,227 - INFO - Fundamental analysis completed for BANDHANBNK: 58 fields
2025-09-04 08:40:16,428 - INFO - Enhanced technical analysis completed for BANDHANBNK: 52 fields
2025-09-04 08:40:16,476 - INFO - Enhanced technical analysis completed for BANKBARODA: 52 fields
2025-09-04 08:40:16,512 - INFO - Completed analysis for BANDHANBNK: Score=65.7, Recommendation=BUY (VALUE)
2025-09-04 08:40:16,541 - INFO - Completed analysis for BANKBARODA: Score=77.9, Recommendation=STRONG BUY (UNDERVALUED)
2025-09-04 08:40:21,923 - INFO - Comprehensive data extracted for BDL
2025-09-04 08:40:21,931 - INFO - Fundamental analysis completed for BDL: 58 fields
2025-09-04 08:40:22,114 - INFO - Enhanced technical analysis completed for BDL: 52 fields
2025-09-04 08:40:22,143 - INFO - Comprehensive data extracted for BANKINDIA
2025-09-04 08:40:22,145 - INFO - Fundamental analysis completed for BANKINDIA: 58 fields
2025-09-04 08:40:22,181 - INFO - Completed analysis for BDL: Score=60.3, Recommendation=BUY
2025-09-04 08:40:22,264 - INFO - Comprehensive data extracted for MAHABANK
2025-09-04 08:40:22,266 - INFO - Fundamental analysis completed for MAHABANK: 58 fields
2025-09-04 08:40:22,417 - INFO - Enhanced technical analysis completed for MAHABANK: 52 fields
2025-09-04 08:40:22,469 - INFO - Enhanced technical analysis completed for BANKINDIA: 52 fields
2025-09-04 08:40:22,543 - INFO - Completed analysis for BANKINDIA: Score=80.4, Recommendation=STRONG BUY (UNDERVALUED)
2025-09-04 08:40:22,543 - INFO - Completed analysis for MAHABANK: Score=85.8, Recommendation=STRONG BUY (UNDERVALUED)
2025-09-04 08:40:22,774 - INFO - Comprehensive data extracted for BEL
2025-09-04 08:40:22,790 - INFO - Fundamental analysis completed for BEL: 58 fields
2025-09-04 08:40:22,951 - INFO - Enhanced technical analysis completed for BEL: 52 fields
2025-09-04 08:40:22,979 - INFO - Comprehensive data extracted for BHARATFORG
2025-09-04 08:40:22,983 - INFO - Fundamental analysis completed for BHARATFORG: 58 fields
2025-09-04 08:40:23,033 - INFO - Completed analysis for BEL: Score=53.8, Recommendation=HOLD
2025-09-04 08:40:23,271 - INFO - Enhanced technical analysis completed for BHARATFORG: 52 fields
2025-09-04 08:40:23,314 - INFO - Completed analysis for BHARATFORG: Score=31.4, Recommendation=SELL
2025-09-04 08:40:28,874 - INFO - Comprehensive data extracted for BPCL
2025-09-04 08:40:28,874 - INFO - Fundamental analysis completed for BPCL: 58 fields
2025-09-04 08:40:28,999 - INFO - Comprehensive data extracted for BHARTIARTL
2025-09-04 08:40:28,999 - INFO - Fundamental analysis completed for BHARTIARTL: 58 fields
2025-09-04 08:40:29,195 - INFO - Comprehensive data extracted for BHEL
2025-09-04 08:40:29,205 - INFO - Fundamental analysis completed for BHEL: 58 fields
2025-09-04 08:40:29,209 - INFO - Enhanced technical analysis completed for BHARTIARTL: 52 fields
2025-09-04 08:40:29,293 - INFO - Enhanced technical analysis completed for BPCL: 52 fields
2025-09-04 08:40:29,339 - INFO - Completed analysis for BHARTIARTL: Score=50.9, Recommendation=HOLD
2025-09-04 08:40:29,428 - INFO - Enhanced technical analysis completed for BHEL: 52 fields
2025-09-04 08:40:29,444 - INFO - Completed analysis for BPCL: Score=58.0, Recommendation=HOLD
2025-09-04 08:40:29,479 - INFO - Completed analysis for BHEL: Score=31.0, Recommendation=SELL
2025-09-04 08:40:29,746 - INFO - Comprehensive data extracted for BHARTIHEXA
2025-09-04 08:40:29,748 - INFO - Fundamental analysis completed for BHARTIHEXA: 58 fields
2025-09-04 08:40:30,048 - INFO - Enhanced technical analysis completed for BHARTIHEXA: 52 fields
2025-09-04 08:40:30,093 - INFO - Completed analysis for BHARTIHEXA: Score=44.6, Recommendation=WEAK SELL
2025-09-04 08:40:30,305 - INFO - Comprehensive data extracted for BIOCON
2025-09-04 08:40:30,308 - INFO - Fundamental analysis completed for BIOCON: 58 fields
2025-09-04 08:40:30,586 - INFO - Enhanced technical analysis completed for BIOCON: 52 fields
2025-09-04 08:40:30,637 - INFO - Completed analysis for BIOCON: Score=37.1, Recommendation=SELL
2025-09-04 08:40:36,333 - INFO - Comprehensive data extracted for BRITANNIA
2025-09-04 08:40:36,333 - INFO - Fundamental analysis completed for BRITANNIA: 58 fields
2025-09-04 08:40:36,403 - INFO - Comprehensive data extracted for BOSCHLTD
2025-09-04 08:40:36,403 - INFO - Fundamental analysis completed for BOSCHLTD: 58 fields
2025-09-04 08:40:36,428 - INFO - Comprehensive data extracted for CGPOWER
2025-09-04 08:40:36,431 - INFO - Fundamental analysis completed for CGPOWER: 58 fields
2025-09-04 08:40:36,781 - INFO - Enhanced technical analysis completed for BRITANNIA: 52 fields
2025-09-04 08:40:36,834 - INFO - Enhanced technical analysis completed for BOSCHLTD: 52 fields
2025-09-04 08:40:36,837 - INFO - Enhanced technical analysis completed for CGPOWER: 52 fields
2025-09-04 08:40:36,953 - INFO - Completed analysis for BOSCHLTD: Score=44.6, Recommendation=WEAK SELL
2025-09-04 08:40:36,953 - INFO - Completed analysis for CGPOWER: Score=39.3, Recommendation=SELL
2025-09-04 08:40:36,959 - INFO - Completed analysis for BRITANNIA: Score=36.5, Recommendation=SELL
2025-09-04 08:40:37,529 - INFO - Comprehensive data extracted for CANBK
2025-09-04 08:40:37,529 - INFO - Fundamental analysis completed for CANBK: 58 fields
2025-09-04 08:40:37,564 - INFO - Comprehensive data extracted for CHOLAFIN
2025-09-04 08:40:37,566 - INFO - Fundamental analysis completed for CHOLAFIN: 58 fields
2025-09-04 08:40:37,985 - INFO - Enhanced technical analysis completed for CANBK: 52 fields
2025-09-04 08:40:38,003 - INFO - Enhanced technical analysis completed for CHOLAFIN: 52 fields
2025-09-04 08:40:38,112 - INFO - Completed analysis for CANBK: Score=87.9, Recommendation=STRONG BUY (UNDERVALUED)
2025-09-04 08:40:38,112 - INFO - Completed analysis for CHOLAFIN: Score=42.1, Recommendation=WEAK SELL
2025-09-04 08:40:43,577 - INFO - Comprehensive data extracted for COCHINSHIP
2025-09-04 08:40:43,577 - INFO - Fundamental analysis completed for COCHINSHIP: 58 fields
2025-09-04 08:40:43,608 - INFO - Comprehensive data extracted for CIPLA
2025-09-04 08:40:43,612 - INFO - Fundamental analysis completed for CIPLA: 58 fields
2025-09-04 08:40:43,683 - INFO - Comprehensive data extracted for COALINDIA
2025-09-04 08:40:43,685 - INFO - Fundamental analysis completed for COALINDIA: 58 fields
2025-09-04 08:40:43,850 - INFO - Enhanced technical analysis completed for CIPLA: 52 fields
2025-09-04 08:40:43,853 - INFO - Enhanced technical analysis completed for COCHINSHIP: 52 fields
2025-09-04 08:40:43,945 - INFO - Completed analysis for CIPLA: Score=44.1, Recommendation=WEAK SELL
2025-09-04 08:40:43,949 - INFO - Enhanced technical analysis completed for COALINDIA: 52 fields
2025-09-04 08:40:43,994 - INFO - Completed analysis for COCHINSHIP: Score=43.9, Recommendation=WEAK SELL
2025-09-04 08:40:44,036 - INFO - Completed analysis for COALINDIA: Score=56.4, Recommendation=HOLD
2025-09-04 08:40:44,320 - INFO - Comprehensive data extracted for COFORGE
2025-09-04 08:40:44,320 - INFO - Fundamental analysis completed for COFORGE: 58 fields
2025-09-04 08:40:44,439 - INFO - Comprehensive data extracted for COLPAL
2025-09-04 08:40:44,441 - INFO - Fundamental analysis completed for COLPAL: 58 fields
2025-09-04 08:40:44,529 - INFO - Enhanced technical analysis completed for COFORGE: 52 fields
2025-09-04 08:40:44,595 - INFO - Completed analysis for COFORGE: Score=34.5, Recommendation=SELL
2025-09-04 08:40:44,678 - INFO - Enhanced technical analysis completed for COLPAL: 52 fields
2025-09-04 08:40:44,726 - INFO - Completed analysis for COLPAL: Score=29.3, Recommendation=SELL
2025-09-04 08:40:53,758 - INFO - Comprehensive data extracted for CUMMINSIND
2025-09-04 08:40:53,760 - INFO - Fundamental analysis completed for CUMMINSIND: 58 fields
2025-09-04 08:40:53,946 - INFO - Enhanced technical analysis completed for CUMMINSIND: 52 fields
2025-09-04 08:40:54,020 - INFO - Completed analysis for CUMMINSIND: Score=56.7, Recommendation=HOLD
2025-09-04 08:40:54,222 - INFO - Comprehensive data extracted for DLF
2025-09-04 08:40:54,238 - INFO - Fundamental analysis completed for DLF: 58 fields
2025-09-04 08:40:54,373 - INFO - Enhanced technical analysis completed for DLF: 52 fields
2025-09-04 08:40:54,419 - INFO - Completed analysis for DLF: Score=44.5, Recommendation=WEAK SELL
2025-09-04 08:40:54,646 - INFO - Comprehensive data extracted for DABUR
2025-09-04 08:40:54,650 - INFO - Fundamental analysis completed for DABUR: 58 fields
2025-09-04 08:40:54,853 - INFO - Comprehensive data extracted for DIVISLAB
2025-09-04 08:40:54,873 - INFO - Fundamental analysis completed for DIVISLAB: 58 fields
2025-09-04 08:40:54,879 - INFO - Enhanced technical analysis completed for DABUR: 52 fields
2025-09-04 08:40:54,928 - INFO - Completed analysis for DABUR: Score=36.5, Recommendation=SELL
2025-09-04 08:40:55,028 - INFO - Enhanced technical analysis completed for DIVISLAB: 52 fields
2025-09-04 08:40:55,077 - INFO - Completed analysis for DIVISLAB: Score=55.8, Recommendation=HOLD
2025-09-04 08:40:57,462 - INFO - Comprehensive data extracted for CONCOR
2025-09-04 08:40:57,462 - INFO - Fundamental analysis completed for CONCOR: 58 fields
2025-09-04 08:40:57,695 - INFO - Enhanced technical analysis completed for CONCOR: 52 fields
2025-09-04 08:40:57,751 - INFO - Completed analysis for CONCOR: Score=36.8, Recommendation=SELL
2025-09-04 08:41:03,226 - INFO - Comprehensive data extracted for DRREDDY
2025-09-04 08:41:03,226 - INFO - Fundamental analysis completed for DRREDDY: 58 fields
2025-09-04 08:41:03,431 - INFO - Comprehensive data extracted for DIXON
2025-09-04 08:41:03,431 - INFO - Fundamental analysis completed for DIXON: 58 fields
2025-09-04 08:41:03,511 - INFO - Enhanced technical analysis completed for DRREDDY: 52 fields
2025-09-04 08:41:03,545 - INFO - Comprehensive data extracted for EICHERMOT
2025-09-04 08:41:03,545 - INFO - Fundamental analysis completed for EICHERMOT: 58 fields
2025-09-04 08:41:03,600 - INFO - Completed analysis for DRREDDY: Score=66.5, Recommendation=BUY
2025-09-04 08:41:03,669 - INFO - Enhanced technical analysis completed for DIXON: 52 fields
2025-09-04 08:41:03,711 - INFO - Completed analysis for DIXON: Score=41.9, Recommendation=WEAK SELL
2025-09-04 08:41:03,849 - INFO - Enhanced technical analysis completed for EICHERMOT: 52 fields
2025-09-04 08:41:03,890 - INFO - Completed analysis for EICHERMOT: Score=36.7, Recommendation=SELL
2025-09-04 08:41:03,992 - INFO - Comprehensive data extracted for ESCORTS
2025-09-04 08:41:03,995 - INFO - Fundamental analysis completed for ESCORTS: 58 fields
2025-09-04 08:41:04,154 - INFO - Enhanced technical analysis completed for ESCORTS: 52 fields
2025-09-04 08:41:04,203 - INFO - Completed analysis for ESCORTS: Score=45.3, Recommendation=WEAK SELL
2025-09-04 08:41:04,393 - INFO - Comprehensive data extracted for ETERNAL
2025-09-04 08:41:04,393 - INFO - Fundamental analysis completed for ETERNAL: 58 fields
2025-09-04 08:41:04,620 - INFO - Enhanced technical analysis completed for ETERNAL: 52 fields
2025-09-04 08:41:04,659 - INFO - Completed analysis for ETERNAL: Score=28.5, Recommendation=SELL
2025-09-04 08:41:10,123 - INFO - Comprehensive data extracted for NYKAA
2025-09-04 08:41:10,144 - INFO - Fundamental analysis completed for NYKAA: 58 fields
2025-09-04 08:41:10,144 - INFO - Comprehensive data extracted for EXIDEIND
2025-09-04 08:41:10,163 - INFO - Fundamental analysis completed for EXIDEIND: 58 fields
2025-09-04 08:41:10,295 - INFO - Enhanced technical analysis completed for NYKAA: 52 fields
2025-09-04 08:41:10,384 - INFO - Enhanced technical analysis completed for EXIDEIND: 52 fields
2025-09-04 08:41:10,406 - INFO - Comprehensive data extracted for FEDERALBNK
2025-09-04 08:41:10,411 - INFO - Fundamental analysis completed for FEDERALBNK: 58 fields
2025-09-04 08:41:10,454 - INFO - Completed analysis for NYKAA: Score=33.1, Recommendation=SELL
2025-09-04 08:41:10,501 - INFO - Completed analysis for EXIDEIND: Score=42.9, Recommendation=WEAK SELL
2025-09-04 08:41:10,659 - INFO - Enhanced technical analysis completed for FEDERALBNK: 52 fields
2025-09-04 08:41:10,695 - INFO - Completed analysis for FEDERALBNK: Score=71.9, Recommendation=STRONG BUY (UNDERVALUED)
2025-09-04 08:41:10,805 - INFO - Comprehensive data extracted for GMRAIRPORT
2025-09-04 08:41:10,805 - INFO - Fundamental analysis completed for GMRAIRPORT: 58 fields
2025-09-04 08:41:10,931 - INFO - Enhanced technical analysis completed for GMRAIRPORT: 52 fields
2025-09-04 08:41:10,969 - INFO - Completed analysis for GMRAIRPORT: Score=47.7, Recommendation=WEAK SELL
2025-09-04 08:41:11,072 - INFO - Comprehensive data extracted for GAIL
2025-09-04 08:41:11,074 - INFO - Fundamental analysis completed for GAIL: 58 fields
2025-09-04 08:41:11,239 - INFO - Enhanced technical analysis completed for GAIL: 52 fields
2025-09-04 08:41:11,276 - INFO - Completed analysis for GAIL: Score=57.0, Recommendation=HOLD
2025-09-04 08:41:16,756 - INFO - Comprehensive data extracted for GLENMARK
2025-09-04 08:41:16,756 - INFO - Fundamental analysis completed for GLENMARK: 58 fields
2025-09-04 08:41:16,821 - INFO - Comprehensive data extracted for GODREJPROP
2025-09-04 08:41:16,821 - INFO - Fundamental analysis completed for GODREJPROP: 58 fields
2025-09-04 08:41:16,927 - INFO - Enhanced technical analysis completed for GLENMARK: 52 fields
2025-09-04 08:41:16,971 - INFO - Completed analysis for GLENMARK: Score=27.9, Recommendation=SELL
2025-09-04 08:41:17,053 - INFO - Enhanced technical analysis completed for GODREJPROP: 52 fields
2025-09-04 08:41:17,076 - INFO - Comprehensive data extracted for GODREJCP
2025-09-04 08:41:17,079 - INFO - Fundamental analysis completed for GODREJCP: 58 fields
2025-09-04 08:41:17,115 - INFO - Completed analysis for GODREJPROP: Score=26.9, Recommendation=SELL
2025-09-04 08:41:17,225 - INFO - Enhanced technical analysis completed for GODREJCP: 52 fields
2025-09-04 08:41:17,261 - INFO - Completed analysis for GODREJCP: Score=34.5, Recommendation=SELL
2025-09-04 08:41:17,462 - INFO - Comprehensive data extracted for GRASIM
2025-09-04 08:41:17,462 - INFO - Fundamental analysis completed for GRASIM: 58 fields
2025-09-04 08:41:17,555 - INFO - Comprehensive data extracted for HCLTECH
2025-09-04 08:41:17,557 - INFO - Fundamental analysis completed for HCLTECH: 58 fields
2025-09-04 08:41:17,626 - INFO - Enhanced technical analysis completed for GRASIM: 52 fields
2025-09-04 08:41:17,665 - INFO - Completed analysis for GRASIM: Score=40.6, Recommendation=WEAK SELL
2025-09-04 08:41:17,962 - INFO - Enhanced technical analysis completed for HCLTECH: 52 fields
2025-09-04 08:41:18,012 - INFO - Completed analysis for HCLTECH: Score=56.0, Recommendation=HOLD
2025-09-04 08:41:23,644 - INFO - Comprehensive data extracted for HDFCLIFE
2025-09-04 08:41:23,644 - INFO - Fundamental analysis completed for HDFCLIFE: 58 fields
2025-09-04 08:41:23,754 - INFO - Comprehensive data extracted for HDFCBANK
2025-09-04 08:41:23,754 - INFO - Fundamental analysis completed for HDFCBANK: 58 fields
2025-09-04 08:41:23,866 - INFO - Enhanced technical analysis completed for HDFCLIFE: 52 fields
2025-09-04 08:41:23,908 - INFO - Completed analysis for HDFCLIFE: Score=43.4, Recommendation=WEAK SELL
2025-09-04 08:41:23,954 - INFO - Comprehensive data extracted for HDFCAMC
2025-09-04 08:41:23,983 - INFO - Fundamental analysis completed for HDFCAMC: 58 fields
2025-09-04 08:41:24,040 - INFO - Enhanced technical analysis completed for HDFCBANK: 52 fields
2025-09-04 08:41:24,090 - INFO - Completed analysis for HDFCBANK: Score=67.6, Recommendation=BUY
2025-09-04 08:41:24,231 - INFO - Enhanced technical analysis completed for HDFCAMC: 52 fields
2025-09-04 08:41:24,276 - INFO - Completed analysis for HDFCAMC: Score=42.0, Recommendation=WEAK SELL
2025-09-04 08:41:25,027 - INFO - Comprehensive data extracted for HEROMOTOCO
2025-09-04 08:41:25,027 - INFO - Fundamental analysis completed for HEROMOTOCO: 58 fields
2025-09-04 08:41:25,323 - INFO - Comprehensive data extracted for HAVELLS
2025-09-04 08:41:25,328 - INFO - Fundamental analysis completed for HAVELLS: 58 fields
2025-09-04 08:41:25,379 - INFO - Enhanced technical analysis completed for HEROMOTOCO: 52 fields
2025-09-04 08:41:25,433 - INFO - Completed analysis for HEROMOTOCO: Score=42.1, Recommendation=WEAK SELL
2025-09-04 08:41:25,576 - INFO - Enhanced technical analysis completed for HAVELLS: 52 fields
2025-09-04 08:41:25,620 - INFO - Completed analysis for HAVELLS: Score=33.7, Recommendation=SELL
2025-09-04 08:41:31,246 - INFO - Comprehensive data extracted for HINDALCO
2025-09-04 08:41:31,246 - INFO - Fundamental analysis completed for HINDALCO: 58 fields
2025-09-04 08:41:31,295 - INFO - Comprehensive data extracted for HINDPETRO
2025-09-04 08:41:31,305 - INFO - Comprehensive data extracted for HAL
2025-09-04 08:41:31,305 - INFO - Fundamental analysis completed for HINDPETRO: 58 fields
2025-09-04 08:41:31,305 - INFO - Fundamental analysis completed for HAL: 58 fields
2025-09-04 08:41:31,555 - INFO - Enhanced technical analysis completed for HINDPETRO: 52 fields
2025-09-04 08:41:31,568 - INFO - Enhanced technical analysis completed for HINDALCO: 52 fields
2025-09-04 08:41:31,596 - INFO - Enhanced technical analysis completed for HAL: 52 fields
2025-09-04 08:41:31,675 - INFO - Completed analysis for HINDALCO: Score=82.7, Recommendation=STRONG BUY (UNDERVALUED)
2025-09-04 08:41:31,712 - INFO - Completed analysis for HAL: Score=50.0, Recommendation=HOLD
2025-09-04 08:41:31,720 - INFO - Completed analysis for HINDPETRO: Score=57.6, Recommendation=HOLD
2025-09-04 08:41:32,444 - INFO - Comprehensive data extracted for HINDUNILVR
2025-09-04 08:41:32,444 - INFO - Fundamental analysis completed for HINDUNILVR: 58 fields
2025-09-04 08:41:32,471 - INFO - Comprehensive data extracted for HINDZINC
2025-09-04 08:41:32,471 - INFO - Fundamental analysis completed for HINDZINC: 58 fields
2025-09-04 08:41:32,814 - INFO - Enhanced technical analysis completed for HINDZINC: 52 fields
2025-09-04 08:41:32,934 - INFO - Completed analysis for HINDZINC: Score=54.7, Recommendation=HOLD
2025-09-04 08:41:32,936 - INFO - Enhanced technical analysis completed for HINDUNILVR: 52 fields
2025-09-04 08:41:32,984 - INFO - Completed analysis for HINDUNILVR: Score=35.5, Recommendation=SELL
2025-09-04 08:41:38,494 - INFO - Comprehensive data extracted for ICICIBANK
2025-09-04 08:41:38,496 - INFO - Fundamental analysis completed for ICICIBANK: 58 fields
2025-09-04 08:41:38,606 - INFO - Comprehensive data extracted for HYUNDAI
2025-09-04 08:41:38,608 - INFO - Fundamental analysis completed for HYUNDAI: 58 fields
2025-09-04 08:41:38,676 - INFO - Enhanced technical analysis completed for ICICIBANK: 52 fields
2025-09-04 08:41:38,735 - INFO - Comprehensive data extracted for HUDCO
2025-09-04 08:41:38,742 - INFO - Fundamental analysis completed for HUDCO: 58 fields
2025-09-04 08:41:38,854 - INFO - Enhanced technical analysis completed for HYUNDAI: 52 fields
2025-09-04 08:41:38,859 - INFO - Completed analysis for ICICIBANK: Score=70.9, Recommendation=STRONG BUY
2025-09-04 08:41:38,937 - INFO - Completed analysis for HYUNDAI: Score=36.3, Recommendation=SELL
2025-09-04 08:41:38,969 - INFO - Enhanced technical analysis completed for HUDCO: 52 fields
2025-09-04 08:41:39,014 - INFO - Completed analysis for HUDCO: Score=61.6, Recommendation=BUY
2025-09-04 08:41:39,216 - INFO - Comprehensive data extracted for ICICIGI
2025-09-04 08:41:39,216 - INFO - Fundamental analysis completed for ICICIGI: 58 fields
2025-09-04 08:41:39,368 - INFO - Enhanced technical analysis completed for ICICIGI: 52 fields
2025-09-04 08:41:39,412 - INFO - Completed analysis for ICICIGI: Score=55.5, Recommendation=HOLD
2025-09-04 08:41:39,542 - INFO - Comprehensive data extracted for ICICIPRULI
2025-09-04 08:41:39,542 - INFO - Fundamental analysis completed for ICICIPRULI: 58 fields
2025-09-04 08:41:39,678 - INFO - Enhanced technical analysis completed for ICICIPRULI: 52 fields
2025-09-04 08:41:39,719 - INFO - Completed analysis for ICICIPRULI: Score=45.0, Recommendation=WEAK SELL
2025-09-04 08:41:45,147 - INFO - Comprehensive data extracted for IRB
2025-09-04 08:41:45,147 - INFO - Fundamental analysis completed for IRB: 58 fields
2025-09-04 08:41:45,283 - INFO - Enhanced technical analysis completed for IRB: 52 fields
2025-09-04 08:41:45,331 - INFO - Completed analysis for IRB: Score=64.8, Recommendation=BUY (VALUE)
2025-09-04 08:41:45,408 - INFO - Comprehensive data extracted for ITC
2025-09-04 08:41:45,408 - INFO - Fundamental analysis completed for ITC: 58 fields
2025-09-04 08:41:45,566 - INFO - Enhanced technical analysis completed for ITC: 52 fields
2025-09-04 08:41:45,622 - INFO - Completed analysis for ITC: Score=53.5, Recommendation=HOLD
2025-09-04 08:41:45,661 - INFO - Comprehensive data extracted for INDIANB
2025-09-04 08:41:45,661 - INFO - Fundamental analysis completed for INDIANB: 58 fields
2025-09-04 08:41:45,904 - INFO - Enhanced technical analysis completed for INDIANB: 52 fields
2025-09-04 08:41:45,953 - INFO - Completed analysis for INDIANB: Score=87.0, Recommendation=STRONG BUY (UNDERVALUED)
2025-09-04 08:41:46,114 - INFO - Comprehensive data extracted for INDHOTEL
2025-09-04 08:41:46,118 - INFO - Fundamental analysis completed for INDHOTEL: 58 fields
2025-09-04 08:41:46,419 - INFO - Enhanced technical analysis completed for INDHOTEL: 52 fields
2025-09-04 08:41:46,459 - INFO - Completed analysis for INDHOTEL: Score=50.2, Recommendation=HOLD
2025-09-04 08:41:51,056 - INFO - Comprehensive data extracted for IDFCFIRSTB
2025-09-04 08:41:51,056 - INFO - Fundamental analysis completed for IDFCFIRSTB: 58 fields
2025-09-04 08:41:51,315 - INFO - Enhanced technical analysis completed for IDFCFIRSTB: 52 fields
2025-09-04 08:41:51,360 - INFO - Completed analysis for IDFCFIRSTB: Score=50.4, Recommendation=HOLD
2025-09-04 08:41:56,748 - INFO - Comprehensive data extracted for IOC
2025-09-04 08:41:56,748 - INFO - Fundamental analysis completed for IOC: 58 fields
2025-09-04 08:41:56,916 - INFO - Enhanced technical analysis completed for IOC: 52 fields
2025-09-04 08:41:56,962 - INFO - Completed analysis for IOC: Score=58.7, Recommendation=HOLD
2025-09-04 08:41:57,013 - INFO - Comprehensive data extracted for IRCTC
2025-09-04 08:41:57,013 - INFO - Fundamental analysis completed for IRCTC: 58 fields
2025-09-04 08:41:57,158 - INFO - Comprehensive data extracted for IRFC
2025-09-04 08:41:57,184 - INFO - Enhanced technical analysis completed for IRCTC: 52 fields
2025-09-04 08:41:57,208 - INFO - Fundamental analysis completed for IRFC: 58 fields
2025-09-04 08:41:57,283 - INFO - Completed analysis for IRCTC: Score=38.4, Recommendation=SELL
2025-09-04 08:41:57,459 - INFO - Enhanced technical analysis completed for IRFC: 52 fields
2025-09-04 08:41:57,481 - INFO - Comprehensive data extracted for IREDA
2025-09-04 08:41:57,481 - INFO - Fundamental analysis completed for IREDA: 58 fields
2025-09-04 08:41:57,528 - INFO - Completed analysis for IRFC: Score=74.0, Recommendation=STRONG BUY
2025-09-04 08:41:57,716 - INFO - Enhanced technical analysis completed for IREDA: 52 fields
2025-09-04 08:41:57,744 - INFO - Completed analysis for IREDA: Score=48.9, Recommendation=WEAK SELL
2025-09-04 08:41:57,833 - INFO - Comprehensive data extracted for IGL
2025-09-04 08:41:57,833 - INFO - Fundamental analysis completed for IGL: 58 fields
2025-09-04 08:41:57,985 - INFO - Enhanced technical analysis completed for IGL: 52 fields
2025-09-04 08:41:58,031 - INFO - Completed analysis for IGL: Score=56.4, Recommendation=HOLD
2025-09-04 08:42:03,531 - INFO - Comprehensive data extracted for NAUKRI
2025-09-04 08:42:03,531 - INFO - Fundamental analysis completed for NAUKRI: 58 fields
2025-09-04 08:42:03,616 - INFO - Comprehensive data extracted for INDUSINDBK
2025-09-04 08:42:03,616 - INFO - Fundamental analysis completed for INDUSINDBK: 58 fields
2025-09-04 08:42:03,701 - INFO - Comprehensive data extracted for INDUSTOWER
2025-09-04 08:42:03,703 - INFO - Fundamental analysis completed for INDUSTOWER: 58 fields
2025-09-04 08:42:03,786 - INFO - Enhanced technical analysis completed for INDUSINDBK: 52 fields
2025-09-04 08:42:03,891 - INFO - Enhanced technical analysis completed for NAUKRI: 52 fields
2025-09-04 08:42:03,891 - INFO - Enhanced technical analysis completed for INDUSTOWER: 52 fields
2025-09-04 08:42:03,976 - INFO - Completed analysis for INDUSINDBK: Score=53.2, Recommendation=HOLD
2025-09-04 08:42:04,002 - INFO - Completed analysis for INDUSTOWER: Score=67.1, Recommendation=BUY (VALUE)
2025-09-04 08:42:04,012 - INFO - Completed analysis for NAUKRI: Score=50.4, Recommendation=HOLD
2025-09-04 08:42:04,284 - INFO - Comprehensive data extracted for INDIGO
2025-09-04 08:42:04,316 - INFO - Fundamental analysis completed for INDIGO: 58 fields
2025-09-04 08:42:04,460 - INFO - Enhanced technical analysis completed for INDIGO: 52 fields
2025-09-04 08:42:04,525 - INFO - Completed analysis for INDIGO: Score=26.7, Recommendation=SELL
2025-09-04 08:42:04,711 - INFO - Comprehensive data extracted for INFY
2025-09-04 08:42:04,711 - INFO - Fundamental analysis completed for INFY: 58 fields
2025-09-04 08:42:04,860 - INFO - Enhanced technical analysis completed for INFY: 52 fields
2025-09-04 08:42:04,912 - INFO - Completed analysis for INFY: Score=59.0, Recommendation=HOLD
2025-09-04 08:42:10,533 - INFO - Comprehensive data extracted for JSWSTEEL
2025-09-04 08:42:10,533 - INFO - Fundamental analysis completed for JSWSTEEL: 58 fields
2025-09-04 08:42:10,719 - INFO - Comprehensive data extracted for JINDALSTEL
2025-09-04 08:42:10,721 - INFO - Fundamental analysis completed for JINDALSTEL: 58 fields
2025-09-04 08:42:10,800 - INFO - Enhanced technical analysis completed for JSWSTEEL: 52 fields
2025-09-04 08:42:10,828 - INFO - Comprehensive data extracted for JSWENERGY
2025-09-04 08:42:10,830 - INFO - Fundamental analysis completed for JSWENERGY: 58 fields
2025-09-04 08:42:10,860 - INFO - Completed analysis for JSWSTEEL: Score=36.8, Recommendation=SELL
2025-09-04 08:42:10,960 - INFO - Enhanced technical analysis completed for JINDALSTEL: 52 fields
2025-09-04 08:42:11,017 - INFO - Completed analysis for JINDALSTEL: Score=35.4, Recommendation=SELL
2025-09-04 08:42:11,082 - INFO - Enhanced technical analysis completed for JSWENERGY: 52 fields
2025-09-04 08:42:11,142 - INFO - Completed analysis for JSWENERGY: Score=44.9, Recommendation=WEAK SELL
2025-09-04 08:42:11,390 - INFO - Comprehensive data extracted for JIOFIN
2025-09-04 08:42:11,393 - INFO - Fundamental analysis completed for JIOFIN: 58 fields
2025-09-04 08:42:11,701 - INFO - Comprehensive data extracted for JUBLFOOD
2025-09-04 08:42:11,728 - INFO - Enhanced technical analysis completed for JIOFIN: 52 fields
2025-09-04 08:42:11,728 - INFO - Fundamental analysis completed for JUBLFOOD: 58 fields
2025-09-04 08:42:11,784 - INFO - Completed analysis for JIOFIN: Score=45.3, Recommendation=WEAK SELL
2025-09-04 08:42:12,034 - INFO - Enhanced technical analysis completed for JUBLFOOD: 52 fields
2025-09-04 08:42:12,091 - INFO - Completed analysis for JUBLFOOD: Score=38.6, Recommendation=SELL
2025-09-04 08:42:17,590 - INFO - Comprehensive data extracted for KPITTECH
2025-09-04 08:42:17,598 - INFO - Fundamental analysis completed for KPITTECH: 58 fields
2025-09-04 08:42:17,725 - INFO - Comprehensive data extracted for KOTAKBANK
2025-09-04 08:42:17,727 - INFO - Fundamental analysis completed for KOTAKBANK: 58 fields
2025-09-04 08:42:17,829 - INFO - Enhanced technical analysis completed for KPITTECH: 52 fields
2025-09-04 08:42:17,878 - INFO - Completed analysis for KPITTECH: Score=34.2, Recommendation=SELL
2025-09-04 08:42:17,965 - INFO - Comprehensive data extracted for KALYANKJIL
2025-09-04 08:42:17,983 - INFO - Fundamental analysis completed for KALYANKJIL: 58 fields
2025-09-04 08:42:18,024 - INFO - Enhanced technical analysis completed for KOTAKBANK: 52 fields
2025-09-04 08:42:18,062 - INFO - Completed analysis for KOTAKBANK: Score=65.0, Recommendation=BUY
2025-09-04 08:42:18,251 - INFO - Enhanced technical analysis completed for KALYANKJIL: 52 fields
2025-09-04 08:42:18,292 - INFO - Completed analysis for KALYANKJIL: Score=42.2, Recommendation=WEAK SELL
2025-09-04 08:42:18,354 - INFO - Comprehensive data extracted for LTF
2025-09-04 08:42:18,354 - INFO - Fundamental analysis completed for LTF: 58 fields
2025-09-04 08:42:18,508 - INFO - Enhanced technical analysis completed for LTF: 52 fields
2025-09-04 08:42:18,560 - INFO - Completed analysis for LTF: Score=55.5, Recommendation=HOLD
2025-09-04 08:42:18,628 - INFO - Comprehensive data extracted for LICHSGFIN
2025-09-04 08:42:18,628 - INFO - Fundamental analysis completed for LICHSGFIN: 58 fields
2025-09-04 08:42:18,886 - INFO - Enhanced technical analysis completed for LICHSGFIN: 52 fields
2025-09-04 08:42:18,934 - INFO - Completed analysis for LICHSGFIN: Score=68.0, Recommendation=BUY (VALUE)
2025-09-04 08:42:24,453 - INFO - Comprehensive data extracted for LICI
2025-09-04 08:42:24,453 - INFO - Fundamental analysis completed for LICI: 58 fields
2025-09-04 08:42:24,722 - INFO - Enhanced technical analysis completed for LICI: 52 fields
2025-09-04 08:42:24,781 - INFO - Completed analysis for LICI: Score=62.3, Recommendation=BUY (VALUE)
2025-09-04 08:42:25,176 - INFO - Comprehensive data extracted for LODHA
2025-09-04 08:42:25,180 - INFO - Fundamental analysis completed for LODHA: 58 fields
2025-09-04 08:42:25,425 - INFO - Enhanced technical analysis completed for LODHA: 52 fields
2025-09-04 08:42:25,465 - INFO - Completed analysis for LODHA: Score=51.9, Recommendation=HOLD
2025-09-04 08:42:25,675 - INFO - Comprehensive data extracted for LT
2025-09-04 08:42:25,675 - INFO - Fundamental analysis completed for LT: 58 fields
2025-09-04 08:42:25,720 - INFO - Comprehensive data extracted for LTIM
2025-09-04 08:42:25,729 - INFO - Fundamental analysis completed for LTIM: 58 fields
2025-09-04 08:42:25,967 - INFO - Enhanced technical analysis completed for LT: 52 fields
2025-09-04 08:42:26,006 - INFO - Completed analysis for LT: Score=41.3, Recommendation=WEAK SELL
2025-09-04 08:42:26,152 - INFO - Comprehensive data extracted for LUPIN
2025-09-04 08:42:26,152 - INFO - Enhanced technical analysis completed for LTIM: 52 fields
2025-09-04 08:42:26,152 - INFO - Fundamental analysis completed for LUPIN: 58 fields
2025-09-04 08:42:26,199 - INFO - Completed analysis for LTIM: Score=57.7, Recommendation=HOLD
2025-09-04 08:42:26,360 - INFO - Enhanced technical analysis completed for LUPIN: 52 fields
2025-09-04 08:42:26,393 - INFO - Completed analysis for LUPIN: Score=52.0, Recommendation=HOLD
2025-09-04 08:42:31,786 - INFO - Comprehensive data extracted for M&M
2025-09-04 08:42:31,786 - INFO - Fundamental analysis completed for M&M: 58 fields
2025-09-04 08:42:31,884 - INFO - Comprehensive data extracted for M&MFIN
2025-09-04 08:42:31,884 - INFO - Fundamental analysis completed for M&MFIN: 58 fields
2025-09-04 08:42:31,960 - INFO - Enhanced technical analysis completed for M&M: 52 fields
2025-09-04 08:42:32,075 - INFO - Enhanced technical analysis completed for M&MFIN: 52 fields
2025-09-04 08:42:32,089 - INFO - Completed analysis for M&M: Score=43.8, Recommendation=WEAK SELL
2025-09-04 08:42:32,131 - INFO - Completed analysis for M&MFIN: Score=70.8, Recommendation=STRONG BUY (UNDERVALUED)
2025-09-04 08:42:32,438 - INFO - Comprehensive data extracted for MRF
2025-09-04 08:42:32,440 - INFO - Fundamental analysis completed for MRF: 58 fields
2025-09-04 08:42:32,709 - INFO - Enhanced technical analysis completed for MRF: 52 fields
2025-09-04 08:42:32,743 - INFO - Completed analysis for MRF: Score=32.8, Recommendation=SELL
2025-09-04 08:42:32,837 - INFO - Comprehensive data extracted for MANKIND
2025-09-04 08:42:32,837 - INFO - Fundamental analysis completed for MANKIND: 58 fields
2025-09-04 08:42:32,951 - INFO - Comprehensive data extracted for MARICO
2025-09-04 08:42:32,974 - INFO - Fundamental analysis completed for MARICO: 58 fields
2025-09-04 08:42:32,977 - INFO - Enhanced technical analysis completed for MANKIND: 52 fields
2025-09-04 08:42:33,015 - INFO - Completed analysis for MANKIND: Score=38.5, Recommendation=SELL
2025-09-04 08:42:33,114 - INFO - Enhanced technical analysis completed for MARICO: 52 fields
2025-09-04 08:42:33,143 - INFO - Completed analysis for MARICO: Score=43.0, Recommendation=WEAK SELL
2025-09-04 08:42:38,517 - INFO - Comprehensive data extracted for MAXHEALTH
2025-09-04 08:42:38,519 - INFO - Fundamental analysis completed for MAXHEALTH: 58 fields
2025-09-04 08:42:38,663 - INFO - Enhanced technical analysis completed for MAXHEALTH: 52 fields
2025-09-04 08:42:38,727 - INFO - Completed analysis for MAXHEALTH: Score=43.3, Recommendation=WEAK SELL
2025-09-04 08:42:38,846 - INFO - Comprehensive data extracted for MFSL
2025-09-04 08:42:38,846 - INFO - Fundamental analysis completed for MFSL: 58 fields
2025-09-04 08:42:38,883 - INFO - Comprehensive data extracted for MARUTI
2025-09-04 08:42:38,883 - INFO - Fundamental analysis completed for MARUTI: 58 fields
2025-09-04 08:42:39,043 - INFO - Enhanced technical analysis completed for MFSL: 52 fields
2025-09-04 08:42:39,092 - INFO - Completed analysis for MFSL: Score=19.1, Recommendation=SELL
2025-09-04 08:42:39,147 - INFO - Enhanced technical analysis completed for MARUTI: 52 fields
2025-09-04 08:42:39,178 - INFO - Comprehensive data extracted for MAZDOCK
2025-09-04 08:42:39,181 - INFO - Fundamental analysis completed for MAZDOCK: 58 fields
2025-09-04 08:42:39,217 - INFO - Completed analysis for MARUTI: Score=48.4, Recommendation=WEAK SELL
2025-09-04 08:42:39,312 - INFO - Enhanced technical analysis completed for MAZDOCK: 52 fields
2025-09-04 08:42:39,366 - INFO - Completed analysis for MAZDOCK: Score=47.7, Recommendation=WEAK SELL
2025-09-04 08:42:39,734 - INFO - Comprehensive data extracted for MOTILALOFS
2025-09-04 08:42:39,737 - INFO - Fundamental analysis completed for MOTILALOFS: 58 fields
2025-09-04 08:42:39,994 - INFO - Enhanced technical analysis completed for MOTILALOFS: 52 fields
2025-09-04 08:42:40,041 - INFO - Completed analysis for MOTILALOFS: Score=55.4, Recommendation=HOLD
2025-09-04 08:42:45,367 - INFO - Comprehensive data extracted for MPHASIS
2025-09-04 08:42:45,369 - INFO - Fundamental analysis completed for MPHASIS: 58 fields
2025-09-04 08:42:45,754 - INFO - Enhanced technical analysis completed for MPHASIS: 52 fields
2025-09-04 08:42:45,794 - INFO - Comprehensive data extracted for NHPC
2025-09-04 08:42:45,797 - INFO - Fundamental analysis completed for NHPC: 58 fields
2025-09-04 08:42:45,843 - INFO - Completed analysis for MPHASIS: Score=47.1, Recommendation=WEAK SELL
2025-09-04 08:42:45,922 - INFO - Comprehensive data extracted for MUTHOOTFIN
2025-09-04 08:42:45,923 - INFO - Fundamental analysis completed for MUTHOOTFIN: 58 fields
2025-09-04 08:42:46,037 - INFO - Enhanced technical analysis completed for NHPC: 52 fields
2025-09-04 08:42:46,107 - INFO - Enhanced technical analysis completed for MUTHOOTFIN: 52 fields
2025-09-04 08:42:46,175 - INFO - Completed analysis for NHPC: Score=48.8, Recommendation=WEAK SELL
2025-09-04 08:42:46,182 - INFO - Completed analysis for MUTHOOTFIN: Score=76.6, Recommendation=STRONG BUY
2025-09-04 08:42:46,291 - INFO - Comprehensive data extracted for NMDC
2025-09-04 08:42:46,291 - INFO - Fundamental analysis completed for NMDC: 58 fields
2025-09-04 08:42:46,431 - INFO - Enhanced technical analysis completed for NMDC: 52 fields
2025-09-04 08:42:46,474 - INFO - Completed analysis for NMDC: Score=73.0, Recommendation=STRONG BUY (UNDERVALUED)
2025-09-04 08:42:46,854 - INFO - Comprehensive data extracted for NTPCGREEN
2025-09-04 08:42:46,854 - INFO - Fundamental analysis completed for NTPCGREEN: 58 fields
2025-09-04 08:42:47,066 - INFO - Enhanced technical analysis completed for NTPCGREEN: 52 fields
2025-09-04 08:42:47,110 - INFO - Completed analysis for NTPCGREEN: Score=40.5, Recommendation=WEAK SELL
2025-09-04 08:42:52,758 - INFO - Comprehensive data extracted for NESTLEIND
2025-09-04 08:42:52,783 - INFO - Comprehensive data extracted for NTPC
2025-09-04 08:42:52,800 - INFO - Comprehensive data extracted for NATIONALUM
2025-09-04 08:42:52,800 - INFO - Fundamental analysis completed for NESTLEIND: 58 fields
2025-09-04 08:42:52,803 - INFO - Fundamental analysis completed for NATIONALUM: 58 fields
2025-09-04 08:42:52,804 - INFO - Fundamental analysis completed for NTPC: 58 fields
2025-09-04 08:42:52,959 - INFO - Enhanced technical analysis completed for NATIONALUM: 52 fields
2025-09-04 08:42:53,076 - INFO - Enhanced technical analysis completed for NESTLEIND: 52 fields
2025-09-04 08:42:53,076 - INFO - Completed analysis for NATIONALUM: Score=74.8, Recommendation=STRONG BUY (UNDERVALUED)
2025-09-04 08:42:53,129 - INFO - Completed analysis for NESTLEIND: Score=32.8, Recommendation=SELL
2025-09-04 08:42:53,210 - INFO - Enhanced technical analysis completed for NTPC: 52 fields
2025-09-04 08:42:53,255 - INFO - Completed analysis for NTPC: Score=47.5, Recommendation=WEAK SELL
2025-09-04 08:42:53,600 - INFO - Comprehensive data extracted for ONGC
2025-09-04 08:42:53,602 - INFO - Fundamental analysis completed for ONGC: 58 fields
2025-09-04 08:42:53,741 - INFO - Comprehensive data extracted for OBEROIRLTY
2025-09-04 08:42:53,741 - INFO - Fundamental analysis completed for OBEROIRLTY: 58 fields
2025-09-04 08:42:53,974 - INFO - Enhanced technical analysis completed for ONGC: 52 fields
2025-09-04 08:42:54,133 - INFO - Enhanced technical analysis completed for OBEROIRLTY: 52 fields
2025-09-04 08:42:54,142 - INFO - Completed analysis for ONGC: Score=58.7, Recommendation=HOLD
2025-09-04 08:42:54,231 - INFO - Completed analysis for OBEROIRLTY: Score=30.9, Recommendation=SELL
2025-09-04 08:42:59,553 - INFO - Comprehensive data extracted for OLAELEC
2025-09-04 08:42:59,559 - INFO - Fundamental analysis completed for OLAELEC: 58 fields
2025-09-04 08:42:59,666 - INFO - Comprehensive data extracted for OIL
2025-09-04 08:42:59,666 - INFO - Fundamental analysis completed for OIL: 58 fields
2025-09-04 08:43:00,015 - INFO - Enhanced technical analysis completed for OLAELEC: 52 fields
2025-09-04 08:43:00,023 - INFO - Enhanced technical analysis completed for OIL: 52 fields
2025-09-04 08:43:00,091 - INFO - Completed analysis for OLAELEC: Score=28.2, Recommendation=SELL
2025-09-04 08:43:00,101 - INFO - Completed analysis for OIL: Score=63.5, Recommendation=BUY (VALUE)
2025-09-04 08:43:00,151 - INFO - Comprehensive data extracted for PAYTM
2025-09-04 08:43:00,153 - INFO - Fundamental analysis completed for PAYTM: 58 fields
2025-09-04 08:43:00,257 - INFO - Enhanced technical analysis completed for PAYTM: 52 fields
2025-09-04 08:43:00,292 - INFO - Completed analysis for PAYTM: Score=28.9, Recommendation=SELL
2025-09-04 08:43:00,392 - INFO - Comprehensive data extracted for OFSS
2025-09-04 08:43:00,408 - INFO - Fundamental analysis completed for OFSS: 58 fields
2025-09-04 08:43:00,448 - INFO - Comprehensive data extracted for POLICYBZR
2025-09-04 08:43:00,452 - INFO - Fundamental analysis completed for POLICYBZR: 58 fields
2025-09-04 08:43:00,582 - INFO - Enhanced technical analysis completed for OFSS: 52 fields
2025-09-04 08:43:00,624 - INFO - Completed analysis for OFSS: Score=67.0, Recommendation=BUY
2025-09-04 08:43:00,678 - INFO - Enhanced technical analysis completed for POLICYBZR: 52 fields
2025-09-04 08:43:00,719 - INFO - Completed analysis for POLICYBZR: Score=36.4, Recommendation=SELL
2025-09-04 08:43:06,363 - INFO - Comprehensive data extracted for PAGEIND
2025-09-04 08:43:06,376 - INFO - Fundamental analysis completed for PAGEIND: 58 fields
2025-09-04 08:43:06,466 - INFO - Comprehensive data extracted for PIIND
2025-09-04 08:43:06,482 - INFO - Fundamental analysis completed for PIIND: 58 fields
2025-09-04 08:43:06,493 - INFO - Comprehensive data extracted for PATANJALI
2025-09-04 08:43:06,497 - INFO - Fundamental analysis completed for PATANJALI: 58 fields
2025-09-04 08:43:06,637 - INFO - Enhanced technical analysis completed for PAGEIND: 52 fields
2025-09-04 08:43:06,675 - INFO - Completed analysis for PAGEIND: Score=40.0, Recommendation=WEAK SELL
2025-09-04 08:43:06,775 - INFO - Enhanced technical analysis completed for PIIND: 52 fields
2025-09-04 08:43:06,812 - INFO - Enhanced technical analysis completed for PATANJALI: 52 fields
2025-09-04 08:43:06,859 - INFO - Completed analysis for PIIND: Score=27.0, Recommendation=SELL
2025-09-04 08:43:06,900 - INFO - Completed analysis for PATANJALI: Score=34.7, Recommendation=SELL
2025-09-04 08:43:07,279 - INFO - Comprehensive data extracted for PERSISTENT
2025-09-04 08:43:07,279 - INFO - Fundamental analysis completed for PERSISTENT: 58 fields
2025-09-04 08:43:07,387 - INFO - Comprehensive data extracted for PETRONET
2025-09-04 08:43:07,428 - INFO - Fundamental analysis completed for PETRONET: 58 fields
2025-09-04 08:43:07,461 - INFO - Enhanced technical analysis completed for PERSISTENT: 52 fields
2025-09-04 08:43:07,570 - INFO - Completed analysis for PERSISTENT: Score=63.1, Recommendation=BUY
2025-09-04 08:43:07,575 - INFO - Enhanced technical analysis completed for PETRONET: 52 fields
2025-09-04 08:43:07,618 - INFO - Completed analysis for PETRONET: Score=49.2, Recommendation=WEAK SELL
2025-09-04 08:43:13,101 - INFO - Comprehensive data extracted for POLYCAB
2025-09-04 08:43:13,122 - INFO - Fundamental analysis completed for POLYCAB: 58 fields
2025-09-04 08:43:13,257 - INFO - Enhanced technical analysis completed for POLYCAB: 52 fields
2025-09-04 08:43:13,295 - INFO - Completed analysis for POLYCAB: Score=60.2, Recommendation=BUY
2025-09-04 08:43:13,330 - INFO - Comprehensive data extracted for PIDILITIND
2025-09-04 08:43:13,330 - INFO - Fundamental analysis completed for PIDILITIND: 58 fields
2025-09-04 08:43:13,360 - INFO - Comprehensive data extracted for PHOENIXLTD
2025-09-04 08:43:13,360 - INFO - Fundamental analysis completed for PHOENIXLTD: 58 fields
2025-09-04 08:43:13,525 - INFO - Enhanced technical analysis completed for PHOENIXLTD: 52 fields
2025-09-04 08:43:13,582 - INFO - Completed analysis for PHOENIXLTD: Score=34.9, Recommendation=SELL
2025-09-04 08:43:13,631 - INFO - Enhanced technical analysis completed for PIDILITIND: 52 fields
2025-09-04 08:43:13,678 - INFO - Completed analysis for PIDILITIND: Score=47.2, Recommendation=WEAK SELL
2025-09-04 08:43:13,768 - INFO - Comprehensive data extracted for PFC
2025-09-04 08:43:13,768 - INFO - Fundamental analysis completed for PFC: 58 fields
2025-09-04 08:43:13,929 - INFO - Enhanced technical analysis completed for PFC: 52 fields
2025-09-04 08:43:13,987 - INFO - Completed analysis for PFC: Score=72.5, Recommendation=STRONG BUY (UNDERVALUED)
2025-09-04 08:43:14,208 - INFO - Comprehensive data extracted for POWERGRID
2025-09-04 08:43:14,208 - INFO - Fundamental analysis completed for POWERGRID: 58 fields
2025-09-04 08:43:14,357 - INFO - Enhanced technical analysis completed for POWERGRID: 52 fields
2025-09-04 08:43:14,404 - INFO - Completed analysis for POWERGRID: Score=47.3, Recommendation=WEAK SELL
2025-09-04 08:43:19,907 - INFO - Comprehensive data extracted for PREMIERENE
2025-09-04 08:43:19,911 - INFO - Fundamental analysis completed for PREMIERENE: 58 fields
2025-09-04 08:43:20,156 - INFO - Comprehensive data extracted for PRESTIGE
2025-09-04 08:43:20,158 - INFO - Fundamental analysis completed for PRESTIGE: 58 fields
2025-09-04 08:43:20,312 - INFO - Comprehensive data extracted for PNB
2025-09-04 08:43:20,314 - INFO - Enhanced technical analysis completed for PREMIERENE: 52 fields
2025-09-04 08:43:20,336 - INFO - Fundamental analysis completed for PNB: 58 fields
2025-09-04 08:43:20,394 - INFO - Enhanced technical analysis completed for PRESTIGE: 52 fields
2025-09-04 08:43:20,437 - INFO - Completed analysis for PREMIERENE: Score=46.0, Recommendation=WEAK SELL
2025-09-04 08:43:20,481 - INFO - Completed analysis for PRESTIGE: Score=40.8, Recommendation=WEAK SELL
2025-09-04 08:43:20,593 - INFO - Enhanced technical analysis completed for PNB: 52 fields
2025-09-04 08:43:20,645 - INFO - Completed analysis for PNB: Score=87.8, Recommendation=STRONG BUY (UNDERVALUED)
2025-09-04 08:43:20,897 - INFO - Comprehensive data extracted for RECLTD
2025-09-04 08:43:20,915 - INFO - Fundamental analysis completed for RECLTD: 58 fields
2025-09-04 08:43:21,151 - INFO - Enhanced technical analysis completed for RECLTD: 52 fields
2025-09-04 08:43:21,186 - INFO - Comprehensive data extracted for RVNL
2025-09-04 08:43:21,186 - INFO - Fundamental analysis completed for RVNL: 58 fields
2025-09-04 08:43:21,226 - INFO - Completed analysis for RECLTD: Score=75.0, Recommendation=STRONG BUY (UNDERVALUED)
2025-09-04 08:43:21,554 - INFO - Enhanced technical analysis completed for RVNL: 52 fields
2025-09-04 08:43:21,595 - INFO - Completed analysis for RVNL: Score=28.5, Recommendation=SELL
2025-09-04 08:43:27,244 - INFO - Comprehensive data extracted for SBICARD
2025-09-04 08:43:27,246 - INFO - Fundamental analysis completed for SBICARD: 58 fields
2025-09-04 08:43:27,373 - INFO - Comprehensive data extracted for RELIANCE
2025-09-04 08:43:27,382 - INFO - Comprehensive data extracted for SBILIFE
2025-09-04 08:43:27,403 - INFO - Fundamental analysis completed for RELIANCE: 58 fields
2025-09-04 08:43:27,413 - INFO - Fundamental analysis completed for SBILIFE: 58 fields
2025-09-04 08:43:27,450 - INFO - Enhanced technical analysis completed for SBICARD: 52 fields
2025-09-04 08:43:27,490 - INFO - Completed analysis for SBICARD: Score=30.7, Recommendation=SELL
2025-09-04 08:43:27,757 - INFO - Enhanced technical analysis completed for SBILIFE: 52 fields
2025-09-04 08:43:27,757 - INFO - Enhanced technical analysis completed for RELIANCE: 52 fields
2025-09-04 08:43:27,846 - INFO - Completed analysis for RELIANCE: Score=50.5, Recommendation=HOLD
2025-09-04 08:43:27,846 - INFO - Completed analysis for SBILIFE: Score=55.1, Recommendation=HOLD
2025-09-04 08:43:28,025 - INFO - Comprehensive data extracted for SJVN
2025-09-04 08:43:28,031 - INFO - Fundamental analysis completed for SJVN: 58 fields
2025-09-04 08:43:28,265 - INFO - Enhanced technical analysis completed for SJVN: 52 fields
2025-09-04 08:43:28,309 - INFO - Completed analysis for SJVN: Score=36.1, Recommendation=SELL
2025-09-04 08:43:28,456 - INFO - Comprehensive data extracted for SRF
2025-09-04 08:43:28,456 - INFO - Fundamental analysis completed for SRF: 58 fields
2025-09-04 08:43:28,699 - INFO - Enhanced technical analysis completed for SRF: 52 fields
2025-09-04 08:43:28,741 - INFO - Completed analysis for SRF: Score=40.0, Recommendation=SELL
2025-09-04 08:43:34,258 - INFO - Comprehensive data extracted for SHREECEM
2025-09-04 08:43:34,261 - INFO - Fundamental analysis completed for SHREECEM: 58 fields
2025-09-04 08:43:34,373 - INFO - Comprehensive data extracted for MOTHERSON
2025-09-04 08:43:34,373 - INFO - Fundamental analysis completed for MOTHERSON: 58 fields
2025-09-04 08:43:34,427 - INFO - Enhanced technical analysis completed for SHREECEM: 52 fields
2025-09-04 08:43:34,478 - INFO - Completed analysis for SHREECEM: Score=33.2, Recommendation=SELL
2025-09-04 08:43:34,628 - INFO - Enhanced technical analysis completed for MOTHERSON: 52 fields
2025-09-04 08:43:34,680 - INFO - Completed analysis for MOTHERSON: Score=37.0, Recommendation=SELL
2025-09-04 08:43:34,710 - INFO - Comprehensive data extracted for SHRIRAMFIN
2025-09-04 08:43:34,710 - INFO - Fundamental analysis completed for SHRIRAMFIN: 58 fields
2025-09-04 08:43:34,852 - INFO - Comprehensive data extracted for SIEMENS
2025-09-04 08:43:34,852 - INFO - Fundamental analysis completed for SIEMENS: 58 fields
2025-09-04 08:43:34,951 - INFO - Enhanced technical analysis completed for SHRIRAMFIN: 52 fields
2025-09-04 08:43:35,056 - INFO - Enhanced technical analysis completed for SIEMENS: 52 fields
2025-09-04 08:43:35,066 - INFO - Completed analysis for SHRIRAMFIN: Score=68.3, Recommendation=BUY (VALUE)
2025-09-04 08:43:35,104 - INFO - Completed analysis for SIEMENS: Score=33.5, Recommendation=SELL
2025-09-04 08:43:35,222 - INFO - Comprehensive data extracted for SOLARINDS
2025-09-04 08:43:35,230 - INFO - Fundamental analysis completed for SOLARINDS: 58 fields
2025-09-04 08:43:35,348 - INFO - Enhanced technical analysis completed for SOLARINDS: 52 fields
2025-09-04 08:43:35,412 - INFO - Completed analysis for SOLARINDS: Score=43.3, Recommendation=WEAK SELL
2025-09-04 08:43:40,908 - INFO - Comprehensive data extracted for SBIN
2025-09-04 08:43:40,908 - INFO - Fundamental analysis completed for SBIN: 58 fields
2025-09-04 08:43:41,085 - INFO - Enhanced technical analysis completed for SBIN: 52 fields
2025-09-04 08:43:41,145 - INFO - Completed analysis for SBIN: Score=86.2, Recommendation=STRONG BUY (UNDERVALUED)
2025-09-04 08:43:41,239 - INFO - Comprehensive data extracted for SAIL
2025-09-04 08:43:41,251 - INFO - Fundamental analysis completed for SAIL: 58 fields
2025-09-04 08:43:41,273 - INFO - Comprehensive data extracted for SONACOMS
2025-09-04 08:43:41,279 - INFO - Fundamental analysis completed for SONACOMS: 58 fields
2025-09-04 08:43:41,392 - INFO - Enhanced technical analysis completed for SAIL: 52 fields
2025-09-04 08:43:41,441 - INFO - Completed analysis for SAIL: Score=61.0, Recommendation=BUY (VALUE)
2025-09-04 08:43:41,495 - INFO - Enhanced technical analysis completed for SONACOMS: 52 fields
2025-09-04 08:43:41,540 - INFO - Completed analysis for SONACOMS: Score=27.5, Recommendation=SELL
2025-09-04 08:43:41,596 - INFO - Comprehensive data extracted for SUNPHARMA
2025-09-04 08:43:41,596 - INFO - Fundamental analysis completed for SUNPHARMA: 58 fields
2025-09-04 08:43:41,873 - INFO - Enhanced technical analysis completed for SUNPHARMA: 52 fields
2025-09-04 08:43:41,915 - INFO - Completed analysis for SUNPHARMA: Score=33.1, Recommendation=SELL
2025-09-04 08:43:41,943 - INFO - Comprehensive data extracted for SUPREMEIND
2025-09-04 08:43:41,943 - INFO - Fundamental analysis completed for SUPREMEIND: 58 fields
2025-09-04 08:43:42,128 - INFO - Enhanced technical analysis completed for SUPREMEIND: 52 fields
2025-09-04 08:43:42,174 - INFO - Completed analysis for SUPREMEIND: Score=25.0, Recommendation=SELL
2025-09-04 08:43:47,598 - INFO - Comprehensive data extracted for SWIGGY
2025-09-04 08:43:47,614 - INFO - Fundamental analysis completed for SWIGGY: 58 fields
2025-09-04 08:43:47,757 - INFO - Comprehensive data extracted for TVSMOTOR
2025-09-04 08:43:47,757 - INFO - Fundamental analysis completed for TVSMOTOR: 58 fields
2025-09-04 08:43:47,777 - INFO - Enhanced technical analysis completed for SWIGGY: 52 fields
2025-09-04 08:43:47,815 - INFO - Completed analysis for SWIGGY: Score=31.8, Recommendation=SELL
2025-09-04 08:43:48,024 - INFO - Enhanced technical analysis completed for TVSMOTOR: 52 fields
2025-09-04 08:43:48,078 - INFO - Completed analysis for TVSMOTOR: Score=39.5, Recommendation=SELL
2025-09-04 08:43:48,162 - INFO - Comprehensive data extracted for SUZLON
2025-09-04 08:43:48,162 - INFO - Fundamental analysis completed for SUZLON: 58 fields
2025-09-04 08:43:48,395 - INFO - Enhanced technical analysis completed for SUZLON: 52 fields
2025-09-04 08:43:48,435 - INFO - Completed analysis for SUZLON: Score=38.8, Recommendation=SELL
2025-09-04 08:43:48,501 - INFO - Comprehensive data extracted for TATACOMM
2025-09-04 08:43:48,501 - INFO - Fundamental analysis completed for TATACOMM: 58 fields
2025-09-04 08:43:48,791 - INFO - Comprehensive data extracted for TCS
2025-09-04 08:43:48,800 - INFO - Fundamental analysis completed for TCS: 58 fields
2025-09-04 08:43:48,836 - INFO - Enhanced technical analysis completed for TATACOMM: 52 fields
2025-09-04 08:43:48,883 - INFO - Completed analysis for TATACOMM: Score=31.0, Recommendation=SELL
2025-09-04 08:43:49,099 - INFO - Enhanced technical analysis completed for TCS: 52 fields
2025-09-04 08:43:49,143 - INFO - Completed analysis for TCS: Score=59.9, Recommendation=HOLD
2025-09-04 08:43:54,598 - INFO - Comprehensive data extracted for TATAELXSI
2025-09-04 08:43:54,598 - INFO - Fundamental analysis completed for TATAELXSI: 58 fields
2025-09-04 08:43:54,736 - INFO - Enhanced technical analysis completed for TATAELXSI: 52 fields
2025-09-04 08:43:54,786 - INFO - Comprehensive data extracted for TATAMOTORS
2025-09-04 08:43:54,786 - INFO - Fundamental analysis completed for TATAMOTORS: 58 fields
2025-09-04 08:43:54,820 - INFO - Comprehensive data extracted for TATACONSUM
2025-09-04 08:43:54,823 - INFO - Fundamental analysis completed for TATACONSUM: 58 fields
2025-09-04 08:43:54,830 - INFO - Completed analysis for TATAELXSI: Score=24.9, Recommendation=SELL
2025-09-04 08:43:54,988 - INFO - Enhanced technical analysis completed for TATAMOTORS: 52 fields
2025-09-04 08:43:55,017 - INFO - Completed analysis for TATAMOTORS: Score=47.5, Recommendation=WEAK SELL
2025-09-04 08:43:55,066 - INFO - Enhanced technical analysis completed for TATACONSUM: 52 fields
2025-09-04 08:43:55,093 - INFO - Completed analysis for TATACONSUM: Score=40.0, Recommendation=SELL
2025-09-04 08:43:55,277 - INFO - Comprehensive data extracted for TATAPOWER
2025-09-04 08:43:55,279 - INFO - Fundamental analysis completed for TATAPOWER: 58 fields
2025-09-04 08:43:55,400 - INFO - Comprehensive data extracted for TATASTEEL
2025-09-04 08:43:55,417 - INFO - Fundamental analysis completed for TATASTEEL: 58 fields
2025-09-04 08:43:55,454 - INFO - Enhanced technical analysis completed for TATAPOWER: 52 fields
2025-09-04 08:43:55,485 - INFO - Completed analysis for TATAPOWER: Score=35.5, Recommendation=SELL
2025-09-04 08:43:55,746 - INFO - Enhanced technical analysis completed for TATASTEEL: 52 fields
2025-09-04 08:43:55,779 - INFO - Completed analysis for TATASTEEL: Score=44.7, Recommendation=WEAK SELL
2025-09-04 08:44:01,308 - INFO - Comprehensive data extracted for TECHM
2025-09-04 08:44:01,308 - INFO - Fundamental analysis completed for TECHM: 58 fields
2025-09-04 08:44:01,449 - INFO - Enhanced technical analysis completed for TECHM: 52 fields
2025-09-04 08:44:01,498 - INFO - Completed analysis for TECHM: Score=40.7, Recommendation=WEAK SELL
2025-09-04 08:44:01,598 - INFO - Comprehensive data extracted for TITAN
2025-09-04 08:44:01,598 - INFO - Fundamental analysis completed for TITAN: 58 fields
2025-09-04 08:44:01,748 - INFO - Comprehensive data extracted for TATATECH
2025-09-04 08:44:01,749 - INFO - Fundamental analysis completed for TATATECH: 58 fields
2025-09-04 08:44:01,851 - INFO - Enhanced technical analysis completed for TITAN: 52 fields
2025-09-04 08:44:01,896 - INFO - Completed analysis for TITAN: Score=41.9, Recommendation=WEAK SELL
2025-09-04 08:44:01,962 - INFO - Enhanced technical analysis completed for TATATECH: 52 fields
2025-09-04 08:44:02,017 - INFO - Completed analysis for TATATECH: Score=29.7, Recommendation=SELL
2025-09-04 08:44:02,079 - INFO - Comprehensive data extracted for TORNTPHARM
2025-09-04 08:44:02,083 - INFO - Fundamental analysis completed for TORNTPHARM: 58 fields
2025-09-04 08:44:02,326 - INFO - Enhanced technical analysis completed for TORNTPHARM: 52 fields
2025-09-04 08:44:02,370 - INFO - Completed analysis for TORNTPHARM: Score=39.6, Recommendation=SELL
2025-09-04 08:44:02,499 - INFO - Comprehensive data extracted for TORNTPOWER
2025-09-04 08:44:02,513 - INFO - Fundamental analysis completed for TORNTPOWER: 58 fields
2025-09-04 08:44:02,809 - INFO - Enhanced technical analysis completed for TORNTPOWER: 52 fields
2025-09-04 08:44:02,865 - INFO - Completed analysis for TORNTPOWER: Score=34.5, Recommendation=SELL
2025-09-04 08:44:08,450 - INFO - Comprehensive data extracted for TIINDIA
2025-09-04 08:44:08,450 - INFO - Fundamental analysis completed for TIINDIA: 58 fields
2025-09-04 08:44:08,483 - INFO - Comprehensive data extracted for TRENT
2025-09-04 08:44:08,491 - INFO - Fundamental analysis completed for TRENT: 58 fields
2025-09-04 08:44:08,593 - INFO - Enhanced technical analysis completed for TIINDIA: 52 fields
2025-09-04 08:44:08,695 - INFO - Enhanced technical analysis completed for TRENT: 52 fields
2025-09-04 08:44:08,701 - INFO - Comprehensive data extracted for UPL
2025-09-04 08:44:08,703 - INFO - Fundamental analysis completed for UPL: 58 fields
2025-09-04 08:44:08,743 - INFO - Completed analysis for TIINDIA: Score=28.1, Recommendation=SELL
2025-09-04 08:44:08,780 - INFO - Completed analysis for TRENT: Score=36.5, Recommendation=SELL
2025-09-04 08:44:08,984 - INFO - Enhanced technical analysis completed for UPL: 52 fields
2025-09-04 08:44:09,027 - INFO - Completed analysis for UPL: Score=30.6, Recommendation=SELL
2025-09-04 08:44:09,210 - INFO - Comprehensive data extracted for UNIONBANK
2025-09-04 08:44:09,234 - INFO - Comprehensive data extracted for ULTRACEMCO
2025-09-04 08:44:09,234 - INFO - Fundamental analysis completed for UNIONBANK: 58 fields
2025-09-04 08:44:09,246 - INFO - Fundamental analysis completed for ULTRACEMCO: 58 fields
2025-09-04 08:44:09,525 - INFO - Enhanced technical analysis completed for UNIONBANK: 52 fields
2025-09-04 08:44:09,538 - INFO - Enhanced technical analysis completed for ULTRACEMCO: 52 fields
2025-09-04 08:44:09,607 - INFO - Completed analysis for UNIONBANK: Score=85.5, Recommendation=STRONG BUY (UNDERVALUED)
2025-09-04 08:44:09,616 - INFO - Completed analysis for ULTRACEMCO: Score=42.8, Recommendation=WEAK SELL
2025-09-04 08:44:15,132 - INFO - Comprehensive data extracted for VEDL
2025-09-04 08:44:15,134 - INFO - Fundamental analysis completed for VEDL: 58 fields
2025-09-04 08:44:15,168 - INFO - Comprehensive data extracted for VBL
2025-09-04 08:44:15,170 - INFO - Fundamental analysis completed for VBL: 58 fields
2025-09-04 08:44:15,315 - INFO - Enhanced technical analysis completed for VEDL: 52 fields
2025-09-04 08:44:15,375 - INFO - Completed analysis for VEDL: Score=48.1, Recommendation=WEAK SELL
2025-09-04 08:44:15,445 - INFO - Comprehensive data extracted for UNITDSPR
2025-09-04 08:44:15,465 - INFO - Fundamental analysis completed for UNITDSPR: 58 fields
2025-09-04 08:44:15,475 - INFO - Enhanced technical analysis completed for VBL: 52 fields
2025-09-04 08:44:15,542 - INFO - Completed analysis for VBL: Score=43.9, Recommendation=WEAK SELL
2025-09-04 08:44:15,631 - INFO - Enhanced technical analysis completed for UNITDSPR: 52 fields
2025-09-04 08:44:15,669 - INFO - Completed analysis for UNITDSPR: Score=31.7, Recommendation=SELL
2025-09-04 08:44:15,780 - INFO - Comprehensive data extracted for VMM
2025-09-04 08:44:15,780 - INFO - Fundamental analysis completed for VMM: 58 fields
2025-09-04 08:44:15,891 - INFO - Enhanced technical analysis completed for VMM: 52 fields
2025-09-04 08:44:15,941 - INFO - Completed analysis for VMM: Score=34.2, Recommendation=SELL
2025-09-04 08:44:15,997 - INFO - Comprehensive data extracted for IDEA
2025-09-04 08:44:15,999 - INFO - Fundamental analysis completed for IDEA: 58 fields
2025-09-04 08:44:16,097 - INFO - Enhanced technical analysis completed for IDEA: 52 fields
2025-09-04 08:44:16,143 - INFO - Completed analysis for IDEA: Score=57.2, Recommendation=HOLD
2025-09-04 08:44:21,771 - INFO - Comprehensive data extracted for VOLTAS
2025-09-04 08:44:21,771 - INFO - Fundamental analysis completed for VOLTAS: 58 fields
2025-09-04 08:44:21,918 - INFO - Comprehensive data extracted for WIPRO
2025-09-04 08:44:21,918 - INFO - Fundamental analysis completed for WIPRO: 58 fields
2025-09-04 08:44:21,975 - INFO - Comprehensive data extracted for WAAREEENER
2025-09-04 08:44:21,976 - INFO - Fundamental analysis completed for WAAREEENER: 58 fields
2025-09-04 08:44:22,036 - INFO - Enhanced technical analysis completed for VOLTAS: 52 fields
2025-09-04 08:44:22,128 - INFO - Enhanced technical analysis completed for WIPRO: 52 fields
2025-09-04 08:44:22,141 - INFO - Completed analysis for VOLTAS: Score=28.7, Recommendation=SELL
2025-09-04 08:44:22,182 - INFO - Completed analysis for WIPRO: Score=65.8, Recommendation=BUY
2025-09-04 08:44:22,325 - INFO - Enhanced technical analysis completed for WAAREEENER: 52 fields
2025-09-04 08:44:22,374 - INFO - Completed analysis for WAAREEENER: Score=37.9, Recommendation=SELL
2025-09-04 08:44:22,530 - INFO - Comprehensive data extracted for YESBANK
2025-09-04 08:44:22,530 - INFO - Fundamental analysis completed for YESBANK: 58 fields
2025-09-04 08:44:22,650 - INFO - Enhanced technical analysis completed for YESBANK: 52 fields
2025-09-04 08:44:22,684 - INFO - Completed analysis for YESBANK: Score=75.4, Recommendation=STRONG BUY
2025-09-04 08:44:22,752 - INFO - Comprehensive data extracted for ZYDUSLIFE
2025-09-04 08:44:22,752 - INFO - Fundamental analysis completed for ZYDUSLIFE: 58 fields
2025-09-04 08:44:23,087 - INFO - Enhanced technical analysis completed for ZYDUSLIFE: 52 fields
2025-09-04 08:44:23,126 - INFO - Completed analysis for ZYDUSLIFE: Score=50.5, Recommendation=HOLD
2025-09-04 08:44:23,126 - INFO - Batch analysis completed: 200 results, 0 failures
2025-09-04 08:44:23,353 - INFO - Calculated sector rankings for 11 sectors
2025-09-04 08:45:01,040 - INFO - Completed risk-return analysis
2025-09-04 08:45:01,060 - INFO - Generated portfolio allocation for 10 stocks
2025-09-04 08:45:06,037 - INFO - Enhanced Excel report generated: reports/Enhanced_Stock_Report_20250904_084501.xlsx, Size: 289640 bytes
