2025-08-31 18:13:51,738 - INFO - Top 200 NSE Stock Analysis Initialized
2025-08-31 18:13:51,738 - INFO - Starting batch analysis of 200 stocks
2025-08-31 18:13:52,838 - INFO - Comprehensive data extracted for HDFCBANK
2025-08-31 18:13:52,838 - INFO - Comprehensive data extracted for TCS
2025-08-31 18:13:52,854 - INFO - Comprehensive data extracted for RELIANCE
2025-08-31 18:13:52,854 - INFO - Fundamental analysis completed for TCS: 58 fields
2025-08-31 18:13:52,854 - INFO - Fundamental analysis completed for HDFCBANK: 58 fields
2025-08-31 18:13:52,854 - INFO - Fundamental analysis completed for RELIANCE: 58 fields
2025-08-31 18:13:53,075 - INFO - Enhanced technical analysis completed for TCS: 52 fields
2025-08-31 18:13:53,099 - INFO - Enhanced technical analysis completed for HDFCBANK: 52 fields
2025-08-31 18:13:53,191 - INFO - Enhanced technical analysis completed for RELIANCE: 52 fields
2025-08-31 18:13:53,689 - INFO - Comprehensive data extracted for ICICIBANK
2025-08-31 18:13:53,689 - INFO - Fundamental analysis completed for ICICIBANK: 58 fields
2025-08-31 18:13:53,794 - INFO - Comprehensive data extracted for INFY
2025-08-31 18:13:53,794 - INFO - Fundamental analysis completed for INFY: 58 fields
2025-08-31 18:13:53,900 - INFO - Enhanced technical analysis completed for ICICIBANK: 52 fields
2025-08-31 18:13:54,040 - INFO - Enhanced technical analysis completed for INFY: 52 fields
2025-08-31 18:13:59,641 - INFO - Comprehensive data extracted for SBIN
2025-08-31 18:13:59,641 - INFO - Fundamental analysis completed for SBIN: 58 fields
2025-08-31 18:13:59,724 - INFO - Comprehensive data extracted for HINDUNILVR
2025-08-31 18:13:59,725 - INFO - Fundamental analysis completed for HINDUNILVR: 58 fields
2025-08-31 18:13:59,775 - INFO - Comprehensive data extracted for ITC
2025-08-31 18:13:59,777 - INFO - Fundamental analysis completed for ITC: 58 fields
2025-08-31 18:13:59,834 - INFO - Enhanced technical analysis completed for SBIN: 52 fields
2025-08-31 18:13:59,981 - INFO - Enhanced technical analysis completed for HINDUNILVR: 52 fields
2025-08-31 18:14:00,014 - INFO - Enhanced technical analysis completed for ITC: 52 fields
2025-08-31 18:14:00,444 - INFO - Comprehensive data extracted for BHARTIARTL
2025-08-31 18:14:00,444 - INFO - Fundamental analysis completed for BHARTIARTL: 58 fields
2025-08-31 18:14:00,530 - INFO - Comprehensive data extracted for KOTAKBANK
2025-08-31 18:14:00,530 - INFO - Fundamental analysis completed for KOTAKBANK: 58 fields
2025-08-31 18:14:00,618 - INFO - Enhanced technical analysis completed for BHARTIARTL: 52 fields
2025-08-31 18:14:00,736 - INFO - Enhanced technical analysis completed for KOTAKBANK: 52 fields
2025-08-31 18:14:06,344 - INFO - Comprehensive data extracted for BAJFINANCE
2025-08-31 18:14:06,344 - INFO - Fundamental analysis completed for BAJFINANCE: 58 fields
2025-08-31 18:14:06,374 - INFO - Comprehensive data extracted for AXISBANK
2025-08-31 18:14:06,396 - INFO - Comprehensive data extracted for LT
2025-08-31 18:14:06,397 - INFO - Fundamental analysis completed for AXISBANK: 58 fields
2025-08-31 18:14:06,397 - INFO - Fundamental analysis completed for LT: 58 fields
2025-08-31 18:14:06,580 - INFO - Enhanced technical analysis completed for BAJFINANCE: 52 fields
2025-08-31 18:14:06,600 - INFO - Enhanced technical analysis completed for AXISBANK: 52 fields
2025-08-31 18:14:06,654 - INFO - Enhanced technical analysis completed for LT: 52 fields
2025-08-31 18:14:07,211 - INFO - Comprehensive data extracted for MARUTI
2025-08-31 18:14:07,211 - INFO - Fundamental analysis completed for MARUTI: 58 fields
2025-08-31 18:14:07,335 - INFO - Comprehensive data extracted for ASIANPAINT
2025-08-31 18:14:07,335 - INFO - Fundamental analysis completed for ASIANPAINT: 58 fields
2025-08-31 18:14:07,530 - INFO - Enhanced technical analysis completed for MARUTI: 52 fields
2025-08-31 18:14:07,564 - INFO - Enhanced technical analysis completed for ASIANPAINT: 52 fields
2025-08-31 18:14:13,224 - INFO - Comprehensive data extracted for HCLTECH
2025-08-31 18:14:13,224 - INFO - Fundamental analysis completed for HCLTECH: 58 fields
2025-08-31 18:14:13,262 - INFO - Comprehensive data extracted for SUNPHARMA
2025-08-31 18:14:13,263 - INFO - Fundamental analysis completed for SUNPHARMA: 58 fields
2025-08-31 18:14:13,327 - INFO - Comprehensive data extracted for ULTRACEMCO
2025-08-31 18:14:13,339 - INFO - Fundamental analysis completed for ULTRACEMCO: 58 fields
2025-08-31 18:14:13,470 - INFO - Enhanced technical analysis completed for HCLTECH: 52 fields
2025-08-31 18:14:13,540 - INFO - Enhanced technical analysis completed for SUNPHARMA: 52 fields
2025-08-31 18:14:13,571 - INFO - Enhanced technical analysis completed for ULTRACEMCO: 52 fields
2025-08-31 18:14:14,111 - INFO - Comprehensive data extracted for WIPRO
2025-08-31 18:14:14,123 - INFO - Fundamental analysis completed for WIPRO: 58 fields
2025-08-31 18:14:14,278 - INFO - Comprehensive data extracted for TITAN
2025-08-31 18:14:14,279 - INFO - Fundamental analysis completed for TITAN: 58 fields
2025-08-31 18:14:14,411 - INFO - Enhanced technical analysis completed for WIPRO: 52 fields
2025-08-31 18:14:14,568 - INFO - Enhanced technical analysis completed for TITAN: 52 fields
2025-08-31 18:14:20,177 - INFO - Comprehensive data extracted for TECHM
2025-08-31 18:14:20,177 - INFO - Fundamental analysis completed for TECHM: 58 fields
2025-08-31 18:14:20,298 - INFO - Comprehensive data extracted for NESTLEIND
2025-08-31 18:14:20,299 - INFO - Fundamental analysis completed for NESTLEIND: 58 fields
2025-08-31 18:14:20,376 - INFO - Enhanced technical analysis completed for TECHM: 52 fields
2025-08-31 18:14:20,391 - INFO - Comprehensive data extracted for BAJAJFINSV
2025-08-31 18:14:20,391 - INFO - Fundamental analysis completed for BAJAJFINSV: 58 fields
2025-08-31 18:14:20,517 - INFO - Enhanced technical analysis completed for NESTLEIND: 52 fields
2025-08-31 18:14:20,576 - INFO - Enhanced technical analysis completed for BAJAJFINSV: 52 fields
2025-08-31 18:14:21,024 - INFO - Comprehensive data extracted for POWERGRID
2025-08-31 18:14:21,025 - INFO - Fundamental analysis completed for POWERGRID: 58 fields
2025-08-31 18:14:21,122 - INFO - Comprehensive data extracted for NTPC
2025-08-31 18:14:21,123 - INFO - Fundamental analysis completed for NTPC: 58 fields
2025-08-31 18:14:21,218 - INFO - Enhanced technical analysis completed for POWERGRID: 52 fields
2025-08-31 18:14:21,408 - INFO - Enhanced technical analysis completed for NTPC: 52 fields
2025-08-31 18:14:27,006 - INFO - Comprehensive data extracted for HDFCLIFE
2025-08-31 18:14:27,007 - INFO - Fundamental analysis completed for HDFCLIFE: 58 fields
2025-08-31 18:14:27,189 - INFO - Comprehensive data extracted for TATACONSUM
2025-08-31 18:14:27,190 - INFO - Fundamental analysis completed for TATACONSUM: 58 fields
2025-08-31 18:14:27,190 - INFO - Enhanced technical analysis completed for HDFCLIFE: 52 fields
2025-08-31 18:14:27,212 - INFO - Comprehensive data extracted for DIVISLAB
2025-08-31 18:14:27,214 - INFO - Fundamental analysis completed for DIVISLAB: 58 fields
2025-08-31 18:14:27,415 - INFO - Enhanced technical analysis completed for DIVISLAB: 52 fields
2025-08-31 18:14:27,440 - INFO - Enhanced technical analysis completed for TATACONSUM: 52 fields
2025-08-31 18:14:27,756 - INFO - Comprehensive data extracted for TATAMOTORS
2025-08-31 18:14:27,756 - INFO - Fundamental analysis completed for TATAMOTORS: 58 fields
2025-08-31 18:14:27,974 - INFO - Comprehensive data extracted for COALINDIA
2025-08-31 18:14:27,974 - INFO - Enhanced technical analysis completed for TATAMOTORS: 52 fields
2025-08-31 18:14:27,975 - INFO - Fundamental analysis completed for COALINDIA: 58 fields
2025-08-31 18:14:28,158 - INFO - Enhanced technical analysis completed for COALINDIA: 52 fields
2025-08-31 18:14:33,750 - INFO - Comprehensive data extracted for ADANIGREEN
2025-08-31 18:14:33,756 - INFO - Comprehensive data extracted for ADANIPORTS
2025-08-31 18:14:33,775 - INFO - Fundamental analysis completed for ADANIGREEN: 58 fields
2025-08-31 18:14:33,779 - INFO - Fundamental analysis completed for ADANIPORTS: 58 fields
2025-08-31 18:14:33,783 - INFO - Comprehensive data extracted for ADANIENT
2025-08-31 18:14:33,786 - INFO - Fundamental analysis completed for ADANIENT: 58 fields
2025-08-31 18:14:33,942 - INFO - Enhanced technical analysis completed for ADANIGREEN: 52 fields
2025-08-31 18:14:34,101 - INFO - Enhanced technical analysis completed for ADANIPORTS: 52 fields
2025-08-31 18:14:34,105 - INFO - Enhanced technical analysis completed for ADANIENT: 52 fields
2025-08-31 18:14:34,682 - INFO - Comprehensive data extracted for AMBUJACEM
2025-08-31 18:14:34,691 - INFO - Comprehensive data extracted for APOLLOHOSP
2025-08-31 18:14:34,691 - INFO - Fundamental analysis completed for AMBUJACEM: 58 fields
2025-08-31 18:14:34,691 - INFO - Fundamental analysis completed for APOLLOHOSP: 58 fields
2025-08-31 18:14:34,839 - INFO - Enhanced technical analysis completed for APOLLOHOSP: 52 fields
2025-08-31 18:14:34,929 - INFO - Enhanced technical analysis completed for AMBUJACEM: 52 fields
2025-08-31 18:14:40,536 - INFO - Comprehensive data extracted for BAJAJ-AUTO
2025-08-31 18:14:40,536 - INFO - Fundamental analysis completed for BAJAJ-AUTO: 58 fields
2025-08-31 18:14:40,562 - INFO - Comprehensive data extracted for AUROPHARMA
2025-08-31 18:14:40,562 - INFO - Fundamental analysis completed for AUROPHARMA: 58 fields
2025-08-31 18:14:40,750 - INFO - Enhanced technical analysis completed for BAJAJ-AUTO: 52 fields
2025-08-31 18:14:40,800 - INFO - Comprehensive data extracted for BANDHANBNK
2025-08-31 18:14:40,806 - INFO - Fundamental analysis completed for BANDHANBNK: 58 fields
2025-08-31 18:14:40,840 - INFO - Enhanced technical analysis completed for AUROPHARMA: 52 fields
2025-08-31 18:14:41,014 - INFO - Enhanced technical analysis completed for BANDHANBNK: 52 fields
2025-08-31 18:14:41,289 - INFO - Comprehensive data extracted for BANKBARODA
2025-08-31 18:14:41,289 - INFO - Fundamental analysis completed for BANKBARODA: 58 fields
2025-08-31 18:14:41,348 - INFO - Comprehensive data extracted for BERGEPAINT
2025-08-31 18:14:41,349 - INFO - Fundamental analysis completed for BERGEPAINT: 58 fields
2025-08-31 18:14:41,480 - INFO - Enhanced technical analysis completed for BANKBARODA: 52 fields
2025-08-31 18:14:41,541 - INFO - Enhanced technical analysis completed for BERGEPAINT: 52 fields
2025-08-31 18:14:47,553 - INFO - Comprehensive data extracted for BPCL
2025-08-31 18:14:47,554 - INFO - Fundamental analysis completed for BPCL: 58 fields
2025-08-31 18:14:47,782 - INFO - Enhanced technical analysis completed for BPCL: 52 fields
2025-08-31 18:14:48,151 - INFO - Comprehensive data extracted for BIOCON
2025-08-31 18:14:48,151 - INFO - Fundamental analysis completed for BIOCON: 58 fields
2025-08-31 18:14:48,298 - INFO - Enhanced technical analysis completed for BIOCON: 52 fields
2025-08-31 18:14:48,327 - INFO - Comprehensive data extracted for BOSCHLTD
2025-08-31 18:14:48,329 - INFO - Fundamental analysis completed for BOSCHLTD: 58 fields
2025-08-31 18:14:48,393 - INFO - Comprehensive data extracted for BRITANNIA
2025-08-31 18:14:48,396 - INFO - Fundamental analysis completed for BRITANNIA: 58 fields
2025-08-31 18:14:48,475 - INFO - Enhanced technical analysis completed for BOSCHLTD: 52 fields
2025-08-31 18:14:48,623 - INFO - Enhanced technical analysis completed for BRITANNIA: 52 fields
2025-08-31 18:14:48,796 - INFO - Comprehensive data extracted for CHOLAFIN
2025-08-31 18:14:48,796 - INFO - Fundamental analysis completed for CHOLAFIN: 58 fields
2025-08-31 18:14:48,946 - INFO - Enhanced technical analysis completed for CHOLAFIN: 52 fields
2025-08-31 18:14:54,528 - INFO - Comprehensive data extracted for CIPLA
2025-08-31 18:14:54,528 - INFO - Fundamental analysis completed for CIPLA: 58 fields
2025-08-31 18:14:54,641 - INFO - Comprehensive data extracted for DLF
2025-08-31 18:14:54,642 - INFO - Fundamental analysis completed for DLF: 58 fields
2025-08-31 18:14:54,663 - INFO - Comprehensive data extracted for COLPAL
2025-08-31 18:14:54,664 - INFO - Fundamental analysis completed for COLPAL: 58 fields
2025-08-31 18:14:54,779 - INFO - Enhanced technical analysis completed for CIPLA: 52 fields
2025-08-31 18:14:54,891 - INFO - Enhanced technical analysis completed for DLF: 52 fields
2025-08-31 18:14:54,928 - INFO - Enhanced technical analysis completed for COLPAL: 52 fields
2025-08-31 18:14:55,295 - INFO - Comprehensive data extracted for DABUR
2025-08-31 18:14:55,295 - INFO - Fundamental analysis completed for DABUR: 58 fields
2025-08-31 18:14:55,390 - INFO - Comprehensive data extracted for DMART
2025-08-31 18:14:55,390 - INFO - Fundamental analysis completed for DMART: 58 fields
2025-08-31 18:14:55,498 - INFO - Enhanced technical analysis completed for DMART: 52 fields
2025-08-31 18:14:55,558 - INFO - Enhanced technical analysis completed for DABUR: 52 fields
2025-08-31 18:15:01,078 - INFO - Comprehensive data extracted for EICHERMOT
2025-08-31 18:15:01,079 - INFO - Fundamental analysis completed for EICHERMOT: 58 fields
2025-08-31 18:15:01,113 - INFO - Comprehensive data extracted for DRREDDY
2025-08-31 18:15:01,113 - INFO - Fundamental analysis completed for DRREDDY: 58 fields
2025-08-31 18:15:01,201 - INFO - Comprehensive data extracted for GAIL
2025-08-31 18:15:01,201 - INFO - Fundamental analysis completed for GAIL: 58 fields
2025-08-31 18:15:01,280 - INFO - Enhanced technical analysis completed for DRREDDY: 52 fields
2025-08-31 18:15:01,359 - INFO - Enhanced technical analysis completed for EICHERMOT: 52 fields
2025-08-31 18:15:01,609 - INFO - Enhanced technical analysis completed for GAIL: 52 fields
2025-08-31 18:15:01,764 - INFO - Comprehensive data extracted for GLAND
2025-08-31 18:15:01,765 - INFO - Fundamental analysis completed for GLAND: 58 fields
2025-08-31 18:15:01,870 - INFO - Enhanced technical analysis completed for GLAND: 52 fields
2025-08-31 18:15:01,937 - INFO - Comprehensive data extracted for GODREJCP
2025-08-31 18:15:01,942 - INFO - Fundamental analysis completed for GODREJCP: 58 fields
2025-08-31 18:15:02,342 - INFO - Enhanced technical analysis completed for GODREJCP: 52 fields
2025-08-31 18:15:07,835 - INFO - Comprehensive data extracted for HDFCAMC
2025-08-31 18:15:07,836 - INFO - Fundamental analysis completed for HDFCAMC: 58 fields
2025-08-31 18:15:07,990 - INFO - Comprehensive data extracted for GRASIM
2025-08-31 18:15:07,990 - INFO - Fundamental analysis completed for GRASIM: 58 fields
2025-08-31 18:15:08,063 - INFO - Comprehensive data extracted for HAVELLS
2025-08-31 18:15:08,080 - INFO - Fundamental analysis completed for HAVELLS: 58 fields
2025-08-31 18:15:08,109 - INFO - Enhanced technical analysis completed for HDFCAMC: 52 fields
2025-08-31 18:15:08,174 - INFO - Enhanced technical analysis completed for GRASIM: 52 fields
2025-08-31 18:15:08,341 - INFO - Enhanced technical analysis completed for HAVELLS: 52 fields
2025-08-31 18:15:08,620 - INFO - Comprehensive data extracted for HAL
2025-08-31 18:15:08,620 - INFO - Fundamental analysis completed for HAL: 58 fields
2025-08-31 18:15:08,674 - INFO - Comprehensive data extracted for INDIGO
2025-08-31 18:15:08,674 - INFO - Fundamental analysis completed for INDIGO: 58 fields
2025-08-31 18:15:08,742 - INFO - Enhanced technical analysis completed for HAL: 52 fields
2025-08-31 18:15:08,907 - INFO - Enhanced technical analysis completed for INDIGO: 52 fields
2025-08-31 18:15:14,378 - INFO - Comprehensive data extracted for JUBLFOOD
2025-08-31 18:15:14,379 - INFO - Fundamental analysis completed for JUBLFOOD: 58 fields
2025-08-31 18:15:14,496 - INFO - Comprehensive data extracted for LICI
2025-08-31 18:15:14,514 - INFO - Fundamental analysis completed for LICI: 58 fields
2025-08-31 18:15:14,514 - INFO - Enhanced technical analysis completed for JUBLFOOD: 52 fields
2025-08-31 18:15:14,544 - INFO - Comprehensive data extracted for JINDALSTEL
2025-08-31 18:15:14,544 - INFO - Fundamental analysis completed for JINDALSTEL: 58 fields
2025-08-31 18:15:14,681 - INFO - Enhanced technical analysis completed for JINDALSTEL: 52 fields
2025-08-31 18:15:14,778 - INFO - Enhanced technical analysis completed for LICI: 52 fields
2025-08-31 18:15:15,097 - INFO - Comprehensive data extracted for LUPIN
2025-08-31 18:15:15,097 - INFO - Fundamental analysis completed for LUPIN: 58 fields
2025-08-31 18:15:15,236 - INFO - Enhanced technical analysis completed for LUPIN: 52 fields
2025-08-31 18:15:15,263 - INFO - Comprehensive data extracted for MUTHOOTFIN
2025-08-31 18:15:15,263 - INFO - Fundamental analysis completed for MUTHOOTFIN: 58 fields
2025-08-31 18:15:15,489 - INFO - Enhanced technical analysis completed for MUTHOOTFIN: 52 fields
2025-08-31 18:15:21,002 - INFO - Comprehensive data extracted for NAUKRI
2025-08-31 18:15:21,002 - INFO - Fundamental analysis completed for NAUKRI: 58 fields
2025-08-31 18:15:21,075 - INFO - Comprehensive data extracted for NMDC
2025-08-31 18:15:21,075 - INFO - Fundamental analysis completed for NMDC: 58 fields
2025-08-31 18:15:21,209 - INFO - Enhanced technical analysis completed for NMDC: 52 fields
2025-08-31 18:15:21,263 - INFO - Comprehensive data extracted for ONGC
2025-08-31 18:15:21,275 - INFO - Fundamental analysis completed for ONGC: 58 fields
2025-08-31 18:15:21,310 - INFO - Enhanced technical analysis completed for NAUKRI: 52 fields
2025-08-31 18:15:21,513 - INFO - Enhanced technical analysis completed for ONGC: 52 fields
2025-08-31 18:15:21,919 - INFO - Comprehensive data extracted for PIDILITIND
2025-08-31 18:15:21,919 - INFO - Fundamental analysis completed for PIDILITIND: 58 fields
2025-08-31 18:15:22,066 - INFO - Enhanced technical analysis completed for PIDILITIND: 52 fields
2025-08-31 18:15:22,159 - INFO - Comprehensive data extracted for SAIL
2025-08-31 18:15:22,159 - INFO - Fundamental analysis completed for SAIL: 58 fields
2025-08-31 18:15:22,415 - INFO - Enhanced technical analysis completed for SAIL: 52 fields
2025-08-31 18:15:27,945 - INFO - Comprehensive data extracted for SBICARD
2025-08-31 18:15:27,952 - INFO - Fundamental analysis completed for SBICARD: 58 fields
2025-08-31 18:15:28,064 - INFO - Enhanced technical analysis completed for SBICARD: 52 fields
2025-08-31 18:15:28,184 - INFO - Comprehensive data extracted for SIEMENS
2025-08-31 18:15:28,184 - INFO - Fundamental analysis completed for SIEMENS: 58 fields
2025-08-31 18:15:28,209 - INFO - Comprehensive data extracted for SBILIFE
2025-08-31 18:15:28,211 - INFO - Fundamental analysis completed for SBILIFE: 58 fields
2025-08-31 18:15:28,426 - INFO - Enhanced technical analysis completed for SBILIFE: 52 fields
2025-08-31 18:15:28,480 - INFO - Enhanced technical analysis completed for SIEMENS: 52 fields
2025-08-31 18:15:28,542 - INFO - Comprehensive data extracted for TATACHEM
2025-08-31 18:15:28,579 - INFO - Fundamental analysis completed for TATACHEM: 58 fields
2025-08-31 18:15:28,721 - INFO - Enhanced technical analysis completed for TATACHEM: 52 fields
2025-08-31 18:15:29,056 - INFO - Comprehensive data extracted for TATAPOWER
2025-08-31 18:15:29,069 - INFO - Fundamental analysis completed for TATAPOWER: 58 fields
2025-08-31 18:15:29,303 - INFO - Enhanced technical analysis completed for TATAPOWER: 52 fields
2025-08-31 18:15:34,885 - INFO - Comprehensive data extracted for FEDERALBNK
2025-08-31 18:15:34,904 - INFO - Comprehensive data extracted for UPL
2025-08-31 18:15:34,904 - INFO - Fundamental analysis completed for FEDERALBNK: 58 fields
2025-08-31 18:15:34,907 - INFO - Fundamental analysis completed for UPL: 58 fields
2025-08-31 18:15:35,058 - INFO - Enhanced technical analysis completed for FEDERALBNK: 52 fields
2025-08-31 18:15:35,081 - INFO - Comprehensive data extracted for TORNTPHARM
2025-08-31 18:15:35,082 - INFO - Fundamental analysis completed for TORNTPHARM: 58 fields
2025-08-31 18:15:35,164 - INFO - Enhanced technical analysis completed for UPL: 52 fields
2025-08-31 18:15:35,231 - INFO - Enhanced technical analysis completed for TORNTPHARM: 52 fields
2025-08-31 18:15:35,605 - INFO - Comprehensive data extracted for INDUSINDBK
2025-08-31 18:15:35,605 - INFO - Fundamental analysis completed for INDUSINDBK: 58 fields
2025-08-31 18:15:35,649 - INFO - Comprehensive data extracted for IDFCFIRSTB
2025-08-31 18:15:35,651 - INFO - Fundamental analysis completed for IDFCFIRSTB: 58 fields
2025-08-31 18:15:35,863 - INFO - Enhanced technical analysis completed for INDUSINDBK: 52 fields
2025-08-31 18:15:35,900 - INFO - Enhanced technical analysis completed for IDFCFIRSTB: 52 fields
2025-08-31 18:15:41,540 - INFO - Comprehensive data extracted for CANBK
2025-08-31 18:15:41,540 - INFO - Fundamental analysis completed for CANBK: 58 fields
2025-08-31 18:15:41,619 - INFO - Comprehensive data extracted for PNB
2025-08-31 18:15:41,619 - INFO - Fundamental analysis completed for PNB: 58 fields
2025-08-31 18:15:41,640 - INFO - Comprehensive data extracted for INDIANB
2025-08-31 18:15:41,641 - INFO - Fundamental analysis completed for INDIANB: 58 fields
2025-08-31 18:15:41,782 - INFO - Enhanced technical analysis completed for INDIANB: 52 fields
2025-08-31 18:15:41,844 - INFO - Enhanced technical analysis completed for CANBK: 52 fields
2025-08-31 18:15:41,880 - INFO - Enhanced technical analysis completed for PNB: 52 fields
2025-08-31 18:15:42,337 - INFO - Comprehensive data extracted for UNIONBANK
2025-08-31 18:15:42,338 - INFO - Fundamental analysis completed for UNIONBANK: 58 fields
2025-08-31 18:15:42,566 - INFO - Enhanced technical analysis completed for UNIONBANK: 52 fields
2025-08-31 18:15:42,647 - INFO - Comprehensive data extracted for JSWSTEEL
2025-08-31 18:15:42,647 - INFO - Fundamental analysis completed for JSWSTEEL: 58 fields
2025-08-31 18:15:42,876 - INFO - Enhanced technical analysis completed for JSWSTEEL: 52 fields
2025-08-31 18:15:48,478 - INFO - Comprehensive data extracted for VEDL
2025-08-31 18:15:48,478 - INFO - Fundamental analysis completed for VEDL: 58 fields
2025-08-31 18:15:48,551 - INFO - Comprehensive data extracted for HINDALCO
2025-08-31 18:15:48,552 - INFO - Fundamental analysis completed for HINDALCO: 58 fields
2025-08-31 18:15:48,557 - INFO - Comprehensive data extracted for HEROMOTOCO
2025-08-31 18:15:48,557 - INFO - Fundamental analysis completed for HEROMOTOCO: 58 fields
2025-08-31 18:15:48,831 - INFO - Enhanced technical analysis completed for HEROMOTOCO: 52 fields
2025-08-31 18:15:48,876 - INFO - Enhanced technical analysis completed for HINDALCO: 52 fields
2025-08-31 18:15:48,949 - INFO - Enhanced technical analysis completed for VEDL: 52 fields
2025-08-31 18:15:49,470 - INFO - Comprehensive data extracted for SHREECEM
2025-08-31 18:15:49,471 - INFO - Fundamental analysis completed for SHREECEM: 58 fields
2025-08-31 18:15:49,609 - INFO - Enhanced technical analysis completed for SHREECEM: 52 fields
2025-08-31 18:15:59,085 - INFO - Comprehensive data extracted for BAJAJHLDNG
2025-08-31 18:15:59,085 - INFO - Fundamental analysis completed for BAJAJHLDNG: 58 fields
2025-08-31 18:15:59,315 - INFO - Enhanced technical analysis completed for BAJAJHLDNG: 52 fields
2025-08-31 18:16:04,813 - INFO - Comprehensive data extracted for GODREJPROP
2025-08-31 18:16:04,814 - INFO - Fundamental analysis completed for GODREJPROP: 58 fields
2025-08-31 18:16:04,933 - INFO - Enhanced technical analysis completed for GODREJPROP: 52 fields
2025-08-31 18:16:04,957 - INFO - Comprehensive data extracted for OBEROIRLTY
2025-08-31 18:16:04,958 - INFO - Fundamental analysis completed for OBEROIRLTY: 58 fields
2025-08-31 18:16:05,014 - INFO - Comprehensive data extracted for PRESTIGE
2025-08-31 18:16:05,014 - INFO - Fundamental analysis completed for PRESTIGE: 58 fields
2025-08-31 18:16:05,184 - INFO - Enhanced technical analysis completed for OBEROIRLTY: 52 fields
2025-08-31 18:16:05,241 - INFO - Enhanced technical analysis completed for PRESTIGE: 52 fields
2025-08-31 18:16:05,741 - INFO - Comprehensive data extracted for SOBHA
2025-08-31 18:16:05,741 - INFO - Fundamental analysis completed for SOBHA: 58 fields
2025-08-31 18:16:05,890 - INFO - Comprehensive data extracted for BRIGADE
2025-08-31 18:16:05,890 - INFO - Fundamental analysis completed for BRIGADE: 58 fields
2025-08-31 18:16:05,965 - INFO - Enhanced technical analysis completed for SOBHA: 52 fields
2025-08-31 18:16:06,095 - INFO - Enhanced technical analysis completed for BRIGADE: 52 fields
2025-08-31 18:16:11,688 - INFO - Comprehensive data extracted for MPHASIS
2025-08-31 18:16:11,688 - INFO - Fundamental analysis completed for MPHASIS: 58 fields
2025-08-31 18:16:11,974 - INFO - Comprehensive data extracted for LTIM
2025-08-31 18:16:11,990 - INFO - Fundamental analysis completed for LTIM: 58 fields
2025-08-31 18:16:12,199 - INFO - Enhanced technical analysis completed for LTIM: 52 fields
2025-08-31 18:16:12,364 - INFO - Enhanced technical analysis completed for MPHASIS: 52 fields
2025-08-31 18:16:12,432 - ERROR - $MINDTREE.NS: possibly delisted; no price data found  (period=1y) (Yahoo error = "No data found, symbol may be delisted")
2025-08-31 18:16:12,432 - INFO - Comprehensive data extracted for MINDTREE
2025-08-31 18:16:12,432 - INFO - Fundamental analysis completed for MINDTREE: 53 fields
2025-08-31 18:16:12,918 - ERROR - $MINDTREE.NS: possibly delisted; no price data found  (period=6mo) (Yahoo error = "No data found, symbol may be delisted")
2025-08-31 18:16:12,921 - WARNING - Enhanced technical analysis failed for MINDTREE
2025-08-31 18:16:13,076 - INFO - Comprehensive data extracted for PERSISTENT
2025-08-31 18:16:13,076 - INFO - Fundamental analysis completed for PERSISTENT: 58 fields
2025-08-31 18:16:13,177 - INFO - Comprehensive data extracted for COFORGE
2025-08-31 18:16:13,178 - INFO - Fundamental analysis completed for COFORGE: 58 fields
2025-08-31 18:16:13,379 - INFO - Enhanced technical analysis completed for COFORGE: 52 fields
2025-08-31 18:16:13,410 - ERROR - $MINDTREE.NS: possibly delisted; no price data found  (period=1y) (Yahoo error = "No data found, symbol may be delisted")
2025-08-31 18:16:13,495 - INFO - Enhanced technical analysis completed for PERSISTENT: 52 fields
2025-08-31 18:16:19,070 - INFO - Comprehensive data extracted for IRCTC
2025-08-31 18:16:19,072 - INFO - Fundamental analysis completed for IRCTC: 58 fields
2025-08-31 18:16:19,107 - INFO - Comprehensive data extracted for OFSS
2025-08-31 18:16:19,107 - INFO - Fundamental analysis completed for OFSS: 58 fields
2025-08-31 18:16:19,198 - INFO - Enhanced technical analysis completed for IRCTC: 52 fields
2025-08-31 18:16:19,276 - INFO - Enhanced technical analysis completed for OFSS: 52 fields
2025-08-31 18:16:19,310 - INFO - Comprehensive data extracted for FSL
2025-08-31 18:16:19,315 - INFO - Fundamental analysis completed for FSL: 58 fields
2025-08-31 18:16:19,524 - INFO - Enhanced technical analysis completed for FSL: 52 fields
2025-08-31 18:16:19,758 - ERROR - HTTP Error 404: 
2025-08-31 18:16:19,891 - INFO - Comprehensive data extracted for PAYTM
2025-08-31 18:16:19,891 - INFO - Fundamental analysis completed for PAYTM: 58 fields
2025-08-31 18:16:19,998 - INFO - Enhanced technical analysis completed for PAYTM: 52 fields
2025-08-31 18:16:20,924 - ERROR - $ZOMATO.NS: possibly delisted; no price data found  (period=1y) (Yahoo error = "No data found, symbol may be delisted")
2025-08-31 18:16:20,924 - INFO - Comprehensive data extracted for ZOMATO
2025-08-31 18:16:20,924 - INFO - Fundamental analysis completed for ZOMATO: 53 fields
2025-08-31 18:16:21,475 - ERROR - $ZOMATO.NS: possibly delisted; no price data found  (period=6mo) (Yahoo error = "No data found, symbol may be delisted")
2025-08-31 18:16:21,475 - WARNING - Enhanced technical analysis failed for ZOMATO
2025-08-31 18:16:21,834 - ERROR - $ZOMATO.NS: possibly delisted; no price data found  (period=1y) (Yahoo error = "No data found, symbol may be delisted")
2025-08-31 18:16:27,274 - INFO - Comprehensive data extracted for NYKAA
2025-08-31 18:16:27,274 - INFO - Fundamental analysis completed for NYKAA: 58 fields
2025-08-31 18:16:27,464 - INFO - Comprehensive data extracted for CARTRADE
2025-08-31 18:16:27,472 - INFO - Fundamental analysis completed for CARTRADE: 58 fields
2025-08-31 18:16:27,491 - INFO - Enhanced technical analysis completed for NYKAA: 52 fields
2025-08-31 18:16:27,649 - INFO - Enhanced technical analysis completed for CARTRADE: 52 fields
2025-08-31 18:16:27,676 - INFO - Comprehensive data extracted for POLICYBZR
2025-08-31 18:16:27,677 - INFO - Fundamental analysis completed for POLICYBZR: 58 fields
2025-08-31 18:16:27,859 - INFO - Enhanced technical analysis completed for POLICYBZR: 52 fields
2025-08-31 18:16:28,040 - INFO - Comprehensive data extracted for EASEMYTRIP
2025-08-31 18:16:28,040 - INFO - Fundamental analysis completed for EASEMYTRIP: 58 fields
2025-08-31 18:16:28,063 - INFO - Comprehensive data extracted for TATASTEEL
2025-08-31 18:16:28,063 - INFO - Fundamental analysis completed for TATASTEEL: 58 fields
2025-08-31 18:16:28,148 - INFO - Enhanced technical analysis completed for EASEMYTRIP: 52 fields
2025-08-31 18:16:28,241 - INFO - Enhanced technical analysis completed for TATASTEEL: 52 fields
2025-08-31 18:16:33,702 - INFO - Comprehensive data extracted for ADANIPOWER
2025-08-31 18:16:33,702 - INFO - Fundamental analysis completed for ADANIPOWER: 58 fields
2025-08-31 18:16:33,820 - INFO - Enhanced technical analysis completed for ADANIPOWER: 52 fields
2025-08-31 18:16:33,843 - INFO - Comprehensive data extracted for JSWENERGY
2025-08-31 18:16:33,843 - INFO - Fundamental analysis completed for JSWENERGY: 58 fields
2025-08-31 18:16:33,931 - INFO - Comprehensive data extracted for NTPC
2025-08-31 18:16:33,948 - INFO - Fundamental analysis completed for NTPC: 58 fields
2025-08-31 18:16:33,982 - INFO - Enhanced technical analysis completed for JSWENERGY: 52 fields
2025-08-31 18:16:34,176 - INFO - Enhanced technical analysis completed for NTPC: 52 fields
2025-08-31 18:16:34,323 - INFO - Comprehensive data extracted for BHEL
2025-08-31 18:16:34,323 - INFO - Fundamental analysis completed for BHEL: 58 fields
2025-08-31 18:16:34,458 - INFO - Comprehensive data extracted for SJVN
2025-08-31 18:16:34,458 - INFO - Fundamental analysis completed for SJVN: 58 fields
2025-08-31 18:16:34,565 - INFO - Enhanced technical analysis completed for BHEL: 52 fields
2025-08-31 18:16:34,598 - INFO - Enhanced technical analysis completed for SJVN: 52 fields
2025-08-31 18:16:40,071 - INFO - Comprehensive data extracted for IRFC
2025-08-31 18:16:40,071 - INFO - Fundamental analysis completed for IRFC: 58 fields
2025-08-31 18:16:40,237 - INFO - Enhanced technical analysis completed for IRFC: 52 fields
2025-08-31 18:16:40,318 - INFO - Comprehensive data extracted for NHPC
2025-08-31 18:16:40,320 - INFO - Fundamental analysis completed for NHPC: 58 fields
2025-08-31 18:16:40,350 - INFO - Comprehensive data extracted for CONCOR
2025-08-31 18:16:40,351 - INFO - Fundamental analysis completed for CONCOR: 58 fields
2025-08-31 18:16:40,531 - INFO - Enhanced technical analysis completed for NHPC: 52 fields
2025-08-31 18:16:40,548 - INFO - Enhanced technical analysis completed for CONCOR: 52 fields
2025-08-31 18:16:40,760 - INFO - Comprehensive data extracted for IRCON
2025-08-31 18:16:40,764 - INFO - Fundamental analysis completed for IRCON: 58 fields
2025-08-31 18:16:41,016 - INFO - Enhanced technical analysis completed for IRCON: 52 fields
2025-08-31 18:16:41,098 - INFO - Comprehensive data extracted for RVNL
2025-08-31 18:16:41,108 - INFO - Fundamental analysis completed for RVNL: 58 fields
2025-08-31 18:16:41,260 - INFO - Enhanced technical analysis completed for RVNL: 52 fields
2025-08-31 18:16:46,841 - INFO - Comprehensive data extracted for RITES
2025-08-31 18:16:46,841 - INFO - Fundamental analysis completed for RITES: 58 fields
2025-08-31 18:16:46,894 - INFO - Comprehensive data extracted for RAILTEL
2025-08-31 18:16:46,894 - INFO - Fundamental analysis completed for RAILTEL: 58 fields
2025-08-31 18:16:47,011 - INFO - Comprehensive data extracted for MAZDOCK
2025-08-31 18:16:47,011 - INFO - Fundamental analysis completed for MAZDOCK: 58 fields
2025-08-31 18:16:47,039 - INFO - Enhanced technical analysis completed for RITES: 52 fields
2025-08-31 18:16:47,111 - INFO - Enhanced technical analysis completed for RAILTEL: 52 fields
2025-08-31 18:16:47,210 - INFO - Enhanced technical analysis completed for MAZDOCK: 52 fields
2025-08-31 18:16:47,556 - INFO - Comprehensive data extracted for GRSE
2025-08-31 18:16:47,556 - INFO - Fundamental analysis completed for GRSE: 58 fields
2025-08-31 18:16:47,714 - INFO - Enhanced technical analysis completed for GRSE: 52 fields
2025-08-31 18:16:47,892 - INFO - Comprehensive data extracted for COCHINSHIP
2025-08-31 18:16:47,892 - INFO - Fundamental analysis completed for COCHINSHIP: 58 fields
2025-08-31 18:16:48,050 - INFO - Enhanced technical analysis completed for COCHINSHIP: 52 fields
2025-08-31 18:16:53,824 - INFO - Comprehensive data extracted for MIDHANI
2025-08-31 18:16:53,824 - INFO - Fundamental analysis completed for MIDHANI: 58 fields
2025-08-31 18:16:53,863 - INFO - Comprehensive data extracted for BEML
2025-08-31 18:16:53,863 - INFO - Fundamental analysis completed for BEML: 58 fields
2025-08-31 18:16:53,928 - INFO - Comprehensive data extracted for BEL
2025-08-31 18:16:53,928 - INFO - Fundamental analysis completed for BEL: 58 fields
2025-08-31 18:16:54,031 - INFO - Enhanced technical analysis completed for MIDHANI: 52 fields
2025-08-31 18:16:54,060 - INFO - Enhanced technical analysis completed for BEML: 52 fields
2025-08-31 18:16:54,133 - INFO - Enhanced technical analysis completed for BEL: 52 fields
2025-08-31 18:16:54,609 - ERROR - HTTP Error 404: 
2025-08-31 18:16:55,609 - ERROR - $MTAR.NS: possibly delisted; no price data found  (period=1y) (Yahoo error = "No data found, symbol may be delisted")
2025-08-31 18:16:55,609 - INFO - Comprehensive data extracted for MTAR
2025-08-31 18:16:55,609 - INFO - Fundamental analysis completed for MTAR: 53 fields
2025-08-31 18:16:55,796 - INFO - Comprehensive data extracted for DCMSHRIRAM
2025-08-31 18:16:55,796 - INFO - Fundamental analysis completed for DCMSHRIRAM: 58 fields
2025-08-31 18:16:56,078 - ERROR - $MTAR.NS: possibly delisted; no price data found  (period=6mo) (Yahoo error = "No data found, symbol may be delisted")
2025-08-31 18:16:56,079 - WARNING - Enhanced technical analysis failed for MTAR
2025-08-31 18:16:56,164 - INFO - Enhanced technical analysis completed for DCMSHRIRAM: 52 fields
2025-08-31 18:16:56,507 - ERROR - $MTAR.NS: possibly delisted; no price data found  (period=1y) (Yahoo error = "No data found, symbol may be delisted")
2025-08-31 18:17:02,184 - INFO - Comprehensive data extracted for GSFC
2025-08-31 18:17:02,200 - INFO - Fundamental analysis completed for GSFC: 58 fields
2025-08-31 18:17:02,204 - ERROR - $DEEPAKNI.NS: possibly delisted; no price data found  (period=1y)
2025-08-31 18:17:02,205 - INFO - Comprehensive data extracted for DEEPAKNI
2025-08-31 18:17:02,205 - INFO - Fundamental analysis completed for DEEPAKNI: 53 fields
2025-08-31 18:17:02,297 - INFO - Comprehensive data extracted for GNFC
2025-08-31 18:17:02,298 - INFO - Fundamental analysis completed for GNFC: 58 fields
2025-08-31 18:17:02,316 - ERROR - $DEEPAKNI.NS: possibly delisted; no price data found  (period=6mo)
2025-08-31 18:17:02,316 - WARNING - Enhanced technical analysis failed for DEEPAKNI
2025-08-31 18:17:02,345 - ERROR - $DEEPAKNI.NS: possibly delisted; no price data found  (period=1y)
2025-08-31 18:17:02,400 - INFO - Enhanced technical analysis completed for GSFC: 52 fields
2025-08-31 18:17:02,599 - INFO - Enhanced technical analysis completed for GNFC: 52 fields
2025-08-31 18:17:02,792 - INFO - Comprehensive data extracted for FACT
2025-08-31 18:17:02,792 - INFO - Fundamental analysis completed for FACT: 58 fields
2025-08-31 18:17:02,981 - INFO - Enhanced technical analysis completed for FACT: 52 fields
2025-08-31 18:17:03,190 - INFO - Comprehensive data extracted for RCF
2025-08-31 18:17:03,190 - INFO - Fundamental analysis completed for RCF: 58 fields
2025-08-31 18:17:03,394 - INFO - Enhanced technical analysis completed for RCF: 52 fields
2025-08-31 18:17:09,008 - INFO - Comprehensive data extracted for COROMANDEL
2025-08-31 18:17:09,008 - INFO - Fundamental analysis completed for COROMANDEL: 58 fields
2025-08-31 18:17:09,185 - INFO - Enhanced technical analysis completed for COROMANDEL: 52 fields
2025-08-31 18:17:09,214 - INFO - Comprehensive data extracted for NFL
2025-08-31 18:17:09,214 - INFO - Fundamental analysis completed for NFL: 58 fields
2025-08-31 18:17:09,264 - INFO - Comprehensive data extracted for CHAMBLFERT
2025-08-31 18:17:09,264 - INFO - Fundamental analysis completed for CHAMBLFERT: 58 fields
2025-08-31 18:17:09,416 - INFO - Enhanced technical analysis completed for NFL: 52 fields
2025-08-31 18:17:09,471 - INFO - Enhanced technical analysis completed for CHAMBLFERT: 52 fields
2025-08-31 18:17:09,791 - ERROR - HTTP Error 404: 
2025-08-31 18:17:10,540 - INFO - Comprehensive data extracted for MADHUCON
2025-08-31 18:17:10,540 - INFO - Fundamental analysis completed for MADHUCON: 58 fields
2025-08-31 18:17:10,701 - INFO - Enhanced technical analysis completed for MADHUCON: 52 fields
2025-08-31 18:17:10,964 - ERROR - $KRIBHCO.NS: possibly delisted; no price data found  (period=1y) (Yahoo error = "No data found, symbol may be delisted")
2025-08-31 18:17:10,965 - INFO - Comprehensive data extracted for KRIBHCO
2025-08-31 18:17:10,965 - INFO - Fundamental analysis completed for KRIBHCO: 53 fields
2025-08-31 18:17:11,380 - ERROR - $KRIBHCO.NS: possibly delisted; no price data found  (period=6mo) (Yahoo error = "No data found, symbol may be delisted")
2025-08-31 18:17:11,380 - WARNING - Enhanced technical analysis failed for KRIBHCO
2025-08-31 18:17:11,840 - ERROR - $KRIBHCO.NS: possibly delisted; no price data found  (period=1y) (Yahoo error = "No data found, symbol may be delisted")
2025-08-31 18:17:58,347 - INFO - Comprehensive data extracted for AAVAS
2025-08-31 18:17:58,347 - INFO - Fundamental analysis completed for AAVAS: 58 fields
2025-08-31 18:17:58,474 - INFO - Comprehensive data extracted for GPIL
2025-08-31 18:17:58,490 - INFO - Comprehensive data extracted for SRF
2025-08-31 18:17:58,490 - INFO - Fundamental analysis completed for GPIL: 58 fields
2025-08-31 18:17:58,490 - INFO - Fundamental analysis completed for SRF: 58 fields
2025-08-31 18:17:58,690 - INFO - Enhanced technical analysis completed for AAVAS: 52 fields
2025-08-31 18:17:58,950 - INFO - Enhanced technical analysis completed for GPIL: 52 fields
2025-08-31 18:17:59,142 - INFO - Enhanced technical analysis completed for SRF: 52 fields
2025-08-31 18:17:59,674 - INFO - Comprehensive data extracted for HOMEFIRST
2025-08-31 18:17:59,674 - INFO - Fundamental analysis completed for HOMEFIRST: 58 fields
2025-08-31 18:17:59,790 - INFO - Enhanced technical analysis completed for HOMEFIRST: 52 fields
2025-08-31 18:17:59,917 - INFO - Comprehensive data extracted for CANFINHOME
2025-08-31 18:17:59,917 - INFO - Fundamental analysis completed for CANFINHOME: 58 fields
2025-08-31 18:18:00,062 - INFO - Enhanced technical analysis completed for CANFINHOME: 52 fields
2025-08-31 18:18:05,804 - ERROR - HTTP Error 404: 
2025-08-31 18:18:05,998 - INFO - Comprehensive data extracted for SHRIRAMFIN
2025-08-31 18:18:06,000 - INFO - Fundamental analysis completed for SHRIRAMFIN: 58 fields
2025-08-31 18:18:06,021 - INFO - Comprehensive data extracted for LICHSGFIN
2025-08-31 18:18:06,025 - INFO - Fundamental analysis completed for LICHSGFIN: 58 fields
2025-08-31 18:18:06,162 - INFO - Enhanced technical analysis completed for SHRIRAMFIN: 52 fields
2025-08-31 18:18:06,228 - INFO - Enhanced technical analysis completed for LICHSGFIN: 52 fields
2025-08-31 18:18:07,017 - ERROR - HTTP Error 404: 
2025-08-31 18:18:07,021 - ERROR - $REPCO.NS: possibly delisted; no price data found  (period=1y) (Yahoo error = "No data found, symbol may be delisted")
2025-08-31 18:18:07,022 - INFO - Comprehensive data extracted for REPCO
2025-08-31 18:18:07,022 - INFO - Fundamental analysis completed for REPCO: 53 fields
2025-08-31 18:18:07,493 - ERROR - $REPCO.NS: possibly delisted; no price data found  (period=6mo) (Yahoo error = "No data found, symbol may be delisted")
2025-08-31 18:18:07,497 - WARNING - Enhanced technical analysis failed for REPCO
2025-08-31 18:18:07,627 - INFO - Comprehensive data extracted for SWANENERGY
2025-08-31 18:18:07,640 - INFO - Fundamental analysis completed for SWANENERGY: 58 fields
2025-08-31 18:18:08,052 - ERROR - $REPCO.NS: possibly delisted; no price data found  (period=1y) (Yahoo error = "No data found, symbol may be delisted")
2025-08-31 18:18:08,123 - INFO - Enhanced technical analysis completed for SWANENERGY: 52 fields
2025-08-31 18:18:08,515 - ERROR - $MMFIN.NS: possibly delisted; no price data found  (period=1y) (Yahoo error = "No data found, symbol may be delisted")
2025-08-31 18:18:08,515 - INFO - Comprehensive data extracted for MMFIN
2025-08-31 18:18:08,515 - INFO - Fundamental analysis completed for MMFIN: 53 fields
2025-08-31 18:18:09,106 - ERROR - $MMFIN.NS: possibly delisted; no price data found  (period=6mo) (Yahoo error = "No data found, symbol may be delisted")
2025-08-31 18:18:09,109 - WARNING - Enhanced technical analysis failed for MMFIN
2025-08-31 18:18:09,592 - ERROR - $MMFIN.NS: possibly delisted; no price data found  (period=1y) (Yahoo error = "No data found, symbol may be delisted")
2025-08-31 18:18:15,256 - INFO - Comprehensive data extracted for SUZLON
2025-08-31 18:18:15,256 - INFO - Fundamental analysis completed for SUZLON: 58 fields
2025-08-31 18:18:15,359 - INFO - Comprehensive data extracted for ORIENTELEC
2025-08-31 18:18:15,360 - INFO - Fundamental analysis completed for ORIENTELEC: 58 fields
2025-08-31 18:18:15,401 - INFO - Enhanced technical analysis completed for SUZLON: 52 fields
2025-08-31 18:18:15,516 - INFO - Enhanced technical analysis completed for ORIENTELEC: 52 fields
2025-08-31 18:18:15,982 - INFO - Comprehensive data extracted for POLYCAB
2025-08-31 18:18:15,992 - INFO - Fundamental analysis completed for POLYCAB: 58 fields
2025-08-31 18:18:16,063 - INFO - Comprehensive data extracted for KEI
2025-08-31 18:18:16,063 - INFO - Fundamental analysis completed for KEI: 58 fields
2025-08-31 18:18:16,149 - INFO - Enhanced technical analysis completed for POLYCAB: 52 fields
2025-08-31 18:18:16,255 - INFO - Enhanced technical analysis completed for KEI: 52 fields
2025-08-31 18:18:16,397 - INFO - Comprehensive data extracted for RPOWER
2025-08-31 18:18:16,398 - INFO - Fundamental analysis completed for RPOWER: 58 fields
2025-08-31 18:18:16,534 - INFO - Enhanced technical analysis completed for RPOWER: 52 fields
2025-08-31 18:18:22,173 - INFO - Comprehensive data extracted for VGUARD
2025-08-31 18:18:22,186 - INFO - Fundamental analysis completed for VGUARD: 58 fields
2025-08-31 18:18:22,188 - INFO - Comprehensive data extracted for HAVELLS
2025-08-31 18:18:22,205 - INFO - Fundamental analysis completed for HAVELLS: 58 fields
2025-08-31 18:18:22,261 - INFO - Comprehensive data extracted for CROMPTON
2025-08-31 18:18:22,261 - INFO - Fundamental analysis completed for CROMPTON: 58 fields
2025-08-31 18:18:22,408 - INFO - Enhanced technical analysis completed for VGUARD: 52 fields
2025-08-31 18:18:22,426 - INFO - Enhanced technical analysis completed for HAVELLS: 52 fields
2025-08-31 18:18:22,483 - INFO - Enhanced technical analysis completed for CROMPTON: 52 fields
2025-08-31 18:18:23,025 - INFO - Comprehensive data extracted for SYMPHONY
2025-08-31 18:18:23,025 - INFO - Fundamental analysis completed for SYMPHONY: 58 fields
2025-08-31 18:18:23,198 - INFO - Enhanced technical analysis completed for SYMPHONY: 52 fields
2025-08-31 18:18:23,210 - INFO - Comprehensive data extracted for BLUESTARCO
2025-08-31 18:18:23,226 - INFO - Fundamental analysis completed for BLUESTARCO: 58 fields
2025-08-31 18:18:23,400 - INFO - Enhanced technical analysis completed for BLUESTARCO: 52 fields
2025-08-31 18:18:28,919 - INFO - Comprehensive data extracted for WHIRLPOOL
2025-08-31 18:18:28,919 - INFO - Fundamental analysis completed for WHIRLPOOL: 58 fields
2025-08-31 18:18:29,047 - INFO - Enhanced technical analysis completed for WHIRLPOOL: 52 fields
2025-08-31 18:18:29,325 - INFO - Comprehensive data extracted for RAJESHEXPO
2025-08-31 18:18:29,325 - INFO - Fundamental analysis completed for RAJESHEXPO: 58 fields
2025-08-31 18:18:29,450 - INFO - Enhanced technical analysis completed for RAJESHEXPO: 52 fields
2025-08-31 18:18:30,235 - ERROR - $KALPATPOWR.NS: possibly delisted; no price data found  (period=1y) (Yahoo error = "No data found, symbol may be delisted")
2025-08-31 18:18:30,236 - INFO - Comprehensive data extracted for KALPATPOWR
2025-08-31 18:18:30,237 - INFO - Fundamental analysis completed for KALPATPOWR: 53 fields
2025-08-31 18:18:30,294 - INFO - Comprehensive data extracted for THERMAX
2025-08-31 18:18:30,294 - INFO - Fundamental analysis completed for THERMAX: 58 fields
2025-08-31 18:18:30,461 - INFO - Comprehensive data extracted for VOLTAS
2025-08-31 18:18:30,461 - INFO - Fundamental analysis completed for VOLTAS: 58 fields
2025-08-31 18:18:30,741 - ERROR - $KALPATPOWR.NS: possibly delisted; no price data found  (period=6mo) (Yahoo error = "No data found, symbol may be delisted")
2025-08-31 18:18:30,757 - WARNING - Enhanced technical analysis failed for KALPATPOWR
2025-08-31 18:18:30,944 - INFO - Enhanced technical analysis completed for THERMAX: 52 fields
2025-08-31 18:18:30,961 - INFO - Enhanced technical analysis completed for VOLTAS: 52 fields
2025-08-31 18:18:31,107 - ERROR - $KALPATPOWR.NS: possibly delisted; no price data found  (period=1y) (Yahoo error = "No data found, symbol may be delisted")
2025-08-31 18:18:36,604 - INFO - Comprehensive data extracted for CUMMINSIND
2025-08-31 18:18:36,604 - INFO - Fundamental analysis completed for CUMMINSIND: 58 fields
2025-08-31 18:18:36,651 - INFO - Comprehensive data extracted for KIRLOSENG
2025-08-31 18:18:36,651 - INFO - Fundamental analysis completed for KIRLOSENG: 58 fields
2025-08-31 18:18:36,775 - INFO - Enhanced technical analysis completed for KIRLOSENG: 52 fields
2025-08-31 18:18:36,831 - INFO - Enhanced technical analysis completed for CUMMINSIND: 52 fields
2025-08-31 18:18:37,991 - ERROR - $MAHINDCIE.NS: possibly delisted; no price data found  (period=1y) (Yahoo error = "No data found, symbol may be delisted")
2025-08-31 18:18:37,991 - INFO - Comprehensive data extracted for MAHINDCIE
2025-08-31 18:18:37,991 - INFO - Fundamental analysis completed for MAHINDCIE: 53 fields
2025-08-31 18:18:38,051 - INFO - Comprehensive data extracted for MOTHERSON
2025-08-31 18:18:38,053 - INFO - Fundamental analysis completed for MOTHERSON: 58 fields
2025-08-31 18:18:38,492 - ERROR - $MAHINDCIE.NS: possibly delisted; no price data found  (period=6mo) (Yahoo error = "No data found, symbol may be delisted")
2025-08-31 18:18:38,492 - WARNING - Enhanced technical analysis failed for MAHINDCIE
2025-08-31 18:18:38,561 - INFO - Enhanced technical analysis completed for MOTHERSON: 52 fields
2025-08-31 18:18:38,633 - INFO - Comprehensive data extracted for RAMCOCEM
2025-08-31 18:18:38,633 - INFO - Fundamental analysis completed for RAMCOCEM: 58 fields
2025-08-31 18:18:38,862 - INFO - Enhanced technical analysis completed for RAMCOCEM: 52 fields
2025-08-31 18:18:39,244 - ERROR - $MAHINDCIE.NS: possibly delisted; no price data found  (period=1y) (Yahoo error = "No data found, symbol may be delisted")
2025-08-31 18:18:44,905 - ERROR - HTTP Error 404: 
2025-08-31 18:18:45,231 - INFO - Comprehensive data extracted for HEIDELBERG
2025-08-31 18:18:45,232 - INFO - Fundamental analysis completed for HEIDELBERG: 58 fields
2025-08-31 18:18:45,396 - INFO - Comprehensive data extracted for JKCEMENT
2025-08-31 18:18:45,396 - INFO - Fundamental analysis completed for JKCEMENT: 58 fields
2025-08-31 18:18:45,450 - INFO - Enhanced technical analysis completed for HEIDELBERG: 52 fields
2025-08-31 18:18:45,561 - INFO - Enhanced technical analysis completed for JKCEMENT: 52 fields
2025-08-31 18:18:46,133 - ERROR - HTTP Error 404: 
2025-08-31 18:18:46,625 - ERROR - $AMBUJACEMENT.NS: possibly delisted; no price data found  (period=1y) (Yahoo error = "No data found, symbol may be delisted")
2025-08-31 18:18:46,625 - INFO - Comprehensive data extracted for AMBUJACEMENT
2025-08-31 18:18:46,641 - INFO - Fundamental analysis completed for AMBUJACEMENT: 53 fields
2025-08-31 18:18:46,664 - INFO - Comprehensive data extracted for ORIENTCEM
2025-08-31 18:18:46,665 - INFO - Fundamental analysis completed for ORIENTCEM: 58 fields
2025-08-31 18:18:46,888 - INFO - Enhanced technical analysis completed for ORIENTCEM: 52 fields
2025-08-31 18:18:47,159 - ERROR - $AMBUJACEMENT.NS: possibly delisted; no price data found  (period=6mo) (Yahoo error = "No data found, symbol may be delisted")
2025-08-31 18:18:47,163 - WARNING - Enhanced technical analysis failed for AMBUJACEMENT
2025-08-31 18:18:47,390 - ERROR - $PRISMCEMENT.NS: possibly delisted; no price data found  (period=1y) (Yahoo error = "No data found, symbol may be delisted")
2025-08-31 18:18:47,390 - INFO - Comprehensive data extracted for PRISMCEMENT
2025-08-31 18:18:47,390 - INFO - Fundamental analysis completed for PRISMCEMENT: 53 fields
2025-08-31 18:18:47,790 - ERROR - $PRISMCEMENT.NS: possibly delisted; no price data found  (period=6mo) (Yahoo error = "No data found, symbol may be delisted")
2025-08-31 18:18:47,790 - WARNING - Enhanced technical analysis failed for PRISMCEMENT
2025-08-31 18:18:47,893 - ERROR - $AMBUJACEMENT.NS: possibly delisted; no price data found  (period=1y) (Yahoo error = "No data found, symbol may be delisted")
2025-08-31 18:18:48,489 - ERROR - $PRISMCEMENT.NS: possibly delisted; no price data found  (period=1y) (Yahoo error = "No data found, symbol may be delisted")
2025-08-31 18:18:54,125 - ERROR - HTTP Error 404: 
2025-08-31 18:18:54,392 - INFO - Comprehensive data extracted for MARICO
2025-08-31 18:18:54,402 - INFO - Fundamental analysis completed for MARICO: 58 fields
2025-08-31 18:18:54,545 - INFO - Comprehensive data extracted for PAGEIND
2025-08-31 18:18:54,546 - INFO - Fundamental analysis completed for PAGEIND: 58 fields
2025-08-31 18:18:54,644 - INFO - Enhanced technical analysis completed for MARICO: 52 fields
2025-08-31 18:18:54,862 - INFO - Enhanced technical analysis completed for PAGEIND: 52 fields
2025-08-31 18:18:55,533 - INFO - Comprehensive data extracted for GODREJIND
2025-08-31 18:18:55,533 - INFO - Fundamental analysis completed for GODREJIND: 58 fields
2025-08-31 18:18:55,563 - ERROR - $DALMIACEMT.NS: possibly delisted; no price data found  (period=1y) (Yahoo error = "No data found, symbol may be delisted")
2025-08-31 18:18:55,564 - INFO - Comprehensive data extracted for DALMIACEMT
2025-08-31 18:18:55,564 - INFO - Fundamental analysis completed for DALMIACEMT: 53 fields
2025-08-31 18:18:55,628 - INFO - Comprehensive data extracted for VBL
2025-08-31 18:18:55,628 - INFO - Fundamental analysis completed for VBL: 58 fields
2025-08-31 18:18:55,783 - INFO - Enhanced technical analysis completed for VBL: 52 fields
2025-08-31 18:18:55,809 - INFO - Enhanced technical analysis completed for GODREJIND: 52 fields
2025-08-31 18:18:56,145 - ERROR - $DALMIACEMT.NS: possibly delisted; no price data found  (period=6mo) (Yahoo error = "No data found, symbol may be delisted")
2025-08-31 18:18:56,147 - WARNING - Enhanced technical analysis failed for DALMIACEMT
2025-08-31 18:18:56,626 - ERROR - $DALMIACEMT.NS: possibly delisted; no price data found  (period=1y) (Yahoo error = "No data found, symbol may be delisted")
2025-08-31 18:19:02,290 - ERROR - HTTP Error 404: 
2025-08-31 18:19:02,374 - INFO - Comprehensive data extracted for RADICO
2025-08-31 18:19:02,375 - INFO - Fundamental analysis completed for RADICO: 58 fields
2025-08-31 18:19:02,508 - INFO - Comprehensive data extracted for UBL
2025-08-31 18:19:02,508 - INFO - Fundamental analysis completed for UBL: 58 fields
2025-08-31 18:19:02,614 - INFO - Enhanced technical analysis completed for RADICO: 52 fields
2025-08-31 18:19:02,733 - INFO - Enhanced technical analysis completed for UBL: 52 fields
2025-08-31 18:19:03,895 - INFO - Comprehensive data extracted for GODFRYPHLP
2025-08-31 18:19:03,895 - INFO - Fundamental analysis completed for GODFRYPHLP: 58 fields
2025-08-31 18:19:03,934 - ERROR - $MCDOWELL.NS: possibly delisted; no price data found  (period=1y) (Yahoo error = "No data found, symbol may be delisted")
2025-08-31 18:19:03,934 - INFO - Comprehensive data extracted for MCDOWELL
2025-08-31 18:19:03,934 - INFO - Fundamental analysis completed for MCDOWELL: 53 fields
2025-08-31 18:19:03,995 - INFO - Comprehensive data extracted for VSTIND
2025-08-31 18:19:03,995 - INFO - Fundamental analysis completed for VSTIND: 58 fields
2025-08-31 18:19:04,059 - INFO - Enhanced technical analysis completed for GODFRYPHLP: 52 fields
2025-08-31 18:19:04,163 - INFO - Enhanced technical analysis completed for VSTIND: 52 fields
2025-08-31 18:19:04,943 - ERROR - $MCDOWELL.NS: possibly delisted; no price data found  (period=6mo) (Yahoo error = "No data found, symbol may be delisted")
2025-08-31 18:19:04,943 - WARNING - Enhanced technical analysis failed for MCDOWELL
2025-08-31 18:19:05,514 - ERROR - $MCDOWELL.NS: possibly delisted; no price data found  (period=1y) (Yahoo error = "No data found, symbol may be delisted")
2025-08-31 18:19:10,996 - INFO - Comprehensive data extracted for ABBOTINDIA
2025-08-31 18:19:10,996 - INFO - Fundamental analysis completed for ABBOTINDIA: 58 fields
2025-08-31 18:19:11,053 - INFO - Comprehensive data extracted for HONAUT
2025-08-31 18:19:11,053 - INFO - Fundamental analysis completed for HONAUT: 58 fields
2025-08-31 18:19:11,129 - INFO - Enhanced technical analysis completed for ABBOTINDIA: 52 fields
2025-08-31 18:19:11,195 - INFO - Enhanced technical analysis completed for HONAUT: 52 fields
2025-08-31 18:19:11,217 - INFO - Comprehensive data extracted for ASTRAZEN
2025-08-31 18:19:11,217 - INFO - Fundamental analysis completed for ASTRAZEN: 58 fields
2025-08-31 18:19:11,395 - INFO - Enhanced technical analysis completed for ASTRAZEN: 52 fields
2025-08-31 18:19:12,210 - ERROR - HTTP Error 404: 
2025-08-31 18:19:12,357 - INFO - Comprehensive data extracted for PFIZER
2025-08-31 18:19:12,357 - INFO - Fundamental analysis completed for PFIZER: 58 fields
2025-08-31 18:19:12,598 - INFO - Enhanced technical analysis completed for PFIZER: 52 fields
2025-08-31 18:19:13,584 - ERROR - $NOVARTIS.NS: possibly delisted; no price data found  (period=1y) (Yahoo error = "No data found, symbol may be delisted")
2025-08-31 18:19:13,585 - INFO - Comprehensive data extracted for NOVARTIS
2025-08-31 18:19:13,586 - INFO - Fundamental analysis completed for NOVARTIS: 53 fields
2025-08-31 18:19:14,213 - ERROR - $NOVARTIS.NS: possibly delisted; no price data found  (period=6mo) (Yahoo error = "No data found, symbol may be delisted")
2025-08-31 18:19:14,214 - WARNING - Enhanced technical analysis failed for NOVARTIS
2025-08-31 18:19:14,796 - ERROR - $NOVARTIS.NS: possibly delisted; no price data found  (period=1y) (Yahoo error = "No data found, symbol may be delisted")
2025-08-31 18:19:20,370 - INFO - Comprehensive data extracted for GLAXO
2025-08-31 18:19:20,370 - INFO - Fundamental analysis completed for GLAXO: 58 fields
2025-08-31 18:19:20,370 - ERROR - $IPCA.NS: possibly delisted; no price data found  (period=1y)
2025-08-31 18:19:20,370 - INFO - Comprehensive data extracted for IPCA
2025-08-31 18:19:20,370 - INFO - Fundamental analysis completed for IPCA: 53 fields
2025-08-31 18:19:20,473 - INFO - Comprehensive data extracted for SANOFI
2025-08-31 18:19:20,475 - INFO - Fundamental analysis completed for SANOFI: 58 fields
2025-08-31 18:19:20,528 - INFO - Enhanced technical analysis completed for GLAXO: 52 fields
2025-08-31 18:19:20,559 - ERROR - $IPCA.NS: possibly delisted; no price data found  (period=6mo)
2025-08-31 18:19:20,562 - WARNING - Enhanced technical analysis failed for IPCA
2025-08-31 18:19:20,604 - ERROR - $IPCA.NS: possibly delisted; no price data found  (period=1y)
2025-08-31 18:19:20,633 - INFO - Enhanced technical analysis completed for SANOFI: 52 fields
2025-08-31 18:19:21,016 - INFO - Comprehensive data extracted for ALKEM
2025-08-31 18:19:21,016 - INFO - Fundamental analysis completed for ALKEM: 58 fields
2025-08-31 18:19:21,247 - INFO - Enhanced technical analysis completed for ALKEM: 52 fields
2025-08-31 18:19:21,276 - INFO - Comprehensive data extracted for LALPATHLAB
2025-08-31 18:19:21,277 - INFO - Fundamental analysis completed for LALPATHLAB: 58 fields
2025-08-31 18:19:21,478 - INFO - Enhanced technical analysis completed for LALPATHLAB: 52 fields
2025-08-31 18:19:26,924 - INFO - Comprehensive data extracted for METROPOLIS
2025-08-31 18:19:26,924 - INFO - Fundamental analysis completed for METROPOLIS: 58 fields
2025-08-31 18:19:27,028 - INFO - Enhanced technical analysis completed for METROPOLIS: 52 fields
2025-08-31 18:19:27,081 - INFO - Comprehensive data extracted for KRBL
2025-08-31 18:19:27,095 - INFO - Fundamental analysis completed for KRBL: 58 fields
2025-08-31 18:19:27,328 - INFO - Enhanced technical analysis completed for KRBL: 52 fields
2025-08-31 18:19:27,360 - INFO - Comprehensive data extracted for THYROCARE
2025-08-31 18:19:27,362 - INFO - Fundamental analysis completed for THYROCARE: 58 fields
2025-08-31 18:19:27,477 - INFO - Enhanced technical analysis completed for THYROCARE: 52 fields
2025-08-31 18:19:27,758 - INFO - Comprehensive data extracted for ANDHRSUGAR
2025-08-31 18:19:27,758 - INFO - Fundamental analysis completed for ANDHRSUGAR: 58 fields
2025-08-31 18:19:27,890 - INFO - Comprehensive data extracted for BALRAMCHIN
2025-08-31 18:19:27,912 - INFO - Fundamental analysis completed for BALRAMCHIN: 58 fields
2025-08-31 18:19:27,914 - INFO - Enhanced technical analysis completed for ANDHRSUGAR: 52 fields
2025-08-31 18:19:28,141 - INFO - Enhanced technical analysis completed for BALRAMCHIN: 52 fields
2025-08-31 18:19:28,178 - INFO - Batch analysis completed: 200 results, 0 failures
2025-08-31 18:19:28,198 - ERROR - Excel generation failed: 'ExcelReportGenerator' object has no attribute 'create_comprehensive_report'
