2025-08-24 12:58:25,598 INFO:Starting analysis of NSE stocks...
2025-08-24 12:58:25,598 INFO:Starting to fetch stock data...
2025-08-24 12:58:27,382 INFO:Successfully fetched data for KOTAKBANK
2025-08-24 12:58:27,421 INFO:Successfully fetched data for ICICIBANK
2025-08-24 12:58:27,442 INFO:Successfully fetched data for RELIANCE
2025-08-24 12:58:27,451 INFO:Successfully fetched data for HDFCBANK
2025-08-24 12:58:27,453 INFO:Successfully fetched data for ITC
2025-08-24 12:58:27,453 INFO:Successfully fetched data for SBIN
2025-08-24 12:58:27,472 INFO:Successfully fetched data for BHARTIARTL
2025-08-24 12:58:27,487 INFO:Successfully fetched data for INFY
2025-08-24 12:58:27,580 INFO:Successfully fetched data for TCS
2025-08-24 12:58:27,631 INFO:Successfully fetched data for HINDUNILVR
2025-08-24 12:58:31,097 INFO:Successfully fetched data for LT
2025-08-24 12:58:31,107 INFO:Successfully fetched data for TITAN
2025-08-24 12:58:31,116 INFO:Successfully fetched data for WIPRO
2025-08-24 12:58:31,117 INFO:Successfully fetched data for BAJFINANCE
2025-08-24 12:58:31,167 INFO:Successfully fetched data for ASIANPAINT
2025-08-24 12:58:31,201 INFO:Successfully fetched data for MARUTI
2025-08-24 12:58:31,202 INFO:Successfully fetched data for AXISBANK
2025-08-24 12:58:31,203 INFO:Successfully fetched data for HCLTECH
2025-08-24 12:58:31,265 INFO:Successfully fetched data for ULTRACEMCO
2025-08-24 12:58:31,283 INFO:Successfully fetched data for SUNPHARMA
2025-08-24 12:58:34,752 INFO:Successfully fetched data for NESTLEIND
2025-08-24 12:58:34,755 INFO:Successfully fetched data for TECHM
2025-08-24 12:58:34,763 INFO:Successfully fetched data for POWERGRID
2025-08-24 12:58:34,766 INFO:Successfully fetched data for M&M
2025-08-24 12:58:34,848 INFO:Successfully fetched data for NTPC
2025-08-24 12:58:34,850 INFO:Successfully fetched data for BAJAJFINSV
2025-08-24 12:58:34,852 INFO:Successfully fetched data for ADANIENT
2025-08-24 12:58:34,860 INFO:Successfully fetched data for DIVISLAB
2025-08-24 12:58:34,921 INFO:Successfully fetched data for TATACONSUM
2025-08-24 12:58:34,990 INFO:Successfully fetched data for HDFCLIFE
2025-08-24 12:58:38,372 INFO:Successfully fetched data for ADANIPORTS
2025-08-24 12:58:38,372 INFO:Successfully fetched data for BANDHANBNK
2025-08-24 12:58:38,377 INFO:Successfully fetched data for AMBUJACEM
2025-08-24 12:58:38,392 INFO:Successfully fetched data for BANKBARODA
2025-08-24 12:58:38,394 INFO:Successfully fetched data for BERGEPAINT
2025-08-24 12:58:38,423 INFO:Successfully fetched data for BIOCON
2025-08-24 12:58:38,458 INFO:Successfully fetched data for ADANIGREEN
2025-08-24 12:58:38,458 INFO:Successfully fetched data for AUROPHARMA
2025-08-24 12:58:38,568 INFO:Successfully fetched data for APOLLOHOSP
2025-08-24 12:58:38,639 INFO:Successfully fetched data for BAJAJ-AUTO
2025-08-24 12:58:42,020 INFO:Successfully fetched data for CHOLAFIN
2025-08-24 12:58:42,028 INFO:Successfully fetched data for CIPLA
2025-08-24 12:58:42,091 INFO:Successfully fetched data for DABUR
2025-08-24 12:58:42,158 INFO:Successfully fetched data for BOSCHLTD
2025-08-24 12:58:42,203 INFO:Successfully fetched data for DLF
2025-08-24 12:58:42,203 INFO:Successfully fetched data for BRITANNIA
2025-08-24 12:58:42,205 INFO:Successfully fetched data for DMART
2025-08-24 12:58:42,206 INFO:Successfully fetched data for COALINDIA
2025-08-24 12:58:42,250 INFO:Successfully fetched data for BPCL
2025-08-24 12:58:42,302 INFO:Successfully fetched data for COLPAL
2025-08-24 12:58:45,689 INFO:Successfully fetched data for GAIL
2025-08-24 12:58:45,751 INFO:Successfully fetched data for GLAND
2025-08-24 12:58:45,751 INFO:Successfully fetched data for INDIGO
2025-08-24 12:58:45,751 INFO:Successfully fetched data for HDFCAMC
2025-08-24 12:58:45,759 INFO:Successfully fetched data for DRREDDY
2025-08-24 12:58:45,759 INFO:Successfully fetched data for HAL
2025-08-24 12:58:45,820 INFO:Successfully fetched data for EICHERMOT
2025-08-24 12:58:45,850 INFO:Successfully fetched data for HAVELLS
2025-08-24 12:58:45,850 INFO:Successfully fetched data for GRASIM
2025-08-24 12:58:45,850 INFO:Successfully fetched data for GODREJCP
2025-08-24 12:58:49,269 INFO:Successfully fetched data for JINDALSTEL
2025-08-24 12:58:49,301 INFO:Successfully fetched data for JUBLFOOD
2025-08-24 12:58:49,402 INFO:Successfully fetched data for MCDHOLDING
2025-08-24 12:58:49,402 INFO:Successfully fetched data for LICI
2025-08-24 12:58:49,417 INFO:Successfully fetched data for MUTHOOTFIN
2025-08-24 12:58:49,418 INFO:Successfully fetched data for NMDC
2025-08-24 12:58:49,460 INFO:Successfully fetched data for ONGC
2025-08-24 12:58:49,462 INFO:Successfully fetched data for NAUKRI
2025-08-24 12:58:49,470 INFO:Successfully fetched data for LUPIN
2025-08-24 12:58:49,470 INFO:Successfully fetched data for PIDILITIND
2025-08-24 12:58:52,898 INFO:Successfully fetched data for TORNTPHARM
2025-08-24 12:58:52,898 INFO:Successfully fetched data for SAIL
2025-08-24 12:58:52,900 INFO:Successfully fetched data for TATACHEM
2025-08-24 12:58:52,909 INFO:Successfully fetched data for UPL
2025-08-24 12:58:52,909 INFO:Successfully fetched data for SBILIFE
2025-08-24 12:58:52,989 INFO:Successfully fetched data for IDFCFIRSTB
2025-08-24 12:58:52,989 INFO:Successfully fetched data for FEDERALBNK
2025-08-24 12:58:53,017 INFO:Successfully fetched data for SBICARD
2025-08-24 12:58:53,076 INFO:Successfully fetched data for TATAPOWER
2025-08-24 12:58:53,222 INFO:Successfully fetched data for SIEMENS
2025-08-24 12:58:56,546 INFO:Successfully fetched data for LTTS
2025-08-24 12:58:56,546 INFO:Successfully fetched data for INDUSINDBK
2025-08-24 12:58:56,560 INFO:Successfully fetched data for LTIM
2025-08-24 12:58:56,617 INFO:Successfully fetched data for CANBK
2025-08-24 12:58:56,747 INFO:Successfully fetched data for RECLTD
2025-08-24 12:58:56,747 INFO:Successfully fetched data for MFSL
2025-08-24 12:58:56,791 INFO:Successfully fetched data for PFC
2025-08-24 12:58:56,791 INFO:Successfully fetched data for RBLBANK
2025-08-24 12:58:56,851 INFO:Successfully fetched data for UNIONBANK
2025-08-24 12:58:56,892 INFO:Successfully fetched data for INDIANB
2025-08-24 12:59:00,163 INFO:Successfully fetched data for OFSS
2025-08-24 12:59:00,217 INFO:Successfully fetched data for RAMCOCEM
2025-08-24 12:59:00,248 INFO:Successfully fetched data for COFORGE
2025-08-24 12:59:00,251 INFO:Successfully fetched data for ALKEM
2025-08-24 12:59:00,288 INFO:Successfully fetched data for GLAXO
2025-08-24 12:59:00,329 INFO:Successfully fetched data for SONATSOFTW
2025-08-24 12:59:00,351 INFO:Successfully fetched data for ABBOTINDIA
2025-08-24 12:59:00,355 INFO:Successfully fetched data for PERSISTENT
2025-08-24 12:59:00,504 INFO:Successfully fetched data for CYIENT
2025-08-24 12:59:00,634 INFO:Successfully fetched data for MPHASIS
2025-08-24 12:59:03,923 INFO:Successfully fetched data for ADANIPOWER
2025-08-24 12:59:03,949 INFO:Successfully fetched data for SANOFI
2025-08-24 12:59:03,978 INFO:Successfully fetched data for PFIZER
2025-08-24 12:59:04,091 INFO:Successfully fetched data for IPCALAB
2025-08-24 12:59:04,121 INFO:Successfully fetched data for AUBANK
2025-08-24 12:59:04,156 INFO:Successfully fetched data for ASTRAZEN
2025-08-24 12:59:04,218 INFO:Successfully fetched data for NATCOPHARM
2025-08-24 12:59:04,249 INFO:Successfully fetched data for ASHOKLEY
2025-08-24 12:59:04,283 INFO:Successfully fetched data for ABB
2025-08-24 12:59:04,311 INFO:Successfully fetched data for ABFRL
2025-08-24 12:59:07,701 INFO:Successfully fetched data for HINDALCO
2025-08-24 12:59:07,701 INFO:Successfully fetched data for BATAINDIA
2025-08-24 12:59:07,703 INFO:Successfully fetched data for JSWSTEEL
2025-08-24 12:59:07,785 INFO:Successfully fetched data for GODREJPROP
2025-08-24 12:59:07,798 INFO:Successfully fetched data for FORTIS
2025-08-24 12:59:07,887 INFO:Successfully fetched data for BHEL
2025-08-24 12:59:07,892 INFO:Successfully fetched data for CUMMINSIND
2025-08-24 12:59:07,955 INFO:Successfully fetched data for BALKRISIND
2025-08-24 12:59:07,962 INFO:Successfully fetched data for EMAMILTD
2025-08-24 12:59:08,156 INFO:Successfully fetched data for ESCORTS
2025-08-24 12:59:11,479 INFO:Successfully fetched data for ETERNAL
2025-08-24 12:59:11,482 INFO:Successfully fetched data for PAYTM
2025-08-24 12:59:11,484 INFO:Successfully fetched data for SJVN
2025-08-24 12:59:11,503 INFO:Successfully fetched data for NYKAA
2025-08-24 12:59:11,522 INFO:Successfully fetched data for LICHSGFIN
2025-08-24 12:59:11,537 INFO:Successfully fetched data for PETRONET
2025-08-24 12:59:11,572 INFO:Successfully fetched data for NLCINDIA
2025-08-24 12:59:11,572 INFO:Successfully fetched data for NHPC
2025-08-24 12:59:11,573 INFO:Successfully fetched data for MRF
2025-08-24 12:59:12,576 INFO:Successfully fetched data for THERMAX
2025-08-24 12:59:15,881 INFO:Successfully fetched data for CARTRADE
2025-08-24 12:59:15,918 INFO:Successfully fetched data for POLICYBZR
2025-08-24 12:59:15,954 INFO:Successfully fetched data for ASTRAL
2025-08-24 12:59:15,983 INFO:Successfully fetched data for NAZARA
2025-08-24 12:59:15,998 INFO:Successfully fetched data for EASEMYTRIP
2025-08-24 12:59:16,031 INFO:Successfully fetched data for INDIAMART
2025-08-24 12:59:16,060 INFO:Successfully fetched data for IRCTC
2025-08-24 12:59:16,101 INFO:Successfully fetched data for 3MINDIA
2025-08-24 12:59:16,164 INFO:Successfully fetched data for AIAENG
2025-08-24 12:59:16,210 INFO:Successfully fetched data for JUSTDIAL
2025-08-24 12:59:19,595 INFO:Successfully fetched data for BHARATFORG
2025-08-24 12:59:19,600 INFO:Successfully fetched data for CGPOWER
2025-08-24 12:59:19,623 INFO:Successfully fetched data for FLUOROCHEM
2025-08-24 12:59:19,647 INFO:Successfully fetched data for ENDURANCE
2025-08-24 12:59:19,703 INFO:Successfully fetched data for BAYERCROP
2025-08-24 12:59:19,724 INFO:Successfully fetched data for DIXON
2025-08-24 12:59:19,729 INFO:Successfully fetched data for CROMPTON
2025-08-24 12:59:19,812 INFO:Successfully fetched data for GRINDWELL
2025-08-24 12:59:19,823 INFO:Successfully fetched data for ATUL
2025-08-24 12:59:19,983 INFO:Successfully fetched data for DEEPAKNTR
2025-08-24 12:59:23,274 INFO:Successfully fetched data for LAURUSLABS
2025-08-24 12:59:23,624 INFO:Successfully fetched data for HATSUN
2025-08-24 12:59:23,650 ERROR:HTTP Error 404: 
2025-08-24 12:59:23,662 INFO:Successfully fetched data for JKCEMENT
2025-08-24 12:59:23,664 INFO:Successfully fetched data for JBCHEPHARM
2025-08-24 12:59:23,768 INFO:Successfully fetched data for HINDCOPPER
2025-08-24 12:59:23,770 INFO:Successfully fetched data for KAJARIACER
2025-08-24 12:59:23,770 INFO:Successfully fetched data for LODHA
2025-08-24 12:59:23,770 INFO:Successfully fetched data for HAPPSTMNDS
2025-08-24 12:59:23,823 INFO:Successfully fetched data for LXMACHIN
2025-08-24 12:59:23,951 INFO:Successfully fetched data for MANAPPURAM
2025-08-24 12:59:27,246 INFO:Successfully fetched data for MOTILALOFS
2025-08-24 12:59:27,285 INFO:Successfully fetched data for SCHAEFFLER
2025-08-24 12:59:27,326 INFO:Successfully fetched data for NAVINFLUOR
2025-08-24 12:59:27,352 INFO:Successfully fetched data for NAM-INDIA
2025-08-24 12:59:27,377 INFO:Successfully fetched data for POLYCAB
2025-08-24 12:59:27,408 INFO:Successfully fetched data for RAJESHEXPO
2025-08-24 12:59:27,410 INFO:Successfully fetched data for RADICO
2025-08-24 12:59:27,456 INFO:Successfully fetched data for OBEROIRLTY
2025-08-24 12:59:27,537 INFO:Successfully fetched data for RELAXO
2025-08-24 12:59:27,537 INFO:Successfully fetched data for PHOENIXLTD
2025-08-24 12:59:30,850 INFO:Successfully fetched data for STARHEALTH
2025-08-24 12:59:30,898 INFO:Successfully fetched data for SUPREMEIND
2025-08-24 12:59:30,904 INFO:Successfully fetched data for SUNDARMFIN
2025-08-24 12:59:30,937 INFO:Successfully fetched data for TIMKEN
2025-08-24 12:59:30,979 INFO:Successfully fetched data for SYMPHONY
2025-08-24 12:59:30,979 INFO:Successfully fetched data for SKFINDIA
2025-08-24 12:59:30,982 INFO:Successfully fetched data for TATAINVEST
2025-08-24 12:59:31,035 INFO:Successfully fetched data for TTKPRESTIG
2025-08-24 12:59:31,055 INFO:Successfully fetched data for VGUARD
2025-08-24 12:59:31,200 INFO:Successfully fetched data for TRITURBINE
2025-08-24 12:59:34,471 INFO:Successfully fetched data for VINATIORGA
2025-08-24 12:59:34,517 INFO:Successfully fetched data for ZYDUSLIFE
2025-08-24 12:59:34,524 INFO:Successfully fetched data for CAMS
2025-08-24 12:59:34,584 INFO:Successfully fetched data for CARERATING
2025-08-24 12:59:34,607 INFO:Successfully fetched data for VOLTAS
2025-08-24 12:59:34,618 INFO:Successfully fetched data for WHIRLPOOL
2025-08-24 12:59:34,638 INFO:Successfully fetched data for CLEDUCATE
2025-08-24 12:59:34,659 INFO:Successfully fetched data for BLUEDART
2025-08-24 12:59:34,671 INFO:Successfully fetched data for ACCELYA
2025-08-24 12:59:34,709 INFO:Successfully fetched data for ZFCVINDIA
2025-08-24 12:59:37,984 INFO:Successfully fetched data for ICRA
2025-08-24 12:59:38,049 INFO:Successfully fetched data for SOLARINDS
2025-08-24 12:59:38,081 INFO:Successfully fetched data for METROPOLIS
2025-08-24 12:59:38,106 INFO:Successfully fetched data for HONAUT
2025-08-24 12:59:38,162 INFO:Successfully fetched data for PSPPROJECT
2025-08-24 12:59:38,186 INFO:Successfully fetched data for MAPMYINDIA
2025-08-24 12:59:38,226 INFO:Successfully fetched data for PAGEIND
2025-08-24 12:59:38,255 INFO:Successfully fetched data for ROUTE
2025-08-24 12:59:38,263 INFO:Successfully fetched data for INDIGOPNTS
2025-08-24 12:59:38,315 INFO:Successfully fetched data for KPITTECH
2025-08-24 12:59:41,613 INFO:Successfully fetched data for GSPL
2025-08-24 12:59:41,617 INFO:Successfully fetched data for MAXHEALTH
2025-08-24 12:59:41,689 INFO:Successfully fetched data for CENTURYTEX
2025-08-24 12:59:41,708 INFO:Successfully fetched data for GODREJIND
2025-08-24 12:59:41,788 INFO:Successfully fetched data for APLLTD
2025-08-24 12:59:41,817 INFO:Successfully fetched data for INDHOTEL
2025-08-24 12:59:41,845 INFO:Successfully fetched data for PNBHOUSING
2025-08-24 12:59:41,861 INFO:Successfully fetched data for CHOLAHLDNG
2025-08-24 12:59:41,920 INFO:Successfully fetched data for KRBL
2025-08-24 12:59:42,091 INFO:Successfully fetched data for MARICO
2025-08-24 12:59:45,421 INFO:Successfully fetched data for CAPLIPOINT
2025-08-24 12:59:45,433 INFO:Successfully fetched data for GRANULES
2025-08-24 12:59:45,441 INFO:Successfully fetched data for AJANTPHARM
2025-08-24 12:59:45,484 INFO:Successfully fetched data for TORNTPOWER
2025-08-24 12:59:45,498 INFO:Successfully fetched data for REDINGTON
2025-08-24 12:59:45,623 INFO:Successfully fetched data for CDSL
2025-08-24 12:59:45,719 INFO:Successfully fetched data for ATGL
2025-08-24 12:59:45,723 INFO:Successfully fetched data for SYNGENE
2025-08-24 12:59:45,742 INFO:Successfully fetched data for GUJGASLTD
2025-08-24 12:59:46,140 INFO:Successfully fetched data for PRAJIND
2025-08-24 12:59:49,425 INFO:Successfully fetched data for KALYANKJIL
2025-08-24 12:59:49,427 INFO:Successfully fetched data for CONCOR
2025-08-24 12:59:49,509 INFO:Successfully fetched data for GRAPHITE
2025-08-24 12:59:49,537 INFO:Successfully fetched data for IRCON
2025-08-24 12:59:49,618 INFO:Successfully fetched data for GMMPFAUDLR
2025-08-24 12:59:49,622 INFO:Successfully fetched data for FACT
2025-08-24 12:59:49,635 INFO:Successfully fetched data for HINDPETRO
2025-08-24 12:59:49,737 INFO:Successfully fetched data for EXIDEIND
2025-08-24 12:59:51,768 INFO:Found 228 stocks to analyze
2025-08-24 13:00:34,973 ERROR:HTTP Error 404: 
2025-08-24 13:00:36,550 ERROR:$LXMACHIN.NS: possibly delisted; no price data found  (period=1y) (Yahoo error = "No data found, symbol may be delisted")
2025-08-24 13:00:36,550 WARNING:No historical data available for LXMACHIN
2025-08-24 13:00:46,675 ERROR:$CENTURYTEX.NS: possibly delisted; no price data found  (period=1y) (Yahoo error = "No data found, symbol may be delisted")
2025-08-24 13:00:46,677 WARNING:No historical data available for CENTURYTEX
2025-08-24 13:00:51,344 INFO:
Top 10 stocks by overall score:
2025-08-24 13:00:51,344 INFO:MUTHOOTFIN: 94.66
2025-08-24 13:00:51,344 INFO:INDIAMART: 92.22
2025-08-24 13:00:51,344 INFO:HINDALCO: 85.65
2025-08-24 13:00:51,344 INFO:ACCELYA: 85.12
2025-08-24 13:00:51,344 INFO:POLYCAB: 83.88
2025-08-24 13:00:51,344 INFO:BHARTIARTL: 82.59
2025-08-24 13:00:51,344 INFO:MOTILALOFS: 82.56
2025-08-24 13:00:51,344 INFO:SBIN: 80.36
2025-08-24 13:00:51,344 INFO:HDFCAMC: 78.63
2025-08-24 13:00:51,344 INFO:ESCORTS: 76.91
2025-08-24 13:00:52,224 ERROR:Error exporting data: 'Workbook' object has no attribute 'add_format'
2025-08-24 13:00:52,227 INFO:Cleaning up...
