2025-08-24 12:46:47,469 INFO:Starting analysis of NSE stocks...
2025-08-24 12:46:47,470 INFO:Starting to fetch stock data...
2025-08-24 12:46:49,469 INFO:Successfully fetched data for RELIANCE
2025-08-24 12:46:49,488 INFO:Successfully fetched data for BHARTIARTL
2025-08-24 12:46:49,585 INFO:Successfully fetched data for HINDUNILVR
2025-08-24 12:46:49,667 INFO:Successfully fetched data for HDFCBANK
2025-08-24 12:46:49,677 INFO:Successfully fetched data for KOTAKBANK
2025-08-24 12:46:49,677 INFO:Successfully fetched data for INFY
2025-08-24 12:46:49,687 INFO:Successfully fetched data for TCS
2025-08-24 12:46:49,780 INFO:Successfully fetched data for ITC
2025-08-24 12:46:49,853 INFO:Successfully fetched data for ICICIBANK
2025-08-24 12:46:50,021 INFO:Successfully fetched data for SBIN
2025-08-24 12:46:53,336 INFO:Successfully fetched data for MARUTI
2025-08-24 12:46:53,336 INFO:Successfully fetched data for ULTRACEMCO
2025-08-24 12:46:53,367 INFO:Successfully fetched data for HCLTECH
2025-08-24 12:46:53,383 INFO:Successfully fetched data for TITAN
2025-08-24 12:46:53,426 INFO:Successfully fetched data for LT
2025-08-24 12:46:53,472 INFO:Successfully fetched data for WIPRO
2025-08-24 12:46:53,554 INFO:Successfully fetched data for AXISBANK
2025-08-24 12:46:53,571 INFO:Successfully fetched data for SUNPHARMA
2025-08-24 12:46:53,621 INFO:Successfully fetched data for ASIANPAINT
2025-08-24 12:46:53,671 INFO:Successfully fetched data for BAJFINANCE
2025-08-24 12:46:56,996 INFO:Successfully fetched data for BAJAJFINSV
2025-08-24 12:46:57,018 INFO:Successfully fetched data for HDFCLIFE
2025-08-24 12:46:57,018 INFO:Successfully fetched data for NESTLEIND
2025-08-24 12:46:57,058 INFO:Successfully fetched data for TATACONSUM
2025-08-24 12:46:57,105 INFO:Successfully fetched data for POWERGRID
2025-08-24 12:46:57,139 INFO:Successfully fetched data for DIVISLAB
2025-08-24 12:46:57,205 INFO:Successfully fetched data for TECHM
2025-08-24 12:46:57,205 INFO:Successfully fetched data for M&M
2025-08-24 12:46:57,370 INFO:Successfully fetched data for ADANIENT
2025-08-24 12:46:57,397 INFO:Successfully fetched data for NTPC
2025-08-24 12:47:00,778 INFO:Successfully fetched data for ADANIPORTS
2025-08-24 12:47:00,778 INFO:Successfully fetched data for BANKBARODA
2025-08-24 12:47:00,782 INFO:Successfully fetched data for APOLLOHOSP
2025-08-24 12:47:00,793 INFO:Successfully fetched data for ADANIGREEN
2025-08-24 12:47:00,809 INFO:Successfully fetched data for BIOCON
2025-08-24 12:47:00,829 INFO:Successfully fetched data for BERGEPAINT
2025-08-24 12:47:00,875 INFO:Successfully fetched data for AMBUJACEM
2025-08-24 12:47:00,971 INFO:Successfully fetched data for BAJAJ-AUTO
2025-08-24 12:47:01,052 INFO:Successfully fetched data for AUROPHARMA
2025-08-24 12:47:01,139 INFO:Successfully fetched data for BANDHANBNK
2025-08-24 12:47:04,483 INFO:Successfully fetched data for DMART
2025-08-24 12:47:04,575 INFO:Successfully fetched data for COALINDIA
2025-08-24 12:47:04,597 INFO:Successfully fetched data for DABUR
2025-08-24 12:47:04,602 INFO:Successfully fetched data for CHOLAFIN
2025-08-24 12:47:04,606 INFO:Successfully fetched data for COLPAL
2025-08-24 12:47:04,656 INFO:Successfully fetched data for BRITANNIA
2025-08-24 12:47:04,677 INFO:Successfully fetched data for CIPLA
2025-08-24 12:47:04,677 INFO:Successfully fetched data for BOSCHLTD
2025-08-24 12:47:04,796 INFO:Successfully fetched data for BPCL
2025-08-24 12:47:04,823 INFO:Successfully fetched data for DLF
2025-08-24 12:47:08,174 INFO:Successfully fetched data for GLAND
2025-08-24 12:47:08,179 INFO:Successfully fetched data for GRASIM
2025-08-24 12:47:08,188 INFO:Successfully fetched data for INDIGO
2025-08-24 12:47:08,210 INFO:Successfully fetched data for GODREJCP
2025-08-24 12:47:08,243 INFO:Successfully fetched data for HAL
2025-08-24 12:47:08,245 INFO:Successfully fetched data for EICHERMOT
2025-08-24 12:47:08,262 INFO:Successfully fetched data for HAVELLS
2025-08-24 12:47:08,274 INFO:Successfully fetched data for GAIL
2025-08-24 12:47:08,339 INFO:Successfully fetched data for DRREDDY
2025-08-24 12:47:08,373 INFO:Successfully fetched data for HDFCAMC
2025-08-24 12:47:11,787 INFO:Successfully fetched data for LICI
2025-08-24 12:47:11,873 INFO:Successfully fetched data for JINDALSTEL
2025-08-24 12:47:11,997 INFO:Successfully fetched data for LUPIN
2025-08-24 12:47:12,121 INFO:Successfully fetched data for NMDC
2025-08-24 12:47:12,128 INFO:Successfully fetched data for NAUKRI
2025-08-24 12:47:12,179 INFO:Successfully fetched data for MCDHOLDING
2025-08-24 12:47:12,313 INFO:Successfully fetched data for PIDILITIND
2025-08-24 12:47:12,322 INFO:Successfully fetched data for ONGC
2025-08-24 12:47:12,590 INFO:Successfully fetched data for MUTHOOTFIN
2025-08-24 12:47:13,084 INFO:Successfully fetched data for JUBLFOOD
2025-08-24 12:47:16,410 INFO:Successfully fetched data for SAIL
2025-08-24 12:47:16,442 INFO:Successfully fetched data for IDFCFIRSTB
2025-08-24 12:47:16,522 INFO:Successfully fetched data for TATAPOWER
2025-08-24 12:47:16,549 INFO:Successfully fetched data for FEDERALBNK
2025-08-24 12:47:16,593 INFO:Successfully fetched data for SIEMENS
2025-08-24 12:47:16,607 INFO:Successfully fetched data for TORNTPHARM
2025-08-24 12:47:16,610 INFO:Successfully fetched data for TATACHEM
2025-08-24 12:47:16,623 INFO:Successfully fetched data for SBILIFE
2025-08-24 12:47:16,624 INFO:Successfully fetched data for UPL
2025-08-24 12:47:16,675 INFO:Successfully fetched data for SBICARD
2025-08-24 12:47:20,003 INFO:Successfully fetched data for RECLTD
2025-08-24 12:47:20,042 INFO:Successfully fetched data for LTIM
2025-08-24 12:47:20,054 INFO:Successfully fetched data for RBLBANK
2025-08-24 12:47:20,105 INFO:Successfully fetched data for INDUSINDBK
2025-08-24 12:47:20,105 INFO:Successfully fetched data for INDIANB
2025-08-24 12:47:20,171 INFO:Successfully fetched data for LTTS
2025-08-24 12:47:20,196 INFO:Successfully fetched data for CANBK
2025-08-24 12:47:20,200 INFO:Successfully fetched data for MFSL
2025-08-24 12:47:20,342 INFO:Successfully fetched data for PFC
2025-08-24 12:47:20,342 INFO:Successfully fetched data for UNIONBANK
2025-08-24 12:47:23,669 INFO:Successfully fetched data for SONATSOFTW
2025-08-24 12:47:23,677 INFO:Successfully fetched data for CYIENT
2025-08-24 12:47:23,720 INFO:Successfully fetched data for ALKEM
2025-08-24 12:47:23,737 INFO:Successfully fetched data for COFORGE
2025-08-24 12:47:23,739 INFO:Successfully fetched data for RAMCOCEM
2025-08-24 12:47:23,739 INFO:Successfully fetched data for ABBOTINDIA
2025-08-24 12:47:23,808 INFO:Successfully fetched data for OFSS
2025-08-24 12:47:23,816 INFO:Successfully fetched data for GLAXO
2025-08-24 12:47:23,913 INFO:Successfully fetched data for MPHASIS
2025-08-24 12:47:23,933 INFO:Successfully fetched data for PERSISTENT
2025-08-24 12:47:27,274 INFO:Successfully fetched data for ADANIPOWER
2025-08-24 12:47:27,274 INFO:Successfully fetched data for ASTRAZEN
2025-08-24 12:47:27,280 INFO:Successfully fetched data for AUBANK
2025-08-24 12:47:27,288 INFO:Successfully fetched data for ABB
2025-08-24 12:47:27,402 INFO:Successfully fetched data for ASHOKLEY
2025-08-24 12:47:27,402 INFO:Successfully fetched data for ABFRL
2025-08-24 12:47:27,439 INFO:Successfully fetched data for IPCALAB
2025-08-24 12:47:27,474 INFO:Successfully fetched data for NATCOPHARM
2025-08-24 12:47:27,536 INFO:Successfully fetched data for SANOFI
2025-08-24 12:47:27,617 INFO:Successfully fetched data for PFIZER
2025-08-24 12:47:30,971 INFO:Successfully fetched data for BALKRISIND
2025-08-24 12:47:30,985 INFO:Successfully fetched data for EMAMILTD
2025-08-24 12:47:30,986 INFO:Successfully fetched data for HINDALCO
2025-08-24 12:47:31,014 INFO:Successfully fetched data for BHEL
2025-08-24 12:47:31,046 INFO:Successfully fetched data for BATAINDIA
2025-08-24 12:47:31,050 INFO:Successfully fetched data for ESCORTS
2025-08-24 12:47:31,064 INFO:Successfully fetched data for JSWSTEEL
2025-08-24 12:47:31,098 INFO:Successfully fetched data for CUMMINSIND
2025-08-24 12:47:31,209 INFO:Successfully fetched data for FORTIS
2025-08-24 12:47:31,209 INFO:Successfully fetched data for GODREJPROP
2025-08-24 12:47:34,538 INFO:Successfully fetched data for NLCINDIA
2025-08-24 12:47:34,543 INFO:Successfully fetched data for PETRONET
2025-08-24 12:47:34,551 INFO:Successfully fetched data for ETERNAL
2025-08-24 12:47:34,567 INFO:Successfully fetched data for LICHSGFIN
2025-08-24 12:47:34,567 INFO:Successfully fetched data for NYKAA
2025-08-24 12:47:34,733 INFO:Successfully fetched data for SJVN
2025-08-24 12:47:34,773 INFO:Successfully fetched data for NHPC
2025-08-24 12:47:34,774 INFO:Successfully fetched data for PAYTM
2025-08-24 12:47:34,849 INFO:Successfully fetched data for THERMAX
2025-08-24 12:47:34,879 INFO:Successfully fetched data for MRF
2025-08-24 12:47:38,201 INFO:Successfully fetched data for CARTRADE
2025-08-24 12:47:38,210 INFO:Successfully fetched data for EASEMYTRIP
2025-08-24 12:47:38,217 INFO:Successfully fetched data for IRCTC
2025-08-24 12:47:38,249 INFO:Successfully fetched data for 3MINDIA
2025-08-24 12:47:38,249 INFO:Successfully fetched data for INDIAMART
2025-08-24 12:47:38,284 INFO:Successfully fetched data for POLICYBZR
2025-08-24 12:47:38,368 INFO:Successfully fetched data for AIAENG
2025-08-24 12:47:38,447 INFO:Successfully fetched data for JUSTDIAL
2025-08-24 12:47:38,479 INFO:Successfully fetched data for NAZARA
2025-08-24 12:47:38,540 INFO:Successfully fetched data for ASTRAL
2025-08-24 12:47:41,851 INFO:Successfully fetched data for ATUL
2025-08-24 12:47:41,851 INFO:Successfully fetched data for BAYERCROP
2025-08-24 12:47:41,851 INFO:Successfully fetched data for CROMPTON
2025-08-24 12:47:41,865 INFO:Successfully fetched data for CGPOWER
2025-08-24 12:47:41,937 INFO:Successfully fetched data for ENDURANCE
2025-08-24 12:47:41,961 INFO:Successfully fetched data for DIXON
2025-08-24 12:47:41,978 INFO:Successfully fetched data for DEEPAKNTR
2025-08-24 12:47:42,040 INFO:Successfully fetched data for BHARATFORG
2025-08-24 12:47:42,064 INFO:Successfully fetched data for FLUOROCHEM
2025-08-24 12:47:42,072 INFO:Successfully fetched data for GRINDWELL
2025-08-24 12:47:45,785 INFO:Successfully fetched data for MANAPPURAM
2025-08-24 12:47:45,785 INFO:Successfully fetched data for LAURUSLABS
2025-08-24 12:47:45,824 ERROR:HTTP Error 404: 
2025-08-24 12:47:45,873 INFO:Successfully fetched data for JBCHEPHARM
2025-08-24 12:47:45,873 INFO:Successfully fetched data for HATSUN
2025-08-24 12:47:45,892 INFO:Successfully fetched data for KAJARIACER
2025-08-24 12:47:45,904 INFO:Successfully fetched data for HAPPSTMNDS
2025-08-24 12:47:45,978 INFO:Successfully fetched data for LXMACHIN
2025-08-24 12:47:46,062 INFO:Successfully fetched data for HINDCOPPER
2025-08-24 12:47:46,062 INFO:Successfully fetched data for JKCEMENT
2025-08-24 12:47:46,092 INFO:Successfully fetched data for LODHA
2025-08-24 12:47:49,477 INFO:Successfully fetched data for OBEROIRLTY
2025-08-24 12:47:49,490 INFO:Successfully fetched data for RADICO
2025-08-24 12:47:49,516 INFO:Successfully fetched data for RELAXO
2025-08-24 12:47:49,516 INFO:Successfully fetched data for PHOENIXLTD
2025-08-24 12:47:49,567 INFO:Successfully fetched data for POLYCAB
2025-08-24 12:47:49,574 INFO:Successfully fetched data for NAVINFLUOR
2025-08-24 12:47:49,615 INFO:Successfully fetched data for MOTILALOFS
2025-08-24 12:47:49,673 INFO:Successfully fetched data for SCHAEFFLER
2025-08-24 12:47:49,675 INFO:Successfully fetched data for NAM-INDIA
2025-08-24 12:47:49,694 INFO:Successfully fetched data for RAJESHEXPO
2025-08-24 12:47:53,029 INFO:Successfully fetched data for VGUARD
2025-08-24 12:47:53,077 INFO:Successfully fetched data for TRITURBINE
2025-08-24 12:47:53,083 INFO:Successfully fetched data for TIMKEN
2025-08-24 12:47:53,103 INFO:Successfully fetched data for STARHEALTH
2025-08-24 12:47:53,128 INFO:Successfully fetched data for SYMPHONY
2025-08-24 12:47:53,148 INFO:Successfully fetched data for TTKPRESTIG
2025-08-24 12:47:53,190 INFO:Successfully fetched data for TATAINVEST
2025-08-24 12:47:53,218 INFO:Successfully fetched data for SUNDARMFIN
2025-08-24 12:47:53,367 INFO:Successfully fetched data for SUPREMEIND
2025-08-24 12:47:53,372 INFO:Successfully fetched data for SKFINDIA
2025-08-24 12:47:56,674 INFO:Successfully fetched data for VINATIORGA
2025-08-24 12:47:56,691 INFO:Successfully fetched data for CAMS
2025-08-24 12:47:56,799 INFO:Successfully fetched data for BLUEDART
2025-08-24 12:47:56,808 INFO:Successfully fetched data for ZFCVINDIA
2025-08-24 12:47:56,840 INFO:Successfully fetched data for VOLTAS
2025-08-24 12:47:56,874 INFO:Successfully fetched data for CARERATING
2025-08-24 12:47:56,885 INFO:Successfully fetched data for ACCELYA
2025-08-24 12:47:56,985 INFO:Successfully fetched data for WHIRLPOOL
2025-08-24 12:47:57,015 INFO:Successfully fetched data for CLEDUCATE
2025-08-24 12:47:57,058 INFO:Successfully fetched data for ZYDUSLIFE
2025-08-24 12:48:00,365 INFO:Successfully fetched data for HONAUT
2025-08-24 12:48:00,550 INFO:Successfully fetched data for INDIGOPNTS
2025-08-24 12:48:00,644 INFO:Successfully fetched data for KPITTECH
2025-08-24 12:48:00,899 INFO:Successfully fetched data for ROUTE
2025-08-24 12:48:01,008 INFO:Successfully fetched data for ICRA
2025-08-24 12:48:01,048 INFO:Successfully fetched data for MAPMYINDIA
2025-08-24 12:48:01,048 INFO:Successfully fetched data for PSPPROJECT
2025-08-24 12:48:01,191 INFO:Successfully fetched data for SOLARINDS
2025-08-24 12:48:01,208 INFO:Successfully fetched data for PAGEIND
2025-08-24 12:48:01,215 INFO:Successfully fetched data for METROPOLIS
2025-08-24 12:48:04,628 INFO:Successfully fetched data for GSPL
2025-08-24 12:48:04,667 INFO:Successfully fetched data for MAXHEALTH
2025-08-24 12:48:04,708 INFO:Successfully fetched data for PNBHOUSING
2025-08-24 12:48:04,726 INFO:Successfully fetched data for MARICO
2025-08-24 12:48:04,728 INFO:Successfully fetched data for APLLTD
2025-08-24 12:48:04,765 INFO:Successfully fetched data for CHOLAHLDNG
2025-08-24 12:48:04,797 INFO:Successfully fetched data for GODREJIND
2025-08-24 12:48:04,818 INFO:Successfully fetched data for KRBL
2025-08-24 12:48:05,087 INFO:Successfully fetched data for INDHOTEL
2025-08-24 12:48:05,321 INFO:Successfully fetched data for CENTURYTEX
2025-08-24 12:48:08,741 INFO:Successfully fetched data for PRAJIND
2025-08-24 12:48:08,741 INFO:Successfully fetched data for REDINGTON
2025-08-24 12:48:08,793 INFO:Successfully fetched data for GRANULES
2025-08-24 12:48:08,834 INFO:Successfully fetched data for CDSL
2025-08-24 12:48:08,842 INFO:Successfully fetched data for AJANTPHARM
2025-08-24 12:48:08,862 INFO:Successfully fetched data for CAPLIPOINT
2025-08-24 12:48:08,894 INFO:Successfully fetched data for SYNGENE
2025-08-24 12:48:08,915 INFO:Successfully fetched data for GUJGASLTD
2025-08-24 12:48:08,917 INFO:Successfully fetched data for ATGL
2025-08-24 12:48:09,023 INFO:Successfully fetched data for TORNTPOWER
2025-08-24 12:48:12,333 INFO:Successfully fetched data for IRCON
2025-08-24 12:48:12,373 INFO:Successfully fetched data for GRAPHITE
2025-08-24 12:48:12,379 INFO:Successfully fetched data for KALYANKJIL
2025-08-24 12:48:12,394 INFO:Successfully fetched data for EXIDEIND
2025-08-24 12:48:12,426 INFO:Successfully fetched data for GMMPFAUDLR
2025-08-24 12:48:12,474 INFO:Successfully fetched data for CONCOR
2025-08-24 12:48:12,525 INFO:Successfully fetched data for FACT
2025-08-24 12:48:12,578 INFO:Successfully fetched data for HINDPETRO
2025-08-24 12:48:14,584 INFO:Found 228 stocks to analyze
2025-08-24 12:48:47,262 ERROR:HTTP Error 404: 
2025-08-24 12:48:47,988 ERROR:$LXMACHIN.NS: possibly delisted; no price data found  (period=1y) (Yahoo error = "No data found, symbol may be delisted")
2025-08-24 12:48:47,990 WARNING:No historical data available for LXMACHIN
2025-08-24 12:48:58,424 ERROR:$CENTURYTEX.NS: possibly delisted; no price data found  (period=1y) (Yahoo error = "No data found, symbol may be delisted")
2025-08-24 12:48:58,424 WARNING:No historical data available for CENTURYTEX
2025-08-24 12:49:01,977 INFO:
Top 10 stocks by overall score:
2025-08-24 12:49:01,979 INFO:MUTHOOTFIN: 94.66
2025-08-24 12:49:01,979 INFO:INDIAMART: 92.22
2025-08-24 12:49:01,979 INFO:HINDALCO: 85.65
2025-08-24 12:49:01,979 INFO:ACCELYA: 85.12
2025-08-24 12:49:01,980 INFO:POLYCAB: 83.88
2025-08-24 12:49:01,980 INFO:BHARTIARTL: 82.59
2025-08-24 12:49:01,980 INFO:MOTILALOFS: 82.56
2025-08-24 12:49:01,980 INFO:SBIN: 80.36
2025-08-24 12:49:01,980 INFO:HDFCAMC: 78.63
2025-08-24 12:49:01,981 INFO:ESCORTS: 76.91
2025-08-24 12:49:02,825 ERROR:Error exporting data: 'Workbook' object has no attribute 'add_format'
2025-08-24 12:49:02,825 INFO:Cleaning up...
