2025-08-24 13:25:16,999 INFO:Starting analysis of NSE stocks...
2025-08-24 13:25:16,999 INFO:Starting to fetch stock data...
2025-08-24 13:25:18,953 INFO:Successfully fetched data for SBIN
2025-08-24 13:25:18,984 INFO:Successfully fetched data for RELIANCE
2025-08-24 13:25:19,046 INFO:Successfully fetched data for HINDUNILVR
2025-08-24 13:25:19,046 INFO:Successfully fetched data for KOTAKBANK
2025-08-24 13:25:19,046 INFO:Successfully fetched data for TCS
2025-08-24 13:25:19,117 INFO:Successfully fetched data for BHARTIARTL
2025-08-24 13:25:19,117 INFO:Successfully fetched data for INFY
2025-08-24 13:25:19,123 INFO:Successfully fetched data for ICICIBANK
2025-08-24 13:25:19,127 INFO:Successfully fetched data for HDFCBANK
2025-08-24 13:25:19,232 INFO:Successfully fetched data for ITC
2025-08-24 13:25:22,546 INFO:Successfully fetched data for SUNPHARMA
2025-08-24 13:25:22,619 INFO:Successfully fetched data for WIPRO
2025-08-24 13:25:22,670 INFO:Successfully fetched data for MARUTI
2025-08-24 13:25:22,705 INFO:Successfully fetched data for AXISBANK
2025-08-24 13:25:22,735 INFO:Successfully fetched data for ASIANPAINT
2025-08-24 13:25:22,775 INFO:Successfully fetched data for TITAN
2025-08-24 13:25:22,800 INFO:Successfully fetched data for LT
2025-08-24 13:25:22,852 INFO:Successfully fetched data for HCLTECH
2025-08-24 13:25:22,852 INFO:Successfully fetched data for BAJFINANCE
2025-08-24 13:25:22,967 INFO:Successfully fetched data for ULTRACEMCO
2025-08-24 13:25:26,319 INFO:Successfully fetched data for NESTLEIND
2025-08-24 13:25:26,319 INFO:Successfully fetched data for HDFCLIFE
2025-08-24 13:25:26,426 INFO:Successfully fetched data for POWERGRID
2025-08-24 13:25:26,438 INFO:Successfully fetched data for ADANIENT
2025-08-24 13:25:26,478 INFO:Successfully fetched data for DIVISLAB
2025-08-24 13:25:26,505 INFO:Successfully fetched data for TECHM
2025-08-24 13:25:26,540 INFO:Successfully fetched data for NTPC
2025-08-24 13:25:26,540 INFO:Successfully fetched data for TATACONSUM
2025-08-24 13:25:26,630 INFO:Successfully fetched data for BAJAJFINSV
2025-08-24 13:25:26,669 INFO:Successfully fetched data for M&M
2025-08-24 13:25:30,063 INFO:Successfully fetched data for AUROPHARMA
2025-08-24 13:25:30,063 INFO:Successfully fetched data for APOLLOHOSP
2025-08-24 13:25:30,063 INFO:Successfully fetched data for ADANIPORTS
2025-08-24 13:25:30,104 INFO:Successfully fetched data for AMBUJACEM
2025-08-24 13:25:30,258 INFO:Successfully fetched data for BIOCON
2025-08-24 13:25:30,276 INFO:Successfully fetched data for ADANIGREEN
2025-08-24 13:25:30,325 INFO:Successfully fetched data for BANDHANBNK
2025-08-24 13:25:30,393 INFO:Successfully fetched data for BERGEPAINT
2025-08-24 13:25:30,423 INFO:Successfully fetched data for BAJAJ-AUTO
2025-08-24 13:25:30,492 INFO:Successfully fetched data for BANKBARODA
2025-08-24 13:25:33,817 INFO:Successfully fetched data for COALINDIA
2025-08-24 13:25:33,837 INFO:Successfully fetched data for DABUR
2025-08-24 13:25:33,984 INFO:Successfully fetched data for DLF
2025-08-24 13:25:34,002 INFO:Successfully fetched data for DMART
2025-08-24 13:25:34,019 INFO:Successfully fetched data for COLPAL
2025-08-24 13:25:34,029 INFO:Successfully fetched data for CHOLAFIN
2025-08-24 13:25:34,099 INFO:Successfully fetched data for CIPLA
2025-08-24 13:25:34,119 INFO:Successfully fetched data for BPCL
2025-08-24 13:25:34,129 INFO:Successfully fetched data for BOSCHLTD
2025-08-24 13:25:34,137 INFO:Successfully fetched data for BRITANNIA
2025-08-24 13:25:37,508 INFO:Successfully fetched data for GAIL
2025-08-24 13:25:37,523 INFO:Successfully fetched data for HAVELLS
2025-08-24 13:25:37,623 INFO:Successfully fetched data for GODREJCP
2025-08-24 13:25:37,623 INFO:Successfully fetched data for INDIGO
2025-08-24 13:25:37,651 INFO:Successfully fetched data for EICHERMOT
2025-08-24 13:25:37,685 INFO:Successfully fetched data for DRREDDY
2025-08-24 13:25:37,701 INFO:Successfully fetched data for HDFCAMC
2025-08-24 13:25:37,702 INFO:Successfully fetched data for GLAND
2025-08-24 13:25:37,717 INFO:Successfully fetched data for GRASIM
2025-08-24 13:25:37,839 INFO:Successfully fetched data for HAL
2025-08-24 13:25:41,148 INFO:Successfully fetched data for NAUKRI
2025-08-24 13:25:41,168 INFO:Successfully fetched data for JUBLFOOD
2025-08-24 13:25:41,202 INFO:Successfully fetched data for MCDHOLDING
2025-08-24 13:25:41,209 INFO:Successfully fetched data for LICI
2025-08-24 13:25:41,209 INFO:Successfully fetched data for LUPIN
2025-08-24 13:25:41,265 INFO:Successfully fetched data for JINDALSTEL
2025-08-24 13:25:41,344 INFO:Successfully fetched data for ONGC
2025-08-24 13:25:41,344 INFO:Successfully fetched data for PIDILITIND
2025-08-24 13:25:41,430 INFO:Successfully fetched data for NMDC
2025-08-24 13:25:41,486 INFO:Successfully fetched data for MUTHOOTFIN
2025-08-24 13:25:44,734 INFO:Successfully fetched data for SBILIFE
2025-08-24 13:25:44,804 INFO:Successfully fetched data for TATAPOWER
2025-08-24 13:25:44,834 INFO:Successfully fetched data for UPL
2025-08-24 13:25:44,834 INFO:Successfully fetched data for FEDERALBNK
2025-08-24 13:25:44,863 INFO:Successfully fetched data for SAIL
2025-08-24 13:25:44,869 INFO:Successfully fetched data for SBICARD
2025-08-24 13:25:44,979 INFO:Successfully fetched data for TORNTPHARM
2025-08-24 13:25:44,999 INFO:Successfully fetched data for TATACHEM
2025-08-24 13:25:45,025 INFO:Successfully fetched data for IDFCFIRSTB
2025-08-24 13:25:45,039 INFO:Successfully fetched data for SIEMENS
2025-08-24 13:25:48,308 INFO:Successfully fetched data for CANBK
2025-08-24 13:25:48,313 INFO:Successfully fetched data for UNIONBANK
2025-08-24 13:25:48,344 INFO:Successfully fetched data for MFSL
2025-08-24 13:25:48,422 INFO:Successfully fetched data for RECLTD
2025-08-24 13:25:48,439 INFO:Successfully fetched data for PFC
2025-08-24 13:25:48,439 INFO:Successfully fetched data for INDIANB
2025-08-24 13:25:48,463 INFO:Successfully fetched data for INDUSINDBK
2025-08-24 13:25:48,508 INFO:Successfully fetched data for LTIM
2025-08-24 13:25:48,508 INFO:Successfully fetched data for RBLBANK
2025-08-24 13:25:48,618 INFO:Successfully fetched data for LTTS
2025-08-24 13:25:51,899 INFO:Successfully fetched data for OFSS
2025-08-24 13:25:51,914 INFO:Successfully fetched data for PERSISTENT
2025-08-24 13:25:51,969 INFO:Successfully fetched data for COFORGE
2025-08-24 13:25:51,969 INFO:Successfully fetched data for RAMCOCEM
2025-08-24 13:25:52,037 INFO:Successfully fetched data for ALKEM
2025-08-24 13:25:52,040 INFO:Successfully fetched data for ABBOTINDIA
2025-08-24 13:25:52,050 INFO:Successfully fetched data for CYIENT
2025-08-24 13:25:52,116 INFO:Successfully fetched data for GLAXO
2025-08-24 13:25:52,152 INFO:Successfully fetched data for MPHASIS
2025-08-24 13:25:52,174 INFO:Successfully fetched data for SONATSOFTW
2025-08-24 13:25:55,457 INFO:Successfully fetched data for SANOFI
2025-08-24 13:25:55,502 INFO:Successfully fetched data for IPCALAB
2025-08-24 13:25:55,504 INFO:Successfully fetched data for NATCOPHARM
2025-08-24 13:25:55,572 INFO:Successfully fetched data for ABFRL
2025-08-24 13:25:55,593 INFO:Successfully fetched data for ASTRAZEN
2025-08-24 13:25:55,636 INFO:Successfully fetched data for ABB
2025-08-24 13:25:55,658 INFO:Successfully fetched data for AUBANK
2025-08-24 13:25:55,689 INFO:Successfully fetched data for ASHOKLEY
2025-08-24 13:25:55,689 INFO:Successfully fetched data for PFIZER
2025-08-24 13:25:55,835 INFO:Successfully fetched data for ADANIPOWER
2025-08-24 13:25:59,177 INFO:Successfully fetched data for GODREJPROP
2025-08-24 13:25:59,219 INFO:Successfully fetched data for BHEL
2025-08-24 13:25:59,219 INFO:Successfully fetched data for JSWSTEEL
2025-08-24 13:25:59,219 INFO:Successfully fetched data for HINDALCO
2025-08-24 13:25:59,243 INFO:Successfully fetched data for EMAMILTD
2025-08-24 13:25:59,355 INFO:Successfully fetched data for ESCORTS
2025-08-24 13:25:59,444 INFO:Successfully fetched data for BALKRISIND
2025-08-24 13:25:59,518 INFO:Successfully fetched data for CUMMINSIND
2025-08-24 13:25:59,522 INFO:Successfully fetched data for BATAINDIA
2025-08-24 13:25:59,627 INFO:Successfully fetched data for FORTIS
2025-08-24 13:26:03,298 INFO:Successfully fetched data for SJVN
2025-08-24 13:26:03,300 INFO:Successfully fetched data for LICHSGFIN
2025-08-24 13:26:03,300 INFO:Successfully fetched data for NLCINDIA
2025-08-24 13:26:03,302 INFO:Successfully fetched data for THERMAX
2025-08-24 13:26:03,503 INFO:Successfully fetched data for NHPC
2025-08-24 13:26:03,505 INFO:Successfully fetched data for MRF
2025-08-24 13:26:03,505 INFO:Successfully fetched data for PAYTM
2025-08-24 13:26:05,654 INFO:Successfully fetched data for PETRONET
2025-08-24 13:26:05,707 INFO:Successfully fetched data for ETERNAL
2025-08-24 13:26:05,740 INFO:Successfully fetched data for NYKAA
2025-08-24 13:26:09,151 INFO:Successfully fetched data for AIAENG
2025-08-24 13:26:09,195 INFO:Successfully fetched data for JUSTDIAL
2025-08-24 13:26:09,198 INFO:Successfully fetched data for POLICYBZR
2025-08-24 13:26:09,225 INFO:Successfully fetched data for ASTRAL
2025-08-24 13:26:09,244 INFO:Successfully fetched data for 3MINDIA
2025-08-24 13:26:09,255 INFO:Successfully fetched data for INDIAMART
2025-08-24 13:26:09,262 INFO:Successfully fetched data for EASEMYTRIP
2025-08-24 13:26:09,263 INFO:Successfully fetched data for CARTRADE
2025-08-24 13:26:09,380 INFO:Successfully fetched data for NAZARA
2025-08-24 13:26:09,478 INFO:Successfully fetched data for IRCTC
2025-08-24 13:26:12,826 INFO:Successfully fetched data for CROMPTON
2025-08-24 13:26:12,876 INFO:Successfully fetched data for CGPOWER
2025-08-24 13:26:12,876 INFO:Successfully fetched data for DIXON
2025-08-24 13:26:12,878 INFO:Successfully fetched data for ENDURANCE
2025-08-24 13:26:12,925 INFO:Successfully fetched data for BHARATFORG
2025-08-24 13:26:12,956 INFO:Successfully fetched data for BAYERCROP
2025-08-24 13:26:12,973 INFO:Successfully fetched data for GRINDWELL
2025-08-24 13:26:13,238 INFO:Successfully fetched data for FLUOROCHEM
2025-08-24 13:26:13,240 INFO:Successfully fetched data for DEEPAKNTR
2025-08-24 13:26:14,162 INFO:Successfully fetched data for ATUL
2025-08-24 13:26:17,638 ERROR:HTTP Error 404: 
2025-08-24 13:26:17,669 INFO:Successfully fetched data for JKCEMENT
2025-08-24 13:26:17,671 INFO:Successfully fetched data for HATSUN
2025-08-24 13:26:17,676 INFO:Successfully fetched data for HINDCOPPER
2025-08-24 13:26:17,785 INFO:Successfully fetched data for JBCHEPHARM
2025-08-24 13:26:17,841 INFO:Successfully fetched data for KAJARIACER
2025-08-24 13:26:17,841 INFO:Successfully fetched data for LAURUSLABS
2025-08-24 13:26:17,846 INFO:Successfully fetched data for HAPPSTMNDS
2025-08-24 13:26:17,875 INFO:Successfully fetched data for LXMACHIN
2025-08-24 13:26:17,940 INFO:Successfully fetched data for MANAPPURAM
2025-08-24 13:26:17,940 INFO:Successfully fetched data for LODHA
2025-08-24 13:26:21,397 INFO:Successfully fetched data for NAVINFLUOR
2025-08-24 13:26:21,397 INFO:Successfully fetched data for RELAXO
2025-08-24 13:26:21,430 INFO:Successfully fetched data for RAJESHEXPO
2025-08-24 13:26:21,478 INFO:Successfully fetched data for POLYCAB
2025-08-24 13:26:21,491 INFO:Successfully fetched data for RADICO
2025-08-24 13:26:21,505 INFO:Successfully fetched data for NAM-INDIA
2025-08-24 13:26:21,510 INFO:Successfully fetched data for PHOENIXLTD
2025-08-24 13:26:21,591 INFO:Successfully fetched data for MOTILALOFS
2025-08-24 13:26:21,654 INFO:Successfully fetched data for OBEROIRLTY
2025-08-24 13:26:21,658 INFO:Successfully fetched data for SCHAEFFLER
2025-08-24 13:26:25,107 INFO:Successfully fetched data for TRITURBINE
2025-08-24 13:26:25,108 INFO:Successfully fetched data for STARHEALTH
2025-08-24 13:26:25,110 INFO:Successfully fetched data for SUPREMEIND
2025-08-24 13:26:25,112 INFO:Successfully fetched data for VGUARD
2025-08-24 13:26:25,163 INFO:Successfully fetched data for TTKPRESTIG
2025-08-24 13:26:25,168 INFO:Successfully fetched data for TIMKEN
2025-08-24 13:26:25,171 INFO:Successfully fetched data for TATAINVEST
2025-08-24 13:26:25,173 INFO:Successfully fetched data for SKFINDIA
2025-08-24 13:26:25,175 INFO:Successfully fetched data for SYMPHONY
2025-08-24 13:26:25,211 INFO:Successfully fetched data for SUNDARMFIN
2025-08-24 13:26:28,569 INFO:Successfully fetched data for ZYDUSLIFE
2025-08-24 13:26:28,585 INFO:Successfully fetched data for VOLTAS
2025-08-24 13:26:28,613 INFO:Successfully fetched data for ACCELYA
2025-08-24 13:26:28,630 INFO:Successfully fetched data for BLUEDART
2025-08-24 13:26:28,661 INFO:Successfully fetched data for ZFCVINDIA
2025-08-24 13:26:28,661 INFO:Successfully fetched data for VINATIORGA
2025-08-24 13:26:28,788 INFO:Successfully fetched data for CLEDUCATE
2025-08-24 13:26:28,788 INFO:Successfully fetched data for CAMS
2025-08-24 13:26:28,817 INFO:Successfully fetched data for WHIRLPOOL
2025-08-24 13:26:28,894 INFO:Successfully fetched data for CARERATING
2025-08-24 13:26:32,239 INFO:Successfully fetched data for HONAUT
2025-08-24 13:26:32,279 INFO:Successfully fetched data for INDIGOPNTS
2025-08-24 13:26:32,279 INFO:Successfully fetched data for MAPMYINDIA
2025-08-24 13:26:32,282 INFO:Successfully fetched data for KPITTECH
2025-08-24 13:26:32,303 INFO:Successfully fetched data for PSPPROJECT
2025-08-24 13:26:32,322 INFO:Successfully fetched data for ICRA
2025-08-24 13:26:32,391 INFO:Successfully fetched data for PAGEIND
2025-08-24 13:26:32,391 INFO:Successfully fetched data for ROUTE
2025-08-24 13:26:32,391 INFO:Successfully fetched data for SOLARINDS
2025-08-24 13:26:32,400 INFO:Successfully fetched data for METROPOLIS
2025-08-24 13:26:35,794 INFO:Successfully fetched data for APLLTD
2025-08-24 13:26:35,858 INFO:Successfully fetched data for GSPL
2025-08-24 13:26:35,860 INFO:Successfully fetched data for PNBHOUSING
2025-08-24 13:26:35,878 INFO:Successfully fetched data for CHOLAHLDNG
2025-08-24 13:26:35,892 INFO:Successfully fetched data for GODREJIND
2025-08-24 13:26:35,903 INFO:Successfully fetched data for MARICO
2025-08-24 13:26:35,939 INFO:Successfully fetched data for KRBL
2025-08-24 13:26:35,941 INFO:Successfully fetched data for MAXHEALTH
2025-08-24 13:26:35,974 INFO:Successfully fetched data for CENTURYTEX
2025-08-24 13:26:36,062 INFO:Successfully fetched data for INDHOTEL
2025-08-24 13:26:39,469 INFO:Successfully fetched data for CAPLIPOINT
2025-08-24 13:26:39,483 INFO:Successfully fetched data for AJANTPHARM
2025-08-24 13:26:39,530 INFO:Successfully fetched data for TORNTPOWER
2025-08-24 13:26:39,533 INFO:Successfully fetched data for ATGL
2025-08-24 13:26:39,539 INFO:Successfully fetched data for SYNGENE
2025-08-24 13:26:39,571 INFO:Successfully fetched data for CDSL
2025-08-24 13:26:39,613 INFO:Successfully fetched data for REDINGTON
2025-08-24 13:26:39,615 INFO:Successfully fetched data for GUJGASLTD
2025-08-24 13:26:39,617 INFO:Successfully fetched data for GRANULES
2025-08-24 13:26:39,701 INFO:Successfully fetched data for PRAJIND
2025-08-24 13:26:43,090 INFO:Successfully fetched data for FACT
2025-08-24 13:26:43,107 INFO:Successfully fetched data for EXIDEIND
2025-08-24 13:26:43,191 INFO:Successfully fetched data for KALYANKJIL
2025-08-24 13:26:43,191 INFO:Successfully fetched data for CONCOR
2025-08-24 13:26:43,237 INFO:Successfully fetched data for IRCON
2025-08-24 13:26:43,330 INFO:Successfully fetched data for GMMPFAUDLR
2025-08-24 13:26:43,354 INFO:Successfully fetched data for GRAPHITE
2025-08-24 13:26:43,471 INFO:Successfully fetched data for HINDPETRO
2025-08-24 13:26:45,489 INFO:Found 228 stocks to analyze
2025-08-24 13:27:22,358 ERROR:HTTP Error 404: 
2025-08-24 13:27:23,440 ERROR:$LXMACHIN.NS: possibly delisted; no price data found  (period=1y) (Yahoo error = "No data found, symbol may be delisted")
2025-08-24 13:27:23,440 WARNING:No historical data available for LXMACHIN
2025-08-24 13:27:37,498 ERROR:$CENTURYTEX.NS: possibly delisted; no price data found  (period=1y) (Yahoo error = "No data found, symbol may be delisted")
2025-08-24 13:27:37,498 WARNING:No historical data available for CENTURYTEX
2025-08-24 13:27:41,547 INFO:
Top 10 stocks by overall score:
2025-08-24 13:27:41,549 INFO:MUTHOOTFIN: 94.66
2025-08-24 13:27:41,551 INFO:INDIAMART: 92.22
2025-08-24 13:27:41,551 INFO:HINDALCO: 85.65
2025-08-24 13:27:41,551 INFO:ACCELYA: 85.12
2025-08-24 13:27:41,552 INFO:POLYCAB: 83.88
2025-08-24 13:27:41,552 INFO:BHARTIARTL: 82.59
2025-08-24 13:27:41,552 INFO:MOTILALOFS: 82.56
2025-08-24 13:27:41,552 INFO:SBIN: 80.36
2025-08-24 13:27:41,552 INFO:HDFCAMC: 78.63
2025-08-24 13:27:41,552 INFO:ESCORTS: 76.91
2025-08-24 13:27:42,479 ERROR:Error exporting data: 'Workbook' object has no attribute 'add_format'
2025-08-24 13:27:42,479 INFO:Cleaning up...
