2025-08-24 13:41:57,250 INFO:Starting analysis of NSE stocks...
2025-08-24 13:41:57,250 INFO:Starting to fetch stock data...
2025-08-24 13:41:58,836 INFO:Successfully fetched data for SBIN
2025-08-24 13:41:58,910 INFO:Successfully fetched data for KOTAKBANK
2025-08-24 13:41:58,912 INFO:Successfully fetched data for INFY
2025-08-24 13:41:58,926 INFO:Successfully fetched data for RELIANCE
2025-08-24 13:41:58,926 INFO:Successfully fetched data for ITC
2025-08-24 13:41:58,953 INFO:Successfully fetched data for HDFCBANK
2025-08-24 13:41:58,959 INFO:Successfully fetched data for TCS
2025-08-24 13:41:58,971 INFO:Successfully fetched data for BHARTIARTL
2025-08-24 13:41:59,017 INFO:Successfully fetched data for ICICIBANK
2025-08-24 13:41:59,127 INFO:Successfully fetched data for HINDUNILVR
2025-08-24 13:42:02,389 INFO:Successfully fetched data for AXISBANK
2025-08-24 13:42:02,434 INFO:Successfully fetched data for HCLTECH
2025-08-24 13:42:02,447 INFO:Successfully fetched data for MARUTI
2025-08-24 13:42:02,505 INFO:Successfully fetched data for BAJFINANCE
2025-08-24 13:42:02,522 INFO:Successfully fetched data for WIPRO
2025-08-24 13:42:02,567 INFO:Successfully fetched data for TITAN
2025-08-24 13:42:02,567 INFO:Successfully fetched data for SUNPHARMA
2025-08-24 13:42:02,605 INFO:Successfully fetched data for ASIANPAINT
2025-08-24 13:42:02,629 INFO:Successfully fetched data for ULTRACEMCO
2025-08-24 13:42:02,999 INFO:Successfully fetched data for LT
2025-08-24 13:42:06,403 INFO:Successfully fetched data for NESTLEIND
2025-08-24 13:42:06,403 INFO:Successfully fetched data for TATACONSUM
2025-08-24 13:42:06,518 INFO:Successfully fetched data for TECHM
2025-08-24 13:42:06,551 INFO:Successfully fetched data for BAJAJFINSV
2025-08-24 13:42:06,552 INFO:Successfully fetched data for DIVISLAB
2025-08-24 13:42:06,585 INFO:Successfully fetched data for NTPC
2025-08-24 13:42:06,684 INFO:Successfully fetched data for ADANIENT
2025-08-24 13:42:06,736 INFO:Successfully fetched data for POWERGRID
2025-08-24 13:42:06,736 INFO:Successfully fetched data for M&M
2025-08-24 13:42:06,768 INFO:Successfully fetched data for HDFCLIFE
2025-08-24 13:42:10,136 INFO:Successfully fetched data for BANDHANBNK
2025-08-24 13:42:10,522 INFO:Successfully fetched data for AMBUJACEM
2025-08-24 13:42:10,525 INFO:Successfully fetched data for BIOCON
2025-08-24 13:42:10,688 INFO:Successfully fetched data for BERGEPAINT
2025-08-24 13:42:11,062 INFO:Successfully fetched data for ADANIGREEN
2025-08-24 13:42:11,169 INFO:Successfully fetched data for APOLLOHOSP
2025-08-24 13:42:11,248 INFO:Successfully fetched data for BANKBARODA
2025-08-24 13:42:11,305 INFO:Successfully fetched data for ADANIPORTS
2025-08-24 13:42:11,322 INFO:Successfully fetched data for BAJAJ-AUTO
2025-08-24 13:42:11,604 INFO:Successfully fetched data for AUROPHARMA
2025-08-24 13:42:14,898 INFO:Successfully fetched data for CIPLA
2025-08-24 13:42:14,906 INFO:Successfully fetched data for DMART
2025-08-24 13:42:14,950 INFO:Successfully fetched data for BRITANNIA
2025-08-24 13:42:14,952 INFO:Successfully fetched data for BPCL
2025-08-24 13:42:14,998 INFO:Successfully fetched data for COLPAL
2025-08-24 13:42:15,020 INFO:Successfully fetched data for DABUR
2025-08-24 13:42:15,089 INFO:Successfully fetched data for DLF
2025-08-24 13:42:15,099 INFO:Successfully fetched data for COALINDIA
2025-08-24 13:42:15,100 INFO:Successfully fetched data for BOSCHLTD
2025-08-24 13:42:15,220 INFO:Successfully fetched data for CHOLAFIN
2025-08-24 13:42:18,487 INFO:Successfully fetched data for GLAND
2025-08-24 13:42:18,542 INFO:Successfully fetched data for INDIGO
2025-08-24 13:42:18,598 INFO:Successfully fetched data for DRREDDY
2025-08-24 13:42:18,610 INFO:Successfully fetched data for HDFCAMC
2025-08-24 13:42:18,687 INFO:Successfully fetched data for EICHERMOT
2025-08-24 13:42:18,772 INFO:Successfully fetched data for GAIL
2025-08-24 13:42:18,856 INFO:Successfully fetched data for HAVELLS
2025-08-24 13:42:18,873 INFO:Successfully fetched data for HAL
2025-08-24 13:42:18,894 INFO:Successfully fetched data for GRASIM
2025-08-24 13:42:18,954 INFO:Successfully fetched data for GODREJCP
2025-08-24 13:42:22,215 INFO:Successfully fetched data for MUTHOOTFIN
2025-08-24 13:42:22,217 INFO:Successfully fetched data for JUBLFOOD
2025-08-24 13:42:22,250 INFO:Successfully fetched data for PIDILITIND
2025-08-24 13:42:22,276 INFO:Successfully fetched data for MCDHOLDING
2025-08-24 13:42:22,285 INFO:Successfully fetched data for JINDALSTEL
2025-08-24 13:42:22,392 INFO:Successfully fetched data for LICI
2025-08-24 13:42:22,404 INFO:Successfully fetched data for NAUKRI
2025-08-24 13:42:22,409 INFO:Successfully fetched data for LUPIN
2025-08-24 13:42:22,423 INFO:Successfully fetched data for ONGC
2025-08-24 13:42:22,434 INFO:Successfully fetched data for NMDC
2025-08-24 13:42:25,969 INFO:Successfully fetched data for FEDERALBNK
2025-08-24 13:42:25,971 INFO:Successfully fetched data for IDFCFIRSTB
2025-08-24 13:42:26,055 INFO:Successfully fetched data for TATACHEM
2025-08-24 13:42:26,055 INFO:Successfully fetched data for SBICARD
2025-08-24 13:42:26,055 INFO:Successfully fetched data for SIEMENS
2025-08-24 13:42:26,110 INFO:Successfully fetched data for SBILIFE
2025-08-24 13:42:26,112 INFO:Successfully fetched data for SAIL
2025-08-24 13:42:26,164 INFO:Successfully fetched data for TATAPOWER
2025-08-24 13:42:26,214 INFO:Successfully fetched data for TORNTPHARM
2025-08-24 13:42:26,363 INFO:Successfully fetched data for UPL
2025-08-24 13:42:29,746 INFO:Successfully fetched data for LTIM
2025-08-24 13:42:29,756 INFO:Successfully fetched data for MFSL
2025-08-24 13:42:29,775 INFO:Successfully fetched data for RECLTD
2025-08-24 13:42:29,871 INFO:Successfully fetched data for UNIONBANK
2025-08-24 13:42:29,938 INFO:Successfully fetched data for RBLBANK
2025-08-24 13:42:29,940 INFO:Successfully fetched data for INDUSINDBK
2025-08-24 13:42:29,959 INFO:Successfully fetched data for CANBK
2025-08-24 13:42:29,978 INFO:Successfully fetched data for LTTS
2025-08-24 13:42:30,037 INFO:Successfully fetched data for INDIANB
2025-08-24 13:42:30,199 INFO:Successfully fetched data for PFC
2025-08-24 13:42:33,451 INFO:Successfully fetched data for OFSS
2025-08-24 13:42:33,502 INFO:Successfully fetched data for SONATSOFTW
2025-08-24 13:42:33,522 INFO:Successfully fetched data for GLAXO
2025-08-24 13:42:33,551 INFO:Successfully fetched data for PERSISTENT
2025-08-24 13:42:33,555 INFO:Successfully fetched data for MPHASIS
2025-08-24 13:42:33,574 INFO:Successfully fetched data for COFORGE
2025-08-24 13:42:33,587 INFO:Successfully fetched data for ABBOTINDIA
2025-08-24 13:42:33,760 INFO:Successfully fetched data for CYIENT
2025-08-24 13:42:33,796 INFO:Successfully fetched data for ALKEM
2025-08-24 13:42:33,811 INFO:Successfully fetched data for RAMCOCEM
2025-08-24 13:42:37,453 INFO:Successfully fetched data for IPCALAB
2025-08-24 13:42:37,469 INFO:Successfully fetched data for ASTRAZEN
2025-08-24 13:42:37,558 INFO:Successfully fetched data for NATCOPHARM
2025-08-24 13:42:37,558 INFO:Successfully fetched data for PFIZER
2025-08-24 13:42:37,619 INFO:Successfully fetched data for AUBANK
2025-08-24 13:42:37,619 INFO:Successfully fetched data for ABB
2025-08-24 13:42:37,619 INFO:Successfully fetched data for ADANIPOWER
2025-08-24 13:42:37,702 INFO:Successfully fetched data for ABFRL
2025-08-24 13:42:37,762 INFO:Successfully fetched data for ASHOKLEY
2025-08-24 13:42:37,840 INFO:Successfully fetched data for SANOFI
2025-08-24 13:42:41,511 INFO:Successfully fetched data for HINDALCO
2025-08-24 13:42:41,627 INFO:Successfully fetched data for FORTIS
2025-08-24 13:42:42,504 INFO:Successfully fetched data for BALKRISIND
2025-08-24 13:42:42,511 INFO:Successfully fetched data for EMAMILTD
2025-08-24 13:42:42,546 INFO:Successfully fetched data for BATAINDIA
2025-08-24 13:42:42,578 INFO:Successfully fetched data for JSWSTEEL
2025-08-24 13:42:42,590 INFO:Successfully fetched data for GODREJPROP
2025-08-24 13:42:42,669 INFO:Successfully fetched data for BHEL
2025-08-24 13:42:42,687 INFO:Successfully fetched data for CUMMINSIND
2025-08-24 13:42:42,846 INFO:Successfully fetched data for ESCORTS
2025-08-24 13:42:46,191 INFO:Successfully fetched data for NLCINDIA
2025-08-24 13:42:46,250 INFO:Successfully fetched data for PAYTM
2025-08-24 13:42:46,271 INFO:Successfully fetched data for NYKAA
2025-08-24 13:42:46,325 INFO:Successfully fetched data for THERMAX
2025-08-24 13:42:46,325 INFO:Successfully fetched data for PETRONET
2025-08-24 13:42:46,330 INFO:Successfully fetched data for NHPC
2025-08-24 13:42:46,332 INFO:Successfully fetched data for SJVN
2025-08-24 13:42:46,345 INFO:Successfully fetched data for LICHSGFIN
2025-08-24 13:42:46,347 INFO:Successfully fetched data for MRF
2025-08-24 13:42:46,420 INFO:Successfully fetched data for ETERNAL
2025-08-24 13:42:49,871 INFO:Successfully fetched data for IRCTC
2025-08-24 13:42:49,871 INFO:Successfully fetched data for POLICYBZR
2025-08-24 13:42:49,938 INFO:Successfully fetched data for AIAENG
2025-08-24 13:42:49,952 INFO:Successfully fetched data for ASTRAL
2025-08-24 13:42:49,969 INFO:Successfully fetched data for CARTRADE
2025-08-24 13:42:49,977 INFO:Successfully fetched data for INDIAMART
2025-08-24 13:42:49,983 INFO:Successfully fetched data for 3MINDIA
2025-08-24 13:42:49,994 INFO:Successfully fetched data for JUSTDIAL
2025-08-24 13:42:50,004 INFO:Successfully fetched data for NAZARA
2025-08-24 13:42:50,035 INFO:Successfully fetched data for EASEMYTRIP
2025-08-24 13:42:54,031 INFO:Successfully fetched data for ENDURANCE
2025-08-24 13:42:54,033 INFO:Successfully fetched data for GRINDWELL
2025-08-24 13:42:54,067 INFO:Successfully fetched data for CROMPTON
2025-08-24 13:42:54,205 INFO:Successfully fetched data for ATUL
2025-08-24 13:42:54,205 INFO:Successfully fetched data for CGPOWER
2025-08-24 13:42:54,205 INFO:Successfully fetched data for FLUOROCHEM
2025-08-24 13:42:54,205 INFO:Successfully fetched data for DIXON
2025-08-24 13:42:54,224 INFO:Successfully fetched data for BHARATFORG
2025-08-24 13:42:54,224 INFO:Successfully fetched data for BAYERCROP
2025-08-24 13:42:54,260 INFO:Successfully fetched data for DEEPAKNTR
2025-08-24 13:42:57,982 ERROR:HTTP Error 404: 
2025-08-24 13:42:57,995 INFO:Successfully fetched data for HINDCOPPER
2025-08-24 13:42:57,997 INFO:Successfully fetched data for KAJARIACER
2025-08-24 13:42:58,004 INFO:Successfully fetched data for HAPPSTMNDS
2025-08-24 13:42:58,007 INFO:Successfully fetched data for HATSUN
2025-08-24 13:42:58,154 INFO:Successfully fetched data for MANAPPURAM
2025-08-24 13:42:58,175 INFO:Successfully fetched data for JBCHEPHARM
2025-08-24 13:42:58,175 INFO:Successfully fetched data for JKCEMENT
2025-08-24 13:42:58,238 INFO:Successfully fetched data for LXMACHIN
2025-08-24 13:42:58,279 INFO:Successfully fetched data for LODHA
2025-08-24 13:42:58,279 INFO:Successfully fetched data for LAURUSLABS
2025-08-24 13:43:01,746 INFO:Successfully fetched data for NAM-INDIA
2025-08-24 13:43:01,799 INFO:Successfully fetched data for RAJESHEXPO
2025-08-24 13:43:01,842 INFO:Successfully fetched data for PHOENIXLTD
2025-08-24 13:43:01,879 INFO:Successfully fetched data for NAVINFLUOR
2025-08-24 13:43:01,909 INFO:Successfully fetched data for RADICO
2025-08-24 13:43:01,909 INFO:Successfully fetched data for MOTILALOFS
2025-08-24 13:43:01,970 INFO:Successfully fetched data for SCHAEFFLER
2025-08-24 13:43:02,090 INFO:Successfully fetched data for OBEROIRLTY
2025-08-24 13:43:02,171 INFO:Successfully fetched data for POLYCAB
2025-08-24 13:43:02,180 INFO:Successfully fetched data for RELAXO
2025-08-24 13:43:05,683 INFO:Successfully fetched data for SUNDARMFIN
2025-08-24 13:43:05,685 INFO:Successfully fetched data for SKFINDIA
2025-08-24 13:43:05,757 INFO:Successfully fetched data for VGUARD
2025-08-24 13:43:05,759 INFO:Successfully fetched data for TATAINVEST
2025-08-24 13:43:05,761 INFO:Successfully fetched data for TTKPRESTIG
2025-08-24 13:43:05,761 INFO:Successfully fetched data for SYMPHONY
2025-08-24 13:43:05,762 INFO:Successfully fetched data for TIMKEN
2025-08-24 13:43:05,763 INFO:Successfully fetched data for STARHEALTH
2025-08-24 13:43:05,778 INFO:Successfully fetched data for SUPREMEIND
2025-08-24 13:43:05,878 INFO:Successfully fetched data for TRITURBINE
2025-08-24 13:43:09,367 INFO:Successfully fetched data for WHIRLPOOL
2025-08-24 13:43:09,367 INFO:Successfully fetched data for VOLTAS
2025-08-24 13:43:09,480 INFO:Successfully fetched data for ZFCVINDIA
2025-08-24 13:43:09,529 INFO:Successfully fetched data for VINATIORGA
2025-08-24 13:43:09,541 INFO:Successfully fetched data for CARERATING
2025-08-24 13:43:09,543 INFO:Successfully fetched data for BLUEDART
2025-08-24 13:43:09,552 INFO:Successfully fetched data for CLEDUCATE
2025-08-24 13:43:09,554 INFO:Successfully fetched data for CAMS
2025-08-24 13:43:09,554 INFO:Successfully fetched data for ZYDUSLIFE
2025-08-24 13:43:09,554 INFO:Successfully fetched data for ACCELYA
2025-08-24 13:43:13,143 INFO:Successfully fetched data for KPITTECH
2025-08-24 13:43:13,145 INFO:Successfully fetched data for HONAUT
2025-08-24 13:43:13,213 INFO:Successfully fetched data for INDIGOPNTS
2025-08-24 13:43:13,223 INFO:Successfully fetched data for SOLARINDS
2025-08-24 13:43:13,277 INFO:Successfully fetched data for ROUTE
2025-08-24 13:43:13,279 INFO:Successfully fetched data for PSPPROJECT
2025-08-24 13:43:13,280 INFO:Successfully fetched data for MAPMYINDIA
2025-08-24 13:43:13,280 INFO:Successfully fetched data for PAGEIND
2025-08-24 13:43:13,295 INFO:Successfully fetched data for ICRA
2025-08-24 13:43:13,396 INFO:Successfully fetched data for METROPOLIS
2025-08-24 13:43:16,841 INFO:Successfully fetched data for CHOLAHLDNG
2025-08-24 13:43:16,843 INFO:Successfully fetched data for CENTURYTEX
2025-08-24 13:43:16,844 INFO:Successfully fetched data for APLLTD
2025-08-24 13:43:16,908 INFO:Successfully fetched data for MARICO
2025-08-24 13:43:16,921 INFO:Successfully fetched data for INDHOTEL
2025-08-24 13:43:16,927 INFO:Successfully fetched data for KRBL
2025-08-24 13:43:16,941 INFO:Successfully fetched data for MAXHEALTH
2025-08-24 13:43:16,959 INFO:Successfully fetched data for PNBHOUSING
2025-08-24 13:43:16,961 INFO:Successfully fetched data for GODREJIND
2025-08-24 13:43:16,989 INFO:Successfully fetched data for GSPL
2025-08-24 13:43:20,477 INFO:Successfully fetched data for REDINGTON
2025-08-24 13:43:20,479 INFO:Successfully fetched data for TORNTPOWER
2025-08-24 13:43:20,479 INFO:Successfully fetched data for AJANTPHARM
2025-08-24 13:43:20,494 INFO:Successfully fetched data for SYNGENE
2025-08-24 13:43:20,496 INFO:Successfully fetched data for GRANULES
2025-08-24 13:43:20,496 INFO:Successfully fetched data for PRAJIND
2025-08-24 13:43:20,498 INFO:Successfully fetched data for GUJGASLTD
2025-08-24 13:43:20,498 INFO:Successfully fetched data for ATGL
2025-08-24 13:43:20,500 INFO:Successfully fetched data for CAPLIPOINT
2025-08-24 13:43:20,603 INFO:Successfully fetched data for CDSL
2025-08-24 13:43:24,087 INFO:Successfully fetched data for EXIDEIND
2025-08-24 13:43:24,089 INFO:Successfully fetched data for CONCOR
2025-08-24 13:43:24,094 INFO:Successfully fetched data for GMMPFAUDLR
2025-08-24 13:43:24,096 INFO:Successfully fetched data for FACT
2025-08-24 13:43:24,107 INFO:Successfully fetched data for GRAPHITE
2025-08-24 13:43:24,136 INFO:Successfully fetched data for IRCON
2025-08-24 13:43:24,144 INFO:Successfully fetched data for HINDPETRO
2025-08-24 13:43:24,144 INFO:Successfully fetched data for KALYANKJIL
2025-08-24 13:43:26,151 INFO:Found 228 stocks to analyze
2025-08-24 13:44:01,888 ERROR:HTTP Error 404: 
2025-08-24 13:44:03,261 ERROR:$LXMACHIN.NS: possibly delisted; no price data found  (period=1y) (Yahoo error = "No data found, symbol may be delisted")
2025-08-24 13:44:03,261 WARNING:No historical data available for LXMACHIN
2025-08-24 13:44:13,780 ERROR:$CENTURYTEX.NS: possibly delisted; no price data found  (period=1y) (Yahoo error = "No data found, symbol may be delisted")
2025-08-24 13:44:13,780 WARNING:No historical data available for CENTURYTEX
2025-08-24 13:44:20,384 INFO:
Top 10 stocks by overall score:
2025-08-24 13:44:20,384 INFO:MUTHOOTFIN: 94.66
2025-08-24 13:44:20,384 INFO:INDIAMART: 92.22
2025-08-24 13:44:20,384 INFO:HINDALCO: 85.65
2025-08-24 13:44:20,384 INFO:ACCELYA: 85.12
2025-08-24 13:44:20,384 INFO:POLYCAB: 83.88
2025-08-24 13:44:20,384 INFO:BHARTIARTL: 82.59
2025-08-24 13:44:20,384 INFO:MOTILALOFS: 82.56
2025-08-24 13:44:20,384 INFO:SBIN: 80.36
2025-08-24 13:44:20,384 INFO:HDFCAMC: 78.63
2025-08-24 13:44:20,384 INFO:ESCORTS: 76.91
2025-08-24 13:44:21,381 ERROR:Error exporting data: 'Workbook' object has no attribute 'add_format'
2025-08-24 13:44:21,406 INFO:JSON export completed successfully to C:\Users\A KAVYA SHREE\Stock_Analysis\data\nse_analysis_20250824_134421.json
2025-08-24 13:44:21,411 INFO:Cleaning up...
