2025-08-24 14:03:46,746 INFO:Starting analysis of NSE stocks...
2025-08-24 14:03:46,749 INFO:Starting to fetch stock data...
2025-08-24 14:03:49,235 INFO:Successfully fetched data for RELIANCE
2025-08-24 14:03:49,290 INFO:Successfully fetched data for TCS
2025-08-24 14:03:49,321 INFO:Successfully fetched data for ICICIBANK
2025-08-24 14:03:49,321 INFO:Successfully fetched data for BHARTIARTL
2025-08-24 14:03:49,372 INFO:Successfully fetched data for SBIN
2025-08-24 14:03:49,387 INFO:Successfully fetched data for HINDUNILVR
2025-08-24 14:03:49,395 INFO:Successfully fetched data for KOTAKBANK
2025-08-24 14:03:49,400 INFO:Successfully fetched data for ITC
2025-08-24 14:03:49,401 INFO:Successfully fetched data for HDFCBANK
2025-08-24 14:03:49,402 INFO:Successfully fetched data for INFY
2025-08-24 14:03:53,117 INFO:Successfully fetched data for AXISBANK
2025-08-24 14:03:53,286 INFO:Successfully fetched data for WIPRO
2025-08-24 14:03:53,360 INFO:Successfully fetched data for MARUTI
2025-08-24 14:03:53,360 INFO:Successfully fetched data for TITAN
2025-08-24 14:03:53,361 INFO:Successfully fetched data for BAJFINANCE
2025-08-24 14:03:53,363 INFO:Successfully fetched data for ASIANPAINT
2025-08-24 14:03:53,363 INFO:Successfully fetched data for LT
2025-08-24 14:03:53,363 INFO:Successfully fetched data for SUNPHARMA
2025-08-24 14:03:53,363 INFO:Successfully fetched data for HCLTECH
2025-08-24 14:03:53,386 INFO:Successfully fetched data for ULTRACEMCO
2025-08-24 14:03:56,851 INFO:Successfully fetched data for HDFCLIFE
2025-08-24 14:03:56,853 INFO:Successfully fetched data for TECHM
2025-08-24 14:03:56,867 INFO:Successfully fetched data for ADANIENT
2025-08-24 14:03:56,934 INFO:Successfully fetched data for NTPC
2025-08-24 14:03:56,936 INFO:Successfully fetched data for NESTLEIND
2025-08-24 14:03:56,959 INFO:Successfully fetched data for BAJAJFINSV
2025-08-24 14:03:56,959 INFO:Successfully fetched data for DIVISLAB
2025-08-24 14:03:56,959 INFO:Successfully fetched data for M&M
2025-08-24 14:03:57,120 INFO:Successfully fetched data for POWERGRID
2025-08-24 14:03:57,172 INFO:Successfully fetched data for TATACONSUM
2025-08-24 14:04:00,928 INFO:Successfully fetched data for ADANIGREEN
2025-08-24 14:04:01,019 INFO:Successfully fetched data for AUROPHARMA
2025-08-24 14:04:01,019 INFO:Successfully fetched data for BANDHANBNK
2025-08-24 14:04:01,073 INFO:Successfully fetched data for ADANIPORTS
2025-08-24 14:04:01,106 INFO:Successfully fetched data for BANKBARODA
2025-08-24 14:04:01,107 INFO:Successfully fetched data for BIOCON
2025-08-24 14:04:01,109 INFO:Successfully fetched data for APOLLOHOSP
2025-08-24 14:04:01,112 INFO:Successfully fetched data for BAJAJ-AUTO
2025-08-24 14:04:01,113 INFO:Successfully fetched data for AMBUJACEM
2025-08-24 14:04:01,211 INFO:Successfully fetched data for BERGEPAINT
2025-08-24 14:04:04,630 INFO:Successfully fetched data for BOSCHLTD
2025-08-24 14:04:04,757 INFO:Successfully fetched data for BPCL
2025-08-24 14:04:04,757 INFO:Successfully fetched data for COLPAL
2025-08-24 14:04:04,773 INFO:Successfully fetched data for BRITANNIA
2025-08-24 14:04:04,774 INFO:Successfully fetched data for CHOLAFIN
2025-08-24 14:04:04,790 INFO:Successfully fetched data for DABUR
2025-08-24 14:04:04,806 INFO:Successfully fetched data for DMART
2025-08-24 14:04:04,971 INFO:Successfully fetched data for DLF
2025-08-24 14:04:05,005 INFO:Successfully fetched data for COALINDIA
2025-08-24 14:04:05,468 INFO:Successfully fetched data for CIPLA
2025-08-24 14:04:08,847 INFO:Successfully fetched data for GLAND
2025-08-24 14:04:08,896 INFO:Successfully fetched data for GRASIM
2025-08-24 14:04:08,911 INFO:Successfully fetched data for INDIGO
2025-08-24 14:04:08,967 INFO:Successfully fetched data for HAVELLS
2025-08-24 14:04:08,987 INFO:Successfully fetched data for DRREDDY
2025-08-24 14:04:09,006 INFO:Successfully fetched data for EICHERMOT
2025-08-24 14:04:09,008 INFO:Successfully fetched data for HDFCAMC
2025-08-24 14:04:09,020 INFO:Successfully fetched data for HAL
2025-08-24 14:04:09,100 INFO:Successfully fetched data for GODREJCP
2025-08-24 14:04:09,184 INFO:Successfully fetched data for GAIL
2025-08-24 14:04:13,004 INFO:Successfully fetched data for PIDILITIND
2025-08-24 14:04:13,028 INFO:Successfully fetched data for JINDALSTEL
2025-08-24 14:04:13,029 INFO:Successfully fetched data for MUTHOOTFIN
2025-08-24 14:04:13,029 INFO:Successfully fetched data for NMDC
2025-08-24 14:04:13,029 INFO:Successfully fetched data for LICI
2025-08-24 14:04:13,053 INFO:Successfully fetched data for LUPIN
2025-08-24 14:04:13,093 INFO:Successfully fetched data for MCDHOLDING
2025-08-24 14:04:13,093 INFO:Successfully fetched data for JUBLFOOD
2025-08-24 14:04:13,125 INFO:Successfully fetched data for NAUKRI
2025-08-24 14:04:13,136 INFO:Successfully fetched data for ONGC
2025-08-24 14:04:16,497 INFO:Successfully fetched data for SBICARD
2025-08-24 14:04:16,569 INFO:Successfully fetched data for TORNTPHARM
2025-08-24 14:04:16,797 INFO:Successfully fetched data for SAIL
2025-08-24 14:04:16,797 INFO:Successfully fetched data for IDFCFIRSTB
2025-08-24 14:04:16,797 INFO:Successfully fetched data for FEDERALBNK
2025-08-24 14:04:16,799 INFO:Successfully fetched data for SIEMENS
2025-08-24 14:04:16,868 INFO:Successfully fetched data for SBILIFE
2025-08-24 14:04:16,868 INFO:Successfully fetched data for TATAPOWER
2025-08-24 14:04:16,877 INFO:Successfully fetched data for TATACHEM
2025-08-24 14:04:16,880 INFO:Successfully fetched data for UPL
2025-08-24 14:04:20,784 INFO:Successfully fetched data for INDUSINDBK
2025-08-24 14:04:20,838 INFO:Successfully fetched data for LTTS
2025-08-24 14:04:20,862 INFO:Successfully fetched data for CANBK
2025-08-24 14:04:20,889 INFO:Successfully fetched data for MFSL
2025-08-24 14:04:20,892 INFO:Successfully fetched data for INDIANB
2025-08-24 14:04:20,892 INFO:Successfully fetched data for UNIONBANK
2025-08-24 14:04:20,894 INFO:Successfully fetched data for RBLBANK
2025-08-24 14:04:20,939 INFO:Successfully fetched data for RECLTD
2025-08-24 14:04:20,939 INFO:Successfully fetched data for PFC
2025-08-24 14:04:21,186 INFO:Successfully fetched data for LTIM
2025-08-24 14:04:24,667 INFO:Successfully fetched data for OFSS
2025-08-24 14:04:24,669 INFO:Successfully fetched data for GLAXO
2025-08-24 14:04:24,681 INFO:Successfully fetched data for PERSISTENT
2025-08-24 14:04:24,701 INFO:Successfully fetched data for ALKEM
2025-08-24 14:04:24,727 INFO:Successfully fetched data for MPHASIS
2025-08-24 14:04:24,727 INFO:Successfully fetched data for RAMCOCEM
2025-08-24 14:04:24,727 INFO:Successfully fetched data for SONATSOFTW
2025-08-24 14:04:24,729 INFO:Successfully fetched data for COFORGE
2025-08-24 14:04:24,839 INFO:Successfully fetched data for ABBOTINDIA
2025-08-24 14:04:24,841 INFO:Successfully fetched data for CYIENT
2025-08-24 14:04:28,239 INFO:Successfully fetched data for NATCOPHARM
2025-08-24 14:04:28,296 INFO:Successfully fetched data for IPCALAB
2025-08-24 14:04:28,307 INFO:Successfully fetched data for ABB
2025-08-24 14:04:28,386 INFO:Successfully fetched data for AUBANK
2025-08-24 14:04:28,400 INFO:Successfully fetched data for ABFRL
2025-08-24 14:04:28,401 INFO:Successfully fetched data for ASHOKLEY
2025-08-24 14:04:28,405 INFO:Successfully fetched data for ADANIPOWER
2025-08-24 14:04:28,455 INFO:Successfully fetched data for ASTRAZEN
2025-08-24 14:04:28,470 INFO:Successfully fetched data for PFIZER
2025-08-24 14:04:28,506 INFO:Successfully fetched data for SANOFI
2025-08-24 14:04:33,244 INFO:Successfully fetched data for HINDALCO
2025-08-24 14:04:33,244 INFO:Successfully fetched data for BALKRISIND
2025-08-24 14:04:33,244 INFO:Successfully fetched data for GODREJPROP
2025-08-24 14:04:33,246 INFO:Successfully fetched data for JSWSTEEL
2025-08-24 14:04:33,328 INFO:Successfully fetched data for FORTIS
2025-08-24 14:04:33,331 INFO:Successfully fetched data for EMAMILTD
2025-08-24 14:04:33,334 INFO:Successfully fetched data for BHEL
2025-08-24 14:04:33,341 INFO:Successfully fetched data for ESCORTS
2025-08-24 14:04:33,462 INFO:Successfully fetched data for CUMMINSIND
2025-08-24 14:04:33,464 INFO:Successfully fetched data for BATAINDIA
2025-08-24 14:04:37,562 INFO:Successfully fetched data for NLCINDIA
2025-08-24 14:04:37,564 INFO:Successfully fetched data for THERMAX
2025-08-24 14:04:37,564 INFO:Successfully fetched data for SJVN
2025-08-24 14:04:37,566 INFO:Successfully fetched data for ETERNAL
2025-08-24 14:04:37,639 INFO:Successfully fetched data for MRF
2025-08-24 14:04:37,664 INFO:Successfully fetched data for NYKAA
2025-08-24 14:04:37,672 INFO:Successfully fetched data for LICHSGFIN
2025-08-24 14:04:37,674 INFO:Successfully fetched data for PETRONET
2025-08-24 14:04:37,674 INFO:Successfully fetched data for NHPC
2025-08-24 14:04:37,674 INFO:Successfully fetched data for PAYTM
2025-08-24 14:04:41,154 INFO:Successfully fetched data for ASTRAL
2025-08-24 14:04:41,154 INFO:Successfully fetched data for JUSTDIAL
2025-08-24 14:04:41,154 INFO:Successfully fetched data for IRCTC
2025-08-24 14:04:41,178 INFO:Successfully fetched data for POLICYBZR
2025-08-24 14:04:41,179 INFO:Successfully fetched data for NAZARA
2025-08-24 14:04:41,179 INFO:Successfully fetched data for INDIAMART
2025-08-24 14:04:41,180 INFO:Successfully fetched data for CARTRADE
2025-08-24 14:04:41,223 INFO:Successfully fetched data for AIAENG
2025-08-24 14:04:41,275 INFO:Successfully fetched data for EASEMYTRIP
2025-08-24 14:04:41,329 INFO:Successfully fetched data for 3MINDIA
2025-08-24 14:04:44,684 INFO:Successfully fetched data for ATUL
2025-08-24 14:04:44,740 INFO:Successfully fetched data for ENDURANCE
2025-08-24 14:04:44,794 INFO:Successfully fetched data for BAYERCROP
2025-08-24 14:04:44,820 INFO:Successfully fetched data for DEEPAKNTR
2025-08-24 14:04:44,844 INFO:Successfully fetched data for FLUOROCHEM
2025-08-24 14:04:45,015 INFO:Successfully fetched data for BHARATFORG
2025-08-24 14:04:45,017 INFO:Successfully fetched data for DIXON
2025-08-24 14:04:45,017 INFO:Successfully fetched data for GRINDWELL
2025-08-24 14:04:45,272 INFO:Successfully fetched data for CROMPTON
2025-08-24 14:04:46,264 INFO:Successfully fetched data for CGPOWER
2025-08-24 14:04:50,078 INFO:Successfully fetched data for HAPPSTMNDS
2025-08-24 14:04:50,080 INFO:Successfully fetched data for HINDCOPPER
2025-08-24 14:04:50,085 INFO:Successfully fetched data for MANAPPURAM
2025-08-24 14:04:50,087 INFO:Successfully fetched data for JBCHEPHARM
2025-08-24 14:04:50,105 INFO:Successfully fetched data for KAJARIACER
2025-08-24 14:04:50,105 INFO:Successfully fetched data for HATSUN
2025-08-24 14:04:50,185 INFO:Successfully fetched data for LAURUSLABS
2025-08-24 14:04:50,193 INFO:Successfully fetched data for LODHA
2025-08-24 14:04:50,236 ERROR:HTTP Error 404: 
2025-08-24 14:04:50,348 INFO:Successfully fetched data for JKCEMENT
2025-08-24 14:04:50,670 INFO:Successfully fetched data for LXMACHIN
2025-08-24 14:04:54,221 INFO:Successfully fetched data for MOTILALOFS
2025-08-24 14:04:54,260 INFO:Successfully fetched data for OBEROIRLTY
2025-08-24 14:04:54,262 INFO:Successfully fetched data for POLYCAB
2025-08-24 14:04:54,280 INFO:Successfully fetched data for NAM-INDIA
2025-08-24 14:04:54,297 INFO:Successfully fetched data for RADICO
2025-08-24 14:04:54,299 INFO:Successfully fetched data for RAJESHEXPO
2025-08-24 14:04:54,308 INFO:Successfully fetched data for RELAXO
2025-08-24 14:04:54,308 INFO:Successfully fetched data for PHOENIXLTD
2025-08-24 14:04:54,367 INFO:Successfully fetched data for NAVINFLUOR
2025-08-24 14:04:54,404 INFO:Successfully fetched data for SCHAEFFLER
2025-08-24 14:04:58,851 INFO:Successfully fetched data for SYMPHONY
2025-08-24 14:04:58,851 INFO:Successfully fetched data for STARHEALTH
2025-08-24 14:04:58,869 INFO:Successfully fetched data for TTKPRESTIG
2025-08-24 14:04:58,871 INFO:Successfully fetched data for SUNDARMFIN
2025-08-24 14:04:58,881 INFO:Successfully fetched data for TRITURBINE
2025-08-24 14:04:58,896 INFO:Successfully fetched data for SUPREMEIND
2025-08-24 14:04:58,954 INFO:Successfully fetched data for TATAINVEST
2025-08-24 14:04:58,954 INFO:Successfully fetched data for VGUARD
2025-08-24 14:04:58,960 INFO:Successfully fetched data for TIMKEN
2025-08-24 14:04:59,003 INFO:Successfully fetched data for SKFINDIA
2025-08-24 14:05:02,679 INFO:Successfully fetched data for VINATIORGA
2025-08-24 14:05:02,711 INFO:Successfully fetched data for ACCELYA
2025-08-24 14:05:02,711 INFO:Successfully fetched data for ZFCVINDIA
2025-08-24 14:05:02,737 INFO:Successfully fetched data for CARERATING
2025-08-24 14:05:02,754 INFO:Successfully fetched data for ZYDUSLIFE
2025-08-24 14:05:02,760 INFO:Successfully fetched data for WHIRLPOOL
2025-08-24 14:05:02,778 INFO:Successfully fetched data for VOLTAS
2025-08-24 14:05:02,922 INFO:Successfully fetched data for BLUEDART
2025-08-24 14:05:02,981 INFO:Successfully fetched data for CAMS
2025-08-24 14:05:02,982 INFO:Successfully fetched data for CLEDUCATE
2025-08-24 14:05:06,669 INFO:Successfully fetched data for SOLARINDS
2025-08-24 14:05:06,803 INFO:Successfully fetched data for HONAUT
2025-08-24 14:05:06,845 INFO:Successfully fetched data for ROUTE
2025-08-24 14:05:06,856 INFO:Successfully fetched data for INDIGOPNTS
2025-08-24 14:05:06,858 INFO:Successfully fetched data for PSPPROJECT
2025-08-24 14:05:06,858 INFO:Successfully fetched data for PAGEIND
2025-08-24 14:05:06,891 INFO:Successfully fetched data for METROPOLIS
2025-08-24 14:05:06,895 INFO:Successfully fetched data for KPITTECH
2025-08-24 14:05:06,953 INFO:Successfully fetched data for ICRA
2025-08-24 14:05:07,555 INFO:Successfully fetched data for MAPMYINDIA
2025-08-24 14:05:10,980 INFO:Successfully fetched data for CHOLAHLDNG
2025-08-24 14:05:11,054 INFO:Successfully fetched data for MARICO
2025-08-24 14:05:11,054 INFO:Successfully fetched data for KRBL
2025-08-24 14:05:11,069 INFO:Successfully fetched data for GSPL
2025-08-24 14:05:11,081 INFO:Successfully fetched data for GODREJIND
2025-08-24 14:05:11,130 INFO:Successfully fetched data for MAXHEALTH
2025-08-24 14:05:11,154 INFO:Successfully fetched data for APLLTD
2025-08-24 14:05:11,168 INFO:Successfully fetched data for CENTURYTEX
2025-08-24 14:05:11,184 INFO:Successfully fetched data for INDHOTEL
2025-08-24 14:05:11,970 INFO:Successfully fetched data for PNBHOUSING
2025-08-24 14:05:15,386 INFO:Successfully fetched data for PRAJIND
2025-08-24 14:05:15,386 INFO:Successfully fetched data for GUJGASLTD
2025-08-24 14:05:15,386 INFO:Successfully fetched data for CAPLIPOINT
2025-08-24 14:05:15,390 INFO:Successfully fetched data for AJANTPHARM
2025-08-24 14:05:15,418 INFO:Successfully fetched data for TORNTPOWER
2025-08-24 14:05:15,420 INFO:Successfully fetched data for SYNGENE
2025-08-24 14:05:15,423 INFO:Successfully fetched data for CDSL
2025-08-24 14:05:15,423 INFO:Successfully fetched data for REDINGTON
2025-08-24 14:05:15,698 INFO:Successfully fetched data for GRANULES
2025-08-24 14:05:16,605 INFO:Successfully fetched data for ATGL
2025-08-24 14:05:20,575 INFO:Successfully fetched data for GMMPFAUDLR
2025-08-24 14:05:20,580 INFO:Successfully fetched data for KALYANKJIL
2025-08-24 14:05:20,591 INFO:Successfully fetched data for IRCON
2025-08-24 14:05:20,593 INFO:Successfully fetched data for GRAPHITE
2025-08-24 14:05:20,672 INFO:Successfully fetched data for CONCOR
2025-08-24 14:05:20,672 INFO:Successfully fetched data for EXIDEIND
2025-08-24 14:05:20,687 INFO:Successfully fetched data for HINDPETRO
2025-08-24 14:05:20,687 INFO:Successfully fetched data for FACT
2025-08-24 14:05:22,693 INFO:Found 228 stocks to analyze
2025-08-24 14:06:15,673 ERROR:HTTP Error 404: 
2025-08-24 14:06:17,826 ERROR:$LXMACHIN.NS: possibly delisted; no price data found  (period=1y) (Yahoo error = "No data found, symbol may be delisted")
2025-08-24 14:06:17,828 WARNING:No historical data available for LXMACHIN
2025-08-24 14:06:37,063 ERROR:$CENTURYTEX.NS: possibly delisted; no price data found  (period=1y) (Yahoo error = "No data found, symbol may be delisted")
2025-08-24 14:06:37,066 WARNING:No historical data available for CENTURYTEX
2025-08-24 14:06:40,919 INFO:
Top 10 stocks by overall score:
2025-08-24 14:06:40,919 INFO:MUTHOOTFIN: 94.66
2025-08-24 14:06:40,919 INFO:INDIAMART: 92.22
2025-08-24 14:06:40,919 INFO:HINDALCO: 85.65
2025-08-24 14:06:40,919 INFO:ACCELYA: 85.12
2025-08-24 14:06:40,919 INFO:POLYCAB: 83.88
2025-08-24 14:06:40,919 INFO:BHARTIARTL: 82.59
2025-08-24 14:06:40,919 INFO:MOTILALOFS: 82.56
2025-08-24 14:06:40,919 INFO:SBIN: 80.36
2025-08-24 14:06:40,919 INFO:HDFCAMC: 78.63
2025-08-24 14:06:40,919 INFO:ESCORTS: 76.91
2025-08-24 14:06:46,929 ERROR:Error exporting data: 'Workbook' object has no attribute 'add_format'
2025-08-24 14:06:47,080 INFO:JSON export completed successfully to C:\Users\A KAVYA SHREE\Stock_Analysis\data\nse_analysis_20250824_140646.json
2025-08-24 14:06:47,080 INFO:Cleaning up...
