2025-08-28 10:29:14,454 INFO:Starting analysis of NSE stocks...
2025-08-28 10:29:14,454 INFO:Starting to fetch stock data...
2025-08-28 10:29:16,180 INFO:Successfully fetched data for SBIN
2025-08-28 10:29:16,215 INFO:Successfully fetched data for HDFCBANK
2025-08-28 10:29:16,232 INFO:Successfully fetched data for INFY
2025-08-28 10:29:16,242 INFO:Successfully fetched data for RELIANCE
2025-08-28 10:29:16,295 INFO:Successfully fetched data for ITC
2025-08-28 10:29:16,318 INFO:Successfully fetched data for HINDUNILVR
2025-08-28 10:29:16,376 INFO:Successfully fetched data for BHARTIARTL
2025-08-28 10:29:16,445 INFO:Successfully fetched data for ICICIBANK
2025-08-28 10:29:16,517 INFO:Successfully fetched data for TCS
2025-08-28 10:29:17,042 INFO:Successfully fetched data for KOTAKBANK
2025-08-28 10:29:20,378 INFO:Successfully fetched data for HCLTECH
2025-08-28 10:29:20,394 INFO:Successfully fetched data for TITAN
2025-08-28 10:29:20,463 INFO:Successfully fetched data for LT
2025-08-28 10:29:20,500 INFO:Successfully fetched data for MARUTI
2025-08-28 10:29:20,504 INFO:Successfully fetched data for ULTRACEMCO
2025-08-28 10:29:20,529 INFO:Successfully fetched data for WIPRO
2025-08-28 10:29:20,582 INFO:Successfully fetched data for ASIANPAINT
2025-08-28 10:29:20,629 INFO:Successfully fetched data for SUNPHARMA
2025-08-28 10:29:20,685 INFO:Successfully fetched data for BAJFINANCE
2025-08-28 10:29:20,831 INFO:Successfully fetched data for AXISBANK
2025-08-28 10:29:24,289 INFO:Successfully fetched data for ADANIENT
2025-08-28 10:29:24,289 INFO:Successfully fetched data for NESTLEIND
2025-08-28 10:29:24,308 INFO:Successfully fetched data for POWERGRID
2025-08-28 10:29:24,315 INFO:Successfully fetched data for BAJAJFINSV
2025-08-28 10:29:24,338 INFO:Successfully fetched data for HDFCLIFE
2025-08-28 10:29:24,345 INFO:Successfully fetched data for NTPC
2025-08-28 10:29:24,374 INFO:Successfully fetched data for DIVISLAB
2025-08-28 10:29:24,417 INFO:Successfully fetched data for M&M
2025-08-28 10:29:24,479 INFO:Successfully fetched data for TECHM
2025-08-28 10:29:24,547 INFO:Successfully fetched data for TATACONSUM
2025-08-28 10:29:27,977 INFO:Successfully fetched data for AMBUJACEM
2025-08-28 10:29:28,019 INFO:Successfully fetched data for BIOCON
2025-08-28 10:29:28,022 INFO:Successfully fetched data for ADANIPORTS
2025-08-28 10:29:28,030 INFO:Successfully fetched data for BAJAJ-AUTO
2025-08-28 10:29:28,064 INFO:Successfully fetched data for BANDHANBNK
2025-08-28 10:29:28,085 INFO:Successfully fetched data for ADANIGREEN
2025-08-28 10:29:28,108 INFO:Successfully fetched data for AUROPHARMA
2025-08-28 10:29:28,108 INFO:Successfully fetched data for APOLLOHOSP
2025-08-28 10:29:28,116 INFO:Successfully fetched data for BERGEPAINT
2025-08-28 10:29:28,273 INFO:Successfully fetched data for BANKBARODA
2025-08-28 10:29:31,662 INFO:Successfully fetched data for DLF
2025-08-28 10:29:31,670 INFO:Successfully fetched data for CIPLA
2025-08-28 10:29:31,687 INFO:Successfully fetched data for DABUR
2025-08-28 10:29:31,702 INFO:Successfully fetched data for DMART
2025-08-28 10:29:31,758 INFO:Successfully fetched data for BRITANNIA
2025-08-28 10:29:31,759 INFO:Successfully fetched data for BOSCHLTD
2025-08-28 10:29:31,766 INFO:Successfully fetched data for BPCL
2025-08-28 10:29:31,834 INFO:Successfully fetched data for COLPAL
2025-08-28 10:29:31,878 INFO:Successfully fetched data for COALINDIA
2025-08-28 10:29:32,012 INFO:Successfully fetched data for CHOLAFIN
2025-08-28 10:29:35,260 INFO:Successfully fetched data for DRREDDY
2025-08-28 10:29:35,302 INFO:Successfully fetched data for HAL
2025-08-28 10:29:35,343 INFO:Successfully fetched data for EICHERMOT
2025-08-28 10:29:35,379 INFO:Successfully fetched data for INDIGO
2025-08-28 10:29:35,448 INFO:Successfully fetched data for HDFCAMC
2025-08-28 10:29:35,476 INFO:Successfully fetched data for GLAND
2025-08-28 10:29:35,494 INFO:Successfully fetched data for HAVELLS
2025-08-28 10:29:35,522 INFO:Successfully fetched data for GRASIM
2025-08-28 10:29:35,612 INFO:Successfully fetched data for GODREJCP
2025-08-28 10:29:35,627 INFO:Successfully fetched data for GAIL
2025-08-28 10:29:38,850 INFO:Successfully fetched data for JUBLFOOD
2025-08-28 10:29:38,943 INFO:Successfully fetched data for LICI
2025-08-28 10:29:38,978 INFO:Successfully fetched data for LUPIN
2025-08-28 10:29:39,016 INFO:Successfully fetched data for JINDALSTEL
2025-08-28 10:29:39,029 INFO:Successfully fetched data for PIDILITIND
2025-08-28 10:29:39,049 INFO:Successfully fetched data for ONGC
2025-08-28 10:29:39,074 INFO:Successfully fetched data for NAUKRI
2025-08-28 10:29:39,078 INFO:Successfully fetched data for MCDHOLDING
2025-08-28 10:29:39,134 INFO:Successfully fetched data for NMDC
2025-08-28 10:29:39,369 INFO:Successfully fetched data for MUTHOOTFIN
2025-08-28 10:29:42,661 INFO:Successfully fetched data for SBICARD
2025-08-28 10:29:42,824 INFO:Successfully fetched data for SIEMENS
2025-08-28 10:29:42,829 INFO:Successfully fetched data for SBILIFE
2025-08-28 10:29:42,837 INFO:Successfully fetched data for SAIL
2025-08-28 10:29:42,846 INFO:Successfully fetched data for FEDERALBNK
2025-08-28 10:29:42,868 INFO:Successfully fetched data for TATAPOWER
2025-08-28 10:29:42,885 INFO:Successfully fetched data for IDFCFIRSTB
2025-08-28 10:29:42,919 INFO:Successfully fetched data for UPL
2025-08-28 10:29:42,939 INFO:Successfully fetched data for TATACHEM
2025-08-28 10:29:42,979 INFO:Successfully fetched data for TORNTPHARM
2025-08-28 10:29:46,250 INFO:Successfully fetched data for MFSL
2025-08-28 10:29:46,428 INFO:Successfully fetched data for INDUSINDBK
2025-08-28 10:29:46,452 INFO:Successfully fetched data for RECLTD
2025-08-28 10:29:46,497 INFO:Successfully fetched data for UNIONBANK
2025-08-28 10:29:46,542 INFO:Successfully fetched data for LTIM
2025-08-28 10:29:46,582 INFO:Successfully fetched data for LTTS
2025-08-28 10:29:46,618 INFO:Successfully fetched data for PFC
2025-08-28 10:29:46,698 INFO:Successfully fetched data for CANBK
2025-08-28 10:29:47,645 INFO:Successfully fetched data for INDIANB
2025-08-28 10:29:48,953 INFO:Successfully fetched data for RBLBANK
2025-08-28 10:29:52,362 INFO:Successfully fetched data for OFSS
2025-08-28 10:29:52,405 INFO:Successfully fetched data for MPHASIS
2025-08-28 10:29:52,416 INFO:Successfully fetched data for SONATSOFTW
2025-08-28 10:29:52,431 INFO:Successfully fetched data for RAMCOCEM
2025-08-28 10:29:52,459 INFO:Successfully fetched data for CYIENT
2025-08-28 10:29:52,463 INFO:Successfully fetched data for PERSISTENT
2025-08-28 10:29:52,473 INFO:Successfully fetched data for GLAXO
2025-08-28 10:29:52,526 INFO:Successfully fetched data for COFORGE
2025-08-28 10:29:52,597 INFO:Successfully fetched data for ABBOTINDIA
2025-08-28 10:29:52,747 INFO:Successfully fetched data for ALKEM
2025-08-28 10:29:56,138 INFO:Successfully fetched data for IPCALAB
2025-08-28 10:29:56,152 INFO:Successfully fetched data for SANOFI
2025-08-28 10:29:56,167 INFO:Successfully fetched data for AUBANK
2025-08-28 10:29:56,170 INFO:Successfully fetched data for PFIZER
2025-08-28 10:29:56,182 INFO:Successfully fetched data for ABFRL
2025-08-28 10:29:56,198 INFO:Successfully fetched data for ADANIPOWER
2025-08-28 10:29:56,215 INFO:Successfully fetched data for ASHOKLEY
2025-08-28 10:29:56,266 INFO:Successfully fetched data for NATCOPHARM
2025-08-28 10:29:56,315 INFO:Successfully fetched data for ABB
2025-08-28 10:29:56,330 INFO:Successfully fetched data for ASTRAZEN
2025-08-28 10:29:59,677 INFO:Successfully fetched data for CUMMINSIND
2025-08-28 10:29:59,722 INFO:Successfully fetched data for FORTIS
2025-08-28 10:29:59,818 INFO:Successfully fetched data for EMAMILTD
2025-08-28 10:29:59,873 INFO:Successfully fetched data for BALKRISIND
2025-08-28 10:29:59,873 INFO:Successfully fetched data for BATAINDIA
2025-08-28 10:29:59,897 INFO:Successfully fetched data for HINDALCO
2025-08-28 10:29:59,917 INFO:Successfully fetched data for BHEL
2025-08-28 10:29:59,923 INFO:Successfully fetched data for ESCORTS
2025-08-28 10:29:59,963 INFO:Successfully fetched data for GODREJPROP
2025-08-28 10:30:00,058 INFO:Successfully fetched data for JSWSTEEL
2025-08-28 10:30:03,474 INFO:Successfully fetched data for NYKAA
2025-08-28 10:30:03,486 INFO:Successfully fetched data for NLCINDIA
2025-08-28 10:30:03,514 INFO:Successfully fetched data for PAYTM
2025-08-28 10:30:03,547 INFO:Successfully fetched data for NHPC
2025-08-28 10:30:03,565 INFO:Successfully fetched data for THERMAX
2025-08-28 10:30:03,580 INFO:Successfully fetched data for PETRONET
2025-08-28 10:30:03,594 INFO:Successfully fetched data for LICHSGFIN
2025-08-28 10:30:03,746 INFO:Successfully fetched data for ETERNAL
2025-08-28 10:30:03,930 INFO:Successfully fetched data for SJVN
2025-08-28 10:30:03,957 INFO:Successfully fetched data for MRF
2025-08-28 10:30:07,248 INFO:Successfully fetched data for NAZARA
2025-08-28 10:30:07,373 INFO:Successfully fetched data for IRCTC
2025-08-28 10:30:07,435 INFO:Successfully fetched data for 3MINDIA
2025-08-28 10:30:07,452 INFO:Successfully fetched data for AIAENG
2025-08-28 10:30:07,454 INFO:Successfully fetched data for POLICYBZR
2025-08-28 10:30:07,469 INFO:Successfully fetched data for JUSTDIAL
2025-08-28 10:30:07,471 INFO:Successfully fetched data for ASTRAL
2025-08-28 10:30:07,502 INFO:Successfully fetched data for CARTRADE
2025-08-28 10:30:07,607 INFO:Successfully fetched data for INDIAMART
2025-08-28 10:30:07,617 INFO:Successfully fetched data for EASEMYTRIP
2025-08-28 10:30:10,914 INFO:Successfully fetched data for BHARATFORG
2025-08-28 10:30:10,987 INFO:Successfully fetched data for BAYERCROP
2025-08-28 10:30:10,989 INFO:Successfully fetched data for ATUL
2025-08-28 10:30:11,017 INFO:Successfully fetched data for DIXON
2025-08-28 10:30:11,022 INFO:Successfully fetched data for CROMPTON
2025-08-28 10:30:11,156 INFO:Successfully fetched data for CGPOWER
2025-08-28 10:30:11,161 INFO:Successfully fetched data for ENDURANCE
2025-08-28 10:30:11,279 INFO:Successfully fetched data for GRINDWELL
2025-08-28 10:30:11,346 INFO:Successfully fetched data for DEEPAKNTR
2025-08-28 10:30:11,981 INFO:Successfully fetched data for FLUOROCHEM
2025-08-28 10:30:15,525 INFO:Successfully fetched data for KAJARIACER
2025-08-28 10:30:15,563 INFO:Successfully fetched data for LAURUSLABS
2025-08-28 10:30:15,563 INFO:Successfully fetched data for JKCEMENT
2025-08-28 10:30:15,616 INFO:Successfully fetched data for HINDCOPPER
2025-08-28 10:30:15,649 INFO:Successfully fetched data for MANAPPURAM
2025-08-28 10:30:15,734 ERROR:HTTP Error 404: 
2025-08-28 10:30:15,747 INFO:Successfully fetched data for JBCHEPHARM
2025-08-28 10:30:15,785 INFO:Successfully fetched data for HAPPSTMNDS
2025-08-28 10:30:15,789 INFO:Successfully fetched data for LODHA
2025-08-28 10:30:15,906 INFO:Successfully fetched data for HATSUN
2025-08-28 10:30:16,168 INFO:Successfully fetched data for LXMACHIN
2025-08-28 10:30:19,497 INFO:Successfully fetched data for POLYCAB
2025-08-28 10:30:19,520 INFO:Successfully fetched data for SCHAEFFLER
2025-08-28 10:30:19,613 INFO:Successfully fetched data for RADICO
2025-08-28 10:30:19,651 INFO:Successfully fetched data for MOTILALOFS
2025-08-28 10:30:19,705 INFO:Successfully fetched data for NAVINFLUOR
2025-08-28 10:30:19,717 INFO:Successfully fetched data for RELAXO
2025-08-28 10:30:19,753 INFO:Successfully fetched data for NAM-INDIA
2025-08-28 10:30:19,890 INFO:Successfully fetched data for OBEROIRLTY
2025-08-28 10:30:19,892 INFO:Successfully fetched data for RAJESHEXPO
2025-08-28 10:30:19,892 INFO:Successfully fetched data for PHOENIXLTD
2025-08-28 10:30:23,374 INFO:Successfully fetched data for TTKPRESTIG
2025-08-28 10:30:23,376 INFO:Successfully fetched data for SKFINDIA
2025-08-28 10:30:23,403 INFO:Successfully fetched data for VGUARD
2025-08-28 10:30:23,404 INFO:Successfully fetched data for SUNDARMFIN
2025-08-28 10:30:23,420 INFO:Successfully fetched data for STARHEALTH
2025-08-28 10:30:23,494 INFO:Successfully fetched data for SUPREMEIND
2025-08-28 10:30:23,509 INFO:Successfully fetched data for TIMKEN
2025-08-28 10:30:23,514 INFO:Successfully fetched data for SYMPHONY
2025-08-28 10:30:23,600 INFO:Successfully fetched data for TATAINVEST
2025-08-28 10:30:23,784 INFO:Successfully fetched data for TRITURBINE
2025-08-28 10:30:27,256 INFO:Successfully fetched data for VINATIORGA
2025-08-28 10:30:27,256 INFO:Successfully fetched data for VOLTAS
2025-08-28 10:30:27,258 INFO:Successfully fetched data for WHIRLPOOL
2025-08-28 10:30:27,292 INFO:Successfully fetched data for BLUEDART
2025-08-28 10:30:27,383 INFO:Successfully fetched data for CAMS
2025-08-28 10:30:27,385 INFO:Successfully fetched data for ACCELYA
2025-08-28 10:30:27,389 INFO:Successfully fetched data for CARERATING
2025-08-28 10:30:27,611 INFO:Successfully fetched data for CLEDUCATE
2025-08-28 10:30:27,677 INFO:Successfully fetched data for ZFCVINDIA
2025-08-28 10:30:28,317 INFO:Successfully fetched data for ZYDUSLIFE
2025-08-28 10:30:31,782 INFO:Successfully fetched data for PAGEIND
2025-08-28 10:30:31,802 INFO:Successfully fetched data for SOLARINDS
2025-08-28 10:30:31,821 INFO:Successfully fetched data for HONAUT
2025-08-28 10:30:31,837 INFO:Successfully fetched data for PSPPROJECT
2025-08-28 10:30:31,853 INFO:Successfully fetched data for MAPMYINDIA
2025-08-28 10:30:31,854 INFO:Successfully fetched data for ICRA
2025-08-28 10:30:31,875 INFO:Successfully fetched data for ROUTE
2025-08-28 10:30:32,002 INFO:Successfully fetched data for METROPOLIS
2025-08-28 10:30:32,039 INFO:Successfully fetched data for INDIGOPNTS
2025-08-28 10:30:32,117 INFO:Successfully fetched data for KPITTECH
2025-08-28 10:30:35,663 INFO:Successfully fetched data for PNBHOUSING
2025-08-28 10:30:35,680 INFO:Successfully fetched data for KRBL
2025-08-28 10:30:35,696 INFO:Successfully fetched data for GODREJIND
2025-08-28 10:30:35,700 INFO:Successfully fetched data for INDHOTEL
2025-08-28 10:30:35,708 INFO:Successfully fetched data for MAXHEALTH
2025-08-28 10:30:35,733 INFO:Successfully fetched data for APLLTD
2025-08-28 10:30:35,755 INFO:Successfully fetched data for GSPL
2025-08-28 10:30:35,755 INFO:Successfully fetched data for MARICO
2025-08-28 10:30:35,870 INFO:Successfully fetched data for CENTURYTEX
2025-08-28 10:30:35,987 INFO:Successfully fetched data for CHOLAHLDNG
2025-08-28 10:30:39,408 INFO:Successfully fetched data for PRAJIND
2025-08-28 10:30:39,447 INFO:Successfully fetched data for CDSL
2025-08-28 10:30:39,464 INFO:Successfully fetched data for AJANTPHARM
2025-08-28 10:30:39,482 INFO:Successfully fetched data for SYNGENE
2025-08-28 10:30:39,532 INFO:Successfully fetched data for REDINGTON
2025-08-28 10:30:39,534 INFO:Successfully fetched data for GUJGASLTD
2025-08-28 10:30:39,550 INFO:Successfully fetched data for CAPLIPOINT
2025-08-28 10:30:39,577 INFO:Successfully fetched data for GRANULES
2025-08-28 10:30:39,580 INFO:Successfully fetched data for ATGL
2025-08-28 10:30:39,772 INFO:Successfully fetched data for TORNTPOWER
2025-08-28 10:30:43,205 INFO:Successfully fetched data for CONCOR
2025-08-28 10:30:43,207 INFO:Successfully fetched data for FACT
2025-08-28 10:30:43,232 INFO:Successfully fetched data for KALYANKJIL
2025-08-28 10:30:43,303 INFO:Successfully fetched data for HINDPETRO
2025-08-28 10:30:43,303 INFO:Successfully fetched data for EXIDEIND
2025-08-28 10:30:43,326 INFO:Successfully fetched data for GMMPFAUDLR
2025-08-28 10:30:43,342 INFO:Successfully fetched data for GRAPHITE
2025-08-28 10:30:43,430 INFO:Successfully fetched data for IRCON
2025-08-28 10:30:45,438 INFO:Found 228 stocks to analyze
2025-08-28 10:31:29,356 ERROR:HTTP Error 404: 
2025-08-28 10:31:30,729 ERROR:$LXMACHIN.NS: possibly delisted; no price data found  (period=1y) (Yahoo error = "No data found, symbol may be delisted")
2025-08-28 10:31:30,731 WARNING:No historical data available for LXMACHIN
2025-08-28 10:31:42,203 ERROR:$CENTURYTEX.NS: possibly delisted; no price data found  (period=1y) (Yahoo error = "No data found, symbol may be delisted")
2025-08-28 10:31:42,206 WARNING:No historical data available for CENTURYTEX
2025-08-28 10:31:44,780 INFO:
Top 10 stocks by overall score:
2025-08-28 10:31:44,782 INFO:MUTHOOTFIN: 94.65
2025-08-28 10:31:44,782 INFO:INDIAMART: 89.29
2025-08-28 10:31:44,782 INFO:POLYCAB: 88.48
2025-08-28 10:31:44,782 INFO:HINDALCO: 83.59
2025-08-28 10:31:44,782 INFO:ACCELYA: 83.12
2025-08-28 10:31:44,782 INFO:DRREDDY: 82.26
2025-08-28 10:31:44,782 INFO:BHARTIARTL: 79.66
2025-08-28 10:31:44,782 INFO:ESCORTS: 79.41
2025-08-28 10:31:44,782 INFO:M&M: 78.42
2025-08-28 10:31:44,782 INFO:CAPLIPOINT: 78.06
2025-08-28 10:31:50,862 ERROR:Error exporting data: 'Workbook' object has no attribute 'add_format'
2025-08-28 10:31:51,007 INFO:JSON export completed successfully to C:\Users\A KAVYA SHREE\OneDrive\Documents\Sanji\Stock Analyis\Stock_Analysis\data\nse_analysis_20250828_103150.json
2025-08-28 10:31:51,007 INFO:Cleaning up...
