2025-09-01 09:38:03,832 INFO:Nifty Stock Analysis Initialized
2025-09-01 09:38:05,514 INFO:Successfully fetched data for HINDALCO
2025-09-01 09:38:05,514 WARNING:Could not process longBusinessSummary: 'tuple' object has no attribute 'get'
2025-09-01 09:38:05,514 WARNING:Could not process sector: 'tuple' object has no attribute 'get'
2025-09-01 09:38:05,514 WARNING:Could not process industry: 'tuple' object has no attribute 'get'
2025-09-01 09:38:05,514 WARNING:Could not process fullTimeEmployees: 'tuple' object has no attribute 'get'
2025-09-01 09:38:05,514 WARNING:Could not process website: 'tuple' object has no attribute 'get'
2025-09-01 09:38:05,517 WARNING:Could not process revenueGrowth: 'tuple' object has no attribute 'get'
2025-09-01 09:38:05,517 WARNING:Could not process earningsGrowth: 'tuple' object has no attribute 'get'
2025-09-01 09:38:05,517 WARNING:Could not process revenuePerShare: 'tuple' object has no attribute 'get'
2025-09-01 09:38:05,517 WARNING:Could not process grossMargins: 'tuple' object has no attribute 'get'
2025-09-01 09:38:05,517 WARNING:Could not process operatingMargins: 'tuple' object has no attribute 'get'
2025-09-01 09:38:05,517 WARNING:Could not process profitMargins: 'tuple' object has no attribute 'get'
2025-09-01 09:38:05,517 WARNING:Could not process returnOnEquity: 'tuple' object has no attribute 'get'
2025-09-01 09:38:05,517 WARNING:Could not process returnOnAssets: 'tuple' object has no attribute 'get'
2025-09-01 09:38:05,517 WARNING:Could not process debtToEquity: 'tuple' object has no attribute 'get'
2025-09-01 09:38:05,517 WARNING:Could not process currentRatio: 'tuple' object has no attribute 'get'
2025-09-01 09:38:05,517 WARNING:Could not process quickRatio: 'tuple' object has no attribute 'get'
2025-09-01 09:38:05,517 WARNING:Could not process operatingCashflow: 'tuple' object has no attribute 'get'
2025-09-01 09:38:05,517 WARNING:Could not process freeCashflow: 'tuple' object has no attribute 'get'
2025-09-01 09:38:05,517 WARNING:Could not process trailingPE: 'tuple' object has no attribute 'get'
2025-09-01 09:38:05,517 WARNING:Could not process forwardPE: 'tuple' object has no attribute 'get'
2025-09-01 09:38:05,517 WARNING:Could not process priceToBook: 'tuple' object has no attribute 'get'
2025-09-01 09:38:05,519 WARNING:Could not process enterpriseToEbitda: 'tuple' object has no attribute 'get'
2025-09-01 09:38:05,519 WARNING:Could not process enterpriseToRevenue: 'tuple' object has no attribute 'get'
2025-09-01 09:38:05,519 WARNING:Could not process dividendYield: 'tuple' object has no attribute 'get'
2025-09-01 09:38:05,519 WARNING:Could not process marketCap: 'tuple' object has no attribute 'get'
2025-09-01 09:38:05,519 WARNING:Could not process enterpriseValue: 'tuple' object has no attribute 'get'
2025-09-01 09:38:05,519 WARNING:Could not process earningsQuarterlyGrowth: 'tuple' object has no attribute 'get'
2025-09-01 09:38:05,519 WARNING:Could not process revenueQuarterlyGrowth: 'tuple' object has no attribute 'get'
2025-09-01 09:38:05,519 WARNING:Could not process pegRatio: 'tuple' object has no attribute 'get'
2025-09-01 09:38:05,519 WARNING:Could not process priceToSalesTrailing12Months: 'tuple' object has no attribute 'get'
2025-09-01 09:38:05,519 WARNING:Could not process beta: 'tuple' object has no attribute 'get'
2025-09-01 09:38:05,519 WARNING:Could not process bookValue: 'tuple' object has no attribute 'get'
2025-09-01 09:38:05,519 WARNING:Could not process earningsPerShare: 'tuple' object has no attribute 'get'
2025-09-01 09:38:05,519 WARNING:Could not process forwardEps: 'tuple' object has no attribute 'get'
2025-09-01 09:38:05,519 WARNING:Could not process sharesOutstanding: 'tuple' object has no attribute 'get'
2025-09-01 09:38:05,519 WARNING:Could not process heldPercentInsiders: 'tuple' object has no attribute 'get'
2025-09-01 09:38:05,519 WARNING:Could not process heldPercentInstitutions: 'tuple' object has no attribute 'get'
2025-09-01 09:38:05,519 INFO:Comprehensive data extracted for HINDALCO
