2025-08-28 10:29:29,355 INFO:Starting analysis of NSE stocks...
2025-08-28 10:29:29,356 INFO:Starting to fetch stock data...
2025-08-28 10:29:31,060 INFO:Successfully fetched data for HDFCBANK
2025-08-28 10:29:31,128 INFO:Successfully fetched data for SBIN
2025-08-28 10:29:31,129 INFO:Successfully fetched data for KOTAKBANK
2025-08-28 10:29:31,170 INFO:Successfully fetched data for TCS
2025-08-28 10:29:31,195 INFO:Successfully fetched data for RELIANCE
2025-08-28 10:29:31,228 INFO:Successfully fetched data for BHARTIARTL
2025-08-28 10:29:31,303 INFO:Successfully fetched data for INFY
2025-08-28 10:29:31,332 INFO:Successfully fetched data for ICICIBANK
2025-08-28 10:29:31,379 INFO:Successfully fetched data for ITC
2025-08-28 10:29:31,385 INFO:Successfully fetched data for HINDUNILVR
2025-08-28 10:29:34,681 INFO:Successfully fetched data for WIPRO
2025-08-28 10:29:34,718 INFO:Successfully fetched data for LT
2025-08-28 10:29:34,725 INFO:Successfully fetched data for SUNPHARMA
2025-08-28 10:29:34,754 INFO:Successfully fetched data for MARUTI
2025-08-28 10:29:34,789 INFO:Successfully fetched data for AXISBANK
2025-08-28 10:29:34,845 INFO:Successfully fetched data for TITAN
2025-08-28 10:29:34,852 INFO:Successfully fetched data for BAJFINANCE
2025-08-28 10:29:34,852 INFO:Successfully fetched data for ASIANPAINT
2025-08-28 10:29:34,863 INFO:Successfully fetched data for HCLTECH
2025-08-28 10:29:35,041 INFO:Successfully fetched data for ULTRACEMCO
2025-08-28 10:29:38,306 INFO:Successfully fetched data for DIVISLAB
2025-08-28 10:29:38,312 INFO:Successfully fetched data for POWERGRID
2025-08-28 10:29:38,314 INFO:Successfully fetched data for BAJAJFINSV
2025-08-28 10:29:38,368 INFO:Successfully fetched data for ADANIENT
2025-08-28 10:29:38,395 INFO:Successfully fetched data for TATACONSUM
2025-08-28 10:29:38,430 INFO:Successfully fetched data for HDFCLIFE
2025-08-28 10:29:38,463 INFO:Successfully fetched data for TECHM
2025-08-28 10:29:38,486 INFO:Successfully fetched data for NTPC
2025-08-28 10:29:38,486 INFO:Successfully fetched data for M&M
2025-08-28 10:29:38,584 INFO:Successfully fetched data for NESTLEIND
2025-08-28 10:29:41,975 INFO:Successfully fetched data for ADANIGREEN
2025-08-28 10:29:42,015 INFO:Successfully fetched data for BANKBARODA
2025-08-28 10:29:42,047 INFO:Successfully fetched data for ADANIPORTS
2025-08-28 10:29:42,059 INFO:Successfully fetched data for BAJAJ-AUTO
2025-08-28 10:29:42,087 INFO:Successfully fetched data for BANDHANBNK
2025-08-28 10:29:42,089 INFO:Successfully fetched data for AMBUJACEM
2025-08-28 10:29:42,106 INFO:Successfully fetched data for BIOCON
2025-08-28 10:29:42,218 INFO:Successfully fetched data for APOLLOHOSP
2025-08-28 10:29:42,229 INFO:Successfully fetched data for AUROPHARMA
2025-08-28 10:29:42,360 INFO:Successfully fetched data for BERGEPAINT
2025-08-28 10:29:45,697 INFO:Successfully fetched data for DABUR
2025-08-28 10:29:45,739 INFO:Successfully fetched data for COLPAL
2025-08-28 10:29:45,762 INFO:Successfully fetched data for BRITANNIA
2025-08-28 10:29:45,800 INFO:Successfully fetched data for COALINDIA
2025-08-28 10:29:45,821 INFO:Successfully fetched data for CIPLA
2025-08-28 10:29:45,821 INFO:Successfully fetched data for DMART
2025-08-28 10:29:45,821 INFO:Successfully fetched data for BPCL
2025-08-28 10:29:45,870 INFO:Successfully fetched data for DLF
2025-08-28 10:29:45,947 INFO:Successfully fetched data for CHOLAFIN
2025-08-28 10:29:46,083 INFO:Successfully fetched data for BOSCHLTD
2025-08-28 10:29:49,407 INFO:Successfully fetched data for GAIL
2025-08-28 10:29:49,425 INFO:Successfully fetched data for HDFCAMC
2025-08-28 10:29:49,515 INFO:Successfully fetched data for HAL
2025-08-28 10:29:49,552 INFO:Successfully fetched data for GRASIM
2025-08-28 10:29:49,604 INFO:Successfully fetched data for GODREJCP
2025-08-28 10:29:49,613 INFO:Successfully fetched data for DRREDDY
2025-08-28 10:29:49,970 INFO:Successfully fetched data for EICHERMOT
2025-08-28 10:29:50,065 INFO:Successfully fetched data for INDIGO
2025-08-28 10:29:50,099 INFO:Successfully fetched data for HAVELLS
2025-08-28 10:29:50,163 INFO:Successfully fetched data for GLAND
2025-08-28 10:29:53,418 INFO:Successfully fetched data for MCDHOLDING
2025-08-28 10:29:53,418 INFO:Successfully fetched data for JUBLFOOD
2025-08-28 10:29:53,451 INFO:Successfully fetched data for JINDALSTEL
2025-08-28 10:29:53,505 INFO:Successfully fetched data for LICI
2025-08-28 10:29:53,520 INFO:Successfully fetched data for NAUKRI
2025-08-28 10:29:53,629 INFO:Successfully fetched data for MUTHOOTFIN
2025-08-28 10:29:53,704 INFO:Successfully fetched data for ONGC
2025-08-28 10:29:53,718 INFO:Successfully fetched data for LUPIN
2025-08-28 10:29:53,725 INFO:Successfully fetched data for NMDC
2025-08-28 10:29:53,836 INFO:Successfully fetched data for PIDILITIND
2025-08-28 10:29:57,146 INFO:Successfully fetched data for SIEMENS
2025-08-28 10:29:57,161 INFO:Successfully fetched data for SBICARD
2025-08-28 10:29:57,187 INFO:Successfully fetched data for TORNTPHARM
2025-08-28 10:29:57,190 INFO:Successfully fetched data for UPL
2025-08-28 10:29:57,203 INFO:Successfully fetched data for TATACHEM
2025-08-28 10:29:57,236 INFO:Successfully fetched data for IDFCFIRSTB
2025-08-28 10:29:57,269 INFO:Successfully fetched data for SBILIFE
2025-08-28 10:29:57,330 INFO:Successfully fetched data for TATAPOWER
2025-08-28 10:29:57,415 INFO:Successfully fetched data for FEDERALBNK
2025-08-28 10:29:57,422 INFO:Successfully fetched data for SAIL
2025-08-28 10:30:00,647 INFO:Successfully fetched data for INDIANB
2025-08-28 10:30:00,751 INFO:Successfully fetched data for INDUSINDBK
2025-08-28 10:30:00,770 INFO:Successfully fetched data for PFC
2025-08-28 10:30:00,903 INFO:Successfully fetched data for CANBK
2025-08-28 10:30:00,967 INFO:Successfully fetched data for MFSL
2025-08-28 10:30:00,979 INFO:Successfully fetched data for UNIONBANK
2025-08-28 10:30:01,000 INFO:Successfully fetched data for RBLBANK
2025-08-28 10:30:01,007 INFO:Successfully fetched data for LTTS
2025-08-28 10:30:01,199 INFO:Successfully fetched data for RECLTD
2025-08-28 10:30:01,200 INFO:Successfully fetched data for LTIM
2025-08-28 10:30:04,544 INFO:Successfully fetched data for ABBOTINDIA
2025-08-28 10:30:04,552 INFO:Successfully fetched data for MPHASIS
2025-08-28 10:30:04,616 INFO:Successfully fetched data for SONATSOFTW
2025-08-28 10:30:04,616 INFO:Successfully fetched data for CYIENT
2025-08-28 10:30:04,683 INFO:Successfully fetched data for OFSS
2025-08-28 10:30:04,692 INFO:Successfully fetched data for ALKEM
2025-08-28 10:30:04,747 INFO:Successfully fetched data for GLAXO
2025-08-28 10:30:04,855 INFO:Successfully fetched data for RAMCOCEM
2025-08-28 10:30:04,930 INFO:Successfully fetched data for COFORGE
2025-08-28 10:30:05,556 INFO:Successfully fetched data for PERSISTENT
2025-08-28 10:30:08,852 INFO:Successfully fetched data for AUBANK
2025-08-28 10:30:08,860 INFO:Successfully fetched data for ASTRAZEN
2025-08-28 10:30:08,891 INFO:Successfully fetched data for ADANIPOWER
2025-08-28 10:30:08,899 INFO:Successfully fetched data for NATCOPHARM
2025-08-28 10:30:08,916 INFO:Successfully fetched data for ABFRL
2025-08-28 10:30:09,089 INFO:Successfully fetched data for IPCALAB
2025-08-28 10:30:09,112 INFO:Successfully fetched data for ASHOKLEY
2025-08-28 10:30:09,174 INFO:Successfully fetched data for ABB
2025-08-28 10:30:09,201 INFO:Successfully fetched data for SANOFI
2025-08-28 10:30:09,281 INFO:Successfully fetched data for PFIZER
2025-08-28 10:30:12,564 INFO:Successfully fetched data for EMAMILTD
2025-08-28 10:30:12,586 INFO:Successfully fetched data for CUMMINSIND
2025-08-28 10:30:12,596 INFO:Successfully fetched data for FORTIS
2025-08-28 10:30:12,785 INFO:Successfully fetched data for GODREJPROP
2025-08-28 10:30:12,824 INFO:Successfully fetched data for ESCORTS
2025-08-28 10:30:12,826 INFO:Successfully fetched data for BHEL
2025-08-28 10:30:12,887 INFO:Successfully fetched data for BALKRISIND
2025-08-28 10:30:12,908 INFO:Successfully fetched data for HINDALCO
2025-08-28 10:30:12,957 INFO:Successfully fetched data for JSWSTEEL
2025-08-28 10:30:13,034 INFO:Successfully fetched data for BATAINDIA
2025-08-28 10:30:16,410 INFO:Successfully fetched data for THERMAX
2025-08-28 10:30:16,441 INFO:Successfully fetched data for PAYTM
2025-08-28 10:30:16,472 INFO:Successfully fetched data for NYKAA
2025-08-28 10:30:16,491 INFO:Successfully fetched data for NLCINDIA
2025-08-28 10:30:16,491 INFO:Successfully fetched data for SJVN
2025-08-28 10:30:16,566 INFO:Successfully fetched data for NHPC
2025-08-28 10:30:16,566 INFO:Successfully fetched data for MRF
2025-08-28 10:30:16,665 INFO:Successfully fetched data for ETERNAL
2025-08-28 10:30:16,665 INFO:Successfully fetched data for LICHSGFIN
2025-08-28 10:30:16,799 INFO:Successfully fetched data for PETRONET
2025-08-28 10:30:20,134 INFO:Successfully fetched data for NAZARA
2025-08-28 10:30:20,134 INFO:Successfully fetched data for 3MINDIA
2025-08-28 10:30:20,236 INFO:Successfully fetched data for EASEMYTRIP
2025-08-28 10:30:20,236 INFO:Successfully fetched data for AIAENG
2025-08-28 10:30:20,251 INFO:Successfully fetched data for CARTRADE
2025-08-28 10:30:20,266 INFO:Successfully fetched data for POLICYBZR
2025-08-28 10:30:20,285 INFO:Successfully fetched data for IRCTC
2025-08-28 10:30:20,307 INFO:Successfully fetched data for ASTRAL
2025-08-28 10:30:20,369 INFO:Successfully fetched data for JUSTDIAL
2025-08-28 10:30:20,387 INFO:Successfully fetched data for INDIAMART
2025-08-28 10:30:23,799 INFO:Successfully fetched data for GRINDWELL
2025-08-28 10:30:23,807 INFO:Successfully fetched data for DIXON
2025-08-28 10:30:23,815 INFO:Successfully fetched data for ATUL
2025-08-28 10:30:23,815 INFO:Successfully fetched data for CROMPTON
2025-08-28 10:30:23,831 INFO:Successfully fetched data for BAYERCROP
2025-08-28 10:30:23,835 INFO:Successfully fetched data for FLUOROCHEM
2025-08-28 10:30:23,899 INFO:Successfully fetched data for DEEPAKNTR
2025-08-28 10:30:23,982 INFO:Successfully fetched data for BHARATFORG
2025-08-28 10:30:24,042 INFO:Successfully fetched data for ENDURANCE
2025-08-28 10:30:24,164 INFO:Successfully fetched data for CGPOWER
2025-08-28 10:30:27,713 ERROR:HTTP Error 404: 
2025-08-28 10:30:27,766 INFO:Successfully fetched data for HATSUN
2025-08-28 10:30:27,768 INFO:Successfully fetched data for HINDCOPPER
2025-08-28 10:30:27,772 INFO:Successfully fetched data for LAURUSLABS
2025-08-28 10:30:27,772 INFO:Successfully fetched data for JKCEMENT
2025-08-28 10:30:27,776 INFO:Successfully fetched data for JBCHEPHARM
2025-08-28 10:30:27,776 INFO:Successfully fetched data for MANAPPURAM
2025-08-28 10:30:27,785 INFO:Successfully fetched data for HAPPSTMNDS
2025-08-28 10:30:27,936 INFO:Successfully fetched data for LODHA
2025-08-28 10:30:27,987 INFO:Successfully fetched data for LXMACHIN
2025-08-28 10:30:28,056 INFO:Successfully fetched data for KAJARIACER
2025-08-28 10:30:31,550 INFO:Successfully fetched data for PHOENIXLTD
2025-08-28 10:30:31,550 INFO:Successfully fetched data for POLYCAB
2025-08-28 10:30:31,550 INFO:Successfully fetched data for MOTILALOFS
2025-08-28 10:30:31,564 INFO:Successfully fetched data for RADICO
2025-08-28 10:30:31,649 INFO:Successfully fetched data for RELAXO
2025-08-28 10:30:31,649 INFO:Successfully fetched data for RAJESHEXPO
2025-08-28 10:30:31,662 INFO:Successfully fetched data for NAM-INDIA
2025-08-28 10:30:31,667 INFO:Successfully fetched data for NAVINFLUOR
2025-08-28 10:30:31,771 INFO:Successfully fetched data for OBEROIRLTY
2025-08-28 10:30:32,823 INFO:Successfully fetched data for SCHAEFFLER
2025-08-28 10:30:36,290 INFO:Successfully fetched data for STARHEALTH
2025-08-28 10:30:36,318 INFO:Successfully fetched data for TATAINVEST
2025-08-28 10:30:36,321 INFO:Successfully fetched data for SKFINDIA
2025-08-28 10:30:36,332 INFO:Successfully fetched data for TIMKEN
2025-08-28 10:30:36,338 INFO:Successfully fetched data for SUNDARMFIN
2025-08-28 10:30:36,346 INFO:Successfully fetched data for TTKPRESTIG
2025-08-28 10:30:36,385 INFO:Successfully fetched data for SYMPHONY
2025-08-28 10:30:36,389 INFO:Successfully fetched data for SUPREMEIND
2025-08-28 10:30:36,472 INFO:Successfully fetched data for TRITURBINE
2025-08-28 10:30:36,538 INFO:Successfully fetched data for VGUARD
2025-08-28 10:30:39,901 INFO:Successfully fetched data for CAMS
2025-08-28 10:30:39,950 INFO:Successfully fetched data for VINATIORGA
2025-08-28 10:30:39,997 INFO:Successfully fetched data for CLEDUCATE
2025-08-28 10:30:39,999 INFO:Successfully fetched data for ACCELYA
2025-08-28 10:30:40,105 INFO:Successfully fetched data for WHIRLPOOL
2025-08-28 10:30:40,186 INFO:Successfully fetched data for BLUEDART
2025-08-28 10:30:40,209 INFO:Successfully fetched data for VOLTAS
2025-08-28 10:30:40,230 INFO:Successfully fetched data for ZYDUSLIFE
2025-08-28 10:30:40,253 INFO:Successfully fetched data for CARERATING
2025-08-28 10:30:40,911 INFO:Successfully fetched data for ZFCVINDIA
2025-08-28 10:30:44,382 INFO:Successfully fetched data for MAPMYINDIA
2025-08-28 10:30:44,417 INFO:Successfully fetched data for KPITTECH
2025-08-28 10:30:44,462 INFO:Successfully fetched data for ICRA
2025-08-28 10:30:44,504 INFO:Successfully fetched data for PSPPROJECT
2025-08-28 10:30:44,505 INFO:Successfully fetched data for METROPOLIS
2025-08-28 10:30:44,525 INFO:Successfully fetched data for HONAUT
2025-08-28 10:30:44,535 INFO:Successfully fetched data for PAGEIND
2025-08-28 10:30:44,571 INFO:Successfully fetched data for ROUTE
2025-08-28 10:30:44,576 INFO:Successfully fetched data for SOLARINDS
2025-08-28 10:30:44,649 INFO:Successfully fetched data for INDIGOPNTS
2025-08-28 10:30:48,047 INFO:Successfully fetched data for GODREJIND
2025-08-28 10:30:48,197 INFO:Successfully fetched data for CHOLAHLDNG
2025-08-28 10:30:48,265 INFO:Successfully fetched data for KRBL
2025-08-28 10:30:48,577 INFO:Successfully fetched data for PNBHOUSING
2025-08-28 10:30:49,498 INFO:Successfully fetched data for INDHOTEL
2025-08-28 10:30:49,717 INFO:Successfully fetched data for MAXHEALTH
2025-08-28 10:30:51,203 INFO:Successfully fetched data for APLLTD
2025-08-28 10:30:51,220 INFO:Successfully fetched data for MARICO
2025-08-28 10:30:51,254 INFO:Successfully fetched data for CENTURYTEX
2025-08-28 10:30:51,942 INFO:Successfully fetched data for GSPL
2025-08-28 10:30:55,398 INFO:Successfully fetched data for CAPLIPOINT
2025-08-28 10:30:55,474 INFO:Successfully fetched data for GRANULES
2025-08-28 10:30:55,488 INFO:Successfully fetched data for TORNTPOWER
2025-08-28 10:30:55,507 INFO:Successfully fetched data for GUJGASLTD
2025-08-28 10:30:55,507 INFO:Successfully fetched data for REDINGTON
2025-08-28 10:30:55,510 INFO:Successfully fetched data for AJANTPHARM
2025-08-28 10:30:55,510 INFO:Successfully fetched data for ATGL
2025-08-28 10:30:55,532 INFO:Successfully fetched data for CDSL
2025-08-28 10:30:55,618 INFO:Successfully fetched data for SYNGENE
2025-08-28 10:30:55,666 INFO:Successfully fetched data for PRAJIND
2025-08-28 10:30:59,081 INFO:Successfully fetched data for HINDPETRO
2025-08-28 10:30:59,132 INFO:Successfully fetched data for EXIDEIND
2025-08-28 10:30:59,167 INFO:Successfully fetched data for KALYANKJIL
2025-08-28 10:30:59,231 INFO:Successfully fetched data for CONCOR
2025-08-28 10:30:59,231 INFO:Successfully fetched data for GRAPHITE
2025-08-28 10:30:59,254 INFO:Successfully fetched data for FACT
2025-08-28 10:30:59,273 INFO:Successfully fetched data for IRCON
2025-08-28 10:30:59,391 INFO:Successfully fetched data for GMMPFAUDLR
2025-08-28 10:31:01,469 INFO:Found 228 stocks to analyze
2025-08-28 10:31:29,649 ERROR:HTTP Error 404: 
2025-08-28 10:31:31,151 ERROR:$LXMACHIN.NS: possibly delisted; no price data found  (period=1y) (Yahoo error = "No data found, symbol may be delisted")
2025-08-28 10:31:31,151 WARNING:No historical data available for LXMACHIN
2025-08-28 10:31:41,015 ERROR:$CENTURYTEX.NS: possibly delisted; no price data found  (period=1y) (Yahoo error = "No data found, symbol may be delisted")
2025-08-28 10:31:41,017 WARNING:No historical data available for CENTURYTEX
2025-08-28 10:31:44,687 INFO:
Top 10 stocks by overall score:
2025-08-28 10:31:44,689 INFO:MUTHOOTFIN: 94.65
2025-08-28 10:31:44,689 INFO:INDIAMART: 89.29
2025-08-28 10:31:44,689 INFO:POLYCAB: 88.48
2025-08-28 10:31:44,689 INFO:HINDALCO: 83.59
2025-08-28 10:31:44,689 INFO:ACCELYA: 83.12
2025-08-28 10:31:44,696 INFO:DRREDDY: 82.26
2025-08-28 10:31:44,696 INFO:BHARTIARTL: 79.66
2025-08-28 10:31:44,697 INFO:ESCORTS: 79.41
2025-08-28 10:31:44,697 INFO:M&M: 78.42
2025-08-28 10:31:44,697 INFO:CAPLIPOINT: 78.06
2025-08-28 10:31:50,868 ERROR:Error exporting data: 'Workbook' object has no attribute 'add_format'
2025-08-28 10:31:51,010 INFO:JSON export completed successfully to C:\Users\A KAVYA SHREE\OneDrive\Documents\Sanji\Stock Analyis\Stock_Analysis\data\nse_analysis_20250828_103150.json
2025-08-28 10:31:51,010 INFO:Cleaning up...
