2025-08-31 13:48:32,211 INFO:Starting analysis of NSE stocks...
2025-08-31 13:48:32,212 INFO:Starting to fetch stock data...
2025-08-31 13:48:34,148 INFO:Successfully fetched data for INFY
2025-08-31 13:48:34,149 INFO:Successfully fetched data for BHARTIARTL
2025-08-31 13:48:34,159 INFO:Successfully fetched data for HDFCBANK
2025-08-31 13:48:34,168 INFO:Successfully fetched data for KOTAKBANK
2025-08-31 13:48:34,169 INFO:Successfully fetched data for ITC
2025-08-31 13:48:34,171 INFO:Successfully fetched data for RELIANCE
2025-08-31 13:48:34,232 INFO:Successfully fetched data for ICICIBANK
2025-08-31 13:48:34,264 INFO:Successfully fetched data for SBIN
2025-08-31 13:48:34,367 INFO:Successfully fetched data for HINDUNILVR
2025-08-31 13:48:34,427 INFO:Successfully fetched data for TCS
2025-08-31 13:48:37,799 INFO:Successfully fetched data for AXISBANK
2025-08-31 13:48:37,828 INFO:Successfully fetched data for MARUTI
2025-08-31 13:48:37,831 INFO:Successfully fetched data for HCLTECH
2025-08-31 13:48:37,833 INFO:Successfully fetched data for ULTRACEMCO
2025-08-31 13:48:37,899 INFO:Successfully fetched data for LT
2025-08-31 13:48:37,930 INFO:Successfully fetched data for WIPRO
2025-08-31 13:48:37,938 INFO:Successfully fetched data for ASIANPAINT
2025-08-31 13:48:37,947 INFO:Successfully fetched data for TITAN
2025-08-31 13:48:37,958 INFO:Successfully fetched data for SUNPHARMA
2025-08-31 13:48:38,119 INFO:Successfully fetched data for BAJFINANCE
2025-08-31 13:48:41,480 INFO:Successfully fetched data for DIVISLAB
2025-08-31 13:48:41,592 INFO:Successfully fetched data for NESTLEIND
2025-08-31 13:48:41,611 INFO:Successfully fetched data for TECHM
2025-08-31 13:48:41,619 INFO:Successfully fetched data for M&M
2025-08-31 13:48:41,619 INFO:Successfully fetched data for TATACONSUM
2025-08-31 13:48:41,619 INFO:Successfully fetched data for POWERGRID
2025-08-31 13:48:41,635 INFO:Successfully fetched data for NTPC
2025-08-31 13:48:41,636 INFO:Successfully fetched data for ADANIENT
2025-08-31 13:48:41,642 INFO:Successfully fetched data for BAJAJFINSV
2025-08-31 13:48:41,775 INFO:Successfully fetched data for HDFCLIFE
2025-08-31 13:48:45,132 INFO:Successfully fetched data for ADANIGREEN
2025-08-31 13:48:45,153 INFO:Successfully fetched data for AUROPHARMA
2025-08-31 13:48:45,153 INFO:Successfully fetched data for BANKBARODA
2025-08-31 13:48:45,163 INFO:Successfully fetched data for BANDHANBNK
2025-08-31 13:48:45,191 INFO:Successfully fetched data for APOLLOHOSP
2025-08-31 13:48:45,214 INFO:Successfully fetched data for BIOCON
2025-08-31 13:48:45,232 INFO:Successfully fetched data for BERGEPAINT
2025-08-31 13:48:45,248 INFO:Successfully fetched data for BAJAJ-AUTO
2025-08-31 13:48:45,321 INFO:Successfully fetched data for AMBUJACEM
2025-08-31 13:48:45,486 INFO:Successfully fetched data for ADANIPORTS
2025-08-31 13:48:48,845 INFO:Successfully fetched data for BPCL
2025-08-31 13:48:48,978 INFO:Successfully fetched data for CIPLA
2025-08-31 13:48:48,995 INFO:Successfully fetched data for CHOLAFIN
2025-08-31 13:48:49,014 INFO:Successfully fetched data for DLF
2025-08-31 13:48:49,065 INFO:Successfully fetched data for DABUR
2025-08-31 13:48:49,067 INFO:Successfully fetched data for COLPAL
2025-08-31 13:48:49,074 INFO:Successfully fetched data for DMART
2025-08-31 13:48:49,085 INFO:Successfully fetched data for COALINDIA
2025-08-31 13:48:49,087 INFO:Successfully fetched data for BRITANNIA
2025-08-31 13:48:49,116 INFO:Successfully fetched data for BOSCHLTD
2025-08-31 13:48:52,503 INFO:Successfully fetched data for GAIL
2025-08-31 13:48:52,520 INFO:Successfully fetched data for HAL
2025-08-31 13:48:52,614 INFO:Successfully fetched data for EICHERMOT
2025-08-31 13:48:52,630 INFO:Successfully fetched data for DRREDDY
2025-08-31 13:48:52,644 INFO:Successfully fetched data for GLAND
2025-08-31 13:48:52,699 INFO:Successfully fetched data for GODREJCP
2025-08-31 13:48:52,701 INFO:Successfully fetched data for HDFCAMC
2025-08-31 13:48:52,704 INFO:Successfully fetched data for GRASIM
2025-08-31 13:48:52,721 INFO:Successfully fetched data for HAVELLS
2025-08-31 13:48:52,867 INFO:Successfully fetched data for INDIGO
2025-08-31 13:48:56,759 INFO:Successfully fetched data for MCDHOLDING
2025-08-31 13:48:56,922 INFO:Successfully fetched data for PIDILITIND
2025-08-31 13:48:56,923 INFO:Successfully fetched data for JUBLFOOD
2025-08-31 13:48:56,923 INFO:Successfully fetched data for LUPIN
2025-08-31 13:48:56,925 INFO:Successfully fetched data for NAUKRI
2025-08-31 13:48:56,931 INFO:Successfully fetched data for JINDALSTEL
2025-08-31 13:48:56,933 INFO:Successfully fetched data for LICI
2025-08-31 13:48:56,934 INFO:Successfully fetched data for NMDC
2025-08-31 13:48:56,934 INFO:Successfully fetched data for MUTHOOTFIN
2025-08-31 13:48:56,934 INFO:Successfully fetched data for ONGC
2025-08-31 13:49:00,278 INFO:Successfully fetched data for SAIL
2025-08-31 13:49:00,327 INFO:Successfully fetched data for TORNTPHARM
2025-08-31 13:49:00,331 INFO:Successfully fetched data for SIEMENS
2025-08-31 13:49:00,334 INFO:Successfully fetched data for UPL
2025-08-31 13:49:00,400 INFO:Successfully fetched data for TATACHEM
2025-08-31 13:49:00,411 INFO:Successfully fetched data for IDFCFIRSTB
2025-08-31 13:49:00,417 INFO:Successfully fetched data for FEDERALBNK
2025-08-31 13:49:00,509 INFO:Successfully fetched data for SBICARD
2025-08-31 13:49:00,530 INFO:Successfully fetched data for TATAPOWER
2025-08-31 13:49:00,587 INFO:Successfully fetched data for SBILIFE
2025-08-31 13:49:03,896 INFO:Successfully fetched data for INDUSINDBK
2025-08-31 13:49:03,910 INFO:Successfully fetched data for PFC
2025-08-31 13:49:03,999 INFO:Successfully fetched data for LTTS
2025-08-31 13:49:04,012 INFO:Successfully fetched data for MFSL
2025-08-31 13:49:04,082 INFO:Successfully fetched data for LTIM
2025-08-31 13:49:04,097 INFO:Successfully fetched data for CANBK
2025-08-31 13:49:04,107 INFO:Successfully fetched data for RBLBANK
2025-08-31 13:49:04,109 INFO:Successfully fetched data for INDIANB
2025-08-31 13:49:04,131 INFO:Successfully fetched data for RECLTD
2025-08-31 13:49:04,149 INFO:Successfully fetched data for UNIONBANK
2025-08-31 13:49:07,513 INFO:Successfully fetched data for MPHASIS
2025-08-31 13:49:07,542 INFO:Successfully fetched data for CYIENT
2025-08-31 13:49:07,550 INFO:Successfully fetched data for RAMCOCEM
2025-08-31 13:49:07,561 INFO:Successfully fetched data for PERSISTENT
2025-08-31 13:49:07,576 INFO:Successfully fetched data for SONATSOFTW
2025-08-31 13:49:07,584 INFO:Successfully fetched data for COFORGE
2025-08-31 13:49:07,644 INFO:Successfully fetched data for GLAXO
2025-08-31 13:49:07,680 INFO:Successfully fetched data for ALKEM
2025-08-31 13:49:07,714 INFO:Successfully fetched data for OFSS
2025-08-31 13:49:07,764 INFO:Successfully fetched data for ABBOTINDIA
2025-08-31 13:49:11,102 INFO:Successfully fetched data for NATCOPHARM
2025-08-31 13:49:11,163 INFO:Successfully fetched data for ADANIPOWER
2025-08-31 13:49:11,213 INFO:Successfully fetched data for ABFRL
2025-08-31 13:49:11,295 INFO:Successfully fetched data for ASHOKLEY
2025-08-31 13:49:11,295 INFO:Successfully fetched data for PFIZER
2025-08-31 13:49:11,375 INFO:Successfully fetched data for ABB
2025-08-31 13:49:11,379 INFO:Successfully fetched data for IPCALAB
2025-08-31 13:49:11,379 INFO:Successfully fetched data for SANOFI
2025-08-31 13:49:11,466 INFO:Successfully fetched data for AUBANK
2025-08-31 13:49:11,469 INFO:Successfully fetched data for ASTRAZEN
2025-08-31 13:49:14,774 INFO:Successfully fetched data for CUMMINSIND
2025-08-31 13:49:14,779 INFO:Successfully fetched data for BHEL
2025-08-31 13:49:14,785 INFO:Successfully fetched data for EMAMILTD
2025-08-31 13:49:14,806 INFO:Successfully fetched data for JSWSTEEL
2025-08-31 13:49:14,832 INFO:Successfully fetched data for BATAINDIA
2025-08-31 13:49:14,897 INFO:Successfully fetched data for FORTIS
2025-08-31 13:49:14,997 INFO:Successfully fetched data for ESCORTS
2025-08-31 13:49:14,997 INFO:Successfully fetched data for HINDALCO
2025-08-31 13:49:15,234 INFO:Successfully fetched data for GODREJPROP
2025-08-31 13:49:15,234 INFO:Successfully fetched data for BALKRISIND
2025-08-31 13:49:18,568 INFO:Successfully fetched data for LICHSGFIN
2025-08-31 13:49:18,647 INFO:Successfully fetched data for ETERNAL
2025-08-31 13:49:18,647 INFO:Successfully fetched data for SJVN
2025-08-31 13:49:18,670 INFO:Successfully fetched data for NLCINDIA
2025-08-31 13:49:18,825 INFO:Successfully fetched data for NHPC
2025-08-31 13:49:18,829 INFO:Successfully fetched data for PAYTM
2025-08-31 13:49:18,834 INFO:Successfully fetched data for MRF
2025-08-31 13:49:18,980 INFO:Successfully fetched data for PETRONET
2025-08-31 13:49:19,018 INFO:Successfully fetched data for THERMAX
2025-08-31 13:49:19,018 INFO:Successfully fetched data for NYKAA
2025-08-31 13:49:22,338 INFO:Successfully fetched data for POLICYBZR
2025-08-31 13:49:22,374 INFO:Successfully fetched data for CARTRADE
2025-08-31 13:49:22,398 INFO:Successfully fetched data for AIAENG
2025-08-31 13:49:22,547 INFO:Successfully fetched data for IRCTC
2025-08-31 13:49:22,584 INFO:Successfully fetched data for EASEMYTRIP
2025-08-31 13:49:22,586 INFO:Successfully fetched data for ASTRAL
2025-08-31 13:49:22,597 INFO:Successfully fetched data for 3MINDIA
2025-08-31 13:49:22,701 INFO:Successfully fetched data for INDIAMART
2025-08-31 13:49:22,730 INFO:Successfully fetched data for NAZARA
2025-08-31 13:49:25,617 INFO:Successfully fetched data for JUSTDIAL
2025-08-31 13:49:28,930 INFO:Successfully fetched data for CGPOWER
2025-08-31 13:49:28,956 INFO:Successfully fetched data for DEEPAKNTR
2025-08-31 13:49:28,966 INFO:Successfully fetched data for BAYERCROP
2025-08-31 13:49:28,971 INFO:Successfully fetched data for ENDURANCE
2025-08-31 13:49:29,031 INFO:Successfully fetched data for BHARATFORG
2025-08-31 13:49:29,076 INFO:Successfully fetched data for GRINDWELL
2025-08-31 13:49:29,080 INFO:Successfully fetched data for DIXON
2025-08-31 13:49:29,173 INFO:Successfully fetched data for FLUOROCHEM
2025-08-31 13:49:29,300 INFO:Successfully fetched data for CROMPTON
2025-08-31 13:49:29,972 INFO:Successfully fetched data for ATUL
2025-08-31 13:49:34,037 ERROR:HTTP Error 404: 
2025-08-31 13:49:34,121 INFO:Successfully fetched data for HATSUN
2025-08-31 13:49:34,122 INFO:Successfully fetched data for HINDCOPPER
2025-08-31 13:49:34,208 INFO:Successfully fetched data for LODHA
2025-08-31 13:49:34,295 INFO:Successfully fetched data for LAURUSLABS
2025-08-31 13:49:34,303 INFO:Successfully fetched data for JBCHEPHARM
2025-08-31 13:49:34,306 INFO:Successfully fetched data for KAJARIACER
2025-08-31 13:49:34,320 INFO:Successfully fetched data for JKCEMENT
2025-08-31 13:49:34,322 INFO:Successfully fetched data for MANAPPURAM
2025-08-31 13:49:34,570 INFO:Successfully fetched data for HAPPSTMNDS
2025-08-31 13:49:34,624 INFO:Successfully fetched data for LXMACHIN
2025-08-31 13:49:37,916 INFO:Successfully fetched data for MOTILALOFS
2025-08-31 13:49:38,008 INFO:Successfully fetched data for RADICO
2025-08-31 13:49:38,016 INFO:Successfully fetched data for PHOENIXLTD
2025-08-31 13:49:38,020 INFO:Successfully fetched data for RAJESHEXPO
2025-08-31 13:49:38,020 INFO:Successfully fetched data for NAM-INDIA
2025-08-31 13:49:38,057 INFO:Successfully fetched data for OBEROIRLTY
2025-08-31 13:49:38,151 INFO:Successfully fetched data for NAVINFLUOR
2025-08-31 13:49:38,202 INFO:Successfully fetched data for RELAXO
2025-08-31 13:49:38,222 INFO:Successfully fetched data for POLYCAB
2025-08-31 13:49:38,308 INFO:Successfully fetched data for SCHAEFFLER
2025-08-31 13:49:41,761 INFO:Successfully fetched data for TTKPRESTIG
2025-08-31 13:49:41,782 INFO:Successfully fetched data for SUNDARMFIN
2025-08-31 13:49:41,782 INFO:Successfully fetched data for SKFINDIA
2025-08-31 13:49:41,784 INFO:Successfully fetched data for STARHEALTH
2025-08-31 13:49:41,854 INFO:Successfully fetched data for TIMKEN
2025-08-31 13:49:41,858 INFO:Successfully fetched data for SUPREMEIND
2025-08-31 13:49:41,869 INFO:Successfully fetched data for SYMPHONY
2025-08-31 13:49:41,869 INFO:Successfully fetched data for TATAINVEST
2025-08-31 13:49:41,871 INFO:Successfully fetched data for TRITURBINE
2025-08-31 13:49:42,015 INFO:Successfully fetched data for VGUARD
2025-08-31 13:49:45,486 INFO:Successfully fetched data for ZYDUSLIFE
2025-08-31 13:49:45,497 INFO:Successfully fetched data for ZFCVINDIA
2025-08-31 13:49:45,529 INFO:Successfully fetched data for WHIRLPOOL
2025-08-31 13:49:45,532 INFO:Successfully fetched data for CLEDUCATE
2025-08-31 13:49:45,538 INFO:Successfully fetched data for BLUEDART
2025-08-31 13:49:45,546 INFO:Successfully fetched data for VOLTAS
2025-08-31 13:49:45,550 INFO:Successfully fetched data for VINATIORGA
2025-08-31 13:49:45,612 INFO:Successfully fetched data for CAMS
2025-08-31 13:49:45,672 INFO:Successfully fetched data for ACCELYA
2025-08-31 13:49:45,726 INFO:Successfully fetched data for CARERATING
2025-08-31 13:49:49,100 INFO:Successfully fetched data for INDIGOPNTS
2025-08-31 13:49:49,112 INFO:Successfully fetched data for ICRA
2025-08-31 13:49:49,130 INFO:Successfully fetched data for PSPPROJECT
2025-08-31 13:49:49,150 INFO:Successfully fetched data for PAGEIND
2025-08-31 13:49:49,219 INFO:Successfully fetched data for HONAUT
2025-08-31 13:49:49,248 INFO:Successfully fetched data for ROUTE
2025-08-31 13:49:49,336 INFO:Successfully fetched data for MAPMYINDIA
2025-08-31 13:49:49,339 INFO:Successfully fetched data for KPITTECH
2025-08-31 13:49:49,371 INFO:Successfully fetched data for SOLARINDS
2025-08-31 13:49:49,437 INFO:Successfully fetched data for METROPOLIS
2025-08-31 13:49:52,858 INFO:Successfully fetched data for APLLTD
2025-08-31 13:49:53,030 INFO:Successfully fetched data for INDHOTEL
2025-08-31 13:49:53,032 INFO:Successfully fetched data for GODREJIND
2025-08-31 13:49:53,062 INFO:Successfully fetched data for GSPL
2025-08-31 13:49:53,068 INFO:Successfully fetched data for MAXHEALTH
2025-08-31 13:49:53,068 INFO:Successfully fetched data for CENTURYTEX
2025-08-31 13:49:53,068 INFO:Successfully fetched data for CHOLAHLDNG
2025-08-31 13:49:53,068 INFO:Successfully fetched data for MARICO
2025-08-31 13:49:53,130 INFO:Successfully fetched data for KRBL
2025-08-31 13:49:53,215 INFO:Successfully fetched data for PNBHOUSING
2025-08-31 13:49:56,614 INFO:Successfully fetched data for CAPLIPOINT
2025-08-31 13:49:56,669 INFO:Successfully fetched data for REDINGTON
2025-08-31 13:49:56,688 INFO:Successfully fetched data for AJANTPHARM
2025-08-31 13:49:56,690 INFO:Successfully fetched data for PRAJIND
2025-08-31 13:49:56,690 INFO:Successfully fetched data for ATGL
2025-08-31 13:49:56,700 INFO:Successfully fetched data for TORNTPOWER
2025-08-31 13:49:56,728 INFO:Successfully fetched data for GRANULES
2025-08-31 13:49:56,734 INFO:Successfully fetched data for SYNGENE
2025-08-31 13:49:56,745 INFO:Successfully fetched data for GUJGASLTD
2025-08-31 13:49:56,862 INFO:Successfully fetched data for CDSL
2025-08-31 13:50:00,275 INFO:Successfully fetched data for GMMPFAUDLR
2025-08-31 13:50:00,297 INFO:Successfully fetched data for KALYANKJIL
2025-08-31 13:50:00,333 INFO:Successfully fetched data for FACT
2025-08-31 13:50:00,333 INFO:Successfully fetched data for CONCOR
2025-08-31 13:50:00,368 INFO:Successfully fetched data for GRAPHITE
2025-08-31 13:50:00,382 INFO:Successfully fetched data for HINDPETRO
2025-08-31 13:50:00,388 INFO:Successfully fetched data for IRCON
2025-08-31 13:50:00,431 INFO:Successfully fetched data for EXIDEIND
2025-08-31 13:50:02,450 INFO:Found 228 stocks to analyze
2025-08-31 13:50:42,509 ERROR:HTTP Error 404: 
2025-08-31 13:50:43,598 ERROR:$LXMACHIN.NS: possibly delisted; no price data found  (period=1y) (Yahoo error = "No data found, symbol may be delisted")
2025-08-31 13:50:43,598 WARNING:No historical data available for LXMACHIN
2025-08-31 13:50:52,609 ERROR:$CENTURYTEX.NS: possibly delisted; no price data found  (period=1y) (Yahoo error = "No data found, symbol may be delisted")
2025-08-31 13:50:52,609 WARNING:No historical data available for CENTURYTEX
2025-08-31 13:50:56,918 INFO:
Top 10 stocks by overall score:
2025-08-31 13:50:56,922 INFO:INDIAMART: 92.44
2025-08-31 13:50:56,922 INFO:MUTHOOTFIN: 87.02
2025-08-31 13:50:56,922 INFO:HINDALCO: 85.59
2025-08-31 13:50:56,922 INFO:DRREDDY: 82.29
2025-08-31 13:50:56,922 INFO:ACCELYA: 82.02
2025-08-31 13:50:56,922 INFO:POLYCAB: 79.5
2025-08-31 13:50:56,922 INFO:ESCORTS: 79.37
2025-08-31 13:50:56,922 INFO:WIPRO: 79.13
2025-08-31 13:50:56,924 INFO:LTIM: 76.19
2025-08-31 13:50:56,924 INFO:CUMMINSIND: 75.59
2025-08-31 13:51:02,038 ERROR:Error exporting data: 'Workbook' object has no attribute 'add_format'
2025-08-31 13:51:02,104 INFO:JSON export completed successfully to C:\Users\A KAVYA SHREE\OneDrive\Documents\Sanji\Stock Analyis\Stock_Analysis\data\nse_analysis_20250831_135102.json
2025-08-31 13:51:02,104 INFO:Cleaning up...
